
> verve-operational-suite@0.1.0 test
> npm run test --workspaces --if-present


> @verve/backend@0.1.0 test
> node --experimental-vm-modules ../node_modules/jest/bin/jest.js

npm.cmd : (node:35712) ExperimentalWarning: VM Modules is an experimental feature and might change at any time
At line:1 char:1
+ npm.cmd run test *> test-output.txt
+ ~~~~~~~~~~~~~~~~~~~~~~~~~~~~~~~~~~~
    + CategoryInfo          : NotSpecified: ((node:35712) Ex...nge at any time:String) [], RemoteException
    + FullyQualifiedErrorId : NativeCommandError
 
(Use `node --trace-warnings ...` to show where the warning was created)
(node:15900) ExperimentalWarning: VM Modules is an experimental feature and might change at any time
(Use `node --trace-warnings ...` to show where the warning was created)
(node:46552) ExperimentalWarning: VM Modules is an experimental feature and might change at any time
(Use `node --trace-warnings ...` to show where the warning was created)
FAIL src/repositories/__tests__/rlsIsolation.test.ts
  ΓùÅ RLS ΓÇö clinic_inventory_items ΓÇ║ Clinic A context: fixture row for Clinic A IS visible

    read ECONNRESET

    [0m [90m 91 |[39m   ownerAdmin [33m=[39m [36mfalse[39m[33m,[39m
     [90m 92 |[39m )[33m:[39m [33mPromise[39m[33m<[39m[33mT[39m[33m>[39m {
    [31m[1m>[22m[39m[90m 93 |[39m   [36mconst[39m client [33m=[39m [36mawait[39m pool[33m.[39mconnect()[33m;[39m
     [90m    |[39m                  [31m[1m^[22m[39m
     [90m 94 |[39m   [36mtry[39m {
     [90m 95 |[39m     [36mawait[39m client[33m.[39mquery([32m"BEGIN"[39m)[33m;[39m
     [90m 96 |[39m     [36mawait[39m client[33m.[39mquery([0m

      at ../node_modules/pg-pool/index.js:45:11
      at withTenantContext (src/db/tenantContext.ts:93:18)
      at Object.<anonymous> (src/repositories/__tests__/rlsIsolation.test.ts:143:3)

  ΓùÅ RLS ΓÇö clinic_inventory_items ΓÇ║ Clinic A context: fixture row for Clinic B is NOT visible (DB rejects)

    read ECONNRESET

    [0m [90m 91 |[39m   ownerAdmin [33m=[39m [36mfalse[39m[33m,[39m
     [90m 92 |[39m )[33m:[39m [33mPromise[39m[33m<[39m[33mT[39m[33m>[39m {
    [31m[1m>[22m[39m[90m 93 |[39m   [36mconst[39m client [33m=[39m [36mawait[39m pool[33m.[39mconnect()[33m;[39m
     [90m    |[39m                  [31m[1m^[22m[39m
     [90m 94 |[39m   [36mtry[39m {
     [90m 95 |[39m     [36mawait[39m client[33m.[39mquery([32m"BEGIN"[39m)[33m;[39m
     [90m 96 |[39m     [36mawait[39m client[33m.[39mquery([0m

      at ../node_modules/pg-pool/index.js:45:11
      at withTenantContext (src/db/tenantContext.ts:93:18)
      at Object.<anonymous> (src/repositories/__tests__/rlsIsolation.test.ts:143:3)

  ΓùÅ RLS ΓÇö clinic_inventory_items ΓÇ║ Clinic B context: fixture row for Clinic A is NOT visible (DB rejects)

    read ECONNRESET

    [0m [90m 91 |[39m   ownerAdmin [33m=[39m [36mfalse[39m[33m,[39m
     [90m 92 |[39m )[33m:[39m [33mPromise[39m[33m<[39m[33mT[39m[33m>[39m {
    [31m[1m>[22m[39m[90m 93 |[39m   [36mconst[39m client [33m=[39m [36mawait[39m pool[33m.[39mconnect()[33m;[39m
     [90m    |[39m                  [31m[1m^[22m[39m
     [90m 94 |[39m   [36mtry[39m {
     [90m 95 |[39m     [36mawait[39m client[33m.[39mquery([32m"BEGIN"[39m)[33m;[39m
     [90m 96 |[39m     [36mawait[39m client[33m.[39mquery([0m

      at ../node_modules/pg-pool/index.js:45:11
      at withTenantContext (src/db/tenantContext.ts:93:18)
      at Object.<anonymous> (src/repositories/__tests__/rlsIsolation.test.ts:143:3)

  ΓùÅ RLS ΓÇö clinic_inventory_items ΓÇ║ No-filter query in Clinic A context returns ONLY Clinic A rows

    read ECONNRESET

    [0m [90m 91 |[39m   ownerAdmin [33m=[39m [36mfalse[39m[33m,[39m
     [90m 92 |[39m )[33m:[39m [33mPromise[39m[33m<[39m[33mT[39m[33m>[39m {
    [31m[1m>[22m[39m[90m 93 |[39m   [36mconst[39m client [33m=[39m [36mawait[39m pool[33m.[39mconnect()[33m;[39m
     [90m    |[39m                  [31m[1m^[22m[39m
     [90m 94 |[39m   [36mtry[39m {
     [90m 95 |[39m     [36mawait[39m client[33m.[39mquery([32m"BEGIN"[39m)[33m;[39m
     [90m 96 |[39m     [36mawait[39m client[33m.[39mquery([0m

      at ../node_modules/pg-pool/index.js:45:11
      at withTenantContext (src/db/tenantContext.ts:93:18)
      at Object.<anonymous> (src/repositories/__tests__/rlsIsolation.test.ts:143:3)

  ΓùÅ RLS ΓÇö draft_purchase_orders ΓÇ║ Clinic A cannot access Clinic B purchase orders

    read ECONNRESET

    [0m [90m 91 |[39m   ownerAdmin [33m=[39m [36mfalse[39m[33m,[39m
     [90m 92 |[39m )[33m:[39m [33mPromise[39m[33m<[39m[33mT[39m[33m>[39m {
    [31m[1m>[22m[39m[90m 93 |[39m   [36mconst[39m client [33m=[39m [36mawait[39m pool[33m.[39mconnect()[33m;[39m
     [90m    |[39m                  [31m[1m^[22m[39m
     [90m 94 |[39m   [36mtry[39m {
     [90m 95 |[39m     [36mawait[39m client[33m.[39mquery([32m"BEGIN"[39m)[33m;[39m
     [90m 96 |[39m     [36mawait[39m client[33m.[39mquery([0m

      at ../node_modules/pg-pool/index.js:45:11
      at withTenantContext (src/db/tenantContext.ts:93:18)
      at Object.<anonymous> (src/repositories/__tests__/rlsIsolation.test.ts:143:3)

  ΓùÅ RLS ΓÇö draft_purchase_orders ΓÇ║ Clinic B cannot access Clinic A purchase orders

    read ECONNRESET

    [0m [90m 91 |[39m   ownerAdmin [33m=[39m [36mfalse[39m[33m,[39m
     [90m 92 |[39m )[33m:[39m [33mPromise[39m[33m<[39m[33mT[39m[33m>[39m {
    [31m[1m>[22m[39m[90m 93 |[39m   [36mconst[39m client [33m=[39m [36mawait[39m pool[33m.[39mconnect()[33m;[39m
     [90m    |[39m                  [31m[1m^[22m[39m
     [90m 94 |[39m   [36mtry[39m {
     [90m 95 |[39m     [36mawait[39m client[33m.[39mquery([32m"BEGIN"[39m)[33m;[39m
     [90m 96 |[39m     [36mawait[39m client[33m.[39mquery([0m

      at ../node_modules/pg-pool/index.js:45:11
      at withTenantContext (src/db/tenantContext.ts:93:18)
      at Object.<anonymous> (src/repositories/__tests__/rlsIsolation.test.ts:143:3)

  ΓùÅ RLS ΓÇö draft_purchase_orders ΓÇ║ Clinic A context returns ONLY Clinic A POs when no WHERE clause

    read ECONNRESET

    [0m [90m 91 |[39m   ownerAdmin [33m=[39m [36mfalse[39m[33m,[39m
     [90m 92 |[39m )[33m:[39m [33mPromise[39m[33m<[39m[33mT[39m[33m>[39m {
    [31m[1m>[22m[39m[90m 93 |[39m   [36mconst[39m client [33m=[39m [36mawait[39m pool[33m.[39mconnect()[33m;[39m
     [90m    |[39m                  [31m[1m^[22m[39m
     [90m 94 |[39m   [36mtry[39m {
     [90m 95 |[39m     [36mawait[39m client[33m.[39mquery([32m"BEGIN"[39m)[33m;[39m
     [90m 96 |[39m     [36mawait[39m client[33m.[39mquery([0m

      at ../node_modules/pg-pool/index.js:45:11
      at withTenantContext (src/db/tenantContext.ts:93:18)
      at Object.<anonymous> (src/repositories/__tests__/rlsIsolation.test.ts:143:3)

  ΓùÅ RLS ΓÇö timesheet_entries ΓÇ║ Clinic A cannot access Clinic B timesheets

    read ECONNRESET

    [0m [90m 91 |[39m   ownerAdmin [33m=[39m [36mfalse[39m[33m,[39m
     [90m 92 |[39m )[33m:[39m [33mPromise[39m[33m<[39m[33mT[39m[33m>[39m {
    [31m[1m>[22m[39m[90m 93 |[39m   [36mconst[39m client [33m=[39m [36mawait[39m pool[33m.[39mconnect()[33m;[39m
     [90m    |[39m                  [31m[1m^[22m[39m
     [90m 94 |[39m   [36mtry[39m {
     [90m 95 |[39m     [36mawait[39m client[33m.[39mquery([32m"BEGIN"[39m)[33m;[39m
     [90m 96 |[39m     [36mawait[39m client[33m.[39mquery([0m

      at ../node_modules/pg-pool/index.js:45:11
      at withTenantContext (src/db/tenantContext.ts:93:18)
      at Object.<anonymous> (src/repositories/__tests__/rlsIsolation.test.ts:143:3)

  ΓùÅ RLS ΓÇö timesheet_entries ΓÇ║ Clinic B cannot access Clinic A timesheets

    read ECONNRESET

    [0m [90m 91 |[39m   ownerAdmin [33m=[39m [36mfalse[39m[33m,[39m
     [90m 92 |[39m )[33m:[39m [33mPromise[39m[33m<[39m[33mT[39m[33m>[39m {
    [31m[1m>[22m[39m[90m 93 |[39m   [36mconst[39m client [33m=[39m [36mawait[39m pool[33m.[39mconnect()[33m;[39m
     [90m    |[39m                  [31m[1m^[22m[39m
     [90m 94 |[39m   [36mtry[39m {
     [90m 95 |[39m     [36mawait[39m client[33m.[39mquery([32m"BEGIN"[39m)[33m;[39m
     [90m 96 |[39m     [36mawait[39m client[33m.[39mquery([0m

      at ../node_modules/pg-pool/index.js:45:11
      at withTenantContext (src/db/tenantContext.ts:93:18)
      at Object.<anonymous> (src/repositories/__tests__/rlsIsolation.test.ts:143:3)

  ΓùÅ RLS ΓÇö timesheet_entries ΓÇ║ Unfiltered query in Clinic A context returns only Clinic A timesheets

    read ECONNRESET

    [0m [90m 91 |[39m   ownerAdmin [33m=[39m [36mfalse[39m[33m,[39m
     [90m 92 |[39m )[33m:[39m [33mPromise[39m[33m<[39m[33mT[39m[33m>[39m {
    [31m[1m>[22m[39m[90m 93 |[39m   [36mconst[39m client [33m=[39m [36mawait[39m pool[33m.[39mconnect()[33m;[39m
     [90m    |[39m                  [31m[1m^[22m[39m
     [90m 94 |[39m   [36mtry[39m {
     [90m 95 |[39m     [36mawait[39m client[33m.[39mquery([32m"BEGIN"[39m)[33m;[39m
     [90m 96 |[39m     [36mawait[39m client[33m.[39mquery([0m

      at ../node_modules/pg-pool/index.js:45:11
      at withTenantContext (src/db/tenantContext.ts:93:18)
      at Object.<anonymous> (src/repositories/__tests__/rlsIsolation.test.ts:143:3)

  ΓùÅ RLS ΓÇö invoices (billing data) ΓÇ║ Clinic A cannot access Clinic B billing data

    read ECONNRESET

    [0m [90m 91 |[39m   ownerAdmin [33m=[39m [36mfalse[39m[33m,[39m
     [90m 92 |[39m )[33m:[39m [33mPromise[39m[33m<[39m[33mT[39m[33m>[39m {
    [31m[1m>[22m[39m[90m 93 |[39m   [36mconst[39m client [33m=[39m [36mawait[39m pool[33m.[39mconnect()[33m;[39m
     [90m    |[39m                  [31m[1m^[22m[39m
     [90m 94 |[39m   [36mtry[39m {
     [90m 95 |[39m     [36mawait[39m client[33m.[39mquery([32m"BEGIN"[39m)[33m;[39m
     [90m 96 |[39m     [36mawait[39m client[33m.[39mquery([0m

      at ../node_modules/pg-pool/index.js:45:11
      at withTenantContext (src/db/tenantContext.ts:93:18)
      at Object.<anonymous> (src/repositories/__tests__/rlsIsolation.test.ts:143:3)

  ΓùÅ RLS ΓÇö invoices (billing data) ΓÇ║ Clinic B cannot access Clinic A billing data

    read ECONNRESET

    [0m [90m 91 |[39m   ownerAdmin [33m=[39m [36mfalse[39m[33m,[39m
     [90m 92 |[39m )[33m:[39m [33mPromise[39m[33m<[39m[33mT[39m[33m>[39m {
    [31m[1m>[22m[39m[90m 93 |[39m   [36mconst[39m client [33m=[39m [36mawait[39m pool[33m.[39mconnect()[33m;[39m
     [90m    |[39m                  [31m[1m^[22m[39m
     [90m 94 |[39m   [36mtry[39m {
     [90m 95 |[39m     [36mawait[39m client[33m.[39mquery([32m"BEGIN"[39m)[33m;[39m
     [90m 96 |[39m     [36mawait[39m client[33m.[39mquery([0m

      at ../node_modules/pg-pool/index.js:45:11
      at withTenantContext (src/db/tenantContext.ts:93:18)
      at Object.<anonymous> (src/repositories/__tests__/rlsIsolation.test.ts:143:3)

  ΓùÅ RLS ΓÇö invoices (billing data) ΓÇ║ Unfiltered billing query in Clinic A returns ONLY Clinic A invoices

    read ECONNRESET

    [0m [90m 91 |[39m   ownerAdmin [33m=[39m [36mfalse[39m[33m,[39m
     [90m 92 |[39m )[33m:[39m [33mPromise[39m[33m<[39m[33mT[39m[33m>[39m {
    [31m[1m>[22m[39m[90m 93 |[39m   [36mconst[39m client [33m=[39m [36mawait[39m pool[33m.[39mconnect()[33m;[39m
     [90m    |[39m                  [31m[1m^[22m[39m
     [90m 94 |[39m   [36mtry[39m {
     [90m 95 |[39m     [36mawait[39m client[33m.[39mquery([32m"BEGIN"[39m)[33m;[39m
     [90m 96 |[39m     [36mawait[39m client[33m.[39mquery([0m

      at ../node_modules/pg-pool/index.js:45:11
      at withTenantContext (src/db/tenantContext.ts:93:18)
      at Object.<anonymous> (src/repositories/__tests__/rlsIsolation.test.ts:143:3)

  ΓùÅ RLS ΓÇö leave_requests ΓÇ║ Clinic A cannot access Clinic B leave requests

    read ECONNRESET

    [0m [90m 91 |[39m   ownerAdmin [33m=[39m [36mfalse[39m[33m,[39m
     [90m 92 |[39m )[33m:[39m [33mPromise[39m[33m<[39m[33mT[39m[33m>[39m {
    [31m[1m>[22m[39m[90m 93 |[39m   [36mconst[39m client [33m=[39m [36mawait[39m pool[33m.[39mconnect()[33m;[39m
     [90m    |[39m                  [31m[1m^[22m[39m
     [90m 94 |[39m   [36mtry[39m {
     [90m 95 |[39m     [36mawait[39m client[33m.[39mquery([32m"BEGIN"[39m)[33m;[39m
     [90m 96 |[39m     [36mawait[39m client[33m.[39mquery([0m

      at ../node_modules/pg-pool/index.js:45:11
      at withTenantContext (src/db/tenantContext.ts:93:18)
      at Object.<anonymous> (src/repositories/__tests__/rlsIsolation.test.ts:143:3)

  ΓùÅ RLS ΓÇö leave_requests ΓÇ║ Clinic B cannot access Clinic A leave requests

    read ECONNRESET

    [0m [90m 91 |[39m   ownerAdmin [33m=[39m [36mfalse[39m[33m,[39m
     [90m 92 |[39m )[33m:[39m [33mPromise[39m[33m<[39m[33mT[39m[33m>[39m {
    [31m[1m>[22m[39m[90m 93 |[39m   [36mconst[39m client [33m=[39m [36mawait[39m pool[33m.[39mconnect()[33m;[39m
     [90m    |[39m                  [31m[1m^[22m[39m
     [90m 94 |[39m   [36mtry[39m {
     [90m 95 |[39m     [36mawait[39m client[33m.[39mquery([32m"BEGIN"[39m)[33m;[39m
     [90m 96 |[39m     [36mawait[39m client[33m.[39mquery([0m

      at ../node_modules/pg-pool/index.js:45:11
      at withTenantContext (src/db/tenantContext.ts:93:18)
      at Object.<anonymous> (src/repositories/__tests__/rlsIsolation.test.ts:143:3)

  ΓùÅ RLS ΓÇö audit_events ΓÇ║ Clinic A cannot access Clinic B audit events

    read ECONNRESET

    [0m [90m 91 |[39m   ownerAdmin [33m=[39m [36mfalse[39m[33m,[39m
     [90m 92 |[39m )[33m:[39m [33mPromise[39m[33m<[39m[33mT[39m[33m>[39m {
    [31m[1m>[22m[39m[90m 93 |[39m   [36mconst[39m client [33m=[39m [36mawait[39m pool[33m.[39mconnect()[33m;[39m
     [90m    |[39m                  [31m[1m^[22m[39m
     [90m 94 |[39m   [36mtry[39m {
     [90m 95 |[39m     [36mawait[39m client[33m.[39mquery([32m"BEGIN"[39m)[33m;[39m
     [90m 96 |[39m     [36mawait[39m client[33m.[39mquery([0m

      at ../node_modules/pg-pool/index.js:45:11
      at withTenantContext (src/db/tenantContext.ts:93:18)
      at Object.<anonymous> (src/repositories/__tests__/rlsIsolation.test.ts:143:3)

  ΓùÅ RLS ΓÇö audit_events ΓÇ║ Clinic B cannot access Clinic A audit events

    read ECONNRESET

    [0m [90m 91 |[39m   ownerAdmin [33m=[39m [36mfalse[39m[33m,[39m
     [90m 92 |[39m )[33m:[39m [33mPromise[39m[33m<[39m[33mT[39m[33m>[39m {
    [31m[1m>[22m[39m[90m 93 |[39m   [36mconst[39m client [33m=[39m [36mawait[39m pool[33m.[39mconnect()[33m;[39m
     [90m    |[39m                  [31m[1m^[22m[39m
     [90m 94 |[39m   [36mtry[39m {
     [90m 95 |[39m     [36mawait[39m client[33m.[39mquery([32m"BEGIN"[39m)[33m;[39m
     [90m 96 |[39m     [36mawait[39m client[33m.[39mquery([0m

      at ../node_modules/pg-pool/index.js:45:11
      at withTenantContext (src/db/tenantContext.ts:93:18)
      at Object.<anonymous> (src/repositories/__tests__/rlsIsolation.test.ts:143:3)

  ΓùÅ RLS ΓÇö owner_admin cross-clinic access ΓÇ║ owner_admin mode can read Clinic A inventory while Clinic B context is active

    read ECONNRESET

    [0m [90m 91 |[39m   ownerAdmin [33m=[39m [36mfalse[39m[33m,[39m
     [90m 92 |[39m )[33m:[39m [33mPromise[39m[33m<[39m[33mT[39m[33m>[39m {
    [31m[1m>[22m[39m[90m 93 |[39m   [36mconst[39m client [33m=[39m [36mawait[39m pool[33m.[39mconnect()[33m;[39m
     [90m    |[39m                  [31m[1m^[22m[39m
     [90m 94 |[39m   [36mtry[39m {
     [90m 95 |[39m     [36mawait[39m client[33m.[39mquery([32m"BEGIN"[39m)[33m;[39m
     [90m 96 |[39m     [36mawait[39m client[33m.[39mquery([0m

      at ../node_modules/pg-pool/index.js:45:11
      at withTenantContext (src/db/tenantContext.ts:93:18)
      at Object.<anonymous> (src/repositories/__tests__/rlsIsolation.test.ts:143:3)

  ΓùÅ RLS ΓÇö owner_admin cross-clinic access ΓÇ║ owner_admin mode can read both clinics' invoices in a single query

    read ECONNRESET

    [0m [90m 91 |[39m   ownerAdmin [33m=[39m [36mfalse[39m[33m,[39m
     [90m 92 |[39m )[33m:[39m [33mPromise[39m[33m<[39m[33mT[39m[33m>[39m {
    [31m[1m>[22m[39m[90m 93 |[39m   [36mconst[39m client [33m=[39m [36mawait[39m pool[33m.[39mconnect()[33m;[39m
     [90m    |[39m                  [31m[1m^[22m[39m
     [90m 94 |[39m   [36mtry[39m {
     [90m 95 |[39m     [36mawait[39m client[33m.[39mquery([32m"BEGIN"[39m)[33m;[39m
     [90m 96 |[39m     [36mawait[39m client[33m.[39mquery([0m

      at ../node_modules/pg-pool/index.js:45:11
      at withTenantContext (src/db/tenantContext.ts:93:18)
      at Object.<anonymous> (src/repositories/__tests__/rlsIsolation.test.ts:143:3)

  ΓùÅ RLS ΓÇö no tenant context (session var empty) ΓÇ║ Query without any clinic context returns 0 rows from clinic_inventory_items

    read ECONNRESET

    [0m [90m 91 |[39m   ownerAdmin [33m=[39m [36mfalse[39m[33m,[39m
     [90m 92 |[39m )[33m:[39m [33mPromise[39m[33m<[39m[33mT[39m[33m>[39m {
    [31m[1m>[22m[39m[90m 93 |[39m   [36mconst[39m client [33m=[39m [36mawait[39m pool[33m.[39mconnect()[33m;[39m
     [90m    |[39m                  [31m[1m^[22m[39m
     [90m 94 |[39m   [36mtry[39m {
     [90m 95 |[39m     [36mawait[39m client[33m.[39mquery([32m"BEGIN"[39m)[33m;[39m
     [90m 96 |[39m     [36mawait[39m client[33m.[39mquery([0m

      at ../node_modules/pg-pool/index.js:45:11
      at withTenantContext (src/db/tenantContext.ts:93:18)
      at Object.<anonymous> (src/repositories/__tests__/rlsIsolation.test.ts:143:3)

  ΓùÅ RLS ΓÇö no tenant context (session var empty) ΓÇ║ Query without any clinic context returns 0 rows from invoices

    read ECONNRESET

    [0m [90m 91 |[39m   ownerAdmin [33m=[39m [36mfalse[39m[33m,[39m
     [90m 92 |[39m )[33m:[39m [33mPromise[39m[33m<[39m[33mT[39m[33m>[39m {
    [31m[1m>[22m[39m[90m 93 |[39m   [36mconst[39m client [33m=[39m [36mawait[39m pool[33m.[39mconnect()[33m;[39m
     [90m    |[39m                  [31m[1m^[22m[39m
     [90m 94 |[39m   [36mtry[39m {
     [90m 95 |[39m     [36mawait[39m client[33m.[39mquery([32m"BEGIN"[39m)[33m;[39m
     [90m 96 |[39m     [36mawait[39m client[33m.[39mquery([0m

      at ../node_modules/pg-pool/index.js:45:11
      at withTenantContext (src/db/tenantContext.ts:93:18)
      at Object.<anonymous> (src/repositories/__tests__/rlsIsolation.test.ts:143:3)


  ΓùÅ Test suite failed to run

    read ECONNRESET

    [0m [90m 91 |[39m   ownerAdmin [33m=[39m [36mfalse[39m[33m,[39m
     [90m 92 |[39m )[33m:[39m [33mPromise[39m[33m<[39m[33mT[39m[33m>[39m {
    [31m[1m>[22m[39m[90m 93 |[39m   [36mconst[39m client [33m=[39m [36mawait[39m pool[33m.[39mconnect()[33m;[39m
     [90m    |[39m                  [31m[1m^[22m[39m
     [90m 94 |[39m   [36mtry[39m {
     [90m 95 |[39m     [36mawait[39m client[33m.[39mquery([32m"BEGIN"[39m)[33m;[39m
     [90m 96 |[39m     [36mawait[39m client[33m.[39mquery([0m

      at ../node_modules/pg-pool/index.js:45:11
      at withTenantContext (src/db/tenantContext.ts:93:18)
      at Object.<anonymous> (src/repositories/__tests__/rlsIsolation.test.ts:245:3)

(node:28008) ExperimentalWarning: VM Modules is an experimental feature and might change at any time
(Use `node --trace-warnings ...` to show where the warning was created)
(node:20704) ExperimentalWarning: VM Modules is an experimental feature and might change at any time
(Use `node --trace-warnings ...` to show where the warning was created)
(node:46968) ExperimentalWarning: VM Modules is an experimental feature and might change at any time
(Use `node --trace-warnings ...` to show where the warning was created)
(node:31468) ExperimentalWarning: VM Modules is an experimental feature and might change at any time
(Use `node --trace-warnings ...` to show where the warning was created)
(node:16220) ExperimentalWarning: VM Modules is an experimental feature and might change at any time
(Use `node --trace-warnings ...` to show where the warning was created)
(node:25820) ExperimentalWarning: VM Modules is an experimental feature and might change at any time
(Use `node --trace-warnings ...` to show where the warning was created)
(node:49232) ExperimentalWarning: VM Modules is an experimental feature and might change at any time
(Use `node --trace-warnings ...` to show where the warning was created)
(node:23404) ExperimentalWarning: VM Modules is an experimental feature and might change at any time
(Use `node --trace-warnings ...` to show where the warning was created)
{"level":40,"time":"2026-06-24T03:05:45.223Z","service":"@verve/backend","msg":"DATABASE_URL not set ΓÇö using in-memory repositories (state lost on restart)"}
{"level":40,"time":"2026-06-24T03:05:45.265Z","service":"@verve/backend","msg":"DATABASE_URL not set ΓÇö using in-memory repositories (state lost on restart)"}
{"level":40,"time":"2026-06-24T03:05:45.290Z","service":"@verve/backend","msg":"DATABASE_URL not set ΓÇö using in-memory repositories (state lost on restart)"}
{"level":40,"time":"2026-06-24T03:05:45.318Z","service":"@verve/backend","msg":"DATABASE_URL not set ΓÇö using in-memory repositories (state lost on restart)"}
{"level":40,"time":"2026-06-24T03:05:45.348Z","service":"@verve/backend","msg":"DATABASE_URL not set ΓÇö using in-memory repositories (state lost on restart)"}
{"level":40,"time":"2026-06-24T03:05:45.363Z","service":"@verve/backend","msg":"DATABASE_URL not set ΓÇö using in-memory repositories (state lost on restart)"}
{"level":40,"time":"2026-06-24T03:05:45.374Z","service":"@verve/backend","msg":"DATABASE_URL not set ΓÇö using in-memory repositories (state lost on restart)"}
{"level":40,"time":"2026-06-24T03:05:45.335Z","service":"@verve/backend","msg":"DATABASE_URL not set ΓÇö using in-memory repositories (state lost on restart)"}
{"level":30,"time":"2026-06-24T03:05:45.434Z","service":"@verve/backend","audit":true,"event":"auth.unauthorized","reason":"missing_token","ipAddress":"::ffff:127.0.0.1","msg":"Auth audit: auth.unauthorized"}
{"level":30,"time":"2026-06-24T03:05:45.484Z","service":"@verve/backend","audit":true,"event":"auth.unauthorized","reason":"missing_token","ipAddress":"::ffff:127.0.0.1","msg":"Auth audit: auth.unauthorized"}
{"level":30,"time":"2026-06-24T03:05:45.494Z","service":"@verve/backend","audit":true,"event":"auth.login.mfa_required","userId":"dddddddd-dddd-4ddd-8ddd-dddddddddddd","email":"manager@clinic-a.au","clinicId":"11111111-1111-4111-8111-111111111111","ipAddress":"::ffff:127.0.0.1","msg":"Auth audit: auth.login.mfa_required"}
{"level":30,"time":"2026-06-24T03:05:45.514Z","service":"@verve/backend","audit":true,"event":"auth.mfa.success","userId":"dddddddd-dddd-4ddd-8ddd-dddddddddddd","email":"manager@clinic-a.au","clinicId":"11111111-1111-4111-8111-111111111111","ipAddress":"::ffff:127.0.0.1","msg":"Auth audit: auth.mfa.success"}
{"level":40,"time":"2026-06-24T03:05:45.538Z","service":"@verve/backend","msg":"DATABASE_URL not set ΓÇö using in-memory repositories (state lost on restart)"}
{"level":30,"time":"2026-06-24T03:05:45.539Z","service":"@verve/backend","audit":true,"event":"auth.login.mfa_required","userId":"cccccccc-cccc-4ccc-8ccc-cccccccccccc","email":"admin@clinic-b.au","clinicId":"22222222-2222-4222-8222-222222222222","ipAddress":"::ffff:127.0.0.1","msg":"Auth audit: auth.login.mfa_required"}
{"level":30,"time":"2026-06-24T03:05:45.542Z","service":"@verve/backend","audit":true,"event":"auth.login.mfa_required","userId":"aaaaaaaa-aaaa-4aaa-8aaa-aaaaaaaaaaaa","email":"admin@clinic-a.au","clinicId":"11111111-1111-4111-8111-111111111111","ipAddress":"::ffff:127.0.0.1","msg":"Auth audit: auth.login.mfa_required"}
{"level":30,"time":"2026-06-24T03:05:45.556Z","service":"@verve/backend","audit":true,"event":"auth.login.mfa_required","userId":"aaaaaaaa-aaaa-4aaa-8aaa-aaaaaaaaaaaa","email":"admin@clinic-a.au","clinicId":"11111111-1111-4111-8111-111111111111","ipAddress":"::ffff:127.0.0.1","msg":"Auth audit: auth.login.mfa_required"}
{"level":30,"time":"2026-06-24T03:05:45.563Z","service":"@verve/backend","audit":true,"event":"auth.mfa.success","userId":"aaaaaaaa-aaaa-4aaa-8aaa-aaaaaaaaaaaa","email":"admin@clinic-a.au","clinicId":"11111111-1111-4111-8111-111111111111","ipAddress":"::ffff:127.0.0.1","msg":"Auth audit: auth.mfa.success"}
{"level":30,"time":"2026-06-24T03:05:45.563Z","service":"@verve/backend","audit":true,"event":"auth.mfa.success","userId":"cccccccc-cccc-4ccc-8ccc-cccccccccccc","email":"admin@clinic-b.au","clinicId":"22222222-2222-4222-8222-222222222222","ipAddress":"::ffff:127.0.0.1","msg":"Auth audit: auth.mfa.success"}
{"level":30,"time":"2026-06-24T03:05:45.564Z","service":"@verve/backend","audit":true,"event":"auth.login.success","userId":"bbbbbbbb-bbbb-4bbb-8bbb-bbbbbbbbbbbb","email":"staff@clinic-a.au","clinicId":"11111111-1111-4111-8111-111111111111","ipAddress":"::ffff:127.0.0.1","msg":"Auth audit: auth.login.success"}
{"level":30,"time":"2026-06-24T03:05:45.569Z","service":"@verve/backend","audit":true,"event":"auth.login.mfa_enrollment_required","userId":"eeeeeeee-eeee-4eee-8eee-eeeeeeeeeeee","email":"admin-nomfa@clinic-a.au","clinicId":"11111111-1111-4111-8111-111111111111","role":"owner_admin","ipAddress":"::ffff:127.0.0.1","msg":"Auth audit: auth.login.mfa_enrollment_required"}
{"level":30,"time":"2026-06-24T03:05:45.578Z","service":"@verve/backend","audit":true,"event":"auth.mfa.success","userId":"aaaaaaaa-aaaa-4aaa-8aaa-aaaaaaaaaaaa","email":"admin@clinic-a.au","clinicId":"11111111-1111-4111-8111-111111111111","ipAddress":"::ffff:127.0.0.1","msg":"Auth audit: auth.mfa.success"}
{"level":30,"time":"2026-06-24T03:05:45.578Z","service":"@verve/backend","audit":true,"event":"auth.refresh.success","userId":"bbbbbbbb-bbbb-4bbb-8bbb-bbbbbbbbbbbb","email":"staff@clinic-a.au","clinicId":"11111111-1111-4111-8111-111111111111","ipAddress":"::ffff:127.0.0.1","msg":"Auth audit: auth.refresh.success"}
{"level":40,"time":"2026-06-24T03:05:45.586Z","service":"@verve/backend","msg":"DATABASE_URL not set ΓÇö using in-memory repositories (state lost on restart)"}
{"level":30,"time":"2026-06-24T03:05:45.587Z","service":"@verve/backend","audit":true,"event":"user.permission.granted","userId":"aaaaaaaa-aaaa-4aaa-8aaa-aaaaaaaaaaaa","email":"admin@clinic-a.au","clinicId":"11111111-1111-4111-8111-111111111111","resourceId":"bbbbbbbb-bbbb-4bbb-8bbb-bbbbbbbbbbbb","role":"owner_admin","msg":"Audit: user.permission.granted"}
{"level":30,"time":"2026-06-24T03:05:45.597Z","service":"@verve/backend","audit":true,"event":"auth.unauthorized","reason":"invalid_token","ipAddress":"::ffff:127.0.0.1","msg":"Auth audit: auth.unauthorized"}
{"level":40,"time":"2026-06-24T03:05:45.614Z","service":"@verve/backend","msg":"DATABASE_URL not set ΓÇö using in-memory repositories (state lost on restart)"}
{"level":30,"time":"2026-06-24T03:05:45.659Z","service":"@verve/backend","audit":true,"event":"auth.login.success","userId":"bbbbbbbb-bbbb-4bbb-8bbb-bbbbbbbbbbbb","email":"staff@clinic-a.au","clinicId":"11111111-1111-4111-8111-111111111111","ipAddress":"::ffff:127.0.0.1","msg":"Auth audit: auth.login.success"}
{"level":40,"time":"2026-06-24T03:05:45.665Z","service":"@verve/backend","msg":"DATABASE_URL not set ΓÇö using in-memory repositories (state lost on restart)"}
{"level":40,"time":"2026-06-24T03:05:45.671Z","service":"@verve/backend","msg":"DATABASE_URL not set ΓÇö using in-memory repositories (state lost on restart)"}
{"level":40,"time":"2026-06-24T03:05:45.672Z","service":"@verve/backend","msg":"DATABASE_URL not set ΓÇö using in-memory repositories (state lost on restart)"}
{"level":40,"time":"2026-06-24T03:05:45.678Z","service":"@verve/backend","msg":"DATABASE_URL not set ΓÇö using in-memory repositories (state lost on restart)"}
{"level":40,"time":"2026-06-24T03:05:45.680Z","service":"@verve/backend","msg":"DATABASE_URL not set ΓÇö using in-memory repositories (state lost on restart)"}
{"level":40,"time":"2026-06-24T03:05:45.690Z","service":"@verve/backend","msg":"DATABASE_URL not set ΓÇö using in-memory repositories (state lost on restart)"}
{"level":30,"time":"2026-06-24T03:05:45.722Z","service":"@verve/backend","audit":true,"event":"auth.login.mfa_required","userId":"dddddddd-dddd-4ddd-8ddd-dddddddddddd","email":"manager@clinic-a.au","clinicId":"11111111-1111-4111-8111-111111111111","ipAddress":"::ffff:127.0.0.1","msg":"Auth audit: auth.login.mfa_required"}
{"level":30,"time":"2026-06-24T03:05:45.730Z","service":"@verve/backend","audit":true,"event":"auth.mfa.success","userId":"dddddddd-dddd-4ddd-8ddd-dddddddddddd","email":"manager@clinic-a.au","clinicId":"11111111-1111-4111-8111-111111111111","ipAddress":"::ffff:127.0.0.1","msg":"Auth audit: auth.mfa.success"}
{"level":40,"time":"2026-06-24T03:05:45.759Z","service":"@verve/backend","msg":"DATABASE_URL not set ΓÇö using in-memory repositories (state lost on restart)"}
{"level":30,"time":"2026-06-24T03:05:45.768Z","service":"@verve/backend","audit":true,"event":"auth.login.mfa_required","userId":"dddddddd-dddd-4ddd-8ddd-dddddddddddd","email":"manager@clinic-a.au","clinicId":"11111111-1111-4111-8111-111111111111","ipAddress":"::ffff:127.0.0.1","msg":"Auth audit: auth.login.mfa_required"}
{"level":30,"time":"2026-06-24T03:05:45.770Z","service":"@verve/backend","audit":true,"event":"auth.login.mfa_required","userId":"cccccccc-cccc-4ccc-8ccc-cccccccccccc","email":"admin@clinic-b.au","clinicId":"22222222-2222-4222-8222-222222222222","ipAddress":"::ffff:127.0.0.1","msg":"Auth audit: auth.login.mfa_required"}
{"level":30,"time":"2026-06-24T03:05:45.771Z","service":"@verve/backend","audit":true,"event":"auth.login.mfa_enrollment_required","userId":"eeeeeeee-eeee-4eee-8eee-eeeeeeeeeeee","email":"admin-nomfa@clinic-a.au","clinicId":"11111111-1111-4111-8111-111111111111","role":"owner_admin","ipAddress":"::ffff:127.0.0.1","msg":"Auth audit: auth.login.mfa_enrollment_required"}
{"level":30,"time":"2026-06-24T03:05:45.775Z","service":"@verve/backend","audit":true,"event":"auth.mfa.success","userId":"dddddddd-dddd-4ddd-8ddd-dddddddddddd","email":"manager@clinic-a.au","clinicId":"11111111-1111-4111-8111-111111111111","ipAddress":"::ffff:127.0.0.1","msg":"Auth audit: auth.mfa.success"}
{"level":30,"time":"2026-06-24T03:05:45.775Z","service":"@verve/backend","audit":true,"event":"auth.login.success","userId":"bbbbbbbb-bbbb-4bbb-8bbb-bbbbbbbbbbbb","email":"staff@clinic-a.au","clinicId":"11111111-1111-4111-8111-111111111111","ipAddress":"::ffff:127.0.0.1","msg":"Auth audit: auth.login.success"}
{"level":30,"time":"2026-06-24T03:05:45.779Z","service":"@verve/backend","audit":true,"event":"auth.login.mfa_required","userId":"dddddddd-dddd-4ddd-8ddd-dddddddddddd","email":"manager@clinic-a.au","clinicId":"11111111-1111-4111-8111-111111111111","ipAddress":"::ffff:127.0.0.1","msg":"Auth audit: auth.login.mfa_required"}
{"level":30,"time":"2026-06-24T03:05:45.779Z","service":"@verve/backend","audit":true,"event":"auth.mfa.success","userId":"cccccccc-cccc-4ccc-8ccc-cccccccccccc","email":"admin@clinic-b.au","clinicId":"22222222-2222-4222-8222-222222222222","ipAddress":"::ffff:127.0.0.1","msg":"Auth audit: auth.mfa.success"}
{"level":30,"time":"2026-06-24T03:05:45.782Z","service":"@verve/backend","audit":true,"event":"auth.refresh.success","userId":"bbbbbbbb-bbbb-4bbb-8bbb-bbbbbbbbbbbb","email":"staff@clinic-a.au","clinicId":"11111111-1111-4111-8111-111111111111","ipAddress":"::ffff:127.0.0.1","msg":"Auth audit: auth.refresh.success"}
{"level":30,"time":"2026-06-24T03:05:45.789Z","service":"@verve/backend","audit":true,"event":"auth.mfa.success","userId":"dddddddd-dddd-4ddd-8ddd-dddddddddddd","email":"manager@clinic-a.au","clinicId":"11111111-1111-4111-8111-111111111111","ipAddress":"::ffff:127.0.0.1","msg":"Auth audit: auth.mfa.success"}
{"level":30,"time":"2026-06-24T03:05:45.804Z","service":"@verve/backend","audit":true,"event":"auth.login.success","userId":"bbbbbbbb-bbbb-4bbb-8bbb-bbbbbbbbbbbb","email":"staff@clinic-a.au","clinicId":"11111111-1111-4111-8111-111111111111","ipAddress":"::ffff:127.0.0.1","msg":"Auth audit: auth.login.success"}
{"level":40,"time":"2026-06-24T03:05:45.835Z","service":"@verve/backend","msg":"DATABASE_URL not set ΓÇö using in-memory repositories (state lost on restart)"}
{"level":30,"time":"2026-06-24T03:05:45.857Z","service":"@verve/backend","audit":true,"event":"auth.login.mfa_required","userId":"dddddddd-dddd-4ddd-8ddd-dddddddddddd","email":"manager@clinic-a.au","clinicId":"11111111-1111-4111-8111-111111111111","ipAddress":"::ffff:127.0.0.1","msg":"Auth audit: auth.login.mfa_required"}
{"level":40,"time":"2026-06-24T03:05:45.864Z","service":"@verve/backend","msg":"DATABASE_URL not set ΓÇö using in-memory repositories (state lost on restart)"}
{"level":30,"time":"2026-06-24T03:05:45.867Z","service":"@verve/backend","audit":true,"event":"auth.mfa.success","userId":"dddddddd-dddd-4ddd-8ddd-dddddddddddd","email":"manager@clinic-a.au","clinicId":"11111111-1111-4111-8111-111111111111","ipAddress":"::ffff:127.0.0.1","msg":"Auth audit: auth.mfa.success"}
{"level":40,"time":"2026-06-24T03:05:45.874Z","service":"@verve/backend","msg":"DATABASE_URL not set ΓÇö using in-memory repositories (state lost on restart)"}
{"level":40,"time":"2026-06-24T03:05:45.877Z","service":"@verve/backend","msg":"DATABASE_URL not set ΓÇö using in-memory repositories (state lost on restart)"}
{"level":40,"time":"2026-06-24T03:05:45.880Z","service":"@verve/backend","msg":"DATABASE_URL not set ΓÇö using in-memory repositories (state lost on restart)"}
{"level":40,"time":"2026-06-24T03:05:45.888Z","service":"@verve/backend","msg":"DATABASE_URL not set ΓÇö using in-memory repositories (state lost on restart)"}
{"level":40,"time":"2026-06-24T03:05:45.901Z","service":"@verve/backend","msg":"DATABASE_URL not set ΓÇö using in-memory repositories (state lost on restart)"}
{"level":30,"time":"2026-06-24T03:05:45.928Z","service":"@verve/backend","audit":true,"event":"auth.login.success","userId":"bbbbbbbb-bbbb-4bbb-8bbb-bbbbbbbbbbbb","email":"staff@clinic-a.au","clinicId":"11111111-1111-4111-8111-111111111111","ipAddress":"::ffff:127.0.0.1","msg":"Auth audit: auth.login.success"}
{"level":30,"time":"2026-06-24T03:05:45.956Z","service":"@verve/backend","audit":true,"event":"auth.login.mfa_enrollment_required","userId":"ffffffff-ffff-4fff-8fff-ffffffffffff","email":"manager-nomfa@clinic-a.au","clinicId":"11111111-1111-4111-8111-111111111111","role":"group_practice_manager","ipAddress":"::ffff:127.0.0.1","msg":"Auth audit: auth.login.mfa_enrollment_required"}
{"level":40,"time":"2026-06-24T03:05:45.967Z","service":"@verve/backend","msg":"DATABASE_URL not set ΓÇö using in-memory repositories (state lost on restart)"}
{"level":30,"time":"2026-06-24T03:05:45.970Z","service":"@verve/backend","audit":true,"event":"auth.login.success","userId":"bbbbbbbb-bbbb-4bbb-8bbb-bbbbbbbbbbbb","email":"staff@clinic-a.au","clinicId":"11111111-1111-4111-8111-111111111111","ipAddress":"::ffff:127.0.0.1","msg":"Auth audit: auth.login.success"}
{"level":30,"time":"2026-06-24T03:05:45.975Z","service":"@verve/backend","audit":true,"event":"auth.login.mfa_required","userId":"cccccccc-cccc-4ccc-8ccc-cccccccccccc","email":"admin@clinic-b.au","clinicId":"22222222-2222-4222-8222-222222222222","ipAddress":"::ffff:127.0.0.1","msg":"Auth audit: auth.login.mfa_required"}
{"level":30,"time":"2026-06-24T03:05:45.978Z","service":"@verve/backend","audit":true,"event":"auth.login.success","userId":"bbbbbbbb-bbbb-4bbb-8bbb-bbbbbbbbbbbb","email":"staff@clinic-a.au","clinicId":"11111111-1111-4111-8111-111111111111","ipAddress":"::ffff:127.0.0.1","msg":"Auth audit: auth.login.success"}
{"level":30,"time":"2026-06-24T03:05:45.982Z","service":"@verve/backend","audit":true,"event":"auth.mfa.success","userId":"cccccccc-cccc-4ccc-8ccc-cccccccccccc","email":"admin@clinic-b.au","clinicId":"22222222-2222-4222-8222-222222222222","ipAddress":"::ffff:127.0.0.1","msg":"Auth audit: auth.mfa.success"}
{"level":30,"time":"2026-06-24T03:05:45.986Z","service":"@verve/backend","audit":true,"event":"auth.login.success","userId":"bbbbbbbb-bbbb-4bbb-8bbb-bbbbbbbbbbbb","email":"staff@clinic-a.au","clinicId":"11111111-1111-4111-8111-111111111111","ipAddress":"::ffff:127.0.0.1","msg":"Auth audit: auth.login.success"}
{"level":30,"time":"2026-06-24T03:05:45.984Z","service":"@verve/backend","audit":true,"event":"auth.refresh.success","userId":"bbbbbbbb-bbbb-4bbb-8bbb-bbbbbbbbbbbb","email":"staff@clinic-a.au","clinicId":"11111111-1111-4111-8111-111111111111","ipAddress":"::ffff:127.0.0.1","msg":"Auth audit: auth.refresh.success"}
{"level":30,"time":"2026-06-24T03:05:45.991Z","service":"@verve/backend","audit":true,"event":"auth.refresh.success","userId":"bbbbbbbb-bbbb-4bbb-8bbb-bbbbbbbbbbbb","email":"staff@clinic-a.au","clinicId":"11111111-1111-4111-8111-111111111111","ipAddress":"::ffff:127.0.0.1","msg":"Auth audit: auth.refresh.success"}
{"level":30,"time":"2026-06-24T03:05:45.998Z","service":"@verve/backend","audit":true,"event":"auth.login.mfa_required","userId":"dddddddd-dddd-4ddd-8ddd-dddddddddddd","email":"manager@clinic-a.au","clinicId":"11111111-1111-4111-8111-111111111111","ipAddress":"::ffff:127.0.0.1","msg":"Auth audit: auth.login.mfa_required"}
{"level":30,"time":"2026-06-24T03:05:46.009Z","service":"@verve/backend","audit":true,"event":"auth.mfa.success","userId":"dddddddd-dddd-4ddd-8ddd-dddddddddddd","email":"manager@clinic-a.au","clinicId":"11111111-1111-4111-8111-111111111111","ipAddress":"::ffff:127.0.0.1","msg":"Auth audit: auth.mfa.success"}
{"level":40,"time":"2026-06-24T03:05:46.026Z","service":"@verve/backend","msg":"DATABASE_URL not set ΓÇö using in-memory repositories (state lost on restart)"}
{"level":40,"time":"2026-06-24T03:05:46.054Z","service":"@verve/backend","msg":"DATABASE_URL not set ΓÇö using in-memory repositories (state lost on restart)"}
{"level":30,"time":"2026-06-24T03:05:46.065Z","service":"@verve/backend","audit":true,"event":"auth.login.mfa_required","userId":"dddddddd-dddd-4ddd-8ddd-dddddddddddd","email":"manager@clinic-a.au","clinicId":"11111111-1111-4111-8111-111111111111","ipAddress":"::ffff:127.0.0.1","msg":"Auth audit: auth.login.mfa_required"}
{"level":40,"time":"2026-06-24T03:05:46.072Z","service":"@verve/backend","msg":"DATABASE_URL not set ΓÇö using in-memory repositories (state lost on restart)"}
{"level":30,"time":"2026-06-24T03:05:46.073Z","service":"@verve/backend","audit":true,"event":"auth.mfa.success","userId":"dddddddd-dddd-4ddd-8ddd-dddddddddddd","email":"manager@clinic-a.au","clinicId":"11111111-1111-4111-8111-111111111111","ipAddress":"::ffff:127.0.0.1","msg":"Auth audit: auth.mfa.success"}
{"level":30,"time":"2026-06-24T03:05:46.080Z","service":"@verve/backend","audit":true,"event":"auth.unauthorized","reason":"missing_token","ipAddress":"::ffff:127.0.0.1","msg":"Auth audit: auth.unauthorized"}
{"level":40,"time":"2026-06-24T03:05:46.084Z","service":"@verve/backend","msg":"DATABASE_URL not set ΓÇö using in-memory repositories (state lost on restart)"}
{"level":40,"time":"2026-06-24T03:05:46.086Z","service":"@verve/backend","msg":"DATABASE_URL not set ΓÇö using in-memory repositories (state lost on restart)"}
{"level":30,"time":"2026-06-24T03:05:46.088Z","service":"@verve/backend","audit":true,"event":"supplier_invoice.uploaded","userId":"dddddddd-dddd-4ddd-8ddd-dddddddddddd","resourceId":"c07f34db-085f-455f-8a6a-ade86a8d8a54","msg":"Audit: supplier_invoice.uploaded"}
{"level":30,"time":"2026-06-24T03:05:46.095Z","service":"@verve/backend","audit":true,"event":"auth.unauthorized","reason":"missing_token","ipAddress":"::ffff:127.0.0.1","msg":"Auth audit: auth.unauthorized"}
{"level":40,"time":"2026-06-24T03:05:46.097Z","service":"@verve/backend","msg":"DATABASE_URL not set ΓÇö using in-memory repositories (state lost on restart)"}
{"level":40,"time":"2026-06-24T03:05:46.115Z","service":"@verve/backend","msg":"DATABASE_URL not set ΓÇö using in-memory repositories (state lost on restart)"}
{"level":30,"time":"2026-06-24T03:05:46.129Z","service":"@verve/backend","audit":true,"event":"auth.login.mfa_required","userId":"dddddddd-dddd-4ddd-8ddd-dddddddddddd","email":"manager@clinic-a.au","clinicId":"11111111-1111-4111-8111-111111111111","ipAddress":"::ffff:127.0.0.1","msg":"Auth audit: auth.login.mfa_required"}
{"level":30,"time":"2026-06-24T03:05:46.135Z","service":"@verve/backend","audit":true,"event":"auth.mfa.success","userId":"dddddddd-dddd-4ddd-8ddd-dddddddddddd","email":"manager@clinic-a.au","clinicId":"11111111-1111-4111-8111-111111111111","ipAddress":"::ffff:127.0.0.1","msg":"Auth audit: auth.mfa.success"}
{"level":30,"time":"2026-06-24T03:05:46.154Z","service":"@verve/backend","audit":true,"event":"auth.login.mfa_enrollment_required","userId":"ffffffff-ffff-4fff-8fff-ffffffffffff","email":"manager-nomfa@clinic-a.au","clinicId":"11111111-1111-4111-8111-111111111111","role":"group_practice_manager","ipAddress":"::ffff:127.0.0.1","msg":"Auth audit: auth.login.mfa_enrollment_required"}
{"level":40,"time":"2026-06-24T03:05:46.177Z","service":"@verve/backend","msg":"DATABASE_URL not set ΓÇö using in-memory repositories (state lost on restart)"}
{"level":40,"time":"2026-06-24T03:05:46.184Z","service":"@verve/backend","msg":"DATABASE_URL not set ΓÇö using in-memory repositories (state lost on restart)"}
{"level":30,"time":"2026-06-24T03:05:46.188Z","service":"@verve/backend","audit":true,"event":"auth.login.mfa_required","userId":"cccccccc-cccc-4ccc-8ccc-cccccccccccc","email":"admin@clinic-b.au","clinicId":"22222222-2222-4222-8222-222222222222","ipAddress":"::ffff:127.0.0.1","msg":"Auth audit: auth.login.mfa_required"}
{"level":40,"time":"2026-06-24T03:05:46.190Z","service":"@verve/backend","msg":"DATABASE_URL not set ΓÇö using in-memory repositories (state lost on restart)"}
{"level":30,"time":"2026-06-24T03:05:46.194Z","service":"@verve/backend","audit":true,"event":"auth.mfa.success","userId":"cccccccc-cccc-4ccc-8ccc-cccccccccccc","email":"admin@clinic-b.au","clinicId":"22222222-2222-4222-8222-222222222222","ipAddress":"::ffff:127.0.0.1","msg":"Auth audit: auth.mfa.success"}
{"level":30,"time":"2026-06-24T03:05:46.199Z","service":"@verve/backend","audit":true,"event":"auth.login.success","userId":"bbbbbbbb-bbbb-4bbb-8bbb-bbbbbbbbbbbb","email":"staff@clinic-a.au","clinicId":"11111111-1111-4111-8111-111111111111","ipAddress":"::ffff:127.0.0.1","msg":"Auth audit: auth.login.success"}
{"level":30,"time":"2026-06-24T03:05:46.205Z","service":"@verve/backend","audit":true,"event":"auth.logout","ipAddress":"::ffff:127.0.0.1","msg":"Auth audit: auth.logout"}
{"level":30,"time":"2026-06-24T03:05:46.211Z","service":"@verve/backend","audit":true,"event":"auth.login.mfa_required","userId":"dddddddd-dddd-4ddd-8ddd-dddddddddddd","email":"manager@clinic-a.au","clinicId":"11111111-1111-4111-8111-111111111111","ipAddress":"::ffff:127.0.0.1","msg":"Auth audit: auth.login.mfa_required"}
{"level":30,"time":"2026-06-24T03:05:46.218Z","service":"@verve/backend","audit":true,"event":"auth.mfa.success","userId":"dddddddd-dddd-4ddd-8ddd-dddddddddddd","email":"manager@clinic-a.au","clinicId":"11111111-1111-4111-8111-111111111111","ipAddress":"::ffff:127.0.0.1","msg":"Auth audit: auth.mfa.success"}
{"level":40,"time":"2026-06-24T03:05:46.226Z","service":"@verve/backend","msg":"DATABASE_URL not set ΓÇö using in-memory repositories (state lost on restart)"}
{"level":40,"time":"2026-06-24T03:05:46.233Z","service":"@verve/backend","msg":"DATABASE_URL not set ΓÇö using in-memory repositories (state lost on restart)"}
{"level":40,"time":"2026-06-24T03:05:46.248Z","service":"@verve/backend","msg":"DATABASE_URL not set ΓÇö using in-memory repositories (state lost on restart)"}
{"level":30,"time":"2026-06-24T03:05:46.275Z","service":"@verve/backend","audit":true,"event":"auth.login.mfa_required","userId":"aaaaaaaa-aaaa-4aaa-8aaa-aaaaaaaaaaaa","email":"admin@clinic-a.au","clinicId":"11111111-1111-4111-8111-111111111111","ipAddress":"::ffff:127.0.0.1","msg":"Auth audit: auth.login.mfa_required"}
{"level":30,"time":"2026-06-24T03:05:46.282Z","service":"@verve/backend","audit":true,"event":"auth.mfa.success","userId":"aaaaaaaa-aaaa-4aaa-8aaa-aaaaaaaaaaaa","email":"admin@clinic-a.au","clinicId":"11111111-1111-4111-8111-111111111111","ipAddress":"::ffff:127.0.0.1","msg":"Auth audit: auth.mfa.success"}
{"level":30,"time":"2026-06-24T03:05:46.284Z","service":"@verve/backend","audit":true,"event":"auth.login.mfa_required","userId":"dddddddd-dddd-4ddd-8ddd-dddddddddddd","email":"manager@clinic-a.au","clinicId":"11111111-1111-4111-8111-111111111111","ipAddress":"::ffff:127.0.0.1","msg":"Auth audit: auth.login.mfa_required"}
{"level":30,"time":"2026-06-24T03:05:46.290Z","service":"@verve/backend","audit":true,"event":"auth.mfa.success","userId":"dddddddd-dddd-4ddd-8ddd-dddddddddddd","email":"manager@clinic-a.au","clinicId":"11111111-1111-4111-8111-111111111111","ipAddress":"::ffff:127.0.0.1","msg":"Auth audit: auth.mfa.success"}
{"level":30,"time":"2026-06-24T03:05:46.295Z","service":"@verve/backend","audit":true,"event":"supplier_invoice.uploaded","userId":"dddddddd-dddd-4ddd-8ddd-dddddddddddd","resourceId":"e2f9c27f-7a89-4e71-95b1-f080e59e258c","msg":"Audit: supplier_invoice.uploaded"}
{"level":30,"time":"2026-06-24T03:05:46.298Z","service":"@verve/backend","audit":true,"event":"auth.login.mfa_required","userId":"aaaaaaaa-aaaa-4aaa-8aaa-aaaaaaaaaaaa","email":"admin@clinic-a.au","clinicId":"11111111-1111-4111-8111-111111111111","ipAddress":"::ffff:127.0.0.1","msg":"Auth audit: auth.login.mfa_required"}
{"level":30,"time":"2026-06-24T03:05:46.305Z","service":"@verve/backend","audit":true,"event":"auth.mfa.success","userId":"aaaaaaaa-aaaa-4aaa-8aaa-aaaaaaaaaaaa","email":"admin@clinic-a.au","clinicId":"11111111-1111-4111-8111-111111111111","ipAddress":"::ffff:127.0.0.1","msg":"Auth audit: auth.mfa.success"}
{"level":40,"time":"2026-06-24T03:05:46.308Z","service":"@verve/backend","msg":"DATABASE_URL not set ΓÇö using in-memory repositories (state lost on restart)"}
{"level":40,"time":"2026-06-24T03:05:46.325Z","service":"@verve/backend","msg":"DATABASE_URL not set ΓÇö using in-memory repositories (state lost on restart)"}
{"level":30,"time":"2026-06-24T03:05:46.330Z","service":"@verve/backend","audit":true,"event":"auth.login.mfa_required","userId":"aaaaaaaa-aaaa-4aaa-8aaa-aaaaaaaaaaaa","email":"admin@clinic-a.au","clinicId":"11111111-1111-4111-8111-111111111111","ipAddress":"::ffff:127.0.0.1","msg":"Auth audit: auth.login.mfa_required"}
{"level":30,"time":"2026-06-24T03:05:46.337Z","service":"@verve/backend","audit":true,"event":"auth.mfa.success","userId":"aaaaaaaa-aaaa-4aaa-8aaa-aaaaaaaaaaaa","email":"admin@clinic-a.au","clinicId":"11111111-1111-4111-8111-111111111111","ipAddress":"::ffff:127.0.0.1","msg":"Auth audit: auth.mfa.success"}
{"level":30,"time":"2026-06-24T03:05:46.346Z","service":"@verve/backend","audit":true,"event":"auth.login.mfa_required","userId":"aaaaaaaa-aaaa-4aaa-8aaa-aaaaaaaaaaaa","email":"admin@clinic-a.au","clinicId":"11111111-1111-4111-8111-111111111111","ipAddress":"::ffff:127.0.0.1","msg":"Auth audit: auth.login.mfa_required"}
{"level":40,"time":"2026-06-24T03:05:46.378Z","service":"@verve/backend","msg":"DATABASE_URL not set ΓÇö using in-memory repositories (state lost on restart)"}
{"level":30,"time":"2026-06-24T03:05:46.385Z","service":"@verve/backend","audit":true,"event":"auth.login.mfa_required","userId":"dddddddd-dddd-4ddd-8ddd-dddddddddddd","email":"manager@clinic-a.au","clinicId":"11111111-1111-4111-8111-111111111111","ipAddress":"::ffff:127.0.0.1","msg":"Auth audit: auth.login.mfa_required"}
{"level":40,"time":"2026-06-24T03:05:46.392Z","service":"@verve/backend","msg":"DATABASE_URL not set ΓÇö using in-memory repositories (state lost on restart)"}
{"level":40,"time":"2026-06-24T03:05:46.402Z","service":"@verve/backend","msg":"DATABASE_URL not set ΓÇö using in-memory repositories (state lost on restart)"}
{"level":30,"time":"2026-06-24T03:05:46.403Z","service":"@verve/backend","audit":true,"event":"auth.mfa.success","userId":"dddddddd-dddd-4ddd-8ddd-dddddddddddd","email":"manager@clinic-a.au","clinicId":"11111111-1111-4111-8111-111111111111","ipAddress":"::ffff:127.0.0.1","msg":"Auth audit: auth.mfa.success"}
{"level":30,"time":"2026-06-24T03:05:46.405Z","service":"@verve/backend","audit":true,"event":"auth.login.success","userId":"bbbbbbbb-bbbb-4bbb-8bbb-bbbbbbbbbbbb","email":"staff@clinic-a.au","clinicId":"11111111-1111-4111-8111-111111111111","ipAddress":"::ffff:127.0.0.1","msg":"Auth audit: auth.login.success"}
{"level":30,"time":"2026-06-24T03:05:46.409Z","service":"@verve/backend","audit":true,"event":"auth.logout","ipAddress":"::ffff:127.0.0.1","msg":"Auth audit: auth.logout"}
{"level":30,"time":"2026-06-24T03:05:46.415Z","service":"@verve/backend","audit":true,"event":"auth.refresh.success","userId":"bbbbbbbb-bbbb-4bbb-8bbb-bbbbbbbbbbbb","email":"staff@clinic-a.au","clinicId":"11111111-1111-4111-8111-111111111111","ipAddress":"::ffff:127.0.0.1","msg":"Auth audit: auth.refresh.success"}
{"level":30,"time":"2026-06-24T03:05:46.422Z","service":"@verve/backend","audit":true,"event":"auth.login.mfa_required","userId":"aaaaaaaa-aaaa-4aaa-8aaa-aaaaaaaaaaaa","email":"admin@clinic-a.au","clinicId":"11111111-1111-4111-8111-111111111111","ipAddress":"::ffff:127.0.0.1","msg":"Auth audit: auth.login.mfa_required"}
{"level":30,"time":"2026-06-24T03:05:46.428Z","service":"@verve/backend","audit":true,"event":"auth.mfa.success","userId":"aaaaaaaa-aaaa-4aaa-8aaa-aaaaaaaaaaaa","email":"admin@clinic-a.au","clinicId":"11111111-1111-4111-8111-111111111111","ipAddress":"::ffff:127.0.0.1","msg":"Auth audit: auth.mfa.success"}
{"level":40,"time":"2026-06-24T03:05:46.437Z","service":"@verve/backend","msg":"DATABASE_URL not set ΓÇö using in-memory repositories (state lost on restart)"}
{"level":40,"time":"2026-06-24T03:05:46.440Z","service":"@verve/backend","msg":"DATABASE_URL not set ΓÇö using in-memory repositories (state lost on restart)"}
{"level":30,"time":"2026-06-24T03:05:46.443Z","service":"@verve/backend","audit":true,"event":"auth.unauthorized","reason":"missing_token","ipAddress":"::ffff:127.0.0.1","msg":"Auth audit: auth.unauthorized"}
{"level":30,"time":"2026-06-24T03:05:46.476Z","service":"@verve/backend","audit":true,"event":"auth.login.mfa_required","userId":"aaaaaaaa-aaaa-4aaa-8aaa-aaaaaaaaaaaa","email":"admin@clinic-a.au","clinicId":"11111111-1111-4111-8111-111111111111","ipAddress":"::ffff:127.0.0.1","msg":"Auth audit: auth.login.mfa_required"}
{"level":30,"time":"2026-06-24T03:05:46.482Z","service":"@verve/backend","audit":true,"event":"auth.mfa.success","userId":"aaaaaaaa-aaaa-4aaa-8aaa-aaaaaaaaaaaa","email":"admin@clinic-a.au","clinicId":"11111111-1111-4111-8111-111111111111","ipAddress":"::ffff:127.0.0.1","msg":"Auth audit: auth.mfa.success"}
{"level":30,"time":"2026-06-24T03:05:46.492Z","service":"@verve/backend","audit":true,"event":"auth.login.mfa_required","userId":"dddddddd-dddd-4ddd-8ddd-dddddddddddd","email":"manager@clinic-a.au","clinicId":"11111111-1111-4111-8111-111111111111","ipAddress":"::ffff:127.0.0.1","msg":"Auth audit: auth.login.mfa_required"}
{"level":30,"time":"2026-06-24T03:05:46.498Z","service":"@verve/backend","audit":true,"event":"auth.mfa.success","userId":"dddddddd-dddd-4ddd-8ddd-dddddddddddd","email":"manager@clinic-a.au","clinicId":"11111111-1111-4111-8111-111111111111","ipAddress":"::ffff:127.0.0.1","msg":"Auth audit: auth.mfa.success"}
{"level":30,"time":"2026-06-24T03:05:46.499Z","service":"@verve/backend","audit":true,"event":"auth.login.mfa_required","userId":"aaaaaaaa-aaaa-4aaa-8aaa-aaaaaaaaaaaa","email":"admin@clinic-a.au","clinicId":"11111111-1111-4111-8111-111111111111","ipAddress":"::ffff:127.0.0.1","msg":"Auth audit: auth.login.mfa_required"}
{"level":30,"time":"2026-06-24T03:05:46.506Z","service":"@verve/backend","audit":true,"event":"auth.mfa.success","userId":"aaaaaaaa-aaaa-4aaa-8aaa-aaaaaaaaaaaa","email":"admin@clinic-a.au","clinicId":"11111111-1111-4111-8111-111111111111","ipAddress":"::ffff:127.0.0.1","msg":"Auth audit: auth.mfa.success"}
{"level":40,"time":"2026-06-24T03:05:46.506Z","service":"@verve/backend","msg":"DATABASE_URL not set ΓÇö using in-memory repositories (state lost on restart)"}
{"level":40,"time":"2026-06-24T03:05:46.508Z","service":"@verve/backend","msg":"DATABASE_URL not set ΓÇö using in-memory repositories (state lost on restart)"}
{"level":30,"time":"2026-06-24T03:05:46.517Z","service":"@verve/backend","audit":true,"event":"auth.refresh.failure","reason":"invalid_refresh_token","ipAddress":"::ffff:127.0.0.1","msg":"Auth audit: auth.refresh.failure"}
{"level":40,"time":"2026-06-24T03:05:46.526Z","service":"@verve/backend","msg":"DATABASE_URL not set ΓÇö using in-memory repositories (state lost on restart)"}
{"level":40,"time":"2026-06-24T03:05:46.534Z","service":"@verve/backend","msg":"DATABASE_URL not set ΓÇö using in-memory repositories (state lost on restart)"}
{"level":30,"time":"2026-06-24T03:05:46.543Z","service":"@verve/backend","audit":true,"event":"auth.login.mfa_required","userId":"aaaaaaaa-aaaa-4aaa-8aaa-aaaaaaaaaaaa","email":"admin@clinic-a.au","clinicId":"11111111-1111-4111-8111-111111111111","ipAddress":"::ffff:127.0.0.1","msg":"Auth audit: auth.login.mfa_required"}
{"level":30,"time":"2026-06-24T03:05:46.554Z","service":"@verve/backend","audit":true,"event":"auth.mfa.success","userId":"aaaaaaaa-aaaa-4aaa-8aaa-aaaaaaaaaaaa","email":"admin@clinic-a.au","clinicId":"11111111-1111-4111-8111-111111111111","ipAddress":"::ffff:127.0.0.1","msg":"Auth audit: auth.mfa.success"}
{"level":30,"time":"2026-06-24T03:05:46.557Z","service":"@verve/backend","audit":true,"event":"user.created","userId":"cccccccc-cccc-4ccc-8ccc-cccccccccccc","email":"admin@clinic-b.au","clinicId":"11111111-1111-4111-8111-111111111111","resourceId":"971166f2-14df-4527-841a-1b38a116b400","msg":"Auth audit: user.created"}
{"level":40,"time":"2026-06-24T03:05:46.581Z","service":"@verve/backend","msg":"DATABASE_URL not set ΓÇö using in-memory repositories (state lost on restart)"}
{"level":40,"time":"2026-06-24T03:05:46.602Z","service":"@verve/backend","msg":"DATABASE_URL not set ΓÇö using in-memory repositories (state lost on restart)"}
{"level":40,"time":"2026-06-24T03:05:46.606Z","service":"@verve/backend","msg":"DATABASE_URL not set ΓÇö using in-memory repositories (state lost on restart)"}
{"level":30,"time":"2026-06-24T03:05:46.608Z","service":"@verve/backend","audit":true,"event":"auth.login.mfa_required","userId":"dddddddd-dddd-4ddd-8ddd-dddddddddddd","email":"manager@clinic-a.au","clinicId":"11111111-1111-4111-8111-111111111111","ipAddress":"::ffff:127.0.0.1","msg":"Auth audit: auth.login.mfa_required"}
{"level":40,"time":"2026-06-24T03:05:46.612Z","service":"@verve/backend","msg":"DATABASE_URL not set ΓÇö using in-memory repositories (state lost on restart)"}
{"level":30,"time":"2026-06-24T03:05:46.615Z","service":"@verve/backend","audit":true,"event":"auth.mfa.success","userId":"dddddddd-dddd-4ddd-8ddd-dddddddddddd","email":"manager@clinic-a.au","clinicId":"11111111-1111-4111-8111-111111111111","ipAddress":"::ffff:127.0.0.1","msg":"Auth audit: auth.mfa.success"}
{"level":30,"time":"2026-06-24T03:05:46.620Z","service":"@verve/backend","audit":true,"event":"auth.refresh.failure","reason":"invalid_refresh_token","ipAddress":"::ffff:127.0.0.1","msg":"Auth audit: auth.refresh.failure"}
{"level":30,"time":"2026-06-24T03:05:46.622Z","service":"@verve/backend","audit":true,"event":"auth.login.mfa_required","userId":"cccccccc-cccc-4ccc-8ccc-cccccccccccc","email":"admin@clinic-b.au","clinicId":"22222222-2222-4222-8222-222222222222","ipAddress":"::ffff:127.0.0.1","msg":"Auth audit: auth.login.mfa_required"}
{"level":30,"time":"2026-06-24T03:05:46.621Z","service":"@verve/backend","audit":true,"event":"supplier.created","userId":"dddddddd-dddd-4ddd-8ddd-dddddddddddd","resourceId":"50fb8346-1c34-49a1-980e-5b3acc708eed","msg":"Audit: supplier.created"}
{"level":30,"time":"2026-06-24T03:05:46.626Z","service":"@verve/backend","audit":true,"event":"supplier.created","userId":"dddddddd-dddd-4ddd-8ddd-dddddddddddd","resourceId":"e5fef1f4-09bf-4c50-abc1-7e19390a708f","msg":"Audit: supplier.created"}
{"level":30,"time":"2026-06-24T03:05:46.629Z","service":"@verve/backend","audit":true,"event":"auth.mfa.success","userId":"cccccccc-cccc-4ccc-8ccc-cccccccccccc","email":"admin@clinic-b.au","clinicId":"22222222-2222-4222-8222-222222222222","ipAddress":"::ffff:127.0.0.1","msg":"Auth audit: auth.mfa.success"}
{"level":30,"time":"2026-06-24T03:05:46.631Z","service":"@verve/backend","audit":true,"event":"auth.login.mfa_required","userId":"dddddddd-dddd-4ddd-8ddd-dddddddddddd","email":"manager@clinic-a.au","clinicId":"11111111-1111-4111-8111-111111111111","ipAddress":"::ffff:127.0.0.1","msg":"Auth audit: auth.login.mfa_required"}
{"level":30,"time":"2026-06-24T03:05:46.632Z","service":"@verve/backend","audit":true,"event":"supplier.updated","userId":"dddddddd-dddd-4ddd-8ddd-dddddddddddd","resourceId":"e5fef1f4-09bf-4c50-abc1-7e19390a708f","msg":"Audit: supplier.updated"}
{"level":30,"time":"2026-06-24T03:05:46.638Z","service":"@verve/backend","audit":true,"event":"auth.mfa.success","userId":"dddddddd-dddd-4ddd-8ddd-dddddddddddd","email":"manager@clinic-a.au","clinicId":"11111111-1111-4111-8111-111111111111","ipAddress":"::ffff:127.0.0.1","msg":"Auth audit: auth.mfa.success"}
{"level":40,"time":"2026-06-24T03:05:46.647Z","service":"@verve/backend","msg":"DATABASE_URL not set ΓÇö using in-memory repositories (state lost on restart)"}
{"level":30,"time":"2026-06-24T03:05:46.649Z","service":"@verve/backend","audit":true,"event":"purchase_order.submitted","userId":"dddddddd-dddd-4ddd-8ddd-dddddddddddd","clinicId":"11111111-1111-4111-8111-111111111111","resourceId":"b0d201e5-dfac-4575-b3cd-73db62e72938","msg":"Audit: purchase_order.submitted"}
{"level":40,"time":"2026-06-24T03:05:46.652Z","service":"@verve/backend","msg":"DATABASE_URL not set ΓÇö using in-memory repositories (state lost on restart)"}
{"level":30,"time":"2026-06-24T03:05:46.678Z","service":"@verve/backend","audit":true,"event":"auth.login.mfa_required","userId":"aaaaaaaa-aaaa-4aaa-8aaa-aaaaaaaaaaaa","email":"admin@clinic-a.au","clinicId":"11111111-1111-4111-8111-111111111111","ipAddress":"::ffff:127.0.0.1","msg":"Auth audit: auth.login.mfa_required"}
{"level":30,"time":"2026-06-24T03:05:46.684Z","service":"@verve/backend","audit":true,"event":"auth.mfa.success","userId":"aaaaaaaa-aaaa-4aaa-8aaa-aaaaaaaaaaaa","email":"admin@clinic-a.au","clinicId":"11111111-1111-4111-8111-111111111111","ipAddress":"::ffff:127.0.0.1","msg":"Auth audit: auth.mfa.success"}
{"level":30,"time":"2026-06-24T03:05:46.691Z","service":"@verve/backend","audit":true,"event":"auth.login.mfa_required","userId":"dddddddd-dddd-4ddd-8ddd-dddddddddddd","email":"manager@clinic-a.au","clinicId":"11111111-1111-4111-8111-111111111111","ipAddress":"::ffff:127.0.0.1","msg":"Auth audit: auth.login.mfa_required"}
{"level":30,"time":"2026-06-24T03:05:46.697Z","service":"@verve/backend","audit":true,"event":"auth.mfa.success","userId":"dddddddd-dddd-4ddd-8ddd-dddddddddddd","email":"manager@clinic-a.au","clinicId":"11111111-1111-4111-8111-111111111111","ipAddress":"::ffff:127.0.0.1","msg":"Auth audit: auth.mfa.success"}
{"level":30,"time":"2026-06-24T03:05:46.699Z","service":"@verve/backend","audit":true,"event":"auth.login.mfa_required","userId":"aaaaaaaa-aaaa-4aaa-8aaa-aaaaaaaaaaaa","email":"admin@clinic-a.au","clinicId":"11111111-1111-4111-8111-111111111111","ipAddress":"::ffff:127.0.0.1","msg":"Auth audit: auth.login.mfa_required"}
{"level":30,"time":"2026-06-24T03:05:46.702Z","service":"@verve/backend","audit":true,"event":"supplier_invoice.uploaded","userId":"dddddddd-dddd-4ddd-8ddd-dddddddddddd","resourceId":"6d803bea-8e81-4d71-b3d0-01bde30ca904","msg":"Audit: supplier_invoice.uploaded"}
{"level":30,"time":"2026-06-24T03:05:46.705Z","service":"@verve/backend","audit":true,"event":"auth.mfa.success","userId":"aaaaaaaa-aaaa-4aaa-8aaa-aaaaaaaaaaaa","email":"admin@clinic-a.au","clinicId":"11111111-1111-4111-8111-111111111111","ipAddress":"::ffff:127.0.0.1","msg":"Auth audit: auth.mfa.success"}
{"level":30,"time":"2026-06-24T03:05:46.709Z","service":"@verve/backend","audit":true,"event":"user.permission.granted","userId":"aaaaaaaa-aaaa-4aaa-8aaa-aaaaaaaaaaaa","email":"admin@clinic-a.au","clinicId":"11111111-1111-4111-8111-111111111111","resourceId":"bbbbbbbb-bbbb-4bbb-8bbb-bbbbbbbbbbbb","role":"owner_admin","msg":"Audit: user.permission.granted"}
{"level":30,"time":"2026-06-24T03:05:46.707Z","service":"@verve/backend","audit":true,"event":"supplier_invoice.uploaded","userId":"dddddddd-dddd-4ddd-8ddd-dddddddddddd","resourceId":"2051e066-a8ba-423d-875f-4fa8407b6caf","msg":"Audit: supplier_invoice.uploaded"}
{"level":40,"time":"2026-06-24T03:05:46.710Z","service":"@verve/backend","msg":"DATABASE_URL not set ΓÇö using in-memory repositories (state lost on restart)"}
{"level":30,"time":"2026-06-24T03:05:46.712Z","service":"@verve/backend","audit":true,"event":"user.permission.granted","userId":"aaaaaaaa-aaaa-4aaa-8aaa-aaaaaaaaaaaa","email":"admin@clinic-a.au","clinicId":"11111111-1111-4111-8111-111111111111","resourceId":"bbbbbbbb-bbbb-4bbb-8bbb-bbbbbbbbbbbb","role":"owner_admin","msg":"Audit: user.permission.granted"}
{"level":40,"time":"2026-06-24T03:05:46.724Z","service":"@verve/backend","msg":"DATABASE_URL not set ΓÇö using in-memory repositories (state lost on restart)"}
{"level":40,"time":"2026-06-24T03:05:46.727Z","service":"@verve/backend","msg":"DATABASE_URL not set ΓÇö using in-memory repositories (state lost on restart)"}
{"level":30,"time":"2026-06-24T03:05:46.735Z","service":"@verve/backend","audit":true,"event":"auth.unauthorized","reason":"missing_token","ipAddress":"::ffff:127.0.0.1","msg":"Auth audit: auth.unauthorized"}
{"level":40,"time":"2026-06-24T03:05:46.741Z","service":"@verve/backend","msg":"DATABASE_URL not set ΓÇö using in-memory repositories (state lost on restart)"}
{"level":30,"time":"2026-06-24T03:05:46.741Z","service":"@verve/backend","audit":true,"event":"auth.login.mfa_required","userId":"dddddddd-dddd-4ddd-8ddd-dddddddddddd","email":"manager@clinic-a.au","clinicId":"11111111-1111-4111-8111-111111111111","ipAddress":"::ffff:127.0.0.1","msg":"Auth audit: auth.login.mfa_required"}
{"level":30,"time":"2026-06-24T03:05:46.746Z","service":"@verve/backend","audit":true,"event":"auth.login.mfa_required","userId":"cccccccc-cccc-4ccc-8ccc-cccccccccccc","email":"admin@clinic-b.au","clinicId":"22222222-2222-4222-8222-222222222222","ipAddress":"::ffff:127.0.0.1","msg":"Auth audit: auth.login.mfa_required"}
{"level":30,"time":"2026-06-24T03:05:46.753Z","service":"@verve/backend","audit":true,"event":"auth.mfa.success","userId":"cccccccc-cccc-4ccc-8ccc-cccccccccccc","email":"admin@clinic-b.au","clinicId":"22222222-2222-4222-8222-222222222222","ipAddress":"::ffff:127.0.0.1","msg":"Auth audit: auth.mfa.success"}
{"level":40,"time":"2026-06-24T03:05:46.778Z","service":"@verve/backend","msg":"DATABASE_URL not set ΓÇö using in-memory repositories (state lost on restart)"}
{"level":40,"time":"2026-06-24T03:05:46.803Z","service":"@verve/backend","msg":"DATABASE_URL not set ΓÇö using in-memory repositories (state lost on restart)"}
{"level":40,"time":"2026-06-24T03:05:46.802Z","service":"@verve/backend","msg":"DATABASE_URL not set ΓÇö using in-memory repositories (state lost on restart)"}
{"level":30,"time":"2026-06-24T03:05:46.805Z","service":"@verve/backend","audit":true,"event":"auth.login.success","userId":"bbbbbbbb-bbbb-4bbb-8bbb-bbbbbbbbbbbb","email":"staff@clinic-a.au","clinicId":"11111111-1111-4111-8111-111111111111","ipAddress":"::ffff:127.0.0.1","msg":"Auth audit: auth.login.success"}
{"level":30,"time":"2026-06-24T03:05:46.819Z","service":"@verve/backend","audit":true,"event":"auth.login.mfa_required","userId":"cccccccc-cccc-4ccc-8ccc-cccccccccccc","email":"admin@clinic-b.au","clinicId":"22222222-2222-4222-8222-222222222222","ipAddress":"::ffff:127.0.0.1","msg":"Auth audit: auth.login.mfa_required"}
{"level":30,"time":"2026-06-24T03:05:46.826Z","service":"@verve/backend","audit":true,"event":"auth.mfa.success","userId":"cccccccc-cccc-4ccc-8ccc-cccccccccccc","email":"admin@clinic-b.au","clinicId":"22222222-2222-4222-8222-222222222222","ipAddress":"::ffff:127.0.0.1","msg":"Auth audit: auth.mfa.success"}
{"level":40,"time":"2026-06-24T03:05:46.826Z","service":"@verve/backend","msg":"DATABASE_URL not set ΓÇö using in-memory repositories (state lost on restart)"}
{"level":40,"time":"2026-06-24T03:05:46.834Z","service":"@verve/backend","msg":"DATABASE_URL not set ΓÇö using in-memory repositories (state lost on restart)"}
{"level":30,"time":"2026-06-24T03:05:46.835Z","service":"@verve/backend","audit":true,"event":"auth.login.mfa_required","userId":"dddddddd-dddd-4ddd-8ddd-dddddddddddd","email":"manager@clinic-a.au","clinicId":"11111111-1111-4111-8111-111111111111","ipAddress":"::ffff:127.0.0.1","msg":"Auth audit: auth.login.mfa_required"}
{"level":30,"time":"2026-06-24T03:05:46.841Z","service":"@verve/backend","audit":true,"event":"auth.mfa.success","userId":"dddddddd-dddd-4ddd-8ddd-dddddddddddd","email":"manager@clinic-a.au","clinicId":"11111111-1111-4111-8111-111111111111","ipAddress":"::ffff:127.0.0.1","msg":"Auth audit: auth.mfa.success"}
{"level":30,"time":"2026-06-24T03:05:46.849Z","service":"@verve/backend","audit":true,"event":"purchase_order.submitted","userId":"dddddddd-dddd-4ddd-8ddd-dddddddddddd","clinicId":"11111111-1111-4111-8111-111111111111","resourceId":"ca8e01db-17cc-469b-a449-adc047fb83c0","msg":"Audit: purchase_order.submitted"}
{"level":30,"time":"2026-06-24T03:05:46.870Z","service":"@verve/backend","audit":true,"event":"auth.login.mfa_required","userId":"aaaaaaaa-aaaa-4aaa-8aaa-aaaaaaaaaaaa","email":"admin@clinic-a.au","clinicId":"11111111-1111-4111-8111-111111111111","ipAddress":"::ffff:127.0.0.1","msg":"Auth audit: auth.login.mfa_required"}
{"level":30,"time":"2026-06-24T03:05:46.876Z","service":"@verve/backend","audit":true,"event":"auth.mfa.success","userId":"aaaaaaaa-aaaa-4aaa-8aaa-aaaaaaaaaaaa","email":"admin@clinic-a.au","clinicId":"11111111-1111-4111-8111-111111111111","ipAddress":"::ffff:127.0.0.1","msg":"Auth audit: auth.mfa.success"}
{"level":30,"time":"2026-06-24T03:05:46.894Z","service":"@verve/backend","audit":true,"event":"auth.login.success","userId":"bbbbbbbb-bbbb-4bbb-8bbb-bbbbbbbbbbbb","email":"staff@clinic-a.au","clinicId":"11111111-1111-4111-8111-111111111111","ipAddress":"::ffff:127.0.0.1","msg":"Auth audit: auth.login.success"}
{"level":30,"time":"2026-06-24T03:05:46.895Z","service":"@verve/backend","audit":true,"event":"auth.login.mfa_required","userId":"dddddddd-dddd-4ddd-8ddd-dddddddddddd","email":"manager@clinic-a.au","clinicId":"11111111-1111-4111-8111-111111111111","ipAddress":"::ffff:127.0.0.1","msg":"Auth audit: auth.login.mfa_required"}
{"level":30,"time":"2026-06-24T03:05:46.898Z","service":"@verve/backend","audit":true,"event":"auth.login.mfa_required","userId":"aaaaaaaa-aaaa-4aaa-8aaa-aaaaaaaaaaaa","email":"admin@clinic-a.au","clinicId":"11111111-1111-4111-8111-111111111111","ipAddress":"::ffff:127.0.0.1","msg":"Auth audit: auth.login.mfa_required"}
{"level":30,"time":"2026-06-24T03:05:46.899Z","service":"@verve/backend","audit":true,"event":"auth.logout","ipAddress":"::ffff:127.0.0.1","msg":"Auth audit: auth.logout"}
{"level":30,"time":"2026-06-24T03:05:46.902Z","service":"@verve/backend","audit":true,"event":"auth.mfa.success","userId":"dddddddd-dddd-4ddd-8ddd-dddddddddddd","email":"manager@clinic-a.au","clinicId":"11111111-1111-4111-8111-111111111111","ipAddress":"::ffff:127.0.0.1","msg":"Auth audit: auth.mfa.success"}
{"level":30,"time":"2026-06-24T03:05:46.904Z","service":"@verve/backend","audit":true,"event":"auth.mfa.success","userId":"aaaaaaaa-aaaa-4aaa-8aaa-aaaaaaaaaaaa","email":"admin@clinic-a.au","clinicId":"11111111-1111-4111-8111-111111111111","ipAddress":"::ffff:127.0.0.1","msg":"Auth audit: auth.mfa.success"}
{"level":30,"time":"2026-06-24T03:05:46.909Z","service":"@verve/backend","audit":true,"event":"supplier_invoice.uploaded","userId":"dddddddd-dddd-4ddd-8ddd-dddddddddddd","resourceId":"aec1f7d1-2317-4797-b584-d00c1ab434a0","msg":"Audit: supplier_invoice.uploaded"}
{"level":30,"time":"2026-06-24T03:05:46.909Z","service":"@verve/backend","audit":true,"event":"auth.refresh.success","userId":"bbbbbbbb-bbbb-4bbb-8bbb-bbbbbbbbbbbb","email":"staff@clinic-a.au","clinicId":"11111111-1111-4111-8111-111111111111","ipAddress":"::ffff:127.0.0.1","msg":"Auth audit: auth.refresh.success"}
{"level":40,"time":"2026-06-24T03:05:46.920Z","service":"@verve/backend","msg":"DATABASE_URL not set ΓÇö using in-memory repositories (state lost on restart)"}
{"level":30,"time":"2026-06-24T03:05:46.920Z","service":"@verve/backend","audit":true,"event":"auth.login.mfa_required","userId":"dddddddd-dddd-4ddd-8ddd-dddddddddddd","email":"manager@clinic-a.au","clinicId":"11111111-1111-4111-8111-111111111111","ipAddress":"::ffff:127.0.0.1","msg":"Auth audit: auth.login.mfa_required"}
{"level":30,"time":"2026-06-24T03:05:46.926Z","service":"@verve/backend","audit":true,"event":"auth.mfa.success","userId":"dddddddd-dddd-4ddd-8ddd-dddddddddddd","email":"manager@clinic-a.au","clinicId":"11111111-1111-4111-8111-111111111111","ipAddress":"::ffff:127.0.0.1","msg":"Auth audit: auth.mfa.success"}
{"level":30,"time":"2026-06-24T03:05:46.928Z","service":"@verve/backend","audit":true,"event":"auth.login.success","userId":"bbbbbbbb-bbbb-4bbb-8bbb-bbbbbbbbbbbb","email":"staff@clinic-a.au","clinicId":"11111111-1111-4111-8111-111111111111","ipAddress":"::ffff:127.0.0.1","msg":"Auth audit: auth.login.success"}
{"level":30,"time":"2026-06-24T03:05:46.931Z","service":"@verve/backend","audit":true,"event":"supplier.created","userId":"dddddddd-dddd-4ddd-8ddd-dddddddddddd","resourceId":"b372eba6-85b0-4cdc-bc0a-318e6d753959","msg":"Audit: supplier.created"}
{"level":40,"time":"2026-06-24T03:05:46.941Z","service":"@verve/backend","msg":"DATABASE_URL not set ΓÇö using in-memory repositories (state lost on restart)"}
{"level":40,"time":"2026-06-24T03:05:46.967Z","service":"@verve/backend","msg":"DATABASE_URL not set ΓÇö using in-memory repositories (state lost on restart)"}
{"level":40,"time":"2026-06-24T03:05:46.999Z","service":"@verve/backend","msg":"DATABASE_URL not set ΓÇö using in-memory repositories (state lost on restart)"}
{"level":40,"time":"2026-06-24T03:05:47.001Z","service":"@verve/backend","msg":"DATABASE_URL not set ΓÇö using in-memory repositories (state lost on restart)"}
{"level":40,"time":"2026-06-24T03:05:47.001Z","service":"@verve/backend","msg":"DATABASE_URL not set ΓÇö using in-memory repositories (state lost on restart)"}
{"level":30,"time":"2026-06-24T03:05:47.013Z","service":"@verve/backend","audit":true,"event":"auth.login.mfa_required","userId":"dddddddd-dddd-4ddd-8ddd-dddddddddddd","email":"manager@clinic-a.au","clinicId":"11111111-1111-4111-8111-111111111111","ipAddress":"::ffff:127.0.0.1","msg":"Auth audit: auth.login.mfa_required"}
{"level":30,"time":"2026-06-24T03:05:47.020Z","service":"@verve/backend","audit":true,"event":"auth.mfa.success","userId":"dddddddd-dddd-4ddd-8ddd-dddddddddddd","email":"manager@clinic-a.au","clinicId":"11111111-1111-4111-8111-111111111111","ipAddress":"::ffff:127.0.0.1","msg":"Auth audit: auth.mfa.success"}
{"level":40,"time":"2026-06-24T03:05:47.019Z","service":"@verve/backend","msg":"DATABASE_URL not set ΓÇö using in-memory repositories (state lost on restart)"}
{"level":40,"time":"2026-06-24T03:05:47.023Z","service":"@verve/backend","msg":"DATABASE_URL not set ΓÇö using in-memory repositories (state lost on restart)"}
{"level":30,"time":"2026-06-24T03:05:47.037Z","service":"@verve/backend","audit":true,"event":"auth.login.mfa_required","userId":"dddddddd-dddd-4ddd-8ddd-dddddddddddd","email":"manager@clinic-a.au","clinicId":"11111111-1111-4111-8111-111111111111","ipAddress":"::ffff:127.0.0.1","msg":"Auth audit: auth.login.mfa_required"}
{"level":30,"time":"2026-06-24T03:05:47.043Z","service":"@verve/backend","audit":true,"event":"auth.mfa.success","userId":"dddddddd-dddd-4ddd-8ddd-dddddddddddd","email":"manager@clinic-a.au","clinicId":"11111111-1111-4111-8111-111111111111","ipAddress":"::ffff:127.0.0.1","msg":"Auth audit: auth.mfa.success"}
{"level":30,"time":"2026-06-24T03:05:47.050Z","service":"@verve/backend","audit":true,"event":"purchase_order.submitted","userId":"dddddddd-dddd-4ddd-8ddd-dddddddddddd","clinicId":"11111111-1111-4111-8111-111111111111","resourceId":"b9e1babd-ba1f-4bf9-8cca-51e39a7c4dd5","msg":"Audit: purchase_order.submitted"}
{"level":30,"time":"2026-06-24T03:05:47.062Z","service":"@verve/backend","audit":true,"event":"auth.login.mfa_required","userId":"aaaaaaaa-aaaa-4aaa-8aaa-aaaaaaaaaaaa","email":"admin@clinic-a.au","clinicId":"11111111-1111-4111-8111-111111111111","ipAddress":"::ffff:127.0.0.1","msg":"Auth audit: auth.login.mfa_required"}
{"level":30,"time":"2026-06-24T03:05:47.068Z","service":"@verve/backend","audit":true,"event":"auth.mfa.success","userId":"aaaaaaaa-aaaa-4aaa-8aaa-aaaaaaaaaaaa","email":"admin@clinic-a.au","clinicId":"11111111-1111-4111-8111-111111111111","ipAddress":"::ffff:127.0.0.1","msg":"Auth audit: auth.mfa.success"}
{"level":30,"time":"2026-06-24T03:05:47.099Z","service":"@verve/backend","audit":true,"event":"auth.login.mfa_required","userId":"dddddddd-dddd-4ddd-8ddd-dddddddddddd","email":"manager@clinic-a.au","clinicId":"11111111-1111-4111-8111-111111111111","ipAddress":"::ffff:127.0.0.1","msg":"Auth audit: auth.login.mfa_required"}
{"level":30,"time":"2026-06-24T03:05:47.099Z","service":"@verve/backend","audit":true,"event":"auth.login.success","userId":"bbbbbbbb-bbbb-4bbb-8bbb-bbbbbbbbbbbb","email":"staff@clinic-a.au","clinicId":"11111111-1111-4111-8111-111111111111","ipAddress":"::ffff:127.0.0.1","msg":"Auth audit: auth.login.success"}
{"level":30,"time":"2026-06-24T03:05:47.101Z","service":"@verve/backend","audit":true,"event":"auth.login.mfa_required","userId":"aaaaaaaa-aaaa-4aaa-8aaa-aaaaaaaaaaaa","email":"admin@clinic-a.au","clinicId":"11111111-1111-4111-8111-111111111111","ipAddress":"::ffff:127.0.0.1","msg":"Auth audit: auth.login.mfa_required"}
{"level":30,"time":"2026-06-24T03:05:47.104Z","service":"@verve/backend","audit":true,"event":"user.created","userId":"cccccccc-cccc-4ccc-8ccc-cccccccccccc","email":"admin@clinic-b.au","clinicId":"11111111-1111-4111-8111-111111111111","resourceId":"d444a292-ee40-45ae-be89-3b43db8e1b80","msg":"Auth audit: user.created"}
{"level":30,"time":"2026-06-24T03:05:47.106Z","service":"@verve/backend","audit":true,"event":"auth.mfa.success","userId":"dddddddd-dddd-4ddd-8ddd-dddddddddddd","email":"manager@clinic-a.au","clinicId":"11111111-1111-4111-8111-111111111111","ipAddress":"::ffff:127.0.0.1","msg":"Auth audit: auth.mfa.success"}
{"level":30,"time":"2026-06-24T03:05:47.108Z","service":"@verve/backend","audit":true,"event":"auth.mfa.success","userId":"aaaaaaaa-aaaa-4aaa-8aaa-aaaaaaaaaaaa","email":"admin@clinic-a.au","clinicId":"11111111-1111-4111-8111-111111111111","ipAddress":"::ffff:127.0.0.1","msg":"Auth audit: auth.mfa.success"}
{"level":30,"time":"2026-06-24T03:05:47.111Z","service":"@verve/backend","audit":true,"event":"user.permission.granted","userId":"aaaaaaaa-aaaa-4aaa-8aaa-aaaaaaaaaaaa","email":"admin@clinic-a.au","clinicId":"11111111-1111-4111-8111-111111111111","resourceId":"bbbbbbbb-bbbb-4bbb-8bbb-bbbbbbbbbbbb","role":"owner_admin","msg":"Audit: user.permission.granted"}
{"level":30,"time":"2026-06-24T03:05:47.114Z","service":"@verve/backend","audit":true,"event":"auth.login.mfa_enrollment_required","userId":"eeeeeeee-eeee-4eee-8eee-eeeeeeeeeeee","email":"admin-nomfa@clinic-a.au","clinicId":"11111111-1111-4111-8111-111111111111","role":"owner_admin","ipAddress":"::ffff:127.0.0.1","msg":"Auth audit: auth.login.mfa_enrollment_required"}
{"level":40,"time":"2026-06-24T03:05:47.118Z","service":"@verve/backend","msg":"DATABASE_URL not set ΓÇö using in-memory repositories (state lost on restart)"}
{"level":30,"time":"2026-06-24T03:05:47.121Z","service":"@verve/backend","audit":true,"event":"auth.login.mfa_required","userId":"dddddddd-dddd-4ddd-8ddd-dddddddddddd","email":"manager@clinic-a.au","clinicId":"11111111-1111-4111-8111-111111111111","ipAddress":"::ffff:127.0.0.1","msg":"Auth audit: auth.login.mfa_required"}
{"level":30,"time":"2026-06-24T03:05:47.122Z","service":"@verve/backend","audit":true,"event":"auth.mfa.setup_initiated","userId":"eeeeeeee-eeee-4eee-8eee-eeeeeeeeeeee","email":"admin-nomfa@clinic-a.au","clinicId":"11111111-1111-4111-8111-111111111111","ipAddress":"::ffff:127.0.0.1","msg":"Auth audit: auth.mfa.setup_initiated"}
{"level":30,"time":"2026-06-24T03:05:47.128Z","service":"@verve/backend","audit":true,"event":"auth.mfa.success","userId":"dddddddd-dddd-4ddd-8ddd-dddddddddddd","email":"manager@clinic-a.au","clinicId":"11111111-1111-4111-8111-111111111111","ipAddress":"::ffff:127.0.0.1","msg":"Auth audit: auth.mfa.success"}
{"level":30,"time":"2026-06-24T03:05:47.134Z","service":"@verve/backend","audit":true,"event":"supplier.created","userId":"dddddddd-dddd-4ddd-8ddd-dddddddddddd","resourceId":"920aabca-2963-4938-9d06-d1e36a4c7c6b","msg":"Audit: supplier.created"}
{"level":40,"time":"2026-06-24T03:05:47.147Z","service":"@verve/backend","msg":"DATABASE_URL not set ΓÇö using in-memory repositories (state lost on restart)"}
{"level":40,"time":"2026-06-24T03:05:47.167Z","service":"@verve/backend","msg":"DATABASE_URL not set ΓÇö using in-memory repositories (state lost on restart)"}
{"level":30,"time":"2026-06-24T03:05:47.193Z","service":"@verve/backend","audit":true,"event":"auth.login.success","userId":"bbbbbbbb-bbbb-4bbb-8bbb-bbbbbbbbbbbb","email":"staff@clinic-a.au","clinicId":"11111111-1111-4111-8111-111111111111","ipAddress":"::ffff:127.0.0.1","msg":"Auth audit: auth.login.success"}
{"level":40,"time":"2026-06-24T03:05:47.197Z","service":"@verve/backend","msg":"DATABASE_URL not set ΓÇö using in-memory repositories (state lost on restart)"}
{"level":40,"time":"2026-06-24T03:05:47.202Z","service":"@verve/backend","msg":"DATABASE_URL not set ΓÇö using in-memory repositories (state lost on restart)"}
{"level":40,"time":"2026-06-24T03:05:47.205Z","service":"@verve/backend","msg":"DATABASE_URL not set ΓÇö using in-memory repositories (state lost on restart)"}
{"level":30,"time":"2026-06-24T03:05:47.213Z","service":"@verve/backend","audit":true,"event":"auth.login.mfa_required","userId":"dddddddd-dddd-4ddd-8ddd-dddddddddddd","email":"manager@clinic-a.au","clinicId":"11111111-1111-4111-8111-111111111111","ipAddress":"::ffff:127.0.0.1","msg":"Auth audit: auth.login.mfa_required"}
{"level":40,"time":"2026-06-24T03:05:47.213Z","service":"@verve/backend","msg":"DATABASE_URL not set ΓÇö using in-memory repositories (state lost on restart)"}
{"level":30,"time":"2026-06-24T03:05:47.218Z","service":"@verve/backend","audit":true,"event":"auth.mfa.success","userId":"dddddddd-dddd-4ddd-8ddd-dddddddddddd","email":"manager@clinic-a.au","clinicId":"11111111-1111-4111-8111-111111111111","ipAddress":"::ffff:127.0.0.1","msg":"Auth audit: auth.mfa.success"}
{"level":40,"time":"2026-06-24T03:05:47.224Z","service":"@verve/backend","msg":"DATABASE_URL not set ΓÇö using in-memory repositories (state lost on restart)"}
{"level":30,"time":"2026-06-24T03:05:47.242Z","service":"@verve/backend","audit":true,"event":"auth.login.mfa_required","userId":"dddddddd-dddd-4ddd-8ddd-dddddddddddd","email":"manager@clinic-a.au","clinicId":"11111111-1111-4111-8111-111111111111","ipAddress":"::ffff:127.0.0.1","msg":"Auth audit: auth.login.mfa_required"}
{"level":30,"time":"2026-06-24T03:05:47.248Z","service":"@verve/backend","audit":true,"event":"auth.mfa.success","userId":"dddddddd-dddd-4ddd-8ddd-dddddddddddd","email":"manager@clinic-a.au","clinicId":"11111111-1111-4111-8111-111111111111","ipAddress":"::ffff:127.0.0.1","msg":"Auth audit: auth.mfa.success"}
{"level":30,"time":"2026-06-24T03:05:47.260Z","service":"@verve/backend","audit":true,"event":"auth.login.mfa_required","userId":"aaaaaaaa-aaaa-4aaa-8aaa-aaaaaaaaaaaa","email":"admin@clinic-a.au","clinicId":"11111111-1111-4111-8111-111111111111","ipAddress":"::ffff:127.0.0.1","msg":"Auth audit: auth.login.mfa_required"}
{"level":30,"time":"2026-06-24T03:05:47.266Z","service":"@verve/backend","audit":true,"event":"auth.mfa.success","userId":"aaaaaaaa-aaaa-4aaa-8aaa-aaaaaaaaaaaa","email":"admin@clinic-a.au","clinicId":"11111111-1111-4111-8111-111111111111","ipAddress":"::ffff:127.0.0.1","msg":"Auth audit: auth.mfa.success"}
{"level":30,"time":"2026-06-24T03:05:47.288Z","service":"@verve/backend","audit":true,"event":"auth.login.mfa_required","userId":"cccccccc-cccc-4ccc-8ccc-cccccccccccc","email":"admin@clinic-b.au","clinicId":"22222222-2222-4222-8222-222222222222","ipAddress":"::ffff:127.0.0.1","msg":"Auth audit: auth.login.mfa_required"}
{"level":30,"time":"2026-06-24T03:05:47.293Z","service":"@verve/backend","audit":true,"event":"auth.login.mfa_required","userId":"dddddddd-dddd-4ddd-8ddd-dddddddddddd","email":"manager@clinic-a.au","clinicId":"11111111-1111-4111-8111-111111111111","ipAddress":"::ffff:127.0.0.1","msg":"Auth audit: auth.login.mfa_required"}
{"level":30,"time":"2026-06-24T03:05:47.294Z","service":"@verve/backend","audit":true,"event":"auth.mfa.success","userId":"cccccccc-cccc-4ccc-8ccc-cccccccccccc","email":"admin@clinic-b.au","clinicId":"22222222-2222-4222-8222-222222222222","ipAddress":"::ffff:127.0.0.1","msg":"Auth audit: auth.mfa.success"}
{"level":30,"time":"2026-06-24T03:05:47.295Z","service":"@verve/backend","audit":true,"event":"auth.login.mfa_required","userId":"aaaaaaaa-aaaa-4aaa-8aaa-aaaaaaaaaaaa","email":"admin@clinic-a.au","clinicId":"11111111-1111-4111-8111-111111111111","ipAddress":"::ffff:127.0.0.1","msg":"Auth audit: auth.login.mfa_required"}
{"level":30,"time":"2026-06-24T03:05:47.298Z","service":"@verve/backend","audit":true,"event":"auth.mfa.success","userId":"dddddddd-dddd-4ddd-8ddd-dddddddddddd","email":"manager@clinic-a.au","clinicId":"11111111-1111-4111-8111-111111111111","ipAddress":"::ffff:127.0.0.1","msg":"Auth audit: auth.mfa.success"}
{"level":30,"time":"2026-06-24T03:05:47.301Z","service":"@verve/backend","audit":true,"event":"auth.mfa.success","userId":"aaaaaaaa-aaaa-4aaa-8aaa-aaaaaaaaaaaa","email":"admin@clinic-a.au","clinicId":"11111111-1111-4111-8111-111111111111","ipAddress":"::ffff:127.0.0.1","msg":"Auth audit: auth.mfa.success"}
{"level":30,"time":"2026-06-24T03:05:47.302Z","service":"@verve/backend","audit":true,"event":"supplier_invoice.uploaded","userId":"dddddddd-dddd-4ddd-8ddd-dddddddddddd","resourceId":"9eb720d4-9bd8-47e8-b3ea-584445a28333","msg":"Audit: supplier_invoice.uploaded"}
{"level":30,"time":"2026-06-24T03:05:47.303Z","service":"@verve/backend","audit":true,"event":"auth.login.mfa_enrollment_required","userId":"eeeeeeee-eeee-4eee-8eee-eeeeeeeeeeee","email":"admin-nomfa@clinic-a.au","clinicId":"11111111-1111-4111-8111-111111111111","role":"owner_admin","ipAddress":"::ffff:127.0.0.1","msg":"Auth audit: auth.login.mfa_enrollment_required"}
{"level":30,"time":"2026-06-24T03:05:47.306Z","service":"@verve/backend","audit":true,"event":"user.permission.granted","userId":"aaaaaaaa-aaaa-4aaa-8aaa-aaaaaaaaaaaa","email":"admin@clinic-a.au","clinicId":"11111111-1111-4111-8111-111111111111","resourceId":"bbbbbbbb-bbbb-4bbb-8bbb-bbbbbbbbbbbb","role":"owner_admin","msg":"Audit: user.permission.granted"}
{"level":40,"time":"2026-06-24T03:05:47.307Z","service":"@verve/backend","msg":"DATABASE_URL not set ΓÇö using in-memory repositories (state lost on restart)"}
{"level":30,"time":"2026-06-24T03:05:47.306Z","service":"@verve/backend","audit":true,"event":"supplier.created","userId":"dddddddd-dddd-4ddd-8ddd-dddddddddddd","resourceId":"4550c79d-70fc-48ed-9d47-8d0f86a69eba","msg":"Audit: supplier.created"}
{"level":30,"time":"2026-06-24T03:05:47.309Z","service":"@verve/backend","audit":true,"event":"auth.mfa.setup_initiated","userId":"eeeeeeee-eeee-4eee-8eee-eeeeeeeeeeee","email":"admin-nomfa@clinic-a.au","clinicId":"11111111-1111-4111-8111-111111111111","ipAddress":"::ffff:127.0.0.1","msg":"Auth audit: auth.mfa.setup_initiated"}
{"level":30,"time":"2026-06-24T03:05:47.310Z","service":"@verve/backend","audit":true,"event":"user.permission.revoked","userId":"aaaaaaaa-aaaa-4aaa-8aaa-aaaaaaaaaaaa","email":"admin@clinic-a.au","clinicId":"11111111-1111-4111-8111-111111111111","resourceId":"bbbbbbbb-bbbb-4bbb-8bbb-bbbbbbbbbbbb","role":"owner_admin","msg":"Audit: user.permission.revoked"}
{"level":30,"time":"2026-06-24T03:05:47.315Z","service":"@verve/backend","audit":true,"event":"auth.login.mfa_required","userId":"dddddddd-dddd-4ddd-8ddd-dddddddddddd","email":"manager@clinic-a.au","clinicId":"11111111-1111-4111-8111-111111111111","ipAddress":"::ffff:127.0.0.1","msg":"Auth audit: auth.login.mfa_required"}
{"level":30,"time":"2026-06-24T03:05:47.315Z","service":"@verve/backend","audit":true,"event":"auth.mfa.enrolled","userId":"eeeeeeee-eeee-4eee-8eee-eeeeeeeeeeee","email":"admin-nomfa@clinic-a.au","clinicId":"11111111-1111-4111-8111-111111111111","ipAddress":"::ffff:127.0.0.1","msg":"Auth audit: auth.mfa.enrolled"}
{"level":30,"time":"2026-06-24T03:05:47.322Z","service":"@verve/backend","audit":true,"event":"auth.mfa.success","userId":"dddddddd-dddd-4ddd-8ddd-dddddddddddd","email":"manager@clinic-a.au","clinicId":"11111111-1111-4111-8111-111111111111","ipAddress":"::ffff:127.0.0.1","msg":"Auth audit: auth.mfa.success"}
{"level":30,"time":"2026-06-24T03:05:47.327Z","service":"@verve/backend","audit":true,"event":"supplier.created","userId":"dddddddd-dddd-4ddd-8ddd-dddddddddddd","resourceId":"0ac22a93-92f3-4285-b334-b0763c9f8d91","msg":"Audit: supplier.created"}
{"level":40,"time":"2026-06-24T03:05:47.341Z","service":"@verve/backend","msg":"DATABASE_URL not set ΓÇö using in-memory repositories (state lost on restart)"}
{"level":40,"time":"2026-06-24T03:05:47.358Z","service":"@verve/backend","msg":"DATABASE_URL not set ΓÇö using in-memory repositories (state lost on restart)"}
{"level":30,"time":"2026-06-24T03:05:47.400Z","service":"@verve/backend","audit":true,"event":"auth.login.mfa_required","userId":"dddddddd-dddd-4ddd-8ddd-dddddddddddd","email":"manager@clinic-a.au","clinicId":"11111111-1111-4111-8111-111111111111","ipAddress":"::ffff:127.0.0.1","msg":"Auth audit: auth.login.mfa_required"}
{"level":40,"time":"2026-06-24T03:05:47.402Z","service":"@verve/backend","msg":"DATABASE_URL not set ΓÇö using in-memory repositories (state lost on restart)"}
{"level":40,"time":"2026-06-24T03:05:47.402Z","service":"@verve/backend","msg":"DATABASE_URL not set ΓÇö using in-memory repositories (state lost on restart)"}
{"level":30,"time":"2026-06-24T03:05:47.406Z","service":"@verve/backend","audit":true,"event":"auth.mfa.success","userId":"dddddddd-dddd-4ddd-8ddd-dddddddddddd","email":"manager@clinic-a.au","clinicId":"11111111-1111-4111-8111-111111111111","ipAddress":"::ffff:127.0.0.1","msg":"Auth audit: auth.mfa.success"}
{"level":40,"time":"2026-06-24T03:05:47.405Z","service":"@verve/backend","msg":"DATABASE_URL not set ΓÇö using in-memory repositories (state lost on restart)"}
{"level":40,"time":"2026-06-24T03:05:47.419Z","service":"@verve/backend","msg":"DATABASE_URL not set ΓÇö using in-memory repositories (state lost on restart)"}
{"level":30,"time":"2026-06-24T03:05:47.432Z","service":"@verve/backend","audit":true,"event":"auth.login.mfa_required","userId":"dddddddd-dddd-4ddd-8ddd-dddddddddddd","email":"manager@clinic-a.au","clinicId":"11111111-1111-4111-8111-111111111111","ipAddress":"::ffff:127.0.0.1","msg":"Auth audit: auth.login.mfa_required"}
{"level":30,"time":"2026-06-24T03:05:47.438Z","service":"@verve/backend","audit":true,"event":"auth.mfa.success","userId":"dddddddd-dddd-4ddd-8ddd-dddddddddddd","email":"manager@clinic-a.au","clinicId":"11111111-1111-4111-8111-111111111111","ipAddress":"::ffff:127.0.0.1","msg":"Auth audit: auth.mfa.success"}
{"level":30,"time":"2026-06-24T03:05:47.450Z","service":"@verve/backend","audit":true,"event":"auth.login.mfa_required","userId":"aaaaaaaa-aaaa-4aaa-8aaa-aaaaaaaaaaaa","email":"admin@clinic-a.au","clinicId":"11111111-1111-4111-8111-111111111111","ipAddress":"::ffff:127.0.0.1","msg":"Auth audit: auth.login.mfa_required"}
{"level":30,"time":"2026-06-24T03:05:47.454Z","service":"@verve/backend","audit":true,"event":"auth.mfa.success","userId":"aaaaaaaa-aaaa-4aaa-8aaa-aaaaaaaaaaaa","email":"admin@clinic-a.au","clinicId":"11111111-1111-4111-8111-111111111111","ipAddress":"::ffff:127.0.0.1","msg":"Auth audit: auth.mfa.success"}
{"level":30,"time":"2026-06-24T03:05:47.491Z","service":"@verve/backend","audit":true,"event":"auth.login.mfa_required","userId":"dddddddd-dddd-4ddd-8ddd-dddddddddddd","email":"manager@clinic-a.au","clinicId":"11111111-1111-4111-8111-111111111111","ipAddress":"::ffff:127.0.0.1","msg":"Auth audit: auth.login.mfa_required"}
{"level":40,"time":"2026-06-24T03:05:47.491Z","service":"@verve/backend","msg":"DATABASE_URL not set ΓÇö using in-memory repositories (state lost on restart)"}
{"level":30,"time":"2026-06-24T03:05:47.493Z","service":"@verve/backend","audit":true,"event":"auth.login.mfa_required","userId":"dddddddd-dddd-4ddd-8ddd-dddddddddddd","email":"manager@clinic-a.au","clinicId":"11111111-1111-4111-8111-111111111111","ipAddress":"::ffff:127.0.0.1","msg":"Auth audit: auth.login.mfa_required"}
{"level":30,"time":"2026-06-24T03:05:47.494Z","service":"@verve/backend","audit":true,"event":"auth.login.mfa_enrollment_required","userId":"eeeeeeee-eeee-4eee-8eee-eeeeeeeeeeee","email":"admin-nomfa@clinic-a.au","clinicId":"11111111-1111-4111-8111-111111111111","role":"owner_admin","ipAddress":"::ffff:127.0.0.1","msg":"Auth audit: auth.login.mfa_enrollment_required"}
{"level":30,"time":"2026-06-24T03:05:47.495Z","service":"@verve/backend","audit":true,"event":"auth.mfa.success","userId":"dddddddd-dddd-4ddd-8ddd-dddddddddddd","email":"manager@clinic-a.au","clinicId":"11111111-1111-4111-8111-111111111111","ipAddress":"::ffff:127.0.0.1","msg":"Auth audit: auth.mfa.success"}
{"level":30,"time":"2026-06-24T03:05:47.499Z","service":"@verve/backend","audit":true,"event":"auth.mfa.success","userId":"dddddddd-dddd-4ddd-8ddd-dddddddddddd","email":"manager@clinic-a.au","clinicId":"11111111-1111-4111-8111-111111111111","ipAddress":"::ffff:127.0.0.1","msg":"Auth audit: auth.mfa.success"}
{"level":30,"time":"2026-06-24T03:05:47.499Z","service":"@verve/backend","audit":true,"event":"auth.mfa.setup_initiated","userId":"eeeeeeee-eeee-4eee-8eee-eeeeeeeeeeee","email":"admin-nomfa@clinic-a.au","clinicId":"11111111-1111-4111-8111-111111111111","ipAddress":"::ffff:127.0.0.1","msg":"Auth audit: auth.mfa.setup_initiated"}
{"level":30,"time":"2026-06-24T03:05:47.503Z","service":"@verve/backend","audit":true,"event":"auth.mfa.enrolled","userId":"eeeeeeee-eeee-4eee-8eee-eeeeeeeeeeee","email":"admin-nomfa@clinic-a.au","clinicId":"11111111-1111-4111-8111-111111111111","ipAddress":"::ffff:127.0.0.1","msg":"Auth audit: auth.mfa.enrolled"}
{"level":30,"time":"2026-06-24T03:05:47.504Z","service":"@verve/backend","audit":true,"event":"supplier_invoice.uploaded","userId":"dddddddd-dddd-4ddd-8ddd-dddddddddddd","resourceId":"58595be1-cd66-493e-96e5-bc705bf850f5","msg":"Audit: supplier_invoice.uploaded"}
{"level":30,"time":"2026-06-24T03:05:47.507Z","service":"@verve/backend","audit":true,"event":"supplier_invoice.voided","userId":"dddddddd-dddd-4ddd-8ddd-dddddddddddd","resourceId":"58595be1-cd66-493e-96e5-bc705bf850f5","msg":"Audit: supplier_invoice.voided"}
{"level":30,"time":"2026-06-24T03:05:47.510Z","service":"@verve/backend","audit":true,"event":"auth.login.mfa_required","userId":"dddddddd-dddd-4ddd-8ddd-dddddddddddd","email":"manager@clinic-a.au","clinicId":"11111111-1111-4111-8111-111111111111","ipAddress":"::ffff:127.0.0.1","msg":"Auth audit: auth.login.mfa_required"}
{"level":30,"time":"2026-06-24T03:05:47.515Z","service":"@verve/backend","audit":true,"event":"auth.mfa.success","userId":"dddddddd-dddd-4ddd-8ddd-dddddddddddd","email":"manager@clinic-a.au","clinicId":"11111111-1111-4111-8111-111111111111","ipAddress":"::ffff:127.0.0.1","msg":"Auth audit: auth.mfa.success"}
{"level":40,"time":"2026-06-24T03:05:47.533Z","service":"@verve/backend","msg":"DATABASE_URL not set ΓÇö using in-memory repositories (state lost on restart)"}
{"level":40,"time":"2026-06-24T03:05:47.540Z","service":"@verve/backend","msg":"DATABASE_URL not set ΓÇö using in-memory repositories (state lost on restart)"}
{"level":40,"time":"2026-06-24T03:05:47.581Z","service":"@verve/backend","msg":"DATABASE_URL not set ΓÇö using in-memory repositories (state lost on restart)"}
{"level":30,"time":"2026-06-24T03:05:47.581Z","service":"@verve/backend","audit":true,"event":"auth.login.mfa_required","userId":"dddddddd-dddd-4ddd-8ddd-dddddddddddd","email":"manager@clinic-a.au","clinicId":"11111111-1111-4111-8111-111111111111","ipAddress":"::ffff:127.0.0.1","msg":"Auth audit: auth.login.mfa_required"}
{"level":30,"time":"2026-06-24T03:05:47.587Z","service":"@verve/backend","audit":true,"event":"auth.unauthorized","reason":"missing_token","ipAddress":"::ffff:127.0.0.1","msg":"Auth audit: auth.unauthorized"}
{"level":30,"time":"2026-06-24T03:05:47.587Z","service":"@verve/backend","audit":true,"event":"auth.mfa.success","userId":"dddddddd-dddd-4ddd-8ddd-dddddddddddd","email":"manager@clinic-a.au","clinicId":"11111111-1111-4111-8111-111111111111","ipAddress":"::ffff:127.0.0.1","msg":"Auth audit: auth.mfa.success"}
{"level":30,"time":"2026-06-24T03:05:47.587Z","service":"@verve/backend","audit":true,"event":"auth.login.mfa_required","userId":"eeeeeeee-eeee-4eee-8eee-eeeeeeeeeeee","email":"admin-nomfa@clinic-a.au","clinicId":"11111111-1111-4111-8111-111111111111","ipAddress":"::ffff:127.0.0.1","msg":"Auth audit: auth.login.mfa_required"}
{"level":40,"time":"2026-06-24T03:05:47.594Z","service":"@verve/backend","msg":"DATABASE_URL not set ΓÇö using in-memory repositories (state lost on restart)"}
{"level":40,"time":"2026-06-24T03:05:47.607Z","service":"@verve/backend","msg":"DATABASE_URL not set ΓÇö using in-memory repositories (state lost on restart)"}
{"level":30,"time":"2026-06-24T03:05:47.617Z","service":"@verve/backend","audit":true,"event":"auth.password.changed","userId":"bbbbbbbb-bbbb-4bbb-8bbb-bbbbbbbbbbbb","email":"staff@clinic-a.au","clinicId":"11111111-1111-4111-8111-111111111111","ipAddress":"::ffff:127.0.0.1","msg":"Auth audit: auth.password.changed"}
{"level":30,"time":"2026-06-24T03:05:47.622Z","service":"@verve/backend","audit":true,"event":"auth.login.mfa_required","userId":"dddddddd-dddd-4ddd-8ddd-dddddddddddd","email":"manager@clinic-a.au","clinicId":"11111111-1111-4111-8111-111111111111","ipAddress":"::ffff:127.0.0.1","msg":"Auth audit: auth.login.mfa_required"}
{"level":30,"time":"2026-06-24T03:05:47.627Z","service":"@verve/backend","audit":true,"event":"auth.mfa.success","userId":"dddddddd-dddd-4ddd-8ddd-dddddddddddd","email":"manager@clinic-a.au","clinicId":"11111111-1111-4111-8111-111111111111","ipAddress":"::ffff:127.0.0.1","msg":"Auth audit: auth.mfa.success"}
{"level":30,"time":"2026-06-24T03:05:47.630Z","service":"@verve/backend","audit":true,"event":"auth.login.mfa_required","userId":"aaaaaaaa-aaaa-4aaa-8aaa-aaaaaaaaaaaa","email":"admin@clinic-a.au","clinicId":"11111111-1111-4111-8111-111111111111","ipAddress":"::ffff:127.0.0.1","msg":"Auth audit: auth.login.mfa_required"}
{"level":30,"time":"2026-06-24T03:05:47.635Z","service":"@verve/backend","audit":true,"event":"auth.mfa.success","userId":"aaaaaaaa-aaaa-4aaa-8aaa-aaaaaaaaaaaa","email":"admin@clinic-a.au","clinicId":"11111111-1111-4111-8111-111111111111","ipAddress":"::ffff:127.0.0.1","msg":"Auth audit: auth.mfa.success"}
{"level":30,"time":"2026-06-24T03:05:47.635Z","service":"@verve/backend","audit":true,"event":"user.created","userId":"cccccccc-cccc-4ccc-8ccc-cccccccccccc","email":"admin@clinic-b.au","clinicId":"11111111-1111-4111-8111-111111111111","resourceId":"7e8c1d0c-864e-4063-ac75-630100ca2ab5","msg":"Auth audit: user.created"}
{"level":40,"time":"2026-06-24T03:05:47.673Z","service":"@verve/backend","msg":"DATABASE_URL not set ΓÇö using in-memory repositories (state lost on restart)"}
{"level":40,"time":"2026-06-24T03:05:47.675Z","service":"@verve/backend","msg":"DATABASE_URL not set ΓÇö using in-memory repositories (state lost on restart)"}
{"level":40,"time":"2026-06-24T03:05:47.681Z","service":"@verve/backend","msg":"DATABASE_URL not set ΓÇö using in-memory repositories (state lost on restart)"}
{"level":30,"time":"2026-06-24T03:05:47.686Z","service":"@verve/backend","audit":true,"event":"auth.unauthorized","reason":"missing_token","ipAddress":"::ffff:127.0.0.1","msg":"Auth audit: auth.unauthorized"}
{"level":30,"time":"2026-06-24T03:05:47.686Z","service":"@verve/backend","audit":true,"event":"auth.login.mfa_required","userId":"dddddddd-dddd-4ddd-8ddd-dddddddddddd","email":"manager@clinic-a.au","clinicId":"11111111-1111-4111-8111-111111111111","ipAddress":"::ffff:127.0.0.1","msg":"Auth audit: auth.login.mfa_required"}
{"level":30,"time":"2026-06-24T03:05:47.691Z","service":"@verve/backend","audit":true,"event":"auth.mfa.success","userId":"dddddddd-dddd-4ddd-8ddd-dddddddddddd","email":"manager@clinic-a.au","clinicId":"11111111-1111-4111-8111-111111111111","ipAddress":"::ffff:127.0.0.1","msg":"Auth audit: auth.mfa.success"}
{"level":30,"time":"2026-06-24T03:05:47.696Z","service":"@verve/backend","audit":true,"event":"supplier_invoice.uploaded","userId":"dddddddd-dddd-4ddd-8ddd-dddddddddddd","resourceId":"46cda80f-6e7c-4a05-8b4d-e202bcda1efa","msg":"Audit: supplier_invoice.uploaded"}
{"level":30,"time":"2026-06-24T03:05:47.697Z","service":"@verve/backend","audit":true,"event":"auth.login.mfa_required","userId":"dddddddd-dddd-4ddd-8ddd-dddddddddddd","email":"manager@clinic-a.au","clinicId":"11111111-1111-4111-8111-111111111111","ipAddress":"::ffff:127.0.0.1","msg":"Auth audit: auth.login.mfa_required"}
{"level":30,"time":"2026-06-24T03:05:47.703Z","service":"@verve/backend","audit":true,"event":"auth.mfa.success","userId":"dddddddd-dddd-4ddd-8ddd-dddddddddddd","email":"manager@clinic-a.au","clinicId":"11111111-1111-4111-8111-111111111111","ipAddress":"::ffff:127.0.0.1","msg":"Auth audit: auth.mfa.success"}
{"level":40,"time":"2026-06-24T03:05:47.712Z","service":"@verve/backend","msg":"DATABASE_URL not set ΓÇö using in-memory repositories (state lost on restart)"}
{"level":30,"time":"2026-06-24T03:05:47.715Z","service":"@verve/backend","audit":true,"event":"auth.login.success","userId":"bbbbbbbb-bbbb-4bbb-8bbb-bbbbbbbbbbbb","email":"staff@clinic-a.au","clinicId":"11111111-1111-4111-8111-111111111111","ipAddress":"::ffff:127.0.0.1","msg":"Auth audit: auth.login.success"}
{"level":40,"time":"2026-06-24T03:05:47.719Z","service":"@verve/backend","msg":"DATABASE_URL not set ΓÇö using in-memory repositories (state lost on restart)"}
{"level":40,"time":"2026-06-24T03:05:47.724Z","service":"@verve/backend","msg":"DATABASE_URL not set ΓÇö using in-memory repositories (state lost on restart)"}
{"level":30,"time":"2026-06-24T03:05:47.762Z","service":"@verve/backend","audit":true,"event":"auth.login.mfa_required","userId":"aaaaaaaa-aaaa-4aaa-8aaa-aaaaaaaaaaaa","email":"admin@clinic-a.au","clinicId":"11111111-1111-4111-8111-111111111111","ipAddress":"::ffff:127.0.0.1","msg":"Auth audit: auth.login.mfa_required"}
{"level":30,"time":"2026-06-24T03:05:47.763Z","service":"@verve/backend","audit":true,"event":"auth.login.mfa_enrollment_required","userId":"ffffffff-ffff-4fff-8fff-ffffffffffff","email":"manager-nomfa@clinic-a.au","clinicId":"11111111-1111-4111-8111-111111111111","role":"group_practice_manager","ipAddress":"::ffff:127.0.0.1","msg":"Auth audit: auth.login.mfa_enrollment_required"}
{"level":40,"time":"2026-06-24T03:05:47.768Z","service":"@verve/backend","msg":"DATABASE_URL not set ΓÇö using in-memory repositories (state lost on restart)"}
{"level":30,"time":"2026-06-24T03:05:47.769Z","service":"@verve/backend","audit":true,"event":"auth.mfa.success","userId":"aaaaaaaa-aaaa-4aaa-8aaa-aaaaaaaaaaaa","email":"admin@clinic-a.au","clinicId":"11111111-1111-4111-8111-111111111111","ipAddress":"::ffff:127.0.0.1","msg":"Auth audit: auth.mfa.success"}
{"level":30,"time":"2026-06-24T03:05:47.768Z","service":"@verve/backend","audit":true,"event":"auth.mfa.setup_initiated","userId":"ffffffff-ffff-4fff-8fff-ffffffffffff","email":"manager-nomfa@clinic-a.au","clinicId":"11111111-1111-4111-8111-111111111111","ipAddress":"::ffff:127.0.0.1","msg":"Auth audit: auth.mfa.setup_initiated"}
{"level":30,"time":"2026-06-24T03:05:47.773Z","service":"@verve/backend","audit":true,"event":"user.permission.granted","userId":"aaaaaaaa-aaaa-4aaa-8aaa-aaaaaaaaaaaa","email":"admin@clinic-a.au","clinicId":"11111111-1111-4111-8111-111111111111","resourceId":"bbbbbbbb-bbbb-4bbb-8bbb-bbbbbbbbbbbb","role":"owner_admin","msg":"Audit: user.permission.granted"}
{"level":30,"time":"2026-06-24T03:05:47.772Z","service":"@verve/backend","audit":true,"event":"auth.mfa.enrolled","userId":"ffffffff-ffff-4fff-8fff-ffffffffffff","email":"manager-nomfa@clinic-a.au","clinicId":"11111111-1111-4111-8111-111111111111","ipAddress":"::ffff:127.0.0.1","msg":"Auth audit: auth.mfa.enrolled"}
{"level":30,"time":"2026-06-24T03:05:47.777Z","service":"@verve/backend","audit":true,"event":"user.permission.revoked","userId":"aaaaaaaa-aaaa-4aaa-8aaa-aaaaaaaaaaaa","email":"admin@clinic-a.au","clinicId":"11111111-1111-4111-8111-111111111111","resourceId":"bbbbbbbb-bbbb-4bbb-8bbb-bbbbbbbbbbbb","role":"owner_admin","msg":"Audit: user.permission.revoked"}
{"level":40,"time":"2026-06-24T03:05:47.785Z","service":"@verve/backend","msg":"DATABASE_URL not set ΓÇö using in-memory repositories (state lost on restart)"}
{"level":40,"time":"2026-06-24T03:05:47.794Z","service":"@verve/backend","msg":"DATABASE_URL not set ΓÇö using in-memory repositories (state lost on restart)"}
{"level":30,"time":"2026-06-24T03:05:47.804Z","service":"@verve/backend","audit":true,"event":"auth.login.success","userId":"bbbbbbbb-bbbb-4bbb-8bbb-bbbbbbbbbbbb","email":"staff@clinic-a.au","clinicId":"11111111-1111-4111-8111-111111111111","ipAddress":"::ffff:127.0.0.1","msg":"Auth audit: auth.login.success"}
{"level":30,"time":"2026-06-24T03:05:47.810Z","service":"@verve/backend","audit":true,"event":"auth.login.mfa_required","userId":"aaaaaaaa-aaaa-4aaa-8aaa-aaaaaaaaaaaa","email":"admin@clinic-a.au","clinicId":"11111111-1111-4111-8111-111111111111","ipAddress":"::ffff:127.0.0.1","msg":"Auth audit: auth.login.mfa_required"}
{"level":40,"time":"2026-06-24T03:05:47.811Z","service":"@verve/backend","msg":"DATABASE_URL not set ΓÇö using in-memory repositories (state lost on restart)"}
{"level":30,"time":"2026-06-24T03:05:47.814Z","service":"@verve/backend","audit":true,"event":"auth.mfa.success","userId":"aaaaaaaa-aaaa-4aaa-8aaa-aaaaaaaaaaaa","email":"admin@clinic-a.au","clinicId":"11111111-1111-4111-8111-111111111111","ipAddress":"::ffff:127.0.0.1","msg":"Auth audit: auth.mfa.success"}
{"level":30,"time":"2026-06-24T03:05:47.816Z","service":"@verve/backend","audit":true,"event":"auth.login.mfa_required","userId":"aaaaaaaa-aaaa-4aaa-8aaa-aaaaaaaaaaaa","email":"admin@clinic-a.au","clinicId":"11111111-1111-4111-8111-111111111111","ipAddress":"::ffff:127.0.0.1","msg":"Auth audit: auth.login.mfa_required"}
{"level":30,"time":"2026-06-24T03:05:47.821Z","service":"@verve/backend","audit":true,"event":"auth.mfa.success","userId":"aaaaaaaa-aaaa-4aaa-8aaa-aaaaaaaaaaaa","email":"admin@clinic-a.au","clinicId":"11111111-1111-4111-8111-111111111111","ipAddress":"::ffff:127.0.0.1","msg":"Auth audit: auth.mfa.success"}
{"level":30,"time":"2026-06-24T03:05:47.862Z","service":"@verve/backend","audit":true,"event":"auth.login.success","userId":"bbbbbbbb-bbbb-4bbb-8bbb-bbbbbbbbbbbb","email":"staff@clinic-a.au","clinicId":"11111111-1111-4111-8111-111111111111","ipAddress":"::ffff:127.0.0.1","msg":"Auth audit: auth.login.success"}
{"level":30,"time":"2026-06-24T03:05:47.863Z","service":"@verve/backend","audit":true,"event":"auth.login.mfa_required","userId":"ffffffff-ffff-4fff-8fff-ffffffffffff","email":"manager-nomfa@clinic-a.au","clinicId":"11111111-1111-4111-8111-111111111111","ipAddress":"::ffff:127.0.0.1","msg":"Auth audit: auth.login.mfa_required"}
{"level":40,"time":"2026-06-24T03:05:47.865Z","service":"@verve/backend","msg":"DATABASE_URL not set ΓÇö using in-memory repositories (state lost on restart)"}
{"level":30,"time":"2026-06-24T03:05:47.868Z","service":"@verve/backend","audit":true,"event":"auth.mfa.success","userId":"ffffffff-ffff-4fff-8fff-ffffffffffff","email":"manager-nomfa@clinic-a.au","clinicId":"11111111-1111-4111-8111-111111111111","ipAddress":"::ffff:127.0.0.1","msg":"Auth audit: auth.mfa.success"}
{"level":30,"time":"2026-06-24T03:05:47.876Z","service":"@verve/backend","audit":true,"event":"auth.login.mfa_required","userId":"dddddddd-dddd-4ddd-8ddd-dddddddddddd","email":"manager@clinic-a.au","clinicId":"11111111-1111-4111-8111-111111111111","ipAddress":"::ffff:127.0.0.1","msg":"Auth audit: auth.login.mfa_required"}
{"level":30,"time":"2026-06-24T03:05:47.881Z","service":"@verve/backend","audit":true,"event":"auth.mfa.success","userId":"dddddddd-dddd-4ddd-8ddd-dddddddddddd","email":"manager@clinic-a.au","clinicId":"11111111-1111-4111-8111-111111111111","ipAddress":"::ffff:127.0.0.1","msg":"Auth audit: auth.mfa.success"}
{"level":30,"time":"2026-06-24T03:05:47.887Z","service":"@verve/backend","audit":true,"event":"auth.login.success","userId":"bbbbbbbb-bbbb-4bbb-8bbb-bbbbbbbbbbbb","email":"staff@clinic-a.au","clinicId":"11111111-1111-4111-8111-111111111111","ipAddress":"::ffff:127.0.0.1","msg":"Auth audit: auth.login.success"}
{"level":30,"time":"2026-06-24T03:05:47.887Z","service":"@verve/backend","audit":true,"event":"supplier_invoice.uploaded","userId":"dddddddd-dddd-4ddd-8ddd-dddddddddddd","resourceId":"f727288e-b16c-4d7d-a1d1-49626a1c897a","msg":"Audit: supplier_invoice.uploaded"}
{"level":30,"time":"2026-06-24T03:05:47.893Z","service":"@verve/backend","audit":true,"event":"auth.login.success","userId":"bbbbbbbb-bbbb-4bbb-8bbb-bbbbbbbbbbbb","email":"staff@clinic-a.au","clinicId":"11111111-1111-4111-8111-111111111111","ipAddress":"::ffff:127.0.0.1","msg":"Auth audit: auth.login.success"}
{"level":30,"time":"2026-06-24T03:05:47.905Z","service":"@verve/backend","audit":true,"event":"auth.login.mfa_required","userId":"dddddddd-dddd-4ddd-8ddd-dddddddddddd","email":"manager@clinic-a.au","clinicId":"11111111-1111-4111-8111-111111111111","ipAddress":"::ffff:127.0.0.1","msg":"Auth audit: auth.login.mfa_required"}
{"level":30,"time":"2026-06-24T03:05:47.910Z","service":"@verve/backend","audit":true,"event":"auth.mfa.success","userId":"dddddddd-dddd-4ddd-8ddd-dddddddddddd","email":"manager@clinic-a.au","clinicId":"11111111-1111-4111-8111-111111111111","ipAddress":"::ffff:127.0.0.1","msg":"Auth audit: auth.mfa.success"}
{"level":40,"time":"2026-06-24T03:05:47.912Z","service":"@verve/backend","msg":"DATABASE_URL not set ΓÇö using in-memory repositories (state lost on restart)"}
{"level":30,"time":"2026-06-24T03:05:47.919Z","service":"@verve/backend","audit":true,"event":"purchase_order.submitted","userId":"dddddddd-dddd-4ddd-8ddd-dddddddddddd","clinicId":"11111111-1111-4111-8111-111111111111","resourceId":"eaa7aa24-3baf-4b86-a244-7079ae06438b","msg":"Audit: purchase_order.submitted"}
{"level":40,"time":"2026-06-24T03:05:47.955Z","service":"@verve/backend","msg":"DATABASE_URL not set ΓÇö using in-memory repositories (state lost on restart)"}
{"level":30,"time":"2026-06-24T03:05:47.957Z","service":"@verve/backend","audit":true,"event":"auth.login.mfa_required","userId":"aaaaaaaa-aaaa-4aaa-8aaa-aaaaaaaaaaaa","email":"admin@clinic-a.au","clinicId":"11111111-1111-4111-8111-111111111111","ipAddress":"::ffff:127.0.0.1","msg":"Auth audit: auth.login.mfa_required"}
{"level":40,"time":"2026-06-24T03:05:47.961Z","service":"@verve/backend","msg":"DATABASE_URL not set ΓÇö using in-memory repositories (state lost on restart)"}
{"level":30,"time":"2026-06-24T03:05:47.963Z","service":"@verve/backend","audit":true,"event":"auth.mfa.success","userId":"aaaaaaaa-aaaa-4aaa-8aaa-aaaaaaaaaaaa","email":"admin@clinic-a.au","clinicId":"11111111-1111-4111-8111-111111111111","ipAddress":"::ffff:127.0.0.1","msg":"Auth audit: auth.mfa.success"}
{"level":40,"time":"2026-06-24T03:05:47.978Z","service":"@verve/backend","msg":"DATABASE_URL not set ΓÇö using in-memory repositories (state lost on restart)"}
{"level":30,"time":"2026-06-24T03:05:47.978Z","service":"@verve/backend","audit":true,"event":"auth.login.mfa_required","userId":"dddddddd-dddd-4ddd-8ddd-dddddddddddd","email":"manager@clinic-a.au","clinicId":"11111111-1111-4111-8111-111111111111","ipAddress":"::ffff:127.0.0.1","msg":"Auth audit: auth.login.mfa_required"}
{"level":40,"time":"2026-06-24T03:05:47.982Z","service":"@verve/backend","msg":"DATABASE_URL not set ΓÇö using in-memory repositories (state lost on restart)"}
{"level":30,"time":"2026-06-24T03:05:47.987Z","service":"@verve/backend","audit":true,"event":"auth.mfa.success","userId":"dddddddd-dddd-4ddd-8ddd-dddddddddddd","email":"manager@clinic-a.au","clinicId":"11111111-1111-4111-8111-111111111111","ipAddress":"::ffff:127.0.0.1","msg":"Auth audit: auth.mfa.success"}
{"level":30,"time":"2026-06-24T03:05:48.002Z","service":"@verve/backend","audit":true,"event":"auth.login.mfa_required","userId":"aaaaaaaa-aaaa-4aaa-8aaa-aaaaaaaaaaaa","email":"admin@clinic-a.au","clinicId":"11111111-1111-4111-8111-111111111111","ipAddress":"::ffff:127.0.0.1","msg":"Auth audit: auth.login.mfa_required"}
{"level":30,"time":"2026-06-24T03:05:48.007Z","service":"@verve/backend","audit":true,"event":"auth.mfa.success","userId":"aaaaaaaa-aaaa-4aaa-8aaa-aaaaaaaaaaaa","email":"admin@clinic-a.au","clinicId":"11111111-1111-4111-8111-111111111111","ipAddress":"::ffff:127.0.0.1","msg":"Auth audit: auth.mfa.success"}
{"level":40,"time":"2026-06-24T03:05:48.012Z","service":"@verve/backend","msg":"DATABASE_URL not set ΓÇö using in-memory repositories (state lost on restart)"}
{"level":30,"time":"2026-06-24T03:05:48.051Z","service":"@verve/backend","audit":true,"event":"auth.login.mfa_required","userId":"dddddddd-dddd-4ddd-8ddd-dddddddddddd","email":"manager@clinic-a.au","clinicId":"11111111-1111-4111-8111-111111111111","ipAddress":"::ffff:127.0.0.1","msg":"Auth audit: auth.login.mfa_required"}
{"level":30,"time":"2026-06-24T03:05:48.056Z","service":"@verve/backend","audit":true,"event":"auth.mfa.success","userId":"dddddddd-dddd-4ddd-8ddd-dddddddddddd","email":"manager@clinic-a.au","clinicId":"11111111-1111-4111-8111-111111111111","ipAddress":"::ffff:127.0.0.1","msg":"Auth audit: auth.mfa.success"}
{"level":30,"time":"2026-06-24T03:05:48.055Z","service":"@verve/backend","audit":true,"event":"auth.login.mfa_enrollment_required","userId":"eeeeeeee-eeee-4eee-8eee-eeeeeeeeeeee","email":"admin-nomfa@clinic-a.au","clinicId":"11111111-1111-4111-8111-111111111111","role":"owner_admin","ipAddress":"::ffff:127.0.0.1","msg":"Auth audit: auth.login.mfa_enrollment_required"}
{"level":40,"time":"2026-06-24T03:05:48.058Z","service":"@verve/backend","msg":"DATABASE_URL not set ΓÇö using in-memory repositories (state lost on restart)"}
{"level":30,"time":"2026-06-24T03:05:48.073Z","service":"@verve/backend","audit":true,"event":"auth.login.mfa_required","userId":"dddddddd-dddd-4ddd-8ddd-dddddddddddd","email":"manager@clinic-a.au","clinicId":"11111111-1111-4111-8111-111111111111","ipAddress":"::ffff:127.0.0.1","msg":"Auth audit: auth.login.mfa_required"}
{"level":30,"time":"2026-06-24T03:05:48.080Z","service":"@verve/backend","audit":true,"event":"auth.mfa.success","userId":"dddddddd-dddd-4ddd-8ddd-dddddddddddd","email":"manager@clinic-a.au","clinicId":"11111111-1111-4111-8111-111111111111","ipAddress":"::ffff:127.0.0.1","msg":"Auth audit: auth.mfa.success"}
{"level":30,"time":"2026-06-24T03:05:48.081Z","service":"@verve/backend","audit":true,"event":"auth.login.mfa_required","userId":"dddddddd-dddd-4ddd-8ddd-dddddddddddd","email":"manager@clinic-a.au","clinicId":"11111111-1111-4111-8111-111111111111","ipAddress":"::ffff:127.0.0.1","msg":"Auth audit: auth.login.mfa_required"}
{"level":30,"time":"2026-06-24T03:05:48.085Z","service":"@verve/backend","audit":true,"event":"supplier.created","userId":"dddddddd-dddd-4ddd-8ddd-dddddddddddd","resourceId":"77af052d-6b92-4f2c-8584-c3f41247b8a2","msg":"Audit: supplier.created"}
{"level":30,"time":"2026-06-24T03:05:48.087Z","service":"@verve/backend","audit":true,"event":"auth.mfa.success","userId":"dddddddd-dddd-4ddd-8ddd-dddddddddddd","email":"manager@clinic-a.au","clinicId":"11111111-1111-4111-8111-111111111111","ipAddress":"::ffff:127.0.0.1","msg":"Auth audit: auth.mfa.success"}
{"level":30,"time":"2026-06-24T03:05:48.092Z","service":"@verve/backend","audit":true,"event":"supplier_invoice.uploaded","userId":"dddddddd-dddd-4ddd-8ddd-dddddddddddd","resourceId":"eb20493d-f3d3-4a73-b832-13a047ce5c0d","msg":"Audit: supplier_invoice.uploaded"}
{"level":30,"time":"2026-06-24T03:05:48.097Z","service":"@verve/backend","audit":true,"event":"supplier.created","userId":"dddddddd-dddd-4ddd-8ddd-dddddddddddd","resourceId":"957e3917-6fae-4ecf-a68b-2b73cb81993d","msg":"Audit: supplier.created"}
{"level":40,"time":"2026-06-24T03:05:48.103Z","service":"@verve/backend","msg":"DATABASE_URL not set ΓÇö using in-memory repositories (state lost on restart)"}
{"level":30,"time":"2026-06-24T03:05:48.109Z","service":"@verve/backend","audit":true,"event":"auth.login.mfa_required","userId":"dddddddd-dddd-4ddd-8ddd-dddddddddddd","email":"manager@clinic-a.au","clinicId":"11111111-1111-4111-8111-111111111111","ipAddress":"::ffff:127.0.0.1","msg":"Auth audit: auth.login.mfa_required"}
{"level":30,"time":"2026-06-24T03:05:48.115Z","service":"@verve/backend","audit":true,"event":"auth.mfa.success","userId":"dddddddd-dddd-4ddd-8ddd-dddddddddddd","email":"manager@clinic-a.au","clinicId":"11111111-1111-4111-8111-111111111111","ipAddress":"::ffff:127.0.0.1","msg":"Auth audit: auth.mfa.success"}
{"level":30,"time":"2026-06-24T03:05:48.125Z","service":"@verve/backend","audit":true,"event":"purchase_order.submitted","userId":"dddddddd-dddd-4ddd-8ddd-dddddddddddd","clinicId":"11111111-1111-4111-8111-111111111111","resourceId":"36ee3624-5c95-498c-ba7d-70c32e02004c","msg":"Audit: purchase_order.submitted"}
{"level":40,"time":"2026-06-24T03:05:48.152Z","service":"@verve/backend","msg":"DATABASE_URL not set ΓÇö using in-memory repositories (state lost on restart)"}
{"level":40,"time":"2026-06-24T03:05:48.156Z","service":"@verve/backend","msg":"DATABASE_URL not set ΓÇö using in-memory repositories (state lost on restart)"}
{"level":30,"time":"2026-06-24T03:05:48.156Z","service":"@verve/backend","audit":true,"event":"auth.login.mfa_required","userId":"aaaaaaaa-aaaa-4aaa-8aaa-aaaaaaaaaaaa","email":"admin@clinic-a.au","clinicId":"11111111-1111-4111-8111-111111111111","ipAddress":"::ffff:127.0.0.1","msg":"Auth audit: auth.login.mfa_required"}
{"level":30,"time":"2026-06-24T03:05:48.163Z","service":"@verve/backend","audit":true,"event":"auth.mfa.success","userId":"aaaaaaaa-aaaa-4aaa-8aaa-aaaaaaaaaaaa","email":"admin@clinic-a.au","clinicId":"11111111-1111-4111-8111-111111111111","ipAddress":"::ffff:127.0.0.1","msg":"Auth audit: auth.mfa.success"}
{"level":30,"time":"2026-06-24T03:05:48.170Z","service":"@verve/backend","audit":true,"event":"user.created","userId":"aaaaaaaa-aaaa-4aaa-8aaa-aaaaaaaaaaaa","email":"admin@clinic-a.au","clinicId":"11111111-1111-4111-8111-111111111111","resourceId":"0f3d51d3-282e-41e6-a703-0e074ef9b523","msg":"Auth audit: user.created"}
{"level":40,"time":"2026-06-24T03:05:48.184Z","service":"@verve/backend","msg":"DATABASE_URL not set ΓÇö using in-memory repositories (state lost on restart)"}
{"level":40,"time":"2026-06-24T03:05:48.201Z","service":"@verve/backend","msg":"DATABASE_URL not set ΓÇö using in-memory repositories (state lost on restart)"}
{"level":30,"time":"2026-06-24T03:05:48.202Z","service":"@verve/backend","audit":true,"event":"auth.login.mfa_required","userId":"aaaaaaaa-aaaa-4aaa-8aaa-aaaaaaaaaaaa","email":"admin@clinic-a.au","clinicId":"11111111-1111-4111-8111-111111111111","ipAddress":"::ffff:127.0.0.1","msg":"Auth audit: auth.login.mfa_required"}
{"level":30,"time":"2026-06-24T03:05:48.207Z","service":"@verve/backend","audit":true,"event":"auth.mfa.success","userId":"aaaaaaaa-aaaa-4aaa-8aaa-aaaaaaaaaaaa","email":"admin@clinic-a.au","clinicId":"11111111-1111-4111-8111-111111111111","ipAddress":"::ffff:127.0.0.1","msg":"Auth audit: auth.mfa.success"}
{"level":40,"time":"2026-06-24T03:05:48.225Z","service":"@verve/backend","msg":"DATABASE_URL not set ΓÇö using in-memory repositories (state lost on restart)"}
{"level":30,"time":"2026-06-24T03:05:48.249Z","service":"@verve/backend","audit":true,"event":"auth.login.mfa_enrollment_required","userId":"ffffffff-ffff-4fff-8fff-ffffffffffff","email":"manager-nomfa@clinic-a.au","clinicId":"11111111-1111-4111-8111-111111111111","role":"group_practice_manager","ipAddress":"::ffff:127.0.0.1","msg":"Auth audit: auth.login.mfa_enrollment_required"}
{"level":30,"time":"2026-06-24T03:05:48.250Z","service":"@verve/backend","audit":true,"event":"auth.login.mfa_required","userId":"dddddddd-dddd-4ddd-8ddd-dddddddddddd","email":"manager@clinic-a.au","clinicId":"11111111-1111-4111-8111-111111111111","ipAddress":"::ffff:127.0.0.1","msg":"Auth audit: auth.login.mfa_required"}
{"level":30,"time":"2026-06-24T03:05:48.255Z","service":"@verve/backend","audit":true,"event":"auth.mfa.success","userId":"dddddddd-dddd-4ddd-8ddd-dddddddddddd","email":"manager@clinic-a.au","clinicId":"11111111-1111-4111-8111-111111111111","ipAddress":"::ffff:127.0.0.1","msg":"Auth audit: auth.mfa.success"}
{"level":40,"time":"2026-06-24T03:05:48.258Z","service":"@verve/backend","msg":"DATABASE_URL not set ΓÇö using in-memory repositories (state lost on restart)"}
{"level":40,"time":"2026-06-24T03:05:48.269Z","service":"@verve/backend","msg":"DATABASE_URL not set ΓÇö using in-memory repositories (state lost on restart)"}
{"level":30,"time":"2026-06-24T03:05:48.279Z","service":"@verve/backend","audit":true,"event":"auth.login.mfa_required","userId":"dddddddd-dddd-4ddd-8ddd-dddddddddddd","email":"manager@clinic-a.au","clinicId":"11111111-1111-4111-8111-111111111111","ipAddress":"::ffff:127.0.0.1","msg":"Auth audit: auth.login.mfa_required"}
{"level":30,"time":"2026-06-24T03:05:48.284Z","service":"@verve/backend","audit":true,"event":"auth.mfa.success","userId":"dddddddd-dddd-4ddd-8ddd-dddddddddddd","email":"manager@clinic-a.au","clinicId":"11111111-1111-4111-8111-111111111111","ipAddress":"::ffff:127.0.0.1","msg":"Auth audit: auth.mfa.success"}
{"level":30,"time":"2026-06-24T03:05:48.294Z","service":"@verve/backend","audit":true,"event":"auth.login.mfa_required","userId":"dddddddd-dddd-4ddd-8ddd-dddddddddddd","email":"manager@clinic-a.au","clinicId":"11111111-1111-4111-8111-111111111111","ipAddress":"::ffff:127.0.0.1","msg":"Auth audit: auth.login.mfa_required"}
{"level":30,"time":"2026-06-24T03:05:48.299Z","service":"@verve/backend","audit":true,"event":"auth.mfa.success","userId":"dddddddd-dddd-4ddd-8ddd-dddddddddddd","email":"manager@clinic-a.au","clinicId":"11111111-1111-4111-8111-111111111111","ipAddress":"::ffff:127.0.0.1","msg":"Auth audit: auth.mfa.success"}
{"level":30,"time":"2026-06-24T03:05:48.303Z","service":"@verve/backend","audit":true,"event":"supplier_invoice.uploaded","userId":"dddddddd-dddd-4ddd-8ddd-dddddddddddd","resourceId":"d788b9a2-f360-49e2-8ccf-9498fe5bf624","msg":"Audit: supplier_invoice.uploaded"}
{"level":30,"time":"2026-06-24T03:05:48.307Z","service":"@verve/backend","audit":true,"event":"supplier.created","userId":"dddddddd-dddd-4ddd-8ddd-dddddddddddd","resourceId":"4dcd1c39-c7d4-45dd-962c-e3161ff96682","msg":"Audit: supplier.created"}
{"level":40,"time":"2026-06-24T03:05:48.317Z","service":"@verve/backend","msg":"DATABASE_URL not set ΓÇö using in-memory repositories (state lost on restart)"}
{"level":30,"time":"2026-06-24T03:05:48.319Z","service":"@verve/backend","audit":true,"event":"auth.login.mfa_required","userId":"dddddddd-dddd-4ddd-8ddd-dddddddddddd","email":"manager@clinic-a.au","clinicId":"11111111-1111-4111-8111-111111111111","ipAddress":"::ffff:127.0.0.1","msg":"Auth audit: auth.login.mfa_required"}
{"level":30,"time":"2026-06-24T03:05:48.325Z","service":"@verve/backend","audit":true,"event":"auth.unauthorized","reason":"missing_token","ipAddress":"::ffff:127.0.0.1","msg":"Auth audit: auth.unauthorized"}
{"level":30,"time":"2026-06-24T03:05:48.325Z","service":"@verve/backend","audit":true,"event":"auth.mfa.success","userId":"dddddddd-dddd-4ddd-8ddd-dddddddddddd","email":"manager@clinic-a.au","clinicId":"11111111-1111-4111-8111-111111111111","ipAddress":"::ffff:127.0.0.1","msg":"Auth audit: auth.mfa.success"}
{"level":30,"time":"2026-06-24T03:05:48.335Z","service":"@verve/backend","audit":true,"event":"purchase_order.csv_exported","userId":"dddddddd-dddd-4ddd-8ddd-dddddddddddd","clinicId":"11111111-1111-4111-8111-111111111111","msg":"Audit: purchase_order.csv_exported"}
{"level":40,"time":"2026-06-24T03:05:48.337Z","service":"@verve/backend","msg":"DATABASE_URL not set ΓÇö using in-memory repositories (state lost on restart)"}
{"level":40,"time":"2026-06-24T03:05:48.346Z","service":"@verve/backend","msg":"DATABASE_URL not set ΓÇö using in-memory repositories (state lost on restart)"}
{"level":30,"time":"2026-06-24T03:05:48.349Z","service":"@verve/backend","audit":true,"event":"auth.password.reset","userId":"dddddddd-dddd-4ddd-8ddd-dddddddddddd","email":"manager@clinic-a.au","clinicId":"11111111-1111-4111-8111-111111111111","resourceId":"bbbbbbbb-bbbb-4bbb-8bbb-bbbbbbbbbbbb","msg":"Auth audit: auth.password.reset"}
{"level":30,"time":"2026-06-24T03:05:48.353Z","service":"@verve/backend","audit":true,"event":"auth.login.mfa_required","userId":"dddddddd-dddd-4ddd-8ddd-dddddddddddd","email":"manager@clinic-a.au","clinicId":"11111111-1111-4111-8111-111111111111","ipAddress":"::ffff:127.0.0.1","msg":"Auth audit: auth.login.mfa_required"}
{"level":30,"time":"2026-06-24T03:05:48.358Z","service":"@verve/backend","audit":true,"event":"auth.mfa.success","userId":"dddddddd-dddd-4ddd-8ddd-dddddddddddd","email":"manager@clinic-a.au","clinicId":"11111111-1111-4111-8111-111111111111","ipAddress":"::ffff:127.0.0.1","msg":"Auth audit: auth.mfa.success"}
{"level":30,"time":"2026-06-24T03:05:48.363Z","service":"@verve/backend","audit":true,"event":"auth.login.mfa_required","userId":"cccccccc-cccc-4ccc-8ccc-cccccccccccc","email":"admin@clinic-b.au","clinicId":"22222222-2222-4222-8222-222222222222","ipAddress":"::ffff:127.0.0.1","msg":"Auth audit: auth.login.mfa_required"}
{"level":30,"time":"2026-06-24T03:05:48.368Z","service":"@verve/backend","audit":true,"event":"auth.mfa.success","userId":"cccccccc-cccc-4ccc-8ccc-cccccccccccc","email":"admin@clinic-b.au","clinicId":"22222222-2222-4222-8222-222222222222","ipAddress":"::ffff:127.0.0.1","msg":"Auth audit: auth.mfa.success"}
{"level":40,"time":"2026-06-24T03:05:48.376Z","service":"@verve/backend","msg":"DATABASE_URL not set ΓÇö using in-memory repositories (state lost on restart)"}
{"level":40,"time":"2026-06-24T03:05:48.402Z","service":"@verve/backend","msg":"DATABASE_URL not set ΓÇö using in-memory repositories (state lost on restart)"}
{"level":40,"time":"2026-06-24T03:05:48.413Z","service":"@verve/backend","msg":"DATABASE_URL not set ΓÇö using in-memory repositories (state lost on restart)"}
{"level":40,"time":"2026-06-24T03:05:48.426Z","service":"@verve/backend","msg":"DATABASE_URL not set ΓÇö using in-memory repositories (state lost on restart)"}
{"level":30,"time":"2026-06-24T03:05:48.432Z","service":"@verve/backend","audit":true,"event":"auth.login.mfa_enrollment_required","userId":"eeeeeeee-eeee-4eee-8eee-eeeeeeeeeeee","email":"admin-nomfa@clinic-a.au","clinicId":"11111111-1111-4111-8111-111111111111","role":"owner_admin","ipAddress":"::ffff:127.0.0.1","msg":"Auth audit: auth.login.mfa_enrollment_required"}
{"level":30,"time":"2026-06-24T03:05:48.441Z","service":"@verve/backend","audit":true,"event":"auth.login.mfa_required","userId":"dddddddd-dddd-4ddd-8ddd-dddddddddddd","email":"manager@clinic-a.au","clinicId":"11111111-1111-4111-8111-111111111111","ipAddress":"::ffff:127.0.0.1","msg":"Auth audit: auth.login.mfa_required"}
{"level":30,"time":"2026-06-24T03:05:48.447Z","service":"@verve/backend","audit":true,"event":"auth.mfa.success","userId":"dddddddd-dddd-4ddd-8ddd-dddddddddddd","email":"manager@clinic-a.au","clinicId":"11111111-1111-4111-8111-111111111111","ipAddress":"::ffff:127.0.0.1","msg":"Auth audit: auth.mfa.success"}
{"level":40,"time":"2026-06-24T03:05:48.447Z","service":"@verve/backend","msg":"DATABASE_URL not set ΓÇö using in-memory repositories (state lost on restart)"}
{"level":40,"time":"2026-06-24T03:05:48.454Z","service":"@verve/backend","msg":"DATABASE_URL not set ΓÇö using in-memory repositories (state lost on restart)"}
{"level":30,"time":"2026-06-24T03:05:48.461Z","service":"@verve/backend","audit":true,"event":"auth.unauthorized","reason":"missing_token","ipAddress":"::ffff:127.0.0.1","msg":"Auth audit: auth.unauthorized"}
{"level":30,"time":"2026-06-24T03:05:48.469Z","service":"@verve/backend","audit":true,"event":"auth.login.mfa_required","userId":"dddddddd-dddd-4ddd-8ddd-dddddddddddd","email":"manager@clinic-a.au","clinicId":"11111111-1111-4111-8111-111111111111","ipAddress":"::ffff:127.0.0.1","msg":"Auth audit: auth.login.mfa_required"}
{"level":30,"time":"2026-06-24T03:05:48.473Z","service":"@verve/backend","audit":true,"event":"auth.mfa.success","userId":"dddddddd-dddd-4ddd-8ddd-dddddddddddd","email":"manager@clinic-a.au","clinicId":"11111111-1111-4111-8111-111111111111","ipAddress":"::ffff:127.0.0.1","msg":"Auth audit: auth.mfa.success"}
{"level":30,"time":"2026-06-24T03:05:48.489Z","service":"@verve/backend","audit":true,"event":"auth.login.mfa_required","userId":"dddddddd-dddd-4ddd-8ddd-dddddddddddd","email":"manager@clinic-a.au","clinicId":"11111111-1111-4111-8111-111111111111","ipAddress":"::ffff:127.0.0.1","msg":"Auth audit: auth.login.mfa_required"}
{"level":30,"time":"2026-06-24T03:05:48.495Z","service":"@verve/backend","audit":true,"event":"auth.mfa.success","userId":"dddddddd-dddd-4ddd-8ddd-dddddddddddd","email":"manager@clinic-a.au","clinicId":"11111111-1111-4111-8111-111111111111","ipAddress":"::ffff:127.0.0.1","msg":"Auth audit: auth.mfa.success"}
{"level":30,"time":"2026-06-24T03:05:48.499Z","service":"@verve/backend","audit":true,"event":"supplier_invoice.uploaded","userId":"dddddddd-dddd-4ddd-8ddd-dddddddddddd","resourceId":"b9370ddd-919a-4ebd-ad0a-a8f0f0a18f33","msg":"Audit: supplier_invoice.uploaded"}
{"level":30,"time":"2026-06-24T03:05:48.501Z","service":"@verve/backend","audit":true,"event":"auth.login.mfa_required","userId":"aaaaaaaa-aaaa-4aaa-8aaa-aaaaaaaaaaaa","email":"admin@clinic-a.au","clinicId":"11111111-1111-4111-8111-111111111111","ipAddress":"::ffff:127.0.0.1","msg":"Auth audit: auth.login.mfa_required"}
{"level":30,"time":"2026-06-24T03:05:48.503Z","service":"@verve/backend","audit":true,"event":"supplier_invoice.voided","userId":"dddddddd-dddd-4ddd-8ddd-dddddddddddd","resourceId":"b9370ddd-919a-4ebd-ad0a-a8f0f0a18f33","msg":"Audit: supplier_invoice.voided"}
{"level":30,"time":"2026-06-24T03:05:48.506Z","service":"@verve/backend","audit":true,"event":"auth.mfa.success","userId":"aaaaaaaa-aaaa-4aaa-8aaa-aaaaaaaaaaaa","email":"admin@clinic-a.au","clinicId":"11111111-1111-4111-8111-111111111111","ipAddress":"::ffff:127.0.0.1","msg":"Auth audit: auth.mfa.success"}
{"level":30,"time":"2026-06-24T03:05:48.510Z","service":"@verve/backend","audit":true,"event":"auth.login.mfa_required","userId":"dddddddd-dddd-4ddd-8ddd-dddddddddddd","email":"manager@clinic-a.au","clinicId":"11111111-1111-4111-8111-111111111111","ipAddress":"::ffff:127.0.0.1","msg":"Auth audit: auth.login.mfa_required"}
{"level":30,"time":"2026-06-24T03:05:48.515Z","service":"@verve/backend","audit":true,"event":"auth.mfa.success","userId":"dddddddd-dddd-4ddd-8ddd-dddddddddddd","email":"manager@clinic-a.au","clinicId":"11111111-1111-4111-8111-111111111111","ipAddress":"::ffff:127.0.0.1","msg":"Auth audit: auth.mfa.success"}
{"level":40,"time":"2026-06-24T03:05:48.521Z","service":"@verve/backend","msg":"DATABASE_URL not set ΓÇö using in-memory repositories (state lost on restart)"}
{"level":30,"time":"2026-06-24T03:05:48.524Z","service":"@verve/backend","audit":true,"event":"purchase_order.csv_exported","userId":"dddddddd-dddd-4ddd-8ddd-dddddddddddd","clinicId":"11111111-1111-4111-8111-111111111111","msg":"Audit: purchase_order.csv_exported"}
{"level":40,"time":"2026-06-24T03:05:48.535Z","service":"@verve/backend","msg":"DATABASE_URL not set ΓÇö using in-memory repositories (state lost on restart)"}
{"level":30,"time":"2026-06-24T03:05:48.539Z","service":"@verve/backend","audit":true,"event":"auth.login.success","userId":"bbbbbbbb-bbbb-4bbb-8bbb-bbbbbbbbbbbb","email":"staff@clinic-a.au","clinicId":"11111111-1111-4111-8111-111111111111","ipAddress":"::ffff:127.0.0.1","msg":"Auth audit: auth.login.success"}
{"level":40,"time":"2026-06-24T03:05:48.550Z","service":"@verve/backend","msg":"DATABASE_URL not set ΓÇö using in-memory repositories (state lost on restart)"}
{"level":40,"time":"2026-06-24T03:05:48.564Z","service":"@verve/backend","msg":"DATABASE_URL not set ΓÇö using in-memory repositories (state lost on restart)"}
{"level":40,"time":"2026-06-24T03:05:48.592Z","service":"@verve/backend","msg":"DATABASE_URL not set ΓÇö using in-memory repositories (state lost on restart)"}
{"level":40,"time":"2026-06-24T03:05:48.600Z","service":"@verve/backend","msg":"DATABASE_URL not set ΓÇö using in-memory repositories (state lost on restart)"}
{"level":30,"time":"2026-06-24T03:05:48.612Z","service":"@verve/backend","audit":true,"event":"auth.login.mfa_enrollment_required","userId":"eeeeeeee-eeee-4eee-8eee-eeeeeeeeeeee","email":"admin-nomfa@clinic-a.au","clinicId":"11111111-1111-4111-8111-111111111111","role":"owner_admin","ipAddress":"::ffff:127.0.0.1","msg":"Auth audit: auth.login.mfa_enrollment_required"}
{"level":40,"time":"2026-06-24T03:05:48.613Z","service":"@verve/backend","msg":"DATABASE_URL not set ΓÇö using in-memory repositories (state lost on restart)"}
{"level":30,"time":"2026-06-24T03:05:48.617Z","service":"@verve/backend","audit":true,"event":"auth.unauthorized","reason":"invalid_token","ipAddress":"::ffff:127.0.0.1","msg":"Auth audit: auth.unauthorized"}
{"level":30,"time":"2026-06-24T03:05:48.628Z","service":"@verve/backend","audit":true,"event":"auth.login.mfa_required","userId":"dddddddd-dddd-4ddd-8ddd-dddddddddddd","email":"manager@clinic-a.au","clinicId":"11111111-1111-4111-8111-111111111111","ipAddress":"::ffff:127.0.0.1","msg":"Auth audit: auth.login.mfa_required"}
{"level":30,"time":"2026-06-24T03:05:48.629Z","service":"@verve/backend","audit":true,"event":"auth.login.mfa_required","userId":"dddddddd-dddd-4ddd-8ddd-dddddddddddd","email":"manager@clinic-a.au","clinicId":"11111111-1111-4111-8111-111111111111","ipAddress":"::ffff:127.0.0.1","msg":"Auth audit: auth.login.mfa_required"}
{"level":30,"time":"2026-06-24T03:05:48.633Z","service":"@verve/backend","audit":true,"event":"auth.mfa.success","userId":"dddddddd-dddd-4ddd-8ddd-dddddddddddd","email":"manager@clinic-a.au","clinicId":"11111111-1111-4111-8111-111111111111","ipAddress":"::ffff:127.0.0.1","msg":"Auth audit: auth.mfa.success"}
{"level":30,"time":"2026-06-24T03:05:48.633Z","service":"@verve/backend","audit":true,"event":"auth.mfa.success","userId":"dddddddd-dddd-4ddd-8ddd-dddddddddddd","email":"manager@clinic-a.au","clinicId":"11111111-1111-4111-8111-111111111111","ipAddress":"::ffff:127.0.0.1","msg":"Auth audit: auth.mfa.success"}
{"level":30,"time":"2026-06-24T03:05:48.646Z","service":"@verve/backend","audit":true,"event":"auth.login.success","userId":"bbbbbbbb-bbbb-4bbb-8bbb-bbbbbbbbbbbb","email":"staff@clinic-a.au","clinicId":"11111111-1111-4111-8111-111111111111","ipAddress":"::ffff:127.0.0.1","msg":"Auth audit: auth.login.success"}
{"level":30,"time":"2026-06-24T03:05:48.658Z","service":"@verve/backend","audit":true,"event":"auth.login.mfa_required","userId":"dddddddd-dddd-4ddd-8ddd-dddddddddddd","email":"manager@clinic-a.au","clinicId":"11111111-1111-4111-8111-111111111111","ipAddress":"::ffff:127.0.0.1","msg":"Auth audit: auth.login.mfa_required"}
{"level":30,"time":"2026-06-24T03:05:48.671Z","service":"@verve/backend","audit":true,"event":"auth.mfa.success","userId":"dddddddd-dddd-4ddd-8ddd-dddddddddddd","email":"manager@clinic-a.au","clinicId":"11111111-1111-4111-8111-111111111111","ipAddress":"::ffff:127.0.0.1","msg":"Auth audit: auth.mfa.success"}
{"level":30,"time":"2026-06-24T03:05:48.674Z","service":"@verve/backend","audit":true,"event":"supplier.created","userId":"dddddddd-dddd-4ddd-8ddd-dddddddddddd","resourceId":"62931a08-e8d2-4d94-ac63-095a908b35d5","msg":"Audit: supplier.created"}
{"level":30,"time":"2026-06-24T03:05:48.677Z","service":"@verve/backend","audit":true,"event":"supplier.updated","userId":"dddddddd-dddd-4ddd-8ddd-dddddddddddd","resourceId":"62931a08-e8d2-4d94-ac63-095a908b35d5","msg":"Audit: supplier.updated"}
{"level":30,"time":"2026-06-24T03:05:48.687Z","service":"@verve/backend","audit":true,"event":"auth.login.mfa_required","userId":"dddddddd-dddd-4ddd-8ddd-dddddddddddd","email":"manager@clinic-a.au","clinicId":"11111111-1111-4111-8111-111111111111","ipAddress":"::ffff:127.0.0.1","msg":"Auth audit: auth.login.mfa_required"}
{"level":30,"time":"2026-06-24T03:05:48.693Z","service":"@verve/backend","audit":true,"event":"auth.login.mfa_required","userId":"dddddddd-dddd-4ddd-8ddd-dddddddddddd","email":"manager@clinic-a.au","clinicId":"11111111-1111-4111-8111-111111111111","ipAddress":"::ffff:127.0.0.1","msg":"Auth audit: auth.login.mfa_required"}
{"level":30,"time":"2026-06-24T03:05:48.692Z","service":"@verve/backend","audit":true,"event":"auth.mfa.success","userId":"dddddddd-dddd-4ddd-8ddd-dddddddddddd","email":"manager@clinic-a.au","clinicId":"11111111-1111-4111-8111-111111111111","ipAddress":"::ffff:127.0.0.1","msg":"Auth audit: auth.mfa.success"}
{"level":30,"time":"2026-06-24T03:05:48.698Z","service":"@verve/backend","audit":true,"event":"supplier_invoice.uploaded","userId":"dddddddd-dddd-4ddd-8ddd-dddddddddddd","resourceId":"3f61dd48-c308-4489-964f-54dff7355624","msg":"Audit: supplier_invoice.uploaded"}
{"level":30,"time":"2026-06-24T03:05:48.699Z","service":"@verve/backend","audit":true,"event":"auth.mfa.success","userId":"dddddddd-dddd-4ddd-8ddd-dddddddddddd","email":"manager@clinic-a.au","clinicId":"11111111-1111-4111-8111-111111111111","ipAddress":"::ffff:127.0.0.1","msg":"Auth audit: auth.mfa.success"}
{"level":30,"time":"2026-06-24T03:05:48.702Z","service":"@verve/backend","audit":true,"event":"supplier.created","userId":"dddddddd-dddd-4ddd-8ddd-dddddddddddd","resourceId":"f167d54d-a732-42a2-8c31-2f2a762f566e","msg":"Audit: supplier.created"}
{"level":30,"time":"2026-06-24T03:05:48.709Z","service":"@verve/backend","audit":true,"event":"supplier_invoice.confirmed","userId":"dddddddd-dddd-4ddd-8ddd-dddddddddddd","resourceId":"3f61dd48-c308-4489-964f-54dff7355624","msg":"Audit: supplier_invoice.confirmed"}
{"level":40,"time":"2026-06-24T03:05:48.710Z","service":"@verve/backend","msg":"DATABASE_URL not set ΓÇö using in-memory repositories (state lost on restart)"}
{"level":30,"time":"2026-06-24T03:05:48.710Z","service":"@verve/backend","audit":true,"event":"user.created","userId":"cccccccc-cccc-4ccc-8ccc-cccccccccccc","email":"admin@clinic-b.au","clinicId":"11111111-1111-4111-8111-111111111111","resourceId":"2bc5e132-f6d5-4f11-8d9d-bc3fe2741169","msg":"Auth audit: user.created"}
{"level":30,"time":"2026-06-24T03:05:48.715Z","service":"@verve/backend","audit":true,"event":"auth.login.mfa_required","userId":"dddddddd-dddd-4ddd-8ddd-dddddddddddd","email":"manager@clinic-a.au","clinicId":"11111111-1111-4111-8111-111111111111","ipAddress":"::ffff:127.0.0.1","msg":"Auth audit: auth.login.mfa_required"}
{"level":30,"time":"2026-06-24T03:05:48.721Z","service":"@verve/backend","audit":true,"event":"auth.mfa.success","userId":"dddddddd-dddd-4ddd-8ddd-dddddddddddd","email":"manager@clinic-a.au","clinicId":"11111111-1111-4111-8111-111111111111","ipAddress":"::ffff:127.0.0.1","msg":"Auth audit: auth.mfa.success"}
{"level":40,"time":"2026-06-24T03:05:48.730Z","service":"@verve/backend","msg":"DATABASE_URL not set ΓÇö using in-memory repositories (state lost on restart)"}
{"level":30,"time":"2026-06-24T03:05:48.730Z","service":"@verve/backend","audit":true,"event":"purchase_order.csv_exported","userId":"dddddddd-dddd-4ddd-8ddd-dddddddddddd","clinicId":"11111111-1111-4111-8111-111111111111","msg":"Audit: purchase_order.csv_exported"}
{"level":30,"time":"2026-06-24T03:05:48.742Z","service":"@verve/backend","audit":true,"event":"auth.unauthorized","reason":"missing_token","ipAddress":"::ffff:127.0.0.1","msg":"Auth audit: auth.unauthorized"}
{"level":40,"time":"2026-06-24T03:05:48.742Z","service":"@verve/backend","msg":"DATABASE_URL not set ΓÇö using in-memory repositories (state lost on restart)"}
{"level":40,"time":"2026-06-24T03:05:48.765Z","service":"@verve/backend","msg":"DATABASE_URL not set ΓÇö using in-memory repositories (state lost on restart)"}
{"level":40,"time":"2026-06-24T03:05:48.791Z","service":"@verve/backend","msg":"DATABASE_URL not set ΓÇö using in-memory repositories (state lost on restart)"}
{"level":40,"time":"2026-06-24T03:05:48.801Z","service":"@verve/backend","msg":"DATABASE_URL not set ΓÇö using in-memory repositories (state lost on restart)"}
{"level":30,"time":"2026-06-24T03:05:48.802Z","service":"@verve/backend","audit":true,"event":"auth.login.mfa_enrollment_required","userId":"eeeeeeee-eeee-4eee-8eee-eeeeeeeeeeee","email":"admin-nomfa@clinic-a.au","clinicId":"11111111-1111-4111-8111-111111111111","role":"owner_admin","ipAddress":"::ffff:127.0.0.1","msg":"Auth audit: auth.login.mfa_enrollment_required"}
{"level":30,"time":"2026-06-24T03:05:48.808Z","service":"@verve/backend","audit":true,"event":"auth.unauthorized","reason":"invalid_token","ipAddress":"::ffff:127.0.0.1","msg":"Auth audit: auth.unauthorized"}
{"level":40,"time":"2026-06-24T03:05:48.814Z","service":"@verve/backend","msg":"DATABASE_URL not set ΓÇö using in-memory repositories (state lost on restart)"}
{"level":40,"time":"2026-06-24T03:05:48.821Z","service":"@verve/backend","msg":"DATABASE_URL not set ΓÇö using in-memory repositories (state lost on restart)"}
{"level":40,"time":"2026-06-24T03:05:48.832Z","service":"@verve/backend","msg":"DATABASE_URL not set ΓÇö using in-memory repositories (state lost on restart)"}
{"level":30,"time":"2026-06-24T03:05:48.842Z","service":"@verve/backend","audit":true,"event":"auth.login.mfa_required","userId":"aaaaaaaa-aaaa-4aaa-8aaa-aaaaaaaaaaaa","email":"admin@clinic-a.au","clinicId":"11111111-1111-4111-8111-111111111111","ipAddress":"::ffff:127.0.0.1","msg":"Auth audit: auth.login.mfa_required"}
{"level":30,"time":"2026-06-24T03:05:48.849Z","service":"@verve/backend","audit":true,"event":"auth.mfa.success","userId":"aaaaaaaa-aaaa-4aaa-8aaa-aaaaaaaaaaaa","email":"admin@clinic-a.au","clinicId":"11111111-1111-4111-8111-111111111111","ipAddress":"::ffff:127.0.0.1","msg":"Auth audit: auth.mfa.success"}
{"level":30,"time":"2026-06-24T03:05:48.860Z","service":"@verve/backend","audit":true,"event":"auth.login.mfa_required","userId":"dddddddd-dddd-4ddd-8ddd-dddddddddddd","email":"manager@clinic-a.au","clinicId":"11111111-1111-4111-8111-111111111111","ipAddress":"::ffff:127.0.0.1","msg":"Auth audit: auth.login.mfa_required"}
{"level":30,"time":"2026-06-24T03:05:48.865Z","service":"@verve/backend","audit":true,"event":"auth.mfa.success","userId":"dddddddd-dddd-4ddd-8ddd-dddddddddddd","email":"manager@clinic-a.au","clinicId":"11111111-1111-4111-8111-111111111111","ipAddress":"::ffff:127.0.0.1","msg":"Auth audit: auth.mfa.success"}
{"level":30,"time":"2026-06-24T03:05:48.868Z","service":"@verve/backend","audit":true,"event":"supplier.created","userId":"dddddddd-dddd-4ddd-8ddd-dddddddddddd","resourceId":"346bd7b3-9557-4d63-998e-dd94faecde48","msg":"Audit: supplier.created"}
{"level":30,"time":"2026-06-24T03:05:48.871Z","service":"@verve/backend","audit":true,"event":"supplier.updated","userId":"dddddddd-dddd-4ddd-8ddd-dddddddddddd","resourceId":"346bd7b3-9557-4d63-998e-dd94faecde48","msg":"Audit: supplier.updated"}
{"level":30,"time":"2026-06-24T03:05:48.895Z","service":"@verve/backend","audit":true,"event":"auth.login.success","userId":"bbbbbbbb-bbbb-4bbb-8bbb-bbbbbbbbbbbb","email":"staff@clinic-a.au","clinicId":"11111111-1111-4111-8111-111111111111","ipAddress":"::ffff:127.0.0.1","msg":"Auth audit: auth.login.success"}
{"level":30,"time":"2026-06-24T03:05:48.896Z","service":"@verve/backend","audit":true,"event":"auth.login.mfa_required","userId":"cccccccc-cccc-4ccc-8ccc-cccccccccccc","email":"admin@clinic-b.au","clinicId":"22222222-2222-4222-8222-222222222222","ipAddress":"::ffff:127.0.0.1","msg":"Auth audit: auth.login.mfa_required"}
{"level":40,"time":"2026-06-24T03:05:48.902Z","service":"@verve/backend","msg":"DATABASE_URL not set ΓÇö using in-memory repositories (state lost on restart)"}
PASS tests/supplierInvoiceApi.test.ts (6.608 s)
PASS tests/authSession.test.ts (6.651 s)
{"level":30,"time":"2026-06-24T03:05:48.903Z","service":"@verve/backend","audit":true,"event":"auth.mfa.success","userId":"cccccccc-cccc-4ccc-8ccc-cccccccccccc","email":"admin@clinic-b.au","clinicId":"22222222-2222-4222-8222-222222222222","ipAddress":"::ffff:127.0.0.1","msg":"Auth audit: auth.mfa.success"}
{"level":30,"time":"2026-06-24T03:05:48.909Z","service":"@verve/backend","audit":true,"event":"auth.login.mfa_required","userId":"dddddddd-dddd-4ddd-8ddd-dddddddddddd","email":"manager@clinic-a.au","clinicId":"11111111-1111-4111-8111-111111111111","ipAddress":"::ffff:127.0.0.1","msg":"Auth audit: auth.login.mfa_required"}
{"level":30,"time":"2026-06-24T03:05:48.915Z","service":"@verve/backend","audit":true,"event":"auth.mfa.success","userId":"dddddddd-dddd-4ddd-8ddd-dddddddddddd","email":"manager@clinic-a.au","clinicId":"11111111-1111-4111-8111-111111111111","ipAddress":"::ffff:127.0.0.1","msg":"Auth audit: auth.mfa.success"}
{"level":30,"time":"2026-06-24T03:05:48.917Z","service":"@verve/backend","audit":true,"event":"auth.login.mfa_required","userId":"dddddddd-dddd-4ddd-8ddd-dddddddddddd","email":"manager@clinic-a.au","clinicId":"11111111-1111-4111-8111-111111111111","ipAddress":"::ffff:127.0.0.1","msg":"Auth audit: auth.login.mfa_required"}
{"level":30,"time":"2026-06-24T03:05:48.919Z","service":"@verve/backend","audit":true,"event":"supplier_invoice.uploaded","userId":"dddddddd-dddd-4ddd-8ddd-dddddddddddd","resourceId":"e117d501-fffb-48d6-b3a7-956440aa0e6b","msg":"Audit: supplier_invoice.uploaded"}
{"level":30,"time":"2026-06-24T03:05:48.922Z","service":"@verve/backend","audit":true,"event":"supplier.created","userId":"dddddddd-dddd-4ddd-8ddd-dddddddddddd","resourceId":"8abb8b9e-f928-41db-af29-e4fcebf9ccc3","msg":"Audit: supplier.created"}
{"level":30,"time":"2026-06-24T03:05:48.922Z","service":"@verve/backend","audit":true,"event":"auth.mfa.success","userId":"dddddddd-dddd-4ddd-8ddd-dddddddddddd","email":"manager@clinic-a.au","clinicId":"11111111-1111-4111-8111-111111111111","ipAddress":"::ffff:127.0.0.1","msg":"Auth audit: auth.mfa.success"}
{"level":30,"time":"2026-06-24T03:05:48.927Z","service":"@verve/backend","audit":true,"event":"auth.login.success","userId":"bbbbbbbb-bbbb-4bbb-8bbb-bbbbbbbbbbbb","email":"staff@clinic-a.au","clinicId":"11111111-1111-4111-8111-111111111111","ipAddress":"::ffff:127.0.0.1","msg":"Auth audit: auth.login.success"}
{"level":30,"time":"2026-06-24T03:05:48.926Z","service":"@verve/backend","audit":true,"event":"purchase_order.csv_exported","userId":"dddddddd-dddd-4ddd-8ddd-dddddddddddd","clinicId":"11111111-1111-4111-8111-111111111111","msg":"Audit: purchase_order.csv_exported"}
{"level":30,"time":"2026-06-24T03:05:48.931Z","service":"@verve/backend","audit":true,"event":"supplier_invoice.confirmed","userId":"dddddddd-dddd-4ddd-8ddd-dddddddddddd","resourceId":"e117d501-fffb-48d6-b3a7-956440aa0e6b","msg":"Audit: supplier_invoice.confirmed"}
{"level":40,"time":"2026-06-24T03:05:48.941Z","service":"@verve/backend","msg":"DATABASE_URL not set ΓÇö using in-memory repositories (state lost on restart)"}
{"level":40,"time":"2026-06-24T03:05:48.962Z","service":"@verve/backend","msg":"DATABASE_URL not set ΓÇö using in-memory repositories (state lost on restart)"}
{"level":40,"time":"2026-06-24T03:05:48.987Z","service":"@verve/backend","msg":"DATABASE_URL not set ΓÇö using in-memory repositories (state lost on restart)"}
{"level":30,"time":"2026-06-24T03:05:48.988Z","service":"@verve/backend","audit":true,"event":"auth.password.reset","userId":"dddddddd-dddd-4ddd-8ddd-dddddddddddd","email":"manager@clinic-a.au","clinicId":"11111111-1111-4111-8111-111111111111","resourceId":"bbbbbbbb-bbbb-4bbb-8bbb-bbbbbbbbbbbb","msg":"Auth audit: auth.password.reset"}
{"level":30,"time":"2026-06-24T03:05:48.997Z","service":"@verve/backend","audit":true,"event":"auth.login.mfa_enrollment_required","userId":"eeeeeeee-eeee-4eee-8eee-eeeeeeeeeeee","email":"admin-nomfa@clinic-a.au","clinicId":"11111111-1111-4111-8111-111111111111","role":"owner_admin","ipAddress":"::ffff:127.0.0.1","msg":"Auth audit: auth.login.mfa_enrollment_required"}
{"level":30,"time":"2026-06-24T03:05:48.998Z","service":"@verve/backend","audit":true,"event":"auth.refresh.success","userId":"dddddddd-dddd-4ddd-8ddd-dddddddddddd","email":"manager@clinic-a.au","clinicId":"11111111-1111-4111-8111-111111111111","ipAddress":"::ffff:127.0.0.1","msg":"Auth audit: auth.refresh.success"}
{"level":30,"time":"2026-06-24T03:05:49.003Z","service":"@verve/backend","audit":true,"event":"auth.mfa.failure","reason":"invalid_mfa_token","ipAddress":"::ffff:127.0.0.1","msg":"Auth audit: auth.mfa.failure"}
PASS tests/clinicApi.test.ts (6.75 s)
{"level":40,"time":"2026-06-24T03:05:49.015Z","service":"@verve/backend","msg":"DATABASE_URL not set ΓÇö using in-memory repositories (state lost on restart)"}
{"level":40,"time":"2026-06-24T03:05:49.023Z","service":"@verve/backend","msg":"DATABASE_URL not set ΓÇö using in-memory repositories (state lost on restart)"}
{"level":30,"time":"2026-06-24T03:05:49.034Z","service":"@verve/backend","audit":true,"event":"auth.login.mfa_required","userId":"aaaaaaaa-aaaa-4aaa-8aaa-aaaaaaaaaaaa","email":"admin@clinic-a.au","clinicId":"11111111-1111-4111-8111-111111111111","ipAddress":"::ffff:127.0.0.1","msg":"Auth audit: auth.login.mfa_required"}
{"level":30,"time":"2026-06-24T03:05:49.041Z","service":"@verve/backend","audit":true,"event":"auth.mfa.success","userId":"aaaaaaaa-aaaa-4aaa-8aaa-aaaaaaaaaaaa","email":"admin@clinic-a.au","clinicId":"11111111-1111-4111-8111-111111111111","ipAddress":"::ffff:127.0.0.1","msg":"Auth audit: auth.mfa.success"}
{"level":30,"time":"2026-06-24T03:05:49.046Z","service":"@verve/backend","audit":true,"event":"user.permission.granted","userId":"aaaaaaaa-aaaa-4aaa-8aaa-aaaaaaaaaaaa","email":"admin@clinic-a.au","clinicId":"11111111-1111-4111-8111-111111111111","resourceId":"bbbbbbbb-bbbb-4bbb-8bbb-bbbbbbbbbbbb","role":"owner_admin","msg":"Audit: user.permission.granted"}
{"level":30,"time":"2026-06-24T03:05:49.059Z","service":"@verve/backend","audit":true,"event":"auth.login.mfa_required","userId":"dddddddd-dddd-4ddd-8ddd-dddddddddddd","email":"manager@clinic-a.au","clinicId":"11111111-1111-4111-8111-111111111111","ipAddress":"::ffff:127.0.0.1","msg":"Auth audit: auth.login.mfa_required"}
{"level":30,"time":"2026-06-24T03:05:49.065Z","service":"@verve/backend","audit":true,"event":"auth.mfa.success","userId":"dddddddd-dddd-4ddd-8ddd-dddddddddddd","email":"manager@clinic-a.au","clinicId":"11111111-1111-4111-8111-111111111111","ipAddress":"::ffff:127.0.0.1","msg":"Auth audit: auth.mfa.success"}
{"level":30,"time":"2026-06-24T03:05:49.083Z","service":"@verve/backend","audit":true,"event":"auth.login.mfa_required","userId":"aaaaaaaa-aaaa-4aaa-8aaa-aaaaaaaaaaaa","email":"admin@clinic-a.au","clinicId":"11111111-1111-4111-8111-111111111111","ipAddress":"::ffff:127.0.0.1","msg":"Auth audit: auth.login.mfa_required"}
{"level":30,"time":"2026-06-24T03:05:49.089Z","service":"@verve/backend","audit":true,"event":"auth.mfa.success","userId":"aaaaaaaa-aaaa-4aaa-8aaa-aaaaaaaaaaaa","email":"admin@clinic-a.au","clinicId":"11111111-1111-4111-8111-111111111111","ipAddress":"::ffff:127.0.0.1","msg":"Auth audit: auth.mfa.success"}
{"level":40,"time":"2026-06-24T03:05:49.095Z","service":"@verve/backend","msg":"DATABASE_URL not set ΓÇö using in-memory repositories (state lost on restart)"}
{"level":30,"time":"2026-06-24T03:05:49.109Z","service":"@verve/backend","audit":true,"event":"auth.login.mfa_required","userId":"dddddddd-dddd-4ddd-8ddd-dddddddddddd","email":"manager@clinic-a.au","clinicId":"11111111-1111-4111-8111-111111111111","ipAddress":"::ffff:127.0.0.1","msg":"Auth audit: auth.login.mfa_required"}
{"level":30,"time":"2026-06-24T03:05:49.114Z","service":"@verve/backend","audit":true,"event":"auth.mfa.success","userId":"dddddddd-dddd-4ddd-8ddd-dddddddddddd","email":"manager@clinic-a.au","clinicId":"11111111-1111-4111-8111-111111111111","ipAddress":"::ffff:127.0.0.1","msg":"Auth audit: auth.mfa.success"}
PASS tests/permissionApi.test.ts (6.796 s)
PASS tests/mfaEnrollmentEnforcement.test.ts (6.831 s)
{"level":30,"time":"2026-06-24T03:05:49.119Z","service":"@verve/backend","audit":true,"event":"auth.login.mfa_required","userId":"dddddddd-dddd-4ddd-8ddd-dddddddddddd","email":"manager@clinic-a.au","clinicId":"11111111-1111-4111-8111-111111111111","ipAddress":"::ffff:127.0.0.1","msg":"Auth audit: auth.login.mfa_required"}
{"level":30,"time":"2026-06-24T03:05:49.123Z","service":"@verve/backend","audit":true,"event":"purchase_order.submitted","userId":"dddddddd-dddd-4ddd-8ddd-dddddddddddd","clinicId":"11111111-1111-4111-8111-111111111111","resourceId":"8043e434-971a-432f-a837-405c7c320c29","msg":"Audit: purchase_order.submitted"}
{"level":30,"time":"2026-06-24T03:05:49.126Z","service":"@verve/backend","audit":true,"event":"auth.mfa.success","userId":"dddddddd-dddd-4ddd-8ddd-dddddddddddd","email":"manager@clinic-a.au","clinicId":"11111111-1111-4111-8111-111111111111","ipAddress":"::ffff:127.0.0.1","msg":"Auth audit: auth.mfa.success"}
{"level":30,"time":"2026-06-24T03:05:49.127Z","service":"@verve/backend","audit":true,"event":"purchase_order.csv_exported","userId":"dddddddd-dddd-4ddd-8ddd-dddddddddddd","clinicId":"11111111-1111-4111-8111-111111111111","msg":"Audit: purchase_order.csv_exported"}
{"level":30,"time":"2026-06-24T03:05:49.142Z","service":"@verve/backend","audit":true,"event":"auth.login.success","userId":"bbbbbbbb-bbbb-4bbb-8bbb-bbbbbbbbbbbb","email":"staff@clinic-a.au","clinicId":"11111111-1111-4111-8111-111111111111","ipAddress":"::ffff:127.0.0.1","msg":"Auth audit: auth.login.success"}
{"level":40,"time":"2026-06-24T03:05:49.162Z","service":"@verve/backend","msg":"DATABASE_URL not set ΓÇö using in-memory repositories (state lost on restart)"}
{"level":30,"time":"2026-06-24T03:05:49.197Z","service":"@verve/backend","audit":true,"event":"auth.login.failure","email":"admin-nomfa@clinic-a.au","userId":"eeeeeeee-eeee-4eee-8eee-eeeeeeeeeeee","clinicId":"11111111-1111-4111-8111-111111111111","reason":"invalid_credentials","ipAddress":"::ffff:127.0.0.1","msg":"Auth audit: auth.login.failure"}
{"level":40,"time":"2026-06-24T03:05:49.219Z","service":"@verve/backend","msg":"DATABASE_URL not set ΓÇö using in-memory repositories (state lost on restart)"}
{"level":40,"time":"2026-06-24T03:05:49.225Z","service":"@verve/backend","msg":"DATABASE_URL not set ΓÇö using in-memory repositories (state lost on restart)"}
{"level":30,"time":"2026-06-24T03:05:49.255Z","service":"@verve/backend","audit":true,"event":"user.created","userId":"cccccccc-cccc-4ccc-8ccc-cccccccccccc","email":"admin@clinic-b.au","clinicId":"11111111-1111-4111-8111-111111111111","resourceId":"b0fd36a8-edf2-4e2a-b34f-893cd926359d","msg":"Auth audit: user.created"}
{"level":30,"time":"2026-06-24T03:05:49.260Z","service":"@verve/backend","audit":true,"event":"auth.login.mfa_required","userId":"dddddddd-dddd-4ddd-8ddd-dddddddddddd","email":"manager@clinic-a.au","clinicId":"11111111-1111-4111-8111-111111111111","ipAddress":"::ffff:127.0.0.1","msg":"Auth audit: auth.login.mfa_required"}
{"level":30,"time":"2026-06-24T03:05:49.266Z","service":"@verve/backend","audit":true,"event":"auth.mfa.success","userId":"dddddddd-dddd-4ddd-8ddd-dddddddddddd","email":"manager@clinic-a.au","clinicId":"11111111-1111-4111-8111-111111111111","ipAddress":"::ffff:127.0.0.1","msg":"Auth audit: auth.mfa.success"}
{"level":30,"time":"2026-06-24T03:05:49.270Z","service":"@verve/backend","audit":true,"event":"supplier.created","userId":"dddddddd-dddd-4ddd-8ddd-dddddddddddd","resourceId":"95644601-73a6-4dea-8e83-56f0c99df406","msg":"Audit: supplier.created"}
{"level":30,"time":"2026-06-24T03:05:49.315Z","service":"@verve/backend","audit":true,"event":"auth.login.success","userId":"bbbbbbbb-bbbb-4bbb-8bbb-bbbbbbbbbbbb","email":"staff@clinic-a.au","clinicId":"11111111-1111-4111-8111-111111111111","ipAddress":"::ffff:127.0.0.1","msg":"Auth audit: auth.login.success"}
{"level":30,"time":"2026-06-24T03:05:49.321Z","service":"@verve/backend","audit":true,"event":"auth.login.mfa_required","userId":"dddddddd-dddd-4ddd-8ddd-dddddddddddd","email":"manager@clinic-a.au","clinicId":"11111111-1111-4111-8111-111111111111","ipAddress":"::ffff:127.0.0.1","msg":"Auth audit: auth.login.mfa_required"}
{"level":30,"time":"2026-06-24T03:05:49.328Z","service":"@verve/backend","audit":true,"event":"auth.mfa.success","userId":"dddddddd-dddd-4ddd-8ddd-dddddddddddd","email":"manager@clinic-a.au","clinicId":"11111111-1111-4111-8111-111111111111","ipAddress":"::ffff:127.0.0.1","msg":"Auth audit: auth.mfa.success"}
{"level":40,"time":"2026-06-24T03:05:49.347Z","service":"@verve/backend","msg":"DATABASE_URL not set ΓÇö using in-memory repositories (state lost on restart)"}
{"level":40,"time":"2026-06-24T03:05:49.371Z","service":"@verve/backend","msg":"DATABASE_URL not set ΓÇö using in-memory repositories (state lost on restart)"}
{"level":40,"time":"2026-06-24T03:05:49.408Z","service":"@verve/backend","msg":"DATABASE_URL not set ΓÇö using in-memory repositories (state lost on restart)"}
{"level":40,"time":"2026-06-24T03:05:49.429Z","service":"@verve/backend","msg":"DATABASE_URL not set ΓÇö using in-memory repositories (state lost on restart)"}
{"level":30,"time":"2026-06-24T03:05:49.444Z","service":"@verve/backend","audit":true,"event":"auth.unauthorized","reason":"missing_token","ipAddress":"::ffff:127.0.0.1","msg":"Auth audit: auth.unauthorized"}
{"level":30,"time":"2026-06-24T03:05:49.452Z","service":"@verve/backend","audit":true,"event":"auth.login.mfa_required","userId":"cccccccc-cccc-4ccc-8ccc-cccccccccccc","email":"admin@clinic-b.au","clinicId":"22222222-2222-4222-8222-222222222222","ipAddress":"::ffff:127.0.0.1","msg":"Auth audit: auth.login.mfa_required"}
{"level":30,"time":"2026-06-24T03:05:49.462Z","service":"@verve/backend","audit":true,"event":"auth.mfa.success","userId":"cccccccc-cccc-4ccc-8ccc-cccccccccccc","email":"admin@clinic-b.au","clinicId":"22222222-2222-4222-8222-222222222222","ipAddress":"::ffff:127.0.0.1","msg":"Auth audit: auth.mfa.success"}
{"level":30,"time":"2026-06-24T03:05:49.473Z","service":"@verve/backend","audit":true,"event":"auth.login.mfa_required","userId":"dddddddd-dddd-4ddd-8ddd-dddddddddddd","email":"manager@clinic-a.au","clinicId":"11111111-1111-4111-8111-111111111111","ipAddress":"::ffff:127.0.0.1","msg":"Auth audit: auth.login.mfa_required"}
{"level":30,"time":"2026-06-24T03:05:49.481Z","service":"@verve/backend","audit":true,"event":"auth.mfa.success","userId":"dddddddd-dddd-4ddd-8ddd-dddddddddddd","email":"manager@clinic-a.au","clinicId":"11111111-1111-4111-8111-111111111111","ipAddress":"::ffff:127.0.0.1","msg":"Auth audit: auth.mfa.success"}
{"level":30,"time":"2026-06-24T03:05:49.511Z","service":"@verve/backend","audit":true,"event":"auth.login.mfa_required","userId":"dddddddd-dddd-4ddd-8ddd-dddddddddddd","email":"manager@clinic-a.au","clinicId":"11111111-1111-4111-8111-111111111111","ipAddress":"::ffff:127.0.0.1","msg":"Auth audit: auth.login.mfa_required"}
{"level":30,"time":"2026-06-24T03:05:49.518Z","service":"@verve/backend","audit":true,"event":"auth.mfa.success","userId":"dddddddd-dddd-4ddd-8ddd-dddddddddddd","email":"manager@clinic-a.au","clinicId":"11111111-1111-4111-8111-111111111111","ipAddress":"::ffff:127.0.0.1","msg":"Auth audit: auth.mfa.success"}
{"level":40,"time":"2026-06-24T03:05:49.544Z","service":"@verve/backend","msg":"DATABASE_URL not set ΓÇö using in-memory repositories (state lost on restart)"}
PASS tests/supplierApi.test.ts (5.208 s)
FAIL tests/rlsHardening.test.ts (7.333 s)
  ΓùÅ RLS hardening ΓÇö users table no-context block ΓÇ║ SELECT without any context returns 0 rows (no NULL bypass)

    error: SSL/TLS required

    [0m [90m 221 |[39m   it([32m"SELECT without any context returns 0 rows (no NULL bypass)"[39m[33m,[39m [36masync[39m () [33m=>[39m {
     [90m 222 |[39m     [36mif[39m ([33mSKIP[39m) [36mreturn[39m[33m;[39m
    [31m[1m>[22m[39m[90m 223 |[39m     [36mconst[39m client [33m=[39m [36mawait[39m pool[33m.[39mconnect()[33m;[39m
     [90m     |[39m                    [31m[1m^[22m[39m
     [90m 224 |[39m     [36mtry[39m {
     [90m 225 |[39m       [36mawait[39m client[33m.[39mquery([32m"BEGIN"[39m)[33m;[39m
     [90m 226 |[39m       [90m// Switch to non-superuser role so FORCE ROW LEVEL SECURITY is applied.[39m[0m

      at ../node_modules/pg-pool/index.js:45:11
      at Object.<anonymous> (tests/rlsHardening.test.ts:223:20)

  ΓùÅ RLS hardening ΓÇö users table no-context block ΓÇ║ owner_admin context can read users across clinics

    read ECONNRESET

    [0m [90m 91 |[39m   ownerAdmin [33m=[39m [36mfalse[39m[33m,[39m
     [90m 92 |[39m )[33m:[39m [33mPromise[39m[33m<[39m[33mT[39m[33m>[39m {
    [31m[1m>[22m[39m[90m 93 |[39m   [36mconst[39m client [33m=[39m [36mawait[39m pool[33m.[39mconnect()[33m;[39m
     [90m    |[39m                  [31m[1m^[22m[39m
     [90m 94 |[39m   [36mtry[39m {
     [90m 95 |[39m     [36mawait[39m client[33m.[39mquery([32m"BEGIN"[39m)[33m;[39m
     [90m 96 |[39m     [36mawait[39m client[33m.[39mquery([0m

      at ../node_modules/pg-pool/index.js:45:11
      at withTenantContext (src/db/tenantContext.ts:93:18)
      at Object.<anonymous> (tests/rlsHardening.test.ts:247:22)

  ΓùÅ RLS hardening ΓÇö auth lookup path ΓÇ║ findByEmail equivalent works via owner_admin context

    error: SSL/TLS required

    [0m [90m 91 |[39m   ownerAdmin [33m=[39m [36mfalse[39m[33m,[39m
     [90m 92 |[39m )[33m:[39m [33mPromise[39m[33m<[39m[33mT[39m[33m>[39m {
    [31m[1m>[22m[39m[90m 93 |[39m   [36mconst[39m client [33m=[39m [36mawait[39m pool[33m.[39mconnect()[33m;[39m
     [90m    |[39m                  [31m[1m^[22m[39m
     [90m 94 |[39m   [36mtry[39m {
     [90m 95 |[39m     [36mawait[39m client[33m.[39mquery([32m"BEGIN"[39m)[33m;[39m
     [90m 96 |[39m     [36mawait[39m client[33m.[39mquery([0m

      at ../node_modules/pg-pool/index.js:45:11
      at withTenantContext (src/db/tenantContext.ts:93:18)
      at Object.<anonymous> (tests/rlsHardening.test.ts:260:22)

  ΓùÅ RLS hardening ΓÇö auth lookup path ΓÇ║ findById equivalent works via owner_admin context

    error: SSL/TLS required

    [0m [90m 91 |[39m   ownerAdmin [33m=[39m [36mfalse[39m[33m,[39m
     [90m 92 |[39m )[33m:[39m [33mPromise[39m[33m<[39m[33mT[39m[33m>[39m {
    [31m[1m>[22m[39m[90m 93 |[39m   [36mconst[39m client [33m=[39m [36mawait[39m pool[33m.[39mconnect()[33m;[39m
     [90m    |[39m                  [31m[1m^[22m[39m
     [90m 94 |[39m   [36mtry[39m {
     [90m 95 |[39m     [36mawait[39m client[33m.[39mquery([32m"BEGIN"[39m)[33m;[39m
     [90m 96 |[39m     [36mawait[39m client[33m.[39mquery([0m

      at ../node_modules/pg-pool/index.js:45:11
      at withTenantContext (src/db/tenantContext.ts:93:18)
      at Object.<anonymous> (tests/rlsHardening.test.ts:273:22)

  ΓùÅ RLS hardening ΓÇö inventory_adjustments is append-only ΓÇ║ SELECT is allowed in correct clinic context

    read ECONNRESET

    [0m [90m 91 |[39m   ownerAdmin [33m=[39m [36mfalse[39m[33m,[39m
     [90m 92 |[39m )[33m:[39m [33mPromise[39m[33m<[39m[33mT[39m[33m>[39m {
    [31m[1m>[22m[39m[90m 93 |[39m   [36mconst[39m client [33m=[39m [36mawait[39m pool[33m.[39mconnect()[33m;[39m
     [90m    |[39m                  [31m[1m^[22m[39m
     [90m 94 |[39m   [36mtry[39m {
     [90m 95 |[39m     [36mawait[39m client[33m.[39mquery([32m"BEGIN"[39m)[33m;[39m
     [90m 96 |[39m     [36mawait[39m client[33m.[39mquery([0m

      at ../node_modules/pg-pool/index.js:45:11
      at withTenantContext (src/db/tenantContext.ts:93:18)
      at Object.<anonymous> (tests/rlsHardening.test.ts:293:29)

  ΓùÅ RLS hardening ΓÇö inventory_adjustments is append-only ΓÇ║ DELETE is blocked at RLS layer (no DELETE policy)

    read ECONNRESET

    [0m [90m 91 |[39m   ownerAdmin [33m=[39m [36mfalse[39m[33m,[39m
     [90m 92 |[39m )[33m:[39m [33mPromise[39m[33m<[39m[33mT[39m[33m>[39m {
    [31m[1m>[22m[39m[90m 93 |[39m   [36mconst[39m client [33m=[39m [36mawait[39m pool[33m.[39mconnect()[33m;[39m
     [90m    |[39m                  [31m[1m^[22m[39m
     [90m 94 |[39m   [36mtry[39m {
     [90m 95 |[39m     [36mawait[39m client[33m.[39mquery([32m"BEGIN"[39m)[33m;[39m
     [90m 96 |[39m     [36mawait[39m client[33m.[39mquery([0m

      at ../node_modules/pg-pool/index.js:45:11
      at withTenantContext (src/db/tenantContext.ts:93:18)
      at Object.<anonymous> (tests/rlsHardening.test.ts:293:29)

  ΓùÅ RLS hardening ΓÇö inventory_adjustments is append-only ΓÇ║ UPDATE is blocked at RLS layer (no UPDATE policy)

    read ECONNRESET

    [0m [90m 91 |[39m   ownerAdmin [33m=[39m [36mfalse[39m[33m,[39m
     [90m 92 |[39m )[33m:[39m [33mPromise[39m[33m<[39m[33mT[39m[33m>[39m {
    [31m[1m>[22m[39m[90m 93 |[39m   [36mconst[39m client [33m=[39m [36mawait[39m pool[33m.[39mconnect()[33m;[39m
     [90m    |[39m                  [31m[1m^[22m[39m
     [90m 94 |[39m   [36mtry[39m {
     [90m 95 |[39m     [36mawait[39m client[33m.[39mquery([32m"BEGIN"[39m)[33m;[39m
     [90m 96 |[39m     [36mawait[39m client[33m.[39mquery([0m

      at ../node_modules/pg-pool/index.js:45:11
      at withTenantContext (src/db/tenantContext.ts:93:18)
      at Object.<anonymous> (tests/rlsHardening.test.ts:293:29)

  ΓùÅ RLS hardening ΓÇö audit_events is append-only ΓÇ║ SELECT is allowed in correct clinic context

    error: SSL/TLS required

    [0m [90m 91 |[39m   ownerAdmin [33m=[39m [36mfalse[39m[33m,[39m
     [90m 92 |[39m )[33m:[39m [33mPromise[39m[33m<[39m[33mT[39m[33m>[39m {
    [31m[1m>[22m[39m[90m 93 |[39m   [36mconst[39m client [33m=[39m [36mawait[39m pool[33m.[39mconnect()[33m;[39m
     [90m    |[39m                  [31m[1m^[22m[39m
     [90m 94 |[39m   [36mtry[39m {
     [90m 95 |[39m     [36mawait[39m client[33m.[39mquery([32m"BEGIN"[39m)[33m;[39m
     [90m 96 |[39m     [36mawait[39m client[33m.[39mquery([0m

      at ../node_modules/pg-pool/index.js:45:11
      at withTenantContext (src/db/tenantContext.ts:93:18)
      at Object.<anonymous> (tests/rlsHardening.test.ts:364:5)

  ΓùÅ RLS hardening ΓÇö audit_events is append-only ΓÇ║ DELETE is blocked at RLS layer (no DELETE policy on audit_events)

    error: SSL/TLS required

    [0m [90m 91 |[39m   ownerAdmin [33m=[39m [36mfalse[39m[33m,[39m
     [90m 92 |[39m )[33m:[39m [33mPromise[39m[33m<[39m[33mT[39m[33m>[39m {
    [31m[1m>[22m[39m[90m 93 |[39m   [36mconst[39m client [33m=[39m [36mawait[39m pool[33m.[39mconnect()[33m;[39m
     [90m    |[39m                  [31m[1m^[22m[39m
     [90m 94 |[39m   [36mtry[39m {
     [90m 95 |[39m     [36mawait[39m client[33m.[39mquery([32m"BEGIN"[39m)[33m;[39m
     [90m 96 |[39m     [36mawait[39m client[33m.[39mquery([0m

      at ../node_modules/pg-pool/index.js:45:11
      at withTenantContext (src/db/tenantContext.ts:93:18)
      at Object.<anonymous> (tests/rlsHardening.test.ts:364:5)

  ΓùÅ RLS hardening ΓÇö audit_events is append-only ΓÇ║ UPDATE is blocked at RLS layer (no UPDATE policy on audit_events)

    error: SSL/TLS required

    [0m [90m 91 |[39m   ownerAdmin [33m=[39m [36mfalse[39m[33m,[39m
     [90m 92 |[39m )[33m:[39m [33mPromise[39m[33m<[39m[33mT[39m[33m>[39m {
    [31m[1m>[22m[39m[90m 93 |[39m   [36mconst[39m client [33m=[39m [36mawait[39m pool[33m.[39mconnect()[33m;[39m
     [90m    |[39m                  [31m[1m^[22m[39m
     [90m 94 |[39m   [36mtry[39m {
     [90m 95 |[39m     [36mawait[39m client[33m.[39mquery([32m"BEGIN"[39m)[33m;[39m
     [90m 96 |[39m     [36mawait[39m client[33m.[39mquery([0m

      at ../node_modules/pg-pool/index.js:45:11
      at withTenantContext (src/db/tenantContext.ts:93:18)
      at Object.<anonymous> (tests/rlsHardening.test.ts:364:5)

  ΓùÅ RLS hardening ΓÇö audit_events is append-only ΓÇ║ Clinic B cannot access Clinic A audit events

    error: SSL/TLS required

    [0m [90m 91 |[39m   ownerAdmin [33m=[39m [36mfalse[39m[33m,[39m
     [90m 92 |[39m )[33m:[39m [33mPromise[39m[33m<[39m[33mT[39m[33m>[39m {
    [31m[1m>[22m[39m[90m 93 |[39m   [36mconst[39m client [33m=[39m [36mawait[39m pool[33m.[39mconnect()[33m;[39m
     [90m    |[39m                  [31m[1m^[22m[39m
     [90m 94 |[39m   [36mtry[39m {
     [90m 95 |[39m     [36mawait[39m client[33m.[39mquery([32m"BEGIN"[39m)[33m;[39m
     [90m 96 |[39m     [36mawait[39m client[33m.[39mquery([0m

      at ../node_modules/pg-pool/index.js:45:11
      at withTenantContext (src/db/tenantContext.ts:93:18)
      at Object.<anonymous> (tests/rlsHardening.test.ts:364:5)

  ΓùÅ RLS hardening ΓÇö seed bootstrap validation ΓÇ║ clinics table has at least 2 rows (seedClinics ran before seedDemoUsers)

    read ECONNRESET

    [0m [90m 426 |[39m     [36mif[39m ([33mSKIP[39m) [36mreturn[39m[33m;[39m
     [90m 427 |[39m     [90m// clinics has no RLS ΓÇö query without context[39m
    [31m[1m>[22m[39m[90m 428 |[39m     [36mconst[39m { rows } [33m=[39m [36mawait[39m pool[33m.[39mquery[33m<[39m{ 
count[33m:[39m string }[33m>[39m(
     [90m     |[39m                      [31m[1m^[22m[39m
     [90m 429 |[39m       [32m"SELECT COUNT(*)::text AS count FROM clinics"[39m[33m,[39m
     [90m 430 |[39m     )[33m;[39m
     [90m 431 |[39m     expect(parseInt(rows[[35m0[39m][33m?[39m[33m.[39mcount [33m?[39m[33m?[39m [32m"0"[39m[33m,[39m 
[35m10[39m))[33m.[39mtoBeGreaterThanOrEqual([35m2[39m)[33m;[39m[0m

      at ../node_modules/pg-pool/index.js:45:11
      at Object.<anonymous> (tests/rlsHardening.test.ts:428:22)

  ΓùÅ RLS hardening ΓÇö seed bootstrap validation ΓÇ║ users table has rows (seedDemoUsers succeeded under FORCE RLS)

    read ECONNRESET

    [0m [90m 91 |[39m   ownerAdmin [33m=[39m [36mfalse[39m[33m,[39m
     [90m 92 |[39m )[33m:[39m [33mPromise[39m[33m<[39m[33mT[39m[33m>[39m {
    [31m[1m>[22m[39m[90m 93 |[39m   [36mconst[39m client [33m=[39m [36mawait[39m pool[33m.[39mconnect()[33m;[39m
     [90m    |[39m                  [31m[1m^[22m[39m
     [90m 94 |[39m   [36mtry[39m {
     [90m 95 |[39m     [36mawait[39m client[33m.[39mquery([32m"BEGIN"[39m)[33m;[39m
     [90m 96 |[39m     [36mawait[39m client[33m.[39mquery([0m

      at ../node_modules/pg-pool/index.js:45:11
      at withTenantContext (src/db/tenantContext.ts:93:18)
      at Object.<anonymous> (tests/rlsHardening.test.ts:436:22)

  ΓùÅ RLS hardening ΓÇö seed bootstrap validation ΓÇ║ clinic_inventory_items has rows (seedInventory succeeded under FORCE RLS)

    error: SSL/TLS required

    [0m [90m 91 |[39m   ownerAdmin [33m=[39m [36mfalse[39m[33m,[39m
     [90m 92 |[39m )[33m:[39m [33mPromise[39m[33m<[39m[33mT[39m[33m>[39m {
    [31m[1m>[22m[39m[90m 93 |[39m   [36mconst[39m client [33m=[39m [36mawait[39m pool[33m.[39mconnect()[33m;[39m
     [90m    |[39m                  [31m[1m^[22m[39m
     [90m 94 |[39m   [36mtry[39m {
     [90m 95 |[39m     [36mawait[39m client[33m.[39mquery([32m"BEGIN"[39m)[33m;[39m
     [90m 96 |[39m     [36mawait[39m client[33m.[39mquery([0m

      at ../node_modules/pg-pool/index.js:45:11
      at withTenantContext (src/db/tenantContext.ts:93:18)
      at Object.<anonymous> (tests/rlsHardening.test.ts:446:22)

  ΓùÅ RLS hardening ΓÇö pool hook fail-closed (integration) ΓÇ║ withTenantContext owner_admin SELECT works on users table

    error: SSL/TLS required

    [0m [90m 91 |[39m   ownerAdmin [33m=[39m [36mfalse[39m[33m,[39m
     [90m 92 |[39m )[33m:[39m [33mPromise[39m[33m<[39m[33mT[39m[33m>[39m {
    [31m[1m>[22m[39m[90m 93 |[39m   [36mconst[39m client [33m=[39m [36mawait[39m pool[33m.[39mconnect()[33m;[39m
     [90m    |[39m                  [31m[1m^[22m[39m
     [90m 94 |[39m   [36mtry[39m {
     [90m 95 |[39m     [36mawait[39m client[33m.[39mquery([32m"BEGIN"[39m)[33m;[39m
     [90m 96 |[39m     [36mawait[39m client[33m.[39mquery([0m

      at ../node_modules/pg-pool/index.js:45:11
      at withTenantContext (src/db/tenantContext.ts:93:18)
      at Object.<anonymous> (tests/rlsHardening.test.ts:463:22)

  ΓùÅ RLS hardening ΓÇö payment_records is append-only ΓÇ║ SELECT is allowed in the correct clinic context

    read ECONNRESET

    [0m [90m 91 |[39m   ownerAdmin [33m=[39m [36mfalse[39m[33m,[39m
     [90m 92 |[39m )[33m:[39m [33mPromise[39m[33m<[39m[33mT[39m[33m>[39m {
    [31m[1m>[22m[39m[90m 93 |[39m   [36mconst[39m client [33m=[39m [36mawait[39m pool[33m.[39mconnect()[33m;[39m
     [90m    |[39m                  [31m[1m^[22m[39m
     [90m 94 |[39m   [36mtry[39m {
     [90m 95 |[39m     [36mawait[39m client[33m.[39mquery([32m"BEGIN"[39m)[33m;[39m
     [90m 96 |[39m     [36mawait[39m client[33m.[39mquery([0m

{"level":30,"time":"2026-06-24T03:05:49.578Z","service":"@verve/backend","audit":true,"event":"auth.login.success","userId":"bbbbbbbb-bbbb-4bbb-8bbb-bbbbbbbbbbbb","email":"staff@clinic-a.au","clinicId":"11111111-1111-4111-8111-111111111111","ipAddress":"::ffff:127.0.0.1","msg":"Auth audit: auth.login.success"}
{"level":30,"time":"2026-06-24T03:05:49.584Z","service":"@verve/backend","audit":true,"event":"supplier.created","userId":"dddddddd-dddd-4ddd-8ddd-dddddddddddd","resourceId":"660d086f-70c1-4035-ab44-b5dac6a2dd1b","msg":"Audit: supplier.created"}
{"level":40,"time":"2026-06-24T03:05:49.632Z","service":"@verve/backend","msg":"DATABASE_URL not set ΓÇö using in-memory repositories (state lost on restart)"}
{"level":30,"time":"2026-06-24T03:05:49.660Z","service":"@verve/backend","audit":true,"event":"auth.login.success","userId":"bbbbbbbb-bbbb-4bbb-8bbb-bbbbbbbbbbbb","email":"staff@clinic-a.au","clinicId":"11111111-1111-4111-8111-111111111111","ipAddress":"::ffff:127.0.0.1","msg":"Auth audit: auth.login.success"}
      at ../node_modules/pg-pool/index.js:45:11
      at withTenantContext (src/db/tenantContext.ts:93:18)
      at Object.<anonymous> (tests/rlsHardening.test.ts:480:5)

  ΓùÅ RLS hardening ΓÇö payment_records is append-only ΓÇ║ DELETE is blocked at RLS layer (no DELETE policy on payment_records)

    read ECONNRESET

    [0m [90m 91 |[39m   ownerAdmin [33m=[39m [36mfalse[39m[33m,[39m
     [90m 92 |[39m )[33m:[39m [33mPromise[39m[33m<[39m[33mT[39m[33m>[39m {
    [31m[1m>[22m[39m[90m 93 |[39m   [36mconst[39m client [33m=[39m [36mawait[39m pool[33m.[39mconnect()[33m;[39m
     [90m    |[39m                  [31m[1m^[22m[39m
     [90m 94 |[39m   [36mtry[39m {
     [90m 95 |[39m     [36mawait[39m client[33m.[39mquery([32m"BEGIN"[39m)[33m;[39m
     [90m 96 |[39m     [36mawait[39m client[33m.[39mquery([0m

      at ../node_modules/pg-pool/index.js:45:11
      at withTenantContext (src/db/tenantContext.ts:93:18)
      at Object.<anonymous> (tests/rlsHardening.test.ts:480:5)

  ΓùÅ RLS hardening ΓÇö payment_records is append-only ΓÇ║ UPDATE is blocked at RLS layer (no UPDATE policy on payment_records)

    read ECONNRESET

    [0m [90m 91 |[39m   ownerAdmin [33m=[39m [36mfalse[39m[33m,[39m
     [90m 92 |[39m )[33m:[39m [33mPromise[39m[33m<[39m[33mT[39m[33m>[39m {
    [31m[1m>[22m[39m[90m 93 |[39m   [36mconst[39m client [33m=[39m [36mawait[39m pool[33m.[39mconnect()[33m;[39m
     [90m    |[39m                  [31m[1m^[22m[39m
     [90m 94 |[39m   [36mtry[39m {
     [90m 95 |[39m     [36mawait[39m client[33m.[39mquery([32m"BEGIN"[39m)[33m;[39m
     [90m 96 |[39m     [36mawait[39m client[33m.[39mquery([0m

      at ../node_modules/pg-pool/index.js:45:11
      at withTenantContext (src/db/tenantContext.ts:93:18)
      at Object.<anonymous> (tests/rlsHardening.test.ts:480:5)

  ΓùÅ RLS hardening ΓÇö payment_records is append-only ΓÇ║ Clinic B cannot access Clinic A payment records

    read ECONNRESET

    [0m [90m 91 |[39m   ownerAdmin [33m=[39m [36mfalse[39m[33m,[39m
     [90m 92 |[39m )[33m:[39m [33mPromise[39m[33m<[39m[33mT[39m[33m>[39m {
    [31m[1m>[22m[39m[90m 93 |[39m   [36mconst[39m client [33m=[39m [36mawait[39m pool[33m.[39mconnect()[33m;[39m
     [90m    |[39m                  [31m[1m^[22m[39m
     [90m 94 |[39m   [36mtry[39m {
     [90m 95 |[39m     [36mawait[39m client[33m.[39mquery([32m"BEGIN"[39m)[33m;[39m
     [90m 96 |[39m     [36mawait[39m client[33m.[39mquery([0m

      at ../node_modules/pg-pool/index.js:45:11
      at withTenantContext (src/db/tenantContext.ts:93:18)
      at Object.<anonymous> (tests/rlsHardening.test.ts:480:5)

  ΓùÅ RLS hardening ΓÇö roster_entry_audit is append-only ΓÇ║ SELECT is allowed in the correct clinic context

    error: SSL/TLS required

    [0m [90m 91 |[39m   ownerAdmin [33m=[39m [36mfalse[39m[33m,[39m
     [90m 92 |[39m )[33m:[39m [33mPromise[39m[33m<[39m[33mT[39m[33m>[39m {
    [31m[1m>[22m[39m[90m 93 |[39m   [36mconst[39m client [33m=[39m [36mawait[39m pool[33m.[39mconnect()[33m;[39m
     [90m    |[39m                  [31m[1m^[22m[39m
     [90m 94 |[39m   [36mtry[39m {
     [90m 95 |[39m     [36mawait[39m client[33m.[39mquery([32m"BEGIN"[39m)[33m;[39m
     [90m 96 |[39m     [36mawait[39m client[33m.[39mquery([0m

      at ../node_modules/pg-pool/index.js:45:11
      at withTenantContext (src/db/tenantContext.ts:93:18)
      at Object.<anonymous> (tests/rlsHardening.test.ts:569:5)

  ΓùÅ RLS hardening ΓÇö roster_entry_audit is append-only ΓÇ║ DELETE is blocked at RLS layer (no DELETE policy on roster_entry_audit)

    error: SSL/TLS required

    [0m [90m 91 |[39m   ownerAdmin [33m=[39m [36mfalse[39m[33m,[39m
     [90m 92 |[39m )[33m:[39m [33mPromise[39m[33m<[39m[33mT[39m[33m>[39m {
    [31m[1m>[22m[39m[90m 93 |[39m   [36mconst[39m client [33m=[39m [36mawait[39m pool[33m.[39mconnect()[33m;[39m
     [90m    |[39m                  [31m[1m^[22m[39m
     [90m 94 |[39m   [36mtry[39m {
     [90m 95 |[39m     [36mawait[39m client[33m.[39mquery([32m"BEGIN"[39m)[33m;[39m
     [90m 96 |[39m     [36mawait[39m client[33m.[39mquery([0m

      at ../node_modules/pg-pool/index.js:45:11
      at withTenantContext (src/db/tenantContext.ts:93:18)
      at Object.<anonymous> (tests/rlsHardening.test.ts:569:5)

  ΓùÅ RLS hardening ΓÇö roster_entry_audit is append-only ΓÇ║ UPDATE is blocked at RLS layer (no UPDATE policy on roster_entry_audit)

    error: SSL/TLS required

    [0m [90m 91 |[39m   ownerAdmin [33m=[39m [36mfalse[39m[33m,[39m
     [90m 92 |[39m )[33m:[39m [33mPromise[39m[33m<[39m[33mT[39m[33m>[39m {
    [31m[1m>[22m[39m[90m 93 |[39m   [36mconst[39m client [33m=[39m [36mawait[39m pool[33m.[39mconnect()[33m;[39m
     [90m    |[39m                  [31m[1m^[22m[39m
     [90m 94 |[39m   [36mtry[39m {
     [90m 95 |[39m     [36mawait[39m client[33m.[39mquery([32m"BEGIN"[39m)[33m;[39m
     [90m 96 |[39m     [36mawait[39m client[33m.[39mquery([0m

      at ../node_modules/pg-pool/index.js:45:11
      at withTenantContext (src/db/tenantContext.ts:93:18)
      at Object.<anonymous> (tests/rlsHardening.test.ts:569:5)

  ΓùÅ RLS hardening ΓÇö roster_entry_audit is append-only ΓÇ║ Clinic B cannot access Clinic A roster audit rows

    error: SSL/TLS required

    [0m [90m 91 |[39m   ownerAdmin [33m=[39m [36mfalse[39m[33m,[39m
     [90m 92 |[39m )[33m:[39m [33mPromise[39m[33m<[39m[33mT[39m[33m>[39m {
    [31m[1m>[22m[39m[90m 93 |[39m   [36mconst[39m client [33m=[39m [36mawait[39m pool[33m.[39mconnect()[33m;[39m
     [90m    |[39m                  [31m[1m^[22m[39m
     [90m 94 |[39m   [36mtry[39m {
     [90m 95 |[39m     [36mawait[39m client[33m.[39mquery([32m"BEGIN"[39m)[33m;[39m
     [90m 96 |[39m     [36mawait[39m client[33m.[39mquery([0m

      at ../node_modules/pg-pool/index.js:45:11
      at withTenantContext (src/db/tenantContext.ts:93:18)
      at Object.<anonymous> (tests/rlsHardening.test.ts:569:5)

{"level":30,"time":"2026-06-24T03:05:49.739Z","service":"@verve/backend","audit":true,"event":"auth.login.mfa_required","userId":"dddddddd-dddd-4ddd-8ddd-dddddddddddd","email":"manager@clinic-a.au","clinicId":"11111111-1111-4111-8111-111111111111","ipAddress":"::ffff:127.0.0.1","msg":"Auth audit: auth.login.mfa_required"}
{"level":40,"time":"2026-06-24T03:05:49.742Z","service":"@verve/backend","msg":"DATABASE_URL not set ΓÇö using in-memory repositories (state lost on restart)"}
{"level":30,"time":"2026-06-24T03:05:49.745Z","service":"@verve/backend","audit":true,"event":"auth.mfa.success","userId":"dddddddd-dddd-4ddd-8ddd-dddddddddddd","email":"manager@clinic-a.au","clinicId":"11111111-1111-4111-8111-111111111111","ipAddress":"::ffff:127.0.0.1","msg":"Auth audit: auth.mfa.success"}
{"level":40,"time":"2026-06-24T03:05:49.775Z","service":"@verve/backend","msg":"DATABASE_URL not set ΓÇö using in-memory repositories (state lost on restart)"}
{"level":40,"time":"2026-06-24T03:05:49.791Z","service":"@verve/backend","msg":"DATABASE_URL not set ΓÇö using in-memory repositories (state lost on restart)"}
{"level":30,"time":"2026-06-24T03:05:49.839Z","service":"@verve/backend","audit":true,"event":"user.created","userId":"cccccccc-cccc-4ccc-8ccc-cccccccccccc","email":"admin@clinic-b.au","clinicId":"11111111-1111-4111-8111-111111111111","resourceId":"6f0257ae-5dc4-4baf-b832-078f5b707703","msg":"Auth audit: user.created"}
{"level":40,"time":"2026-06-24T03:05:49.860Z","service":"@verve/backend","msg":"DATABASE_URL not set ΓÇö using in-memory repositories (state lost on restart)"}
{"level":30,"time":"2026-06-24T03:05:49.878Z","service":"@verve/backend","audit":true,"event":"auth.login.mfa_required","userId":"dddddddd-dddd-4ddd-8ddd-dddddddddddd","email":"manager@clinic-a.au","clinicId":"11111111-1111-4111-8111-111111111111","ipAddress":"::ffff:127.0.0.1","msg":"Auth audit: auth.login.mfa_required"}
{"level":30,"time":"2026-06-24T03:05:49.885Z","service":"@verve/backend","audit":true,"event":"auth.mfa.success","userId":"dddddddd-dddd-4ddd-8ddd-dddddddddddd","email":"manager@clinic-a.au","clinicId":"11111111-1111-4111-8111-111111111111","ipAddress":"::ffff:127.0.0.1","msg":"Auth audit: auth.mfa.success"}
{"level":30,"time":"2026-06-24T03:05:49.901Z","service":"@verve/backend","audit":true,"event":"auth.login.success","userId":"bbbbbbbb-bbbb-4bbb-8bbb-bbbbbbbbbbbb","email":"staff@clinic-a.au","clinicId":"11111111-1111-4111-8111-111111111111","ipAddress":"::ffff:127.0.0.1","msg":"Auth audit: auth.login.success"}
{"level":40,"time":"2026-06-24T03:05:49.936Z","service":"@verve/backend","msg":"DATABASE_URL not set ΓÇö using in-memory repositories (state lost on restart)"}
{"level":40,"time":"2026-06-24T03:05:49.938Z","service":"@verve/backend","msg":"DATABASE_URL not set ΓÇö using in-memory repositories (state lost on restart)"}
{"level":40,"time":"2026-06-24T03:05:49.949Z","service":"@verve/backend","msg":"DATABASE_URL not set ΓÇö using in-memory repositories (state lost on restart)"}
{"level":30,"time":"2026-06-24T03:05:49.955Z","service":"@verve/backend","audit":true,"event":"auth.login.mfa_required","userId":"dddddddd-dddd-4ddd-8ddd-dddddddddddd","email":"manager@clinic-a.au","clinicId":"11111111-1111-4111-8111-111111111111","ipAddress":"::ffff:127.0.0.1","msg":"Auth audit: auth.login.mfa_required"}
{"level":30,"time":"2026-06-24T03:05:49.965Z","service":"@verve/backend","audit":true,"event":"auth.login.mfa_required","userId":"dddddddd-dddd-4ddd-8ddd-dddddddddddd","email":"manager@clinic-a.au","clinicId":"11111111-1111-4111-8111-111111111111","ipAddress":"::ffff:127.0.0.1","msg":"Auth audit: auth.login.mfa_required"}
{"level":30,"time":"2026-06-24T03:05:49.972Z","service":"@verve/backend","audit":true,"event":"auth.mfa.success","userId":"dddddddd-dddd-4ddd-8ddd-dddddddddddd","email":"manager@clinic-a.au","clinicId":"11111111-1111-4111-8111-111111111111","ipAddress":"::ffff:127.0.0.1","msg":"Auth audit: auth.mfa.success"}
{"level":30,"time":"2026-06-24T03:05:49.974Z","service":"@verve/backend","audit":true,"event":"auth.mfa.success","userId":"dddddddd-dddd-4ddd-8ddd-dddddddddddd","email":"manager@clinic-a.au","clinicId":"11111111-1111-4111-8111-111111111111","ipAddress":"::ffff:127.0.0.1","msg":"Auth audit: auth.mfa.success"}
{"level":40,"time":"2026-06-24T03:05:49.988Z","service":"@verve/backend","msg":"DATABASE_URL not set ΓÇö using in-memory repositories (state lost on restart)"}
{"level":40,"time":"2026-06-24T03:05:50.002Z","service":"@verve/backend","msg":"DATABASE_URL not set ΓÇö using in-memory repositories (state lost on restart)"}
{"level":40,"time":"2026-06-24T03:05:50.018Z","service":"@verve/backend","msg":"DATABASE_URL not set ΓÇö using in-memory repositories (state lost on restart)"}
{"level":30,"time":"2026-06-24T03:05:50.064Z","service":"@verve/backend","audit":true,"event":"auth.login.mfa_required","userId":"dddddddd-dddd-4ddd-8ddd-dddddddddddd","email":"manager@clinic-a.au","clinicId":"11111111-1111-4111-8111-111111111111","ipAddress":"::ffff:127.0.0.1","msg":"Auth audit: auth.login.mfa_required"}
{"level":30,"time":"2026-06-24T03:05:50.070Z","service":"@verve/backend","audit":true,"event":"auth.mfa.success","userId":"dddddddd-dddd-4ddd-8ddd-dddddddddddd","email":"manager@clinic-a.au","clinicId":"11111111-1111-4111-8111-111111111111","ipAddress":"::ffff:127.0.0.1","msg":"Auth audit: auth.mfa.success"}
{"level":40,"time":"2026-06-24T03:05:50.082Z","service":"@verve/backend","msg":"DATABASE_URL not set ΓÇö using in-memory repositories (state lost on restart)"}
{"level":30,"time":"2026-06-24T03:05:50.088Z","service":"@verve/backend","audit":true,"event":"auth.login.mfa_required","userId":"cccccccc-cccc-4ccc-8ccc-cccccccccccc","email":"admin@clinic-b.au","clinicId":"22222222-2222-4222-8222-222222222222","ipAddress":"::ffff:127.0.0.1","msg":"Auth audit: auth.login.mfa_required"}
{"level":40,"time":"2026-06-24T03:05:50.097Z","service":"@verve/backend","msg":"DATABASE_URL not set ΓÇö using in-memory repositories (state lost on restart)"}
{"level":30,"time":"2026-06-24T03:05:50.102Z","service":"@verve/backend","audit":true,"event":"auth.login.mfa_required","userId":"dddddddd-dddd-4ddd-8ddd-dddddddddddd","email":"manager@clinic-a.au","clinicId":"11111111-1111-4111-8111-111111111111","ipAddress":"::ffff:127.0.0.1","msg":"Auth audit: auth.login.mfa_required"}
{"level":30,"time":"2026-06-24T03:05:50.105Z","service":"@verve/backend","audit":true,"event":"auth.mfa.success","userId":"cccccccc-cccc-4ccc-8ccc-cccccccccccc","email":"admin@clinic-b.au","clinicId":"22222222-2222-4222-8222-222222222222","ipAddress":"::ffff:127.0.0.1","msg":"Auth audit: auth.mfa.success"}
{"level":30,"time":"2026-06-24T03:05:50.106Z","service":"@verve/backend","audit":true,"event":"auth.login.success","userId":"bbbbbbbb-bbbb-4bbb-8bbb-bbbbbbbbbbbb","email":"staff@clinic-a.au","clinicId":"11111111-1111-4111-8111-111111111111","ipAddress":"::ffff:127.0.0.1","msg":"Auth audit: auth.login.success"}
{"level":30,"time":"2026-06-24T03:05:50.108Z","service":"@verve/backend","audit":true,"event":"auth.mfa.success","userId":"dddddddd-dddd-4ddd-8ddd-dddddddddddd","email":"manager@clinic-a.au","clinicId":"11111111-1111-4111-8111-111111111111","ipAddress":"::ffff:127.0.0.1","msg":"Auth audit: auth.mfa.success"}
{"level":30,"time":"2026-06-24T03:05:50.111Z","service":"@verve/backend","audit":true,"event":"auth.unauthorized","reason":"missing_token","ipAddress":"::ffff:127.0.0.1","msg":"Auth audit: auth.unauthorized"}
{"level":30,"time":"2026-06-24T03:05:50.122Z","service":"@verve/backend","audit":true,"event":"auth.login.success","userId":"bbbbbbbb-bbbb-4bbb-8bbb-bbbbbbbbbbbb","email":"staff@clinic-a.au","clinicId":"11111111-1111-4111-8111-111111111111","ipAddress":"::ffff:127.0.0.1","msg":"Auth audit: auth.login.success"}
{"level":40,"time":"2026-06-24T03:05:50.163Z","service":"@verve/backend","msg":"DATABASE_URL not set ΓÇö using in-memory repositories (state lost on restart)"}
{"level":30,"time":"2026-06-24T03:05:50.185Z","service":"@verve/backend","audit":true,"event":"auth.login.mfa_required","userId":"dddddddd-dddd-4ddd-8ddd-dddddddddddd","email":"manager@clinic-a.au","clinicId":"11111111-1111-4111-8111-111111111111","ipAddress":"::ffff:127.0.0.1","msg":"Auth audit: auth.login.mfa_required"}
{"level":30,"time":"2026-06-24T03:05:50.191Z","service":"@verve/backend","audit":true,"event":"auth.mfa.success","userId":"dddddddd-dddd-4ddd-8ddd-dddddddddddd","email":"manager@clinic-a.au","clinicId":"11111111-1111-4111-8111-111111111111","ipAddress":"::ffff:127.0.0.1","msg":"Auth audit: auth.mfa.success"}
{"level":40,"time":"2026-06-24T03:05:50.210Z","service":"@verve/backend","msg":"DATABASE_URL not set ΓÇö using in-memory repositories (state lost on restart)"}
{"level":40,"time":"2026-06-24T03:05:50.222Z","service":"@verve/backend","msg":"DATABASE_URL not set ΓÇö using in-memory repositories (state lost on restart)"}
{"level":40,"time":"2026-06-24T03:05:50.223Z","service":"@verve/backend","msg":"DATABASE_URL not set ΓÇö using in-memory repositories (state lost on restart)"}
{"level":40,"time":"2026-06-24T03:05:50.222Z","service":"@verve/backend","msg":"DATABASE_URL not set ΓÇö using in-memory repositories (state lost on restart)"}
{"level":40,"time":"2026-06-24T03:05:50.227Z","service":"@verve/backend","msg":"DATABASE_URL not set ΓÇö using in-memory repositories (state lost on restart)"}
{"level":40,"time":"2026-06-24T03:05:50.278Z","service":"@verve/backend","msg":"DATABASE_URL not set ΓÇö using in-memory repositories (state lost on restart)"}
{"level":30,"time":"2026-06-24T03:05:50.291Z","service":"@verve/backend","audit":true,"event":"auth.login.mfa_required","userId":"aaaaaaaa-aaaa-4aaa-8aaa-aaaaaaaaaaaa","email":"admin@clinic-a.au","clinicId":"11111111-1111-4111-8111-111111111111","ipAddress":"::ffff:127.0.0.1","msg":"Auth audit: auth.login.mfa_required"}
{"level":30,"time":"2026-06-24T03:05:50.297Z","service":"@verve/backend","audit":true,"event":"auth.mfa.success","userId":"aaaaaaaa-aaaa-4aaa-8aaa-aaaaaaaaaaaa","email":"admin@clinic-a.au","clinicId":"11111111-1111-4111-8111-111111111111","ipAddress":"::ffff:127.0.0.1","msg":"Auth audit: auth.mfa.success"}
{"level":30,"time":"2026-06-24T03:05:50.326Z","service":"@verve/backend","audit":true,"event":"auth.login.mfa_required","userId":"aaaaaaaa-aaaa-4aaa-8aaa-aaaaaaaaaaaa","email":"admin@clinic-a.au","clinicId":"11111111-1111-4111-8111-111111111111","ipAddress":"::ffff:127.0.0.1","msg":"Auth audit: auth.login.mfa_required"}
{"level":30,"time":"2026-06-24T03:05:50.330Z","service":"@verve/backend","audit":true,"event":"auth.login.success","userId":"bbbbbbbb-bbbb-4bbb-8bbb-bbbbbbbbbbbb","email":"staff@clinic-a.au","clinicId":"11111111-1111-4111-8111-111111111111","ipAddress":"::ffff:127.0.0.1","msg":"Auth audit: auth.login.success"}
{"level":30,"time":"2026-06-24T03:05:50.328Z","service":"@verve/backend","audit":true,"event":"auth.login.mfa_required","userId":"aaaaaaaa-aaaa-4aaa-8aaa-aaaaaaaaaaaa","email":"admin@clinic-a.au","clinicId":"11111111-1111-4111-8111-111111111111","ipAddress":"::ffff:127.0.0.1","msg":"Auth audit: auth.login.mfa_required"}
{"level":30,"time":"2026-06-24T03:05:50.334Z","service":"@verve/backend","audit":true,"event":"auth.login.mfa_required","userId":"cccccccc-cccc-4ccc-8ccc-cccccccccccc","email":"admin@clinic-b.au","clinicId":"22222222-2222-4222-8222-222222222222","ipAddress":"::ffff:127.0.0.1","msg":"Auth audit: auth.login.mfa_required"}
{"level":30,"time":"2026-06-24T03:05:50.334Z","service":"@verve/backend","audit":true,"event":"auth.login.mfa_required","userId":"cccccccc-cccc-4ccc-8ccc-cccccccccccc","email":"admin@clinic-b.au","clinicId":"22222222-2222-4222-8222-222222222222","ipAddress":"::ffff:127.0.0.1","msg":"Auth audit: auth.login.mfa_required"}
{"level":30,"time":"2026-06-24T03:05:50.335Z","service":"@verve/backend","audit":true,"event":"auth.mfa.success","userId":"aaaaaaaa-aaaa-4aaa-8aaa-aaaaaaaaaaaa","email":"admin@clinic-a.au","clinicId":"11111111-1111-4111-8111-111111111111","ipAddress":"::ffff:127.0.0.1","msg":"Auth audit: auth.mfa.success"}
{"level":30,"time":"2026-06-24T03:05:50.342Z","service":"@verve/backend","audit":true,"event":"auth.mfa.success","userId":"cccccccc-cccc-4ccc-8ccc-cccccccccccc","email":"admin@clinic-b.au","clinicId":"22222222-2222-4222-8222-222222222222","ipAddress":"::ffff:127.0.0.1","msg":"Auth audit: auth.mfa.success"}
{"level":30,"time":"2026-06-24T03:05:50.343Z","service":"@verve/backend","audit":true,"event":"auth.mfa.success","userId":"cccccccc-cccc-4ccc-8ccc-cccccccccccc","email":"admin@clinic-b.au","clinicId":"22222222-2222-4222-8222-222222222222","ipAddress":"::ffff:127.0.0.1","msg":"Auth audit: auth.mfa.success"}
{"level":40,"time":"2026-06-24T03:05:50.386Z","service":"@verve/backend","msg":"DATABASE_URL not set ΓÇö using in-memory repositories (state lost on restart)"}
{"level":40,"time":"2026-06-24T03:05:50.388Z","service":"@verve/backend","msg":"DATABASE_URL not set ΓÇö using in-memory repositories (state lost on restart)"}
{"level":40,"time":"2026-06-24T03:05:50.402Z","service":"@verve/backend","msg":"DATABASE_URL not set ΓÇö using in-memory repositories (state lost on restart)"}
{"level":40,"time":"2026-06-24T03:05:50.421Z","service":"@verve/backend","msg":"DATABASE_URL not set ΓÇö using in-memory repositories (state lost on restart)"}
{"level":40,"time":"2026-06-24T03:05:50.435Z","service":"@verve/backend","msg":"DATABASE_URL not set ΓÇö using in-memory repositories (state lost on restart)"}
{"level":40,"time":"2026-06-24T03:05:50.439Z","service":"@verve/backend","msg":"DATABASE_URL not set ΓÇö using in-memory repositories (state lost on restart)"}
{"level":40,"time":"2026-06-24T03:05:50.442Z","service":"@verve/backend","msg":"DATABASE_URL not set ΓÇö using in-memory repositories (state lost on restart)"}
{"level":40,"time":"2026-06-24T03:05:50.442Z","service":"@verve/backend","msg":"DATABASE_URL not set ΓÇö using in-memory repositories (state lost on restart)"}
{"level":30,"time":"2026-06-24T03:05:50.450Z","service":"@verve/backend","audit":true,"event":"auth.unauthorized","reason":"missing_token","ipAddress":"::ffff:127.0.0.1","msg":"Auth audit: auth.unauthorized"}
{"level":40,"time":"2026-06-24T03:05:50.488Z","service":"@verve/backend","msg":"DATABASE_URL not set ΓÇö using in-memory repositories (state lost on restart)"}
{"level":30,"time":"2026-06-24T03:05:50.491Z","service":"@verve/backend","audit":true,"event":"user.created","userId":"dddddddd-dddd-4ddd-8ddd-dddddddddddd","email":"manager@clinic-a.au","clinicId":"11111111-1111-4111-8111-111111111111","resourceId":"92a1a7d2-e8f8-4703-90ae-ceac555088ca","msg":"Auth audit: user.created"}
{"level":30,"time":"2026-06-24T03:05:50.513Z","service":"@verve/backend","audit":true,"event":"auth.login.mfa_required","userId":"aaaaaaaa-aaaa-4aaa-8aaa-aaaaaaaaaaaa","email":"admin@clinic-a.au","clinicId":"11111111-1111-4111-8111-111111111111","ipAddress":"::ffff:127.0.0.1","msg":"Auth audit: auth.login.mfa_required"}
{"level":30,"time":"2026-06-24T03:05:50.520Z","service":"@verve/backend","audit":true,"event":"auth.mfa.success","userId":"aaaaaaaa-aaaa-4aaa-8aaa-aaaaaaaaaaaa","email":"admin@clinic-a.au","clinicId":"11111111-1111-4111-8111-111111111111","ipAddress":"::ffff:127.0.0.1","msg":"Auth audit: auth.mfa.success"}
{"level":30,"time":"2026-06-24T03:05:50.521Z","service":"@verve/backend","audit":true,"event":"auth.login.mfa_required","userId":"aaaaaaaa-aaaa-4aaa-8aaa-aaaaaaaaaaaa","email":"admin@clinic-a.au","clinicId":"11111111-1111-4111-8111-111111111111","ipAddress":"::ffff:127.0.0.1","msg":"Auth audit: auth.login.mfa_required"}
{"level":30,"time":"2026-06-24T03:05:50.531Z","service":"@verve/backend","audit":true,"event":"auth.mfa.success","userId":"aaaaaaaa-aaaa-4aaa-8aaa-aaaaaaaaaaaa","email":"admin@clinic-a.au","clinicId":"11111111-1111-4111-8111-111111111111","ipAddress":"::ffff:127.0.0.1","msg":"Auth audit: auth.mfa.success"}
{"level":30,"time":"2026-06-24T03:05:50.535Z","service":"@verve/backend","audit":true,"event":"auth.login.success","userId":"bbbbbbbb-bbbb-4bbb-8bbb-bbbbbbbbbbbb","email":"staff@clinic-a.au","clinicId":"11111111-1111-4111-8111-111111111111","ipAddress":"::ffff:127.0.0.1","msg":"Auth audit: auth.login.success"}
{"level":30,"time":"2026-06-24T03:05:50.538Z","service":"@verve/backend","audit":true,"event":"auth.login.mfa_required","userId":"dddddddd-dddd-4ddd-8ddd-dddddddddddd","email":"manager@clinic-a.au","clinicId":"11111111-1111-4111-8111-111111111111","ipAddress":"::ffff:127.0.0.1","msg":"Auth audit: auth.login.mfa_required"}
{"level":30,"time":"2026-06-24T03:05:50.543Z","service":"@verve/backend","audit":true,"event":"auth.login.success","userId":"bbbbbbbb-bbbb-4bbb-8bbb-bbbbbbbbbbbb","email":"staff@clinic-a.au","clinicId":"11111111-1111-4111-8111-111111111111","ipAddress":"::ffff:127.0.0.1","msg":"Auth audit: auth.login.success"}
{"level":30,"time":"2026-06-24T03:05:50.545Z","service":"@verve/backend","audit":true,"event":"auth.mfa.success","userId":"dddddddd-dddd-4ddd-8ddd-dddddddddddd","email":"manager@clinic-a.au","clinicId":"11111111-1111-4111-8111-111111111111","ipAddress":"::ffff:127.0.0.1","msg":"Auth audit: auth.mfa.success"}
{"level":40,"time":"2026-06-24T03:05:50.548Z","service":"@verve/backend","msg":"DATABASE_URL not set ΓÇö using in-memory repositories (state lost on restart)"}
{"level":30,"time":"2026-06-24T03:05:50.550Z","service":"@verve/backend","audit":true,"event":"auth.login.mfa_required","userId":"cccccccc-cccc-4ccc-8ccc-cccccccccccc","email":"admin@clinic-b.au","clinicId":"22222222-2222-4222-8222-222222222222","ipAddress":"::ffff:127.0.0.1","msg":"Auth audit: auth.login.mfa_required"}
{"level":30,"time":"2026-06-24T03:05:50.552Z","service":"@verve/backend","audit":true,"event":"auth.mfa.setup_initiated","userId":"bbbbbbbb-bbbb-4bbb-8bbb-bbbbbbbbbbbb","email":"staff@clinic-a.au","clinicId":"11111111-1111-4111-8111-111111111111","ipAddress":"::ffff:127.0.0.1","msg":"Auth audit: auth.mfa.setup_initiated"}
{"level":30,"time":"2026-06-24T03:05:50.557Z","service":"@verve/backend","audit":true,"event":"auth.mfa.success","userId":"cccccccc-cccc-4ccc-8ccc-cccccccccccc","email":"admin@clinic-b.au","clinicId":"22222222-2222-4222-8222-222222222222","ipAddress":"::ffff:127.0.0.1","msg":"Auth audit: auth.mfa.success"}
{"level":40,"time":"2026-06-24T03:05:50.586Z","service":"@verve/backend","msg":"DATABASE_URL not set ΓÇö using in-memory repositories (state lost on restart)"}
{"level":40,"time":"2026-06-24T03:05:50.590Z","service":"@verve/backend","msg":"DATABASE_URL not set ΓÇö using in-memory repositories (state lost on restart)"}
{"level":40,"time":"2026-06-24T03:05:50.625Z","service":"@verve/backend","msg":"DATABASE_URL not set ΓÇö using in-memory repositories (state lost on restart)"}
{"level":40,"time":"2026-06-24T03:05:50.628Z","service":"@verve/backend","msg":"DATABASE_URL not set ΓÇö using in-memory repositories (state lost on restart)"}
{"level":40,"time":"2026-06-24T03:05:50.636Z","service":"@verve/backend","msg":"DATABASE_URL not set ΓÇö using in-memory repositories (state lost on restart)"}
{"level":30,"time":"2026-06-24T03:05:50.650Z","service":"@verve/backend","audit":true,"event":"auth.login.success","userId":"bbbbbbbb-bbbb-4bbb-8bbb-bbbbbbbbbbbb","email":"staff@clinic-a.au","clinicId":"11111111-1111-4111-8111-111111111111","ipAddress":"::ffff:127.0.0.1","msg":"Auth audit: auth.login.success"}
{"level":40,"time":"2026-06-24T03:05:50.649Z","service":"@verve/backend","msg":"DATABASE_URL not set ΓÇö using in-memory repositories (state lost on restart)"}
{"level":40,"time":"2026-06-24T03:05:50.655Z","service":"@verve/backend","msg":"DATABASE_URL not set ΓÇö using in-memory repositories (state lost on restart)"}
{"level":40,"time":"2026-06-24T03:05:50.659Z","service":"@verve/backend","msg":"DATABASE_URL not set ΓÇö using in-memory repositories (state lost on restart)"}
{"level":30,"time":"2026-06-24T03:05:50.664Z","service":"@verve/backend","audit":true,"event":"auth.unauthorized","reason":"missing_token","ipAddress":"::ffff:127.0.0.1","msg":"Auth audit: auth.unauthorized"}
{"level":30,"time":"2026-06-24T03:05:50.689Z","service":"@verve/backend","audit":true,"event":"auth.login.mfa_required","userId":"dddddddd-dddd-4ddd-8ddd-dddddddddddd","email":"manager@clinic-a.au","clinicId":"11111111-1111-4111-8111-111111111111","ipAddress":"::ffff:127.0.0.1","msg":"Auth audit: auth.login.mfa_required"}
{"level":40,"time":"2026-06-24T03:05:50.693Z","service":"@verve/backend","msg":"DATABASE_URL not set ΓÇö using in-memory repositories (state lost on restart)"}
{"level":30,"time":"2026-06-24T03:05:50.695Z","service":"@verve/backend","audit":true,"event":"auth.mfa.success","userId":"dddddddd-dddd-4ddd-8ddd-dddddddddddd","email":"manager@clinic-a.au","clinicId":"11111111-1111-4111-8111-111111111111","ipAddress":"::ffff:127.0.0.1","msg":"Auth audit: auth.mfa.success"}
{"level":30,"time":"2026-06-24T03:05:50.726Z","service":"@verve/backend","audit":true,"event":"auth.login.mfa_required","userId":"aaaaaaaa-aaaa-4aaa-8aaa-aaaaaaaaaaaa","email":"admin@clinic-a.au","clinicId":"11111111-1111-4111-8111-111111111111","ipAddress":"::ffff:127.0.0.1","msg":"Auth audit: auth.login.mfa_required"}
{"level":30,"time":"2026-06-24T03:05:50.730Z","service":"@verve/backend","audit":true,"event":"auth.login.mfa_required","userId":"aaaaaaaa-aaaa-4aaa-8aaa-aaaaaaaaaaaa","email":"admin@clinic-a.au","clinicId":"11111111-1111-4111-8111-111111111111","ipAddress":"::ffff:127.0.0.1","msg":"Auth audit: auth.login.mfa_required"}
{"level":30,"time":"2026-06-24T03:05:50.732Z","service":"@verve/backend","audit":true,"event":"auth.mfa.success","userId":"aaaaaaaa-aaaa-4aaa-8aaa-aaaaaaaaaaaa","email":"admin@clinic-a.au","clinicId":"11111111-1111-4111-8111-111111111111","ipAddress":"::ffff:127.0.0.1","msg":"Auth audit: auth.mfa.success"}
{"level":30,"time":"2026-06-24T03:05:50.738Z","service":"@verve/backend","audit":true,"event":"auth.login.mfa_required","userId":"cccccccc-cccc-4ccc-8ccc-cccccccccccc","email":"admin@clinic-b.au","clinicId":"22222222-2222-4222-8222-222222222222","ipAddress":"::ffff:127.0.0.1","msg":"Auth audit: auth.login.mfa_required"}
{"level":30,"time":"2026-06-24T03:05:50.737Z","service":"@verve/backend","audit":true,"event":"purchase_order.csv_exported","userId":"aaaaaaaa-aaaa-4aaa-8aaa-aaaaaaaaaaaa","clinicId":"11111111-1111-4111-8111-111111111111","msg":"Audit: purchase_order.csv_exported"}
{"level":30,"time":"2026-06-24T03:05:50.738Z","service":"@verve/backend","audit":true,"event":"auth.mfa.success","userId":"aaaaaaaa-aaaa-4aaa-8aaa-aaaaaaaaaaaa","email":"admin@clinic-a.au","clinicId":"11111111-1111-4111-8111-111111111111","ipAddress":"::ffff:127.0.0.1","msg":"Auth audit: auth.mfa.success"}
{"level":30,"time":"2026-06-24T03:05:50.741Z","service":"@verve/backend","audit":true,"event":"purchase_order.csv_exported","userId":"aaaaaaaa-aaaa-4aaa-8aaa-aaaaaaaaaaaa","clinicId":"22222222-2222-4222-8222-222222222222","msg":"Audit: purchase_order.csv_exported"}
{"level":40,"time":"2026-06-24T03:05:50.748Z","service":"@verve/backend","msg":"DATABASE_URL not set ΓÇö using in-memory repositories (state lost on restart)"}
{"level":30,"time":"2026-06-24T03:05:50.748Z","service":"@verve/backend","audit":true,"event":"auth.mfa.success","userId":"cccccccc-cccc-4ccc-8ccc-cccccccccccc","email":"admin@clinic-b.au","clinicId":"22222222-2222-4222-8222-222222222222","ipAddress":"::ffff:127.0.0.1","msg":"Auth audit: auth.mfa.success"}
{"level":30,"time":"2026-06-24T03:05:50.749Z","service":"@verve/backend","audit":true,"event":"auth.login.mfa_required","userId":"dddddddd-dddd-4ddd-8ddd-dddddddddddd","email":"manager@clinic-a.au","clinicId":"11111111-1111-4111-8111-111111111111","ipAddress":"::ffff:127.0.0.1","msg":"Auth audit: auth.login.mfa_required"}
{"level":30,"time":"2026-06-24T03:05:50.756Z","service":"@verve/backend","audit":true,"event":"auth.login.mfa_required","userId":"cccccccc-cccc-4ccc-8ccc-cccccccccccc","email":"admin@clinic-b.au","clinicId":"22222222-2222-4222-8222-222222222222","ipAddress":"::ffff:127.0.0.1","msg":"Auth audit: auth.login.mfa_required"}
{"level":30,"time":"2026-06-24T03:05:50.756Z","service":"@verve/backend","audit":true,"event":"auth.mfa.success","userId":"dddddddd-dddd-4ddd-8ddd-dddddddddddd","email":"manager@clinic-a.au","clinicId":"11111111-1111-4111-8111-111111111111","ipAddress":"::ffff:127.0.0.1","msg":"Auth audit: auth.mfa.success"}
{"level":40,"time":"2026-06-24T03:05:50.758Z","service":"@verve/backend","msg":"DATABASE_URL not set ΓÇö using in-memory repositories (state lost on restart)"}
{"level":30,"time":"2026-06-24T03:05:50.763Z","service":"@verve/backend","audit":true,"event":"auth.mfa.success","userId":"cccccccc-cccc-4ccc-8ccc-cccccccccccc","email":"admin@clinic-b.au","clinicId":"22222222-2222-4222-8222-222222222222","ipAddress":"::ffff:127.0.0.1","msg":"Auth audit: auth.mfa.success"}
{"level":40,"time":"2026-06-24T03:05:50.793Z","service":"@verve/backend","msg":"DATABASE_URL not set ΓÇö using in-memory repositories (state lost on restart)"}
{"level":40,"time":"2026-06-24T03:05:50.794Z","service":"@verve/backend","msg":"DATABASE_URL not set ΓÇö using in-memory repositories (state lost on restart)"}
{"level":40,"time":"2026-06-24T03:05:50.830Z","service":"@verve/backend","msg":"DATABASE_URL not set ΓÇö using in-memory repositories (state lost on restart)"}
{"level":40,"time":"2026-06-24T03:05:50.834Z","service":"@verve/backend","msg":"DATABASE_URL not set ΓÇö using in-memory repositories (state lost on restart)"}
{"level":30,"time":"2026-06-24T03:05:50.844Z","service":"@verve/backend","audit":true,"event":"auth.login.mfa_required","userId":"dddddddd-dddd-4ddd-8ddd-dddddddddddd","email":"manager@clinic-a.au","clinicId":"11111111-1111-4111-8111-111111111111","ipAddress":"::ffff:127.0.0.1","msg":"Auth audit: auth.login.mfa_required"}
{"level":40,"time":"2026-06-24T03:05:50.845Z","service":"@verve/backend","msg":"DATABASE_URL not set ΓÇö using in-memory repositories (state lost on restart)"}
{"level":30,"time":"2026-06-24T03:05:50.849Z","service":"@verve/backend","audit":true,"event":"auth.mfa.success","userId":"dddddddd-dddd-4ddd-8ddd-dddddddddddd","email":"manager@clinic-a.au","clinicId":"11111111-1111-4111-8111-111111111111","ipAddress":"::ffff:127.0.0.1","msg":"Auth audit: auth.mfa.success"}
{"level":40,"time":"2026-06-24T03:05:50.854Z","service":"@verve/backend","msg":"DATABASE_URL not set ΓÇö using in-memory repositories (state lost on restart)"}
{"level":30,"time":"2026-06-24T03:05:50.857Z","service":"@verve/backend","audit":true,"event":"auth.login.success","userId":"bbbbbbbb-bbbb-4bbb-8bbb-bbbbbbbbbbbb","email":"staff@clinic-a.au","clinicId":"11111111-1111-4111-8111-111111111111","ipAddress":"::ffff:127.0.0.1","msg":"Auth audit: auth.login.success"}
{"level":40,"time":"2026-06-24T03:05:50.862Z","service":"@verve/backend","msg":"DATABASE_URL not set ΓÇö using in-memory repositories (state lost on restart)"}
{"level":30,"time":"2026-06-24T03:05:50.862Z","service":"@verve/backend","audit":true,"event":"auth.mfa.setup_initiated","userId":"bbbbbbbb-bbbb-4bbb-8bbb-bbbbbbbbbbbb","email":"staff@clinic-a.au","clinicId":"11111111-1111-4111-8111-111111111111","ipAddress":"::ffff:127.0.0.1","msg":"Auth audit: auth.mfa.setup_initiated"}
{"level":30,"time":"2026-06-24T03:05:50.868Z","service":"@verve/backend","audit":true,"event":"auth.mfa.setup_initiated","userId":"bbbbbbbb-bbbb-4bbb-8bbb-bbbbbbbbbbbb","email":"staff@clinic-a.au","clinicId":"11111111-1111-4111-8111-111111111111","ipAddress":"::ffff:127.0.0.1","msg":"Auth audit: auth.mfa.setup_initiated"}
{"level":30,"time":"2026-06-24T03:05:50.892Z","service":"@verve/backend","audit":true,"event":"auth.login.mfa_required","userId":"dddddddd-dddd-4ddd-8ddd-dddddddddddd","email":"manager@clinic-a.au","clinicId":"11111111-1111-4111-8111-111111111111","ipAddress":"::ffff:127.0.0.1","msg":"Auth audit: auth.login.mfa_required"}
{"level":30,"time":"2026-06-24T03:05:50.899Z","service":"@verve/backend","audit":true,"event":"auth.mfa.success","userId":"dddddddd-dddd-4ddd-8ddd-dddddddddddd","email":"manager@clinic-a.au","clinicId":"11111111-1111-4111-8111-111111111111","ipAddress":"::ffff:127.0.0.1","msg":"Auth audit: auth.mfa.success"}
{"level":40,"time":"2026-06-24T03:05:50.902Z","service":"@verve/backend","msg":"DATABASE_URL not set ΓÇö using in-memory repositories (state lost on restart)"}
{"level":30,"time":"2026-06-24T03:05:50.927Z","service":"@verve/backend","audit":true,"event":"auth.login.success","userId":"bbbbbbbb-bbbb-4bbb-8bbb-bbbbbbbbbbbb","email":"staff@clinic-a.au","clinicId":"11111111-1111-4111-8111-111111111111","ipAddress":"::ffff:127.0.0.1","msg":"Auth audit: auth.login.success"}
{"level":30,"time":"2026-06-24T03:05:50.932Z","service":"@verve/backend","audit":true,"event":"auth.login.mfa_required","userId":"aaaaaaaa-aaaa-4aaa-8aaa-aaaaaaaaaaaa","email":"admin@clinic-a.au","clinicId":"11111111-1111-4111-8111-111111111111","ipAddress":"::ffff:127.0.0.1","msg":"Auth audit: auth.login.mfa_required"}
{"level":30,"time":"2026-06-24T03:05:50.934Z","service":"@verve/backend","audit":true,"event":"auth.refresh.success","userId":"bbbbbbbb-bbbb-4bbb-8bbb-bbbbbbbbbbbb","email":"staff@clinic-a.au","clinicId":"11111111-1111-4111-8111-111111111111","ipAddress":"::ffff:127.0.0.1","msg":"Auth audit: auth.refresh.success"}
{"level":30,"time":"2026-06-24T03:05:50.937Z","service":"@verve/backend","audit":true,"event":"auth.mfa.success","userId":"aaaaaaaa-aaaa-4aaa-8aaa-aaaaaaaaaaaa","email":"admin@clinic-a.au","clinicId":"11111111-1111-4111-8111-111111111111","ipAddress":"::ffff:127.0.0.1","msg":"Auth audit: auth.mfa.success"}
{"level":30,"time":"2026-06-24T03:05:50.947Z","service":"@verve/backend","audit":true,"event":"auth.login.mfa_required","userId":"cccccccc-cccc-4ccc-8ccc-cccccccccccc","email":"admin@clinic-b.au","clinicId":"22222222-2222-4222-8222-222222222222","ipAddress":"::ffff:127.0.0.1","msg":"Auth audit: auth.login.mfa_required"}
{"level":40,"time":"2026-06-24T03:05:50.949Z","service":"@verve/backend","msg":"DATABASE_URL not set ΓÇö using in-memory repositories (state lost on restart)"}
{"level":30,"time":"2026-06-24T03:05:50.954Z","service":"@verve/backend","audit":true,"event":"auth.mfa.success","userId":"cccccccc-cccc-4ccc-8ccc-cccccccccccc","email":"admin@clinic-b.au","clinicId":"22222222-2222-4222-8222-222222222222","ipAddress":"::ffff:127.0.0.1","msg":"Auth audit: auth.mfa.success"}
{"level":30,"time":"2026-06-24T03:05:50.954Z","service":"@verve/backend","audit":true,"event":"auth.login.success","userId":"bbbbbbbb-bbbb-4bbb-8bbb-bbbbbbbbbbbb","email":"staff@clinic-a.au","clinicId":"11111111-1111-4111-8111-111111111111","ipAddress":"::ffff:127.0.0.1","msg":"Auth audit: auth.login.success"}
{"level":40,"time":"2026-06-24T03:05:50.959Z","service":"@verve/backend","msg":"DATABASE_URL not set ΓÇö using in-memory repositories (state lost on restart)"}
{"level":30,"time":"2026-06-24T03:05:50.963Z","service":"@verve/backend","audit":true,"event":"auth.login.mfa_required","userId":"cccccccc-cccc-4ccc-8ccc-cccccccccccc","email":"admin@clinic-b.au","clinicId":"22222222-2222-4222-8222-222222222222","ipAddress":"::ffff:127.0.0.1","msg":"Auth audit: auth.login.mfa_required"}
{"level":30,"time":"2026-06-24T03:05:50.969Z","service":"@verve/backend","audit":true,"event":"auth.mfa.success","userId":"cccccccc-cccc-4ccc-8ccc-cccccccccccc","email":"admin@clinic-b.au","clinicId":"22222222-2222-4222-8222-222222222222","ipAddress":"::ffff:127.0.0.1","msg":"Auth audit: auth.mfa.success"}
{"level":30,"time":"2026-06-24T03:05:50.973Z","service":"@verve/backend","audit":true,"event":"user.updated","userId":"cccccccc-cccc-4ccc-8ccc-cccccccccccc","email":"admin@clinic-b.au","clinicId":"11111111-1111-4111-8111-111111111111","resourceId":"bbbbbbbb-bbbb-4bbb-8bbb-bbbbbbbbbbbb","msg":"Auth audit: user.updated"}
{"level":40,"time":"2026-06-24T03:05:50.996Z","service":"@verve/backend","msg":"DATABASE_URL not set ΓÇö using in-memory repositories (state lost on restart)"}
{"level":40,"time":"2026-06-24T03:05:51.002Z","service":"@verve/backend","msg":"DATABASE_URL not set ΓÇö using in-memory repositories (state lost on restart)"}
{"level":40,"time":"2026-06-24T03:05:51.031Z","service":"@verve/backend","msg":"DATABASE_URL not set ΓÇö using in-memory repositories (state lost on restart)"}
{"level":40,"time":"2026-06-24T03:05:51.039Z","service":"@verve/backend","msg":"DATABASE_URL not set ΓÇö using in-memory repositories (state lost on restart)"}
{"level":30,"time":"2026-06-24T03:05:51.057Z","service":"@verve/backend","audit":true,"event":"auth.login.mfa_required","userId":"dddddddd-dddd-4ddd-8ddd-dddddddddddd","email":"manager@clinic-a.au","clinicId":"11111111-1111-4111-8111-111111111111","ipAddress":"::ffff:127.0.0.1","msg":"Auth audit: auth.login.mfa_required"}
{"level":40,"time":"2026-06-24T03:05:51.060Z","service":"@verve/backend","msg":"DATABASE_URL not set ΓÇö using in-memory repositories (state lost on restart)"}
{"level":30,"time":"2026-06-24T03:05:51.062Z","service":"@verve/backend","audit":true,"event":"auth.mfa.success","userId":"dddddddd-dddd-4ddd-8ddd-dddddddddddd","email":"manager@clinic-a.au","clinicId":"11111111-1111-4111-8111-111111111111","ipAddress":"::ffff:127.0.0.1","msg":"Auth audit: auth.mfa.success"}
{"level":30,"time":"2026-06-24T03:05:51.064Z","service":"@verve/backend","audit":true,"event":"auth.login.success","userId":"bbbbbbbb-bbbb-4bbb-8bbb-bbbbbbbbbbbb","email":"staff@clinic-a.au","clinicId":"11111111-1111-4111-8111-111111111111","ipAddress":"::ffff:127.0.0.1","msg":"Auth audit: auth.login.success"}
{"level":40,"time":"2026-06-24T03:05:51.068Z","service":"@verve/backend","msg":"DATABASE_URL not set ΓÇö using in-memory repositories (state lost on restart)"}
{"level":40,"time":"2026-06-24T03:05:51.070Z","service":"@verve/backend","msg":"DATABASE_URL not set ΓÇö using in-memory repositories (state lost on restart)"}
PASS tests/userIdentityApi.test.ts (8.789 s)
{"level":30,"time":"2026-06-24T03:05:51.071Z","service":"@verve/backend","audit":true,"event":"auth.mfa.setup_initiated","userId":"bbbbbbbb-bbbb-4bbb-8bbb-bbbbbbbbbbbb","email":"staff@clinic-a.au","clinicId":"11111111-1111-4111-8111-111111111111","ipAddress":"::ffff:127.0.0.1","msg":"Auth audit: auth.mfa.setup_initiated"}
{"level":30,"time":"2026-06-24T03:05:51.080Z","service":"@verve/backend","audit":true,"event":"auth.mfa.enrolled","userId":"bbbbbbbb-bbbb-4bbb-8bbb-bbbbbbbbbbbb","email":"staff@clinic-a.au","clinicId":"11111111-1111-4111-8111-111111111111","ipAddress":"::ffff:127.0.0.1","msg":"Auth audit: auth.mfa.enrolled"}
{"level":30,"time":"2026-06-24T03:05:51.101Z","service":"@verve/backend","audit":true,"event":"auth.login.mfa_required","userId":"dddddddd-dddd-4ddd-8ddd-dddddddddddd","email":"manager@clinic-a.au","clinicId":"11111111-1111-4111-8111-111111111111","ipAddress":"::ffff:127.0.0.1","msg":"Auth audit: auth.login.mfa_required"}
{"level":30,"time":"2026-06-24T03:05:51.106Z","service":"@verve/backend","audit":true,"event":"auth.mfa.success","userId":"dddddddd-dddd-4ddd-8ddd-dddddddddddd","email":"manager@clinic-a.au","clinicId":"11111111-1111-4111-8111-111111111111","ipAddress":"::ffff:127.0.0.1","msg":"Auth audit: auth.mfa.success"}
{"level":40,"time":"2026-06-24T03:05:51.108Z","service":"@verve/backend","msg":"DATABASE_URL not set ΓÇö using in-memory repositories (state lost on restart)"}
{"level":30,"time":"2026-06-24T03:05:51.131Z","service":"@verve/backend","audit":true,"event":"auth.login.success","userId":"bbbbbbbb-bbbb-4bbb-8bbb-bbbbbbbbbbbb","email":"staff@clinic-a.au","clinicId":"11111111-1111-4111-8111-111111111111","ipAddress":"::ffff:127.0.0.1","msg":"Auth audit: auth.login.success"}
{"level":30,"time":"2026-06-24T03:05:51.136Z","service":"@verve/backend","audit":true,"event":"auth.refresh.success","userId":"bbbbbbbb-bbbb-4bbb-8bbb-bbbbbbbbbbbb","email":"staff@clinic-a.au","clinicId":"11111111-1111-4111-8111-111111111111","ipAddress":"::ffff:127.0.0.1","msg":"Auth audit: auth.refresh.success"}
{"level":30,"time":"2026-06-24T03:05:51.138Z","service":"@verve/backend","audit":true,"event":"auth.login.mfa_required","userId":"aaaaaaaa-aaaa-4aaa-8aaa-aaaaaaaaaaaa","email":"admin@clinic-a.au","clinicId":"11111111-1111-4111-8111-111111111111","ipAddress":"::ffff:127.0.0.1","msg":"Auth audit: auth.login.mfa_required"}
{"level":30,"time":"2026-06-24T03:05:51.144Z","service":"@verve/backend","audit":true,"event":"auth.mfa.success","userId":"aaaaaaaa-aaaa-4aaa-8aaa-aaaaaaaaaaaa","email":"admin@clinic-a.au","clinicId":"11111111-1111-4111-8111-111111111111","ipAddress":"::ffff:127.0.0.1","msg":"Auth audit: auth.mfa.success"}
{"level":40,"time":"2026-06-24T03:05:51.161Z","service":"@verve/backend","msg":"DATABASE_URL not set ΓÇö using in-memory repositories (state lost on restart)"}
{"level":30,"time":"2026-06-24T03:05:51.161Z","service":"@verve/backend","audit":true,"event":"auth.login.mfa_required","userId":"aaaaaaaa-aaaa-4aaa-8aaa-aaaaaaaaaaaa","email":"admin@clinic-a.au","clinicId":"11111111-1111-4111-8111-111111111111","ipAddress":"::ffff:127.0.0.1","msg":"Auth audit: auth.login.mfa_required"}
{"level":30,"time":"2026-06-24T03:05:51.165Z","service":"@verve/backend","audit":true,"event":"auth.login.mfa_required","userId":"dddddddd-dddd-4ddd-8ddd-dddddddddddd","email":"manager@clinic-a.au","clinicId":"11111111-1111-4111-8111-111111111111","ipAddress":"::ffff:127.0.0.1","msg":"Auth audit: auth.login.mfa_required"}
{"level":30,"time":"2026-06-24T03:05:51.166Z","service":"@verve/backend","audit":true,"event":"auth.login.mfa_required","userId":"cccccccc-cccc-4ccc-8ccc-cccccccccccc","email":"admin@clinic-b.au","clinicId":"22222222-2222-4222-8222-222222222222","ipAddress":"::ffff:127.0.0.1","msg":"Auth audit: auth.login.mfa_required"}
{"level":30,"time":"2026-06-24T03:05:51.168Z","service":"@verve/backend","audit":true,"event":"auth.mfa.success","userId":"aaaaaaaa-aaaa-4aaa-8aaa-aaaaaaaaaaaa","email":"admin@clinic-a.au","clinicId":"11111111-1111-4111-8111-111111111111","ipAddress":"::ffff:127.0.0.1","msg":"Auth audit: auth.mfa.success"}
{"level":30,"time":"2026-06-24T03:05:51.173Z","service":"@verve/backend","audit":true,"event":"auth.mfa.success","userId":"dddddddd-dddd-4ddd-8ddd-dddddddddddd","email":"manager@clinic-a.au","clinicId":"11111111-1111-4111-8111-111111111111","ipAddress":"::ffff:127.0.0.1","msg":"Auth audit: auth.mfa.success"}
{"level":30,"time":"2026-06-24T03:05:51.173Z","service":"@verve/backend","audit":true,"event":"auth.mfa.success","userId":"cccccccc-cccc-4ccc-8ccc-cccccccccccc","email":"admin@clinic-b.au","clinicId":"22222222-2222-4222-8222-222222222222","ipAddress":"::ffff:127.0.0.1","msg":"Auth audit: auth.mfa.success"}
{"level":40,"time":"2026-06-24T03:05:51.172Z","service":"@verve/backend","msg":"DATABASE_URL not set ΓÇö using in-memory repositories (state lost on restart)"}
{"level":30,"time":"2026-06-24T03:05:51.180Z","service":"@verve/backend","audit":true,"event":"user.updated","userId":"cccccccc-cccc-4ccc-8ccc-cccccccccccc","email":"admin@clinic-b.au","clinicId":"11111111-1111-4111-8111-111111111111","resourceId":"bbbbbbbb-bbbb-4bbb-8bbb-bbbbbbbbbbbb","msg":"Auth audit: user.updated"}
{"level":40,"time":"2026-06-24T03:05:51.212Z","service":"@verve/backend","msg":"DATABASE_URL not set ΓÇö using in-memory repositories (state lost on restart)"}
{"level":40,"time":"2026-06-24T03:05:51.237Z","service":"@verve/backend","msg":"DATABASE_URL not set ΓÇö using in-memory repositories (state lost on restart)"}
{"level":40,"time":"2026-06-24T03:05:51.250Z","service":"@verve/backend","msg":"DATABASE_URL not set ΓÇö using in-memory repositories (state lost on restart)"}
{"level":30,"time":"2026-06-24T03:05:51.263Z","service":"@verve/backend","audit":true,"event":"auth.login.mfa_required","userId":"dddddddd-dddd-4ddd-8ddd-dddddddddddd","email":"manager@clinic-a.au","clinicId":"11111111-1111-4111-8111-111111111111","ipAddress":"::ffff:127.0.0.1","msg":"Auth audit: auth.login.mfa_required"}
{"level":30,"time":"2026-06-24T03:05:51.269Z","service":"@verve/backend","audit":true,"event":"auth.mfa.success","userId":"dddddddd-dddd-4ddd-8ddd-dddddddddddd","email":"manager@clinic-a.au","clinicId":"11111111-1111-4111-8111-111111111111","ipAddress":"::ffff:127.0.0.1","msg":"Auth audit: auth.mfa.success"}
{"level":40,"time":"2026-06-24T03:05:51.272Z","service":"@verve/backend","msg":"DATABASE_URL not set ΓÇö using in-memory repositories (state lost on restart)"}
PASS tests/purchaseOrderApi.test.ts (9.039 s)
{"level":40,"time":"2026-06-24T03:05:51.277Z","service":"@verve/backend","msg":"DATABASE_URL not set ΓÇö using in-memory repositories (state lost on restart)"}
{"level":30,"time":"2026-06-24T03:05:51.276Z","service":"@verve/backend","audit":true,"event":"auth.login.success","userId":"bbbbbbbb-bbbb-4bbb-8bbb-bbbbbbbbbbbb","email":"staff@clinic-a.au","clinicId":"11111111-1111-4111-8111-111111111111","ipAddress":"::ffff:127.0.0.1","msg":"Auth audit: auth.login.success"}
{"level":40,"time":"2026-06-24T03:05:51.281Z","service":"@verve/backend","msg":"DATABASE_URL not set ΓÇö using in-memory repositories (state lost on restart)"}
{"level":40,"time":"2026-06-24T03:05:51.283Z","service":"@verve/backend","msg":"DATABASE_URL not set ΓÇö using in-memory repositories (state lost on restart)"}
{"level":30,"time":"2026-06-24T03:05:51.282Z","service":"@verve/backend","audit":true,"event":"auth.mfa.setup_initiated","userId":"bbbbbbbb-bbbb-4bbb-8bbb-bbbbbbbbbbbb","email":"staff@clinic-a.au","clinicId":"11111111-1111-4111-8111-111111111111","ipAddress":"::ffff:127.0.0.1","msg":"Auth audit: auth.mfa.setup_initiated"}
{"level":30,"time":"2026-06-24T03:05:51.289Z","service":"@verve/backend","audit":true,"event":"auth.mfa.confirm_failure","userId":"bbbbbbbb-bbbb-4bbb-8bbb-bbbbbbbbbbbb","email":"staff@clinic-a.au","clinicId":"11111111-1111-4111-8111-111111111111","reason":"invalid_mfa_code","ipAddress":"::ffff:127.0.0.1","msg":"Auth audit: auth.mfa.confirm_failure"}
{"level":40,"time":"2026-06-24T03:05:51.327Z","service":"@verve/backend","msg":"DATABASE_URL not set ΓÇö using in-memory repositories (state lost on restart)"}
{"level":30,"time":"2026-06-24T03:05:51.343Z","service":"@verve/backend","audit":true,"event":"auth.login.success","userId":"bbbbbbbb-bbbb-4bbb-8bbb-bbbbbbbbbbbb","email":"staff@clinic-a.au","clinicId":"11111111-1111-4111-8111-111111111111","ipAddress":"::ffff:127.0.0.1","msg":"Auth audit: auth.login.success"}
{"level":30,"time":"2026-06-24T03:05:51.349Z","service":"@verve/backend","audit":true,"event":"auth.refresh.success","userId":"bbbbbbbb-bbbb-4bbb-8bbb-bbbbbbbbbbbb","email":"staff@clinic-a.au","clinicId":"11111111-1111-4111-8111-111111111111","ipAddress":"::ffff:127.0.0.1","msg":"Auth audit: auth.refresh.success"}
{"level":30,"time":"2026-06-24T03:05:51.354Z","service":"@verve/backend","audit":true,"event":"auth.login.mfa_required","userId":"dddddddd-dddd-4ddd-8ddd-dddddddddddd","email":"manager@clinic-a.au","clinicId":"11111111-1111-4111-8111-111111111111","ipAddress":"::ffff:127.0.0.1","msg":"Auth audit: auth.login.mfa_required"}
{"level":30,"time":"2026-06-24T03:05:51.359Z","service":"@verve/backend","audit":true,"event":"auth.mfa.success","userId":"dddddddd-dddd-4ddd-8ddd-dddddddddddd","email":"manager@clinic-a.au","clinicId":"11111111-1111-4111-8111-111111111111","ipAddress":"::ffff:127.0.0.1","msg":"Auth audit: auth.mfa.success"}
{"level":40,"time":"2026-06-24T03:05:51.369Z","service":"@verve/backend","msg":"DATABASE_URL not set ΓÇö using in-memory repositories (state lost on restart)"}
{"level":30,"time":"2026-06-24T03:05:51.373Z","service":"@verve/backend","audit":true,"event":"auth.login.mfa_required","userId":"aaaaaaaa-aaaa-4aaa-8aaa-aaaaaaaaaaaa","email":"admin@clinic-a.au","clinicId":"11111111-1111-4111-8111-111111111111","ipAddress":"::ffff:127.0.0.1","msg":"Auth audit: auth.login.mfa_required"}
{"level":30,"time":"2026-06-24T03:05:51.377Z","service":"@verve/backend","audit":true,"event":"auth.login.mfa_required","userId":"cccccccc-cccc-4ccc-8ccc-cccccccccccc","email":"admin@clinic-b.au","clinicId":"22222222-2222-4222-8222-222222222222","ipAddress":"::ffff:127.0.0.1","msg":"Auth audit: auth.login.mfa_required"}
{"level":30,"time":"2026-06-24T03:05:51.381Z","service":"@verve/backend","audit":true,"event":"auth.login.success","userId":"bbbbbbbb-bbbb-4bbb-8bbb-bbbbbbbbbbbb","email":"staff@clinic-a.au","clinicId":"11111111-1111-4111-8111-111111111111","ipAddress":"::ffff:127.0.0.1","msg":"Auth audit: auth.login.success"}
{"level":30,"time":"2026-06-24T03:05:51.380Z","service":"@verve/backend","audit":true,"event":"auth.mfa.success","userId":"aaaaaaaa-aaaa-4aaa-8aaa-aaaaaaaaaaaa","email":"admin@clinic-a.au","clinicId":"11111111-1111-4111-8111-111111111111","ipAddress":"::ffff:127.0.0.1","msg":"Auth audit: auth.mfa.success"}
{"level":40,"time":"2026-06-24T03:05:51.381Z","service":"@verve/backend","msg":"DATABASE_URL not set ΓÇö using in-memory repositories (state lost on restart)"}
{"level":30,"time":"2026-06-24T03:05:51.384Z","service":"@verve/backend","audit":true,"event":"auth.mfa.success","userId":"cccccccc-cccc-4ccc-8ccc-cccccccccccc","email":"admin@clinic-b.au","clinicId":"22222222-2222-4222-8222-222222222222","ipAddress":"::ffff:127.0.0.1","msg":"Auth audit: auth.mfa.success"}
{"level":30,"time":"2026-06-24T03:05:51.389Z","service":"@verve/backend","audit":true,"event":"user.updated","userId":"cccccccc-cccc-4ccc-8ccc-cccccccccccc","email":"admin@clinic-b.au","clinicId":"11111111-1111-4111-8111-111111111111","resourceId":"bbbbbbbb-bbbb-4bbb-8bbb-bbbbbbbbbbbb","msg":"Auth audit: user.updated"}
{"level":30,"time":"2026-06-24T03:05:51.442Z","service":"@verve/backend","audit":true,"event":"auth.login.success","userId":"bbbbbbbb-bbbb-4bbb-8bbb-bbbbbbbbbbbb","email":"staff@clinic-a.au","clinicId":"11111111-1111-4111-8111-111111111111","ipAddress":"::ffff:127.0.0.1","msg":"Auth audit: auth.login.success"}
{"level":30,"time":"2026-06-24T03:05:51.441Z","service":"@verve/backend","audit":true,"event":"auth.login.success","userId":"bbbbbbbb-bbbb-4bbb-8bbb-bbbbbbbbbbbb","email":"staff@clinic-a.au","clinicId":"11111111-1111-4111-8111-111111111111","ipAddress":"::ffff:127.0.0.1","msg":"Auth audit: auth.login.success"}
{"level":40,"time":"2026-06-24T03:05:51.445Z","service":"@verve/backend","msg":"DATABASE_URL not set ΓÇö using in-memory repositories (state lost on restart)"}
{"level":30,"time":"2026-06-24T03:05:51.466Z","service":"@verve/backend","audit":true,"event":"auth.login.mfa_required","userId":"dddddddd-dddd-4ddd-8ddd-dddddddddddd","email":"manager@clinic-a.au","clinicId":"11111111-1111-4111-8111-111111111111","ipAddress":"::ffff:127.0.0.1","msg":"Auth audit: auth.login.mfa_required"}
{"level":30,"time":"2026-06-24T03:05:51.472Z","service":"@verve/backend","audit":true,"event":"auth.mfa.success","userId":"dddddddd-dddd-4ddd-8ddd-dddddddddddd","email":"manager@clinic-a.au","clinicId":"11111111-1111-4111-8111-111111111111","ipAddress":"::ffff:127.0.0.1","msg":"Auth audit: auth.mfa.success"}
{"level":40,"time":"2026-06-24T03:05:51.488Z","service":"@verve/backend","msg":"DATABASE_URL not set ΓÇö using in-memory repositories (state lost on restart)"}
{"level":40,"time":"2026-06-24T03:05:51.490Z","service":"@verve/backend","msg":"DATABASE_URL not set ΓÇö using in-memory repositories (state lost on restart)"}
{"level":30,"time":"2026-06-24T03:05:51.493Z","service":"@verve/backend","audit":true,"event":"auth.login.success","userId":"bbbbbbbb-bbbb-4bbb-8bbb-bbbbbbbbbbbb","email":"staff@clinic-a.au","clinicId":"11111111-1111-4111-8111-111111111111","ipAddress":"::ffff:127.0.0.1","msg":"Auth audit: auth.login.success"}
{"level":40,"time":"2026-06-24T03:05:51.496Z","service":"@verve/backend","msg":"DATABASE_URL not set ΓÇö using in-memory repositories (state lost on restart)"}
{"level":40,"time":"2026-06-24T03:05:51.542Z","service":"@verve/backend","msg":"DATABASE_URL not set ΓÇö using in-memory repositories (state lost on restart)"}
{"level":40,"time":"2026-06-24T03:05:51.553Z","service":"@verve/backend","msg":"DATABASE_URL not set ΓÇö using in-memory repositories (state lost on restart)"}
{"level":40,"time":"2026-06-24T03:05:51.555Z","service":"@verve/backend","msg":"DATABASE_URL not set ΓÇö using in-memory repositories (state lost on restart)"}
{"level":40,"time":"2026-06-24T03:05:51.574Z","service":"@verve/backend","msg":"DATABASE_URL not set ΓÇö using in-memory repositories (state lost on restart)"}
{"level":30,"time":"2026-06-24T03:05:51.586Z","service":"@verve/backend","audit":true,"event":"auth.login.mfa_required","userId":"aaaaaaaa-aaaa-4aaa-8aaa-aaaaaaaaaaaa","email":"admin@clinic-a.au","clinicId":"11111111-1111-4111-8111-111111111111","ipAddress":"::ffff:127.0.0.1","msg":"Auth audit: auth.login.mfa_required"}
{"level":30,"time":"2026-06-24T03:05:51.593Z","service":"@verve/backend","audit":true,"event":"auth.login.mfa_required","userId":"cccccccc-cccc-4ccc-8ccc-cccccccccccc","email":"admin@clinic-b.au","clinicId":"22222222-2222-4222-8222-222222222222","ipAddress":"::ffff:127.0.0.1","msg":"Auth audit: auth.login.mfa_required"}
{"level":30,"time":"2026-06-24T03:05:51.593Z","service":"@verve/backend","audit":true,"event":"auth.mfa.success","userId":"aaaaaaaa-aaaa-4aaa-8aaa-aaaaaaaaaaaa","email":"admin@clinic-a.au","clinicId":"11111111-1111-4111-8111-111111111111","ipAddress":"::ffff:127.0.0.1","msg":"Auth audit: auth.mfa.success"}
{"level":40,"time":"2026-06-24T03:05:51.594Z","service":"@verve/backend","msg":"DATABASE_URL not set ΓÇö using in-memory repositories (state lost on restart)"}
{"level":30,"time":"2026-06-24T03:05:51.598Z","service":"@verve/backend","audit":true,"event":"auth.login.mfa_required","userId":"cccccccc-cccc-4ccc-8ccc-cccccccccccc","email":"admin@clinic-b.au","clinicId":"22222222-2222-4222-8222-222222222222","ipAddress":"::ffff:127.0.0.1","msg":"Auth audit: auth.login.mfa_required"}
{"level":30,"time":"2026-06-24T03:05:51.600Z","service":"@verve/backend","audit":true,"event":"auth.mfa.success","userId":"cccccccc-cccc-4ccc-8ccc-cccccccccccc","email":"admin@clinic-b.au","clinicId":"22222222-2222-4222-8222-222222222222","ipAddress":"::ffff:127.0.0.1","msg":"Auth audit: auth.mfa.success"}
{"level":30,"time":"2026-06-24T03:05:51.604Z","service":"@verve/backend","audit":true,"event":"auth.unauthorized","reason":"missing_token","ipAddress":"::ffff:127.0.0.1","msg":"Auth audit: auth.unauthorized"}
{"level":30,"time":"2026-06-24T03:05:51.606Z","service":"@verve/backend","audit":true,"event":"auth.mfa.success","userId":"cccccccc-cccc-4ccc-8ccc-cccccccccccc","email":"admin@clinic-b.au","clinicId":"22222222-2222-4222-8222-222222222222","ipAddress":"::ffff:127.0.0.1","msg":"Auth audit: auth.mfa.success"}
{"level":30,"time":"2026-06-24T03:05:51.611Z","service":"@verve/backend","audit":true,"event":"user.updated","userId":"cccccccc-cccc-4ccc-8ccc-cccccccccccc","email":"admin@clinic-b.au","clinicId":"11111111-1111-4111-8111-111111111111","resourceId":"bbbbbbbb-bbbb-4bbb-8bbb-bbbbbbbbbbbb","msg":"Auth audit: user.updated"}
{"level":30,"time":"2026-06-24T03:05:51.645Z","service":"@verve/backend","audit":true,"event":"auth.login.mfa_required","userId":"aaaaaaaa-aaaa-4aaa-8aaa-aaaaaaaaaaaa","email":"admin@clinic-a.au","clinicId":"11111111-1111-4111-8111-111111111111","ipAddress":"::ffff:127.0.0.1","msg":"Auth audit: auth.login.mfa_required"}
{"level":30,"time":"2026-06-24T03:05:51.654Z","service":"@verve/backend","audit":true,"event":"auth.login.success","userId":"bbbbbbbb-bbbb-4bbb-8bbb-bbbbbbbbbbbb","email":"staff@clinic-a.au","clinicId":"11111111-1111-4111-8111-111111111111","ipAddress":"::ffff:127.0.0.1","msg":"Auth audit: auth.login.success"}
{"level":30,"time":"2026-06-24T03:05:51.659Z","service":"@verve/backend","audit":true,"event":"auth.login.failure","email":"staff@clinic-a.au","userId":"bbbbbbbb-bbbb-4bbb-8bbb-bbbbbbbbbbbb","clinicId":"11111111-1111-4111-8111-111111111111","reason":"invalid_credentials","ipAddress":"::ffff:127.0.0.1","msg":"Auth audit: auth.login.failure"}
{"level":30,"time":"2026-06-24T03:05:51.657Z","service":"@verve/backend","audit":true,"event":"auth.mfa.success","userId":"aaaaaaaa-aaaa-4aaa-8aaa-aaaaaaaaaaaa","email":"admin@clinic-a.au","clinicId":"11111111-1111-4111-8111-111111111111","ipAddress":"::ffff:127.0.0.1","msg":"Auth audit: auth.mfa.success"}
{"level":30,"time":"2026-06-24T03:05:51.677Z","service":"@verve/backend","audit":true,"event":"auth.login.mfa_required","userId":"dddddddd-dddd-4ddd-8ddd-dddddddddddd","email":"manager@clinic-a.au","clinicId":"11111111-1111-4111-8111-111111111111","ipAddress":"::ffff:127.0.0.1","msg":"Auth audit: auth.login.mfa_required"}
{"level":30,"time":"2026-06-24T03:05:51.683Z","service":"@verve/backend","audit":true,"event":"auth.mfa.success","userId":"dddddddd-dddd-4ddd-8ddd-dddddddddddd","email":"manager@clinic-a.au","clinicId":"11111111-1111-4111-8111-111111111111","ipAddress":"::ffff:127.0.0.1","msg":"Auth audit: auth.mfa.success"}
{"level":40,"time":"2026-06-24T03:05:51.700Z","service":"@verve/backend","msg":"DATABASE_URL not set ΓÇö using in-memory repositories (state lost on restart)"}
{"level":40,"time":"2026-06-24T03:05:51.702Z","service":"@verve/backend","msg":"DATABASE_URL not set ΓÇö using in-memory repositories (state lost on restart)"}
{"level":40,"time":"2026-06-24T03:05:51.704Z","service":"@verve/backend","msg":"DATABASE_URL not set ΓÇö using in-memory repositories (state lost on restart)"}
{"level":40,"time":"2026-06-24T03:05:51.706Z","service":"@verve/backend","msg":"DATABASE_URL not set ΓÇö using in-memory repositories (state lost on restart)"}
{"level":40,"time":"2026-06-24T03:05:51.764Z","service":"@verve/backend","msg":"DATABASE_URL not set ΓÇö using in-memory repositories (state lost on restart)"}
{"level":40,"time":"2026-06-24T03:05:51.763Z","service":"@verve/backend","msg":"DATABASE_URL not set ΓÇö using in-memory repositories (state lost on restart)"}
{"level":30,"time":"2026-06-24T03:05:51.773Z","service":"@verve/backend","audit":true,"event":"auth.login.failure","email":"nobody@unknown.au","reason":"invalid_credentials","ipAddress":"::ffff:127.0.0.1","msg":"Auth audit: auth.login.failure"}
{"level":40,"time":"2026-06-24T03:05:51.777Z","service":"@verve/backend","msg":"DATABASE_URL not set ΓÇö using in-memory repositories (state lost on restart)"}
{"level":30,"time":"2026-06-24T03:05:51.813Z","service":"@verve/backend","audit":true,"event":"auth.login.success","userId":"bbbbbbbb-bbbb-4bbb-8bbb-bbbbbbbbbbbb","email":"staff@clinic-a.au","clinicId":"11111111-1111-4111-8111-111111111111","ipAddress":"::ffff:127.0.0.1","msg":"Auth audit: auth.login.success"}
{"level":30,"time":"2026-06-24T03:05:51.817Z","service":"@verve/backend","audit":true,"event":"auth.login.mfa_required","userId":"aaaaaaaa-aaaa-4aaa-8aaa-aaaaaaaaaaaa","email":"admin@clinic-a.au","clinicId":"11111111-1111-4111-8111-111111111111","ipAddress":"::ffff:127.0.0.1","msg":"Auth audit: auth.login.mfa_required"}
{"level":40,"time":"2026-06-24T03:05:51.819Z","service":"@verve/backend","msg":"DATABASE_URL not set ΓÇö using in-memory repositories (state lost on restart)"}
{"level":30,"time":"2026-06-24T03:05:51.824Z","service":"@verve/backend","audit":true,"event":"auth.mfa.success","userId":"aaaaaaaa-aaaa-4aaa-8aaa-aaaaaaaaaaaa","email":"admin@clinic-a.au","clinicId":"11111111-1111-4111-8111-111111111111","ipAddress":"::ffff:127.0.0.1","msg":"Auth audit: auth.mfa.success"}
{"level":30,"time":"2026-06-24T03:05:51.836Z","service":"@verve/backend","audit":true,"event":"auth.login.mfa_required","userId":"cccccccc-cccc-4ccc-8ccc-cccccccccccc","email":"admin@clinic-b.au","clinicId":"22222222-2222-4222-8222-222222222222","ipAddress":"::ffff:127.0.0.1","msg":"Auth audit: auth.login.mfa_required"}
{"level":30,"time":"2026-06-24T03:05:51.842Z","service":"@verve/backend","audit":true,"event":"auth.mfa.success","userId":"cccccccc-cccc-4ccc-8ccc-cccccccccccc","email":"admin@clinic-b.au","clinicId":"22222222-2222-4222-8222-222222222222","ipAddress":"::ffff:127.0.0.1","msg":"Auth audit: auth.mfa.success"}
{"level":30,"time":"2026-06-24T03:05:51.847Z","service":"@verve/backend","audit":true,"event":"user.updated","userId":"cccccccc-cccc-4ccc-8ccc-cccccccccccc","email":"admin@clinic-b.au","clinicId":"11111111-1111-4111-8111-111111111111","resourceId":"bbbbbbbb-bbbb-4bbb-8bbb-bbbbbbbbbbbb","msg":"Auth audit: user.updated"}
{"level":30,"time":"2026-06-24T03:05:51.863Z","service":"@verve/backend","audit":true,"event":"auth.login.success","userId":"bbbbbbbb-bbbb-4bbb-8bbb-bbbbbbbbbbbb","email":"staff@clinic-a.au","clinicId":"11111111-1111-4111-8111-111111111111","ipAddress":"::ffff:127.0.0.1","msg":"Auth audit: auth.login.success"}
{"level":30,"time":"2026-06-24T03:05:51.866Z","service":"@verve/backend","audit":true,"event":"auth.mfa.setup_initiated","userId":"bbbbbbbb-bbbb-4bbb-8bbb-bbbbbbbbbbbb","email":"staff@clinic-a.au","clinicId":"11111111-1111-4111-8111-111111111111","ipAddress":"::ffff:127.0.0.1","msg":"Auth audit: auth.mfa.setup_initiated"}
{"level":30,"time":"2026-06-24T03:05:51.870Z","service":"@verve/backend","audit":true,"event":"auth.mfa.confirm_failure","userId":"bbbbbbbb-bbbb-4bbb-8bbb-bbbbbbbbbbbb","email":"staff@clinic-a.au","clinicId":"11111111-1111-4111-8111-111111111111","reason":"invalid_mfa_code","ipAddress":"::ffff:127.0.0.1","msg":"Auth audit: auth.mfa.confirm_failure"}
{"level":30,"time":"2026-06-24T03:05:51.874Z","service":"@verve/backend","audit":true,"event":"auth.mfa.enrolled","userId":"bbbbbbbb-bbbb-4bbb-8bbb-bbbbbbbbbbbb","email":"staff@clinic-a.au","clinicId":"11111111-1111-4111-8111-111111111111","ipAddress":"::ffff:127.0.0.1","msg":"Auth audit: auth.mfa.enrolled"}
{"level":30,"time":"2026-06-24T03:05:51.890Z","service":"@verve/backend","audit":true,"event":"auth.login.mfa_required","userId":"aaaaaaaa-aaaa-4aaa-8aaa-aaaaaaaaaaaa","email":"admin@clinic-a.au","clinicId":"11111111-1111-4111-8111-111111111111","ipAddress":"::ffff:127.0.0.1","msg":"Auth audit: auth.login.mfa_required"}
{"level":40,"time":"2026-06-24T03:05:51.894Z","service":"@verve/backend","msg":"DATABASE_URL not set ΓÇö using in-memory repositories (state lost on restart)"}
{"level":30,"time":"2026-06-24T03:05:51.894Z","service":"@verve/backend","audit":true,"event":"auth.login.success","userId":"bbbbbbbb-bbbb-4bbb-8bbb-bbbbbbbbbbbb","email":"staff@clinic-a.au","clinicId":"11111111-1111-4111-8111-111111111111","ipAddress":"::ffff:127.0.0.1","msg":"Auth audit: auth.login.success"}
{"level":30,"time":"2026-06-24T03:05:51.898Z","service":"@verve/backend","audit":true,"event":"auth.mfa.failure","userId":"aaaaaaaa-aaaa-4aaa-8aaa-aaaaaaaaaaaa","reason":"invalid_mfa_code","ipAddress":"::ffff:127.0.0.1","msg":"Auth audit: auth.mfa.failure"}
{"level":30,"time":"2026-06-24T03:05:51.901Z","service":"@verve/backend","audit":true,"event":"auth.logout","ipAddress":"::ffff:127.0.0.1","msg":"Auth audit: auth.logout"}
{"level":40,"time":"2026-06-24T03:05:51.916Z","service":"@verve/backend","msg":"DATABASE_URL not set ΓÇö using in-memory repositories (state lost on restart)"}
{"level":30,"time":"2026-06-24T03:05:51.925Z","service":"@verve/backend","audit":true,"event":"auth.login.mfa_required","userId":"dddddddd-dddd-4ddd-8ddd-dddddddddddd","email":"manager@clinic-a.au","clinicId":"11111111-1111-4111-8111-111111111111","ipAddress":"::ffff:127.0.0.1","msg":"Auth audit: auth.login.mfa_required"}
{"level":40,"time":"2026-06-24T03:05:51.928Z","service":"@verve/backend","msg":"DATABASE_URL not set ΓÇö using in-memory repositories (state lost on restart)"}
{"level":30,"time":"2026-06-24T03:05:51.930Z","service":"@verve/backend","audit":true,"event":"auth.login.success","userId":"bbbbbbbb-bbbb-4bbb-8bbb-bbbbbbbbbbbb","email":"staff@clinic-a.au","clinicId":"11111111-1111-4111-8111-111111111111","ipAddress":"::ffff:127.0.0.1","msg":"Auth audit: auth.login.success"}
{"level":30,"time":"2026-06-24T03:05:51.933Z","service":"@verve/backend","audit":true,"event":"auth.mfa.success","userId":"dddddddd-dddd-4ddd-8ddd-dddddddddddd","email":"manager@clinic-a.au","clinicId":"11111111-1111-4111-8111-111111111111","ipAddress":"::ffff:127.0.0.1","msg":"Auth audit: auth.mfa.success"}
{"level":30,"time":"2026-06-24T03:05:51.937Z","service":"@verve/backend","audit":true,"event":"auth.unauthorized","reason":"missing_token","ipAddress":"::ffff:127.0.0.1","msg":"Auth audit: auth.unauthorized"}
{"level":40,"time":"2026-06-24T03:05:51.947Z","service":"@verve/backend","msg":"DATABASE_URL not set ΓÇö using in-memory repositories (state lost on restart)"}
{"level":40,"time":"2026-06-24T03:05:51.998Z","service":"@verve/backend","msg":"DATABASE_URL not set ΓÇö using in-memory repositories (state lost on restart)"}
{"level":40,"time":"2026-06-24T03:05:52.005Z","service":"@verve/backend","msg":"DATABASE_URL not set ΓÇö using in-memory repositories (state lost on restart)"}
{"level":30,"time":"2026-06-24T03:05:52.020Z","service":"@verve/backend","audit":true,"event":"auth.login.mfa_enrollment_required","userId":"eeeeeeee-eeee-4eee-8eee-eeeeeeeeeeee","email":"admin-nomfa@clinic-a.au","clinicId":"11111111-1111-4111-8111-111111111111","role":"owner_admin","ipAddress":"::ffff:127.0.0.1","msg":"Auth audit: auth.login.mfa_enrollment_required"}
{"level":40,"time":"2026-06-24T03:05:52.019Z","service":"@verve/backend","msg":"DATABASE_URL not set ΓÇö using in-memory repositories (state lost on restart)"}
{"level":30,"time":"2026-06-24T03:05:52.031Z","service":"@verve/backend","audit":true,"event":"auth.mfa.setup_initiated","userId":"eeeeeeee-eeee-4eee-8eee-eeeeeeeeeeee","email":"admin-nomfa@clinic-a.au","clinicId":"11111111-1111-4111-8111-111111111111","ipAddress":"::ffff:127.0.0.1","msg":"Auth audit: auth.mfa.setup_initiated"}
{"level":30,"time":"2026-06-24T03:05:52.044Z","service":"@verve/backend","audit":true,"event":"auth.mfa.enrolled","userId":"eeeeeeee-eeee-4eee-8eee-eeeeeeeeeeee","email":"admin-nomfa@clinic-a.au","clinicId":"11111111-1111-4111-8111-111111111111","ipAddress":"::ffff:127.0.0.1","msg":"Auth audit: auth.mfa.enrolled"}
{"level":40,"time":"2026-06-24T03:05:52.050Z","service":"@verve/backend","msg":"DATABASE_URL not set ΓÇö using in-memory repositories (state lost on restart)"}
{"level":40,"time":"2026-06-24T03:05:52.056Z","service":"@verve/backend","msg":"DATABASE_URL not set ΓÇö using in-memory repositories (state lost on restart)"}
{"level":40,"time":"2026-06-24T03:05:52.055Z","service":"@verve/backend","msg":"DATABASE_URL not set ΓÇö using in-memory repositories (state lost on restart)"}
{"level":30,"time":"2026-06-24T03:05:52.091Z","service":"@verve/backend","audit":true,"event":"auth.login.mfa_required","userId":"dddddddd-dddd-4ddd-8ddd-dddddddddddd","email":"manager@clinic-a.au","clinicId":"11111111-1111-4111-8111-111111111111","ipAddress":"::ffff:127.0.0.1","msg":"Auth audit: auth.login.mfa_required"}
{"level":30,"time":"2026-06-24T03:05:52.102Z","service":"@verve/backend","audit":true,"event":"auth.mfa.success","userId":"dddddddd-dddd-4ddd-8ddd-dddddddddddd","email":"manager@clinic-a.au","clinicId":"11111111-1111-4111-8111-111111111111","ipAddress":"::ffff:127.0.0.1","msg":"Auth audit: auth.mfa.success"}
{"level":30,"time":"2026-06-24T03:05:52.104Z","service":"@verve/backend","audit":true,"event":"auth.login.success","userId":"bbbbbbbb-bbbb-4bbb-8bbb-bbbbbbbbbbbb","email":"staff@clinic-a.au","clinicId":"11111111-1111-4111-8111-111111111111","ipAddress":"::ffff:127.0.0.1","msg":"Auth audit: auth.login.success"}
{"level":30,"time":"2026-06-24T03:05:52.111Z","service":"@verve/backend","audit":true,"event":"user.updated","userId":"dddddddd-dddd-4ddd-8ddd-dddddddddddd","email":"manager@clinic-a.au","clinicId":"11111111-1111-4111-8111-111111111111","resourceId":"bbbbbbbb-bbbb-4bbb-8bbb-bbbbbbbbbbbb","msg":"Auth audit: user.updated"}
{"level":30,"time":"2026-06-24T03:05:52.115Z","service":"@verve/backend","audit":true,"event":"auth.login.success","userId":"bbbbbbbb-bbbb-4bbb-8bbb-bbbbbbbbbbbb","email":"staff@clinic-a.au","clinicId":"11111111-1111-4111-8111-111111111111","ipAddress":"::ffff:127.0.0.1","msg":"Auth audit: auth.login.success"}
{"level":30,"time":"2026-06-24T03:05:52.119Z","service":"@verve/backend","audit":true,"event":"auth.login.mfa_required","userId":"dddddddd-dddd-4ddd-8ddd-dddddddddddd","email":"manager@clinic-a.au","clinicId":"11111111-1111-4111-8111-111111111111","ipAddress":"::ffff:127.0.0.1","msg":"Auth audit: auth.login.mfa_required"}
{"level":30,"time":"2026-06-24T03:05:52.126Z","service":"@verve/backend","audit":true,"event":"auth.mfa.success","userId":"dddddddd-dddd-4ddd-8ddd-dddddddddddd","email":"manager@clinic-a.au","clinicId":"11111111-1111-4111-8111-111111111111","ipAddress":"::ffff:127.0.0.1","msg":"Auth audit: auth.mfa.success"}
{"level":30,"time":"2026-06-24T03:05:52.131Z","service":"@verve/backend","audit":true,"event":"auth.mfa.setup_initiated","userId":"dddddddd-dddd-4ddd-8ddd-dddddddddddd","email":"manager@clinic-a.au","clinicId":"11111111-1111-4111-8111-111111111111","ipAddress":"::ffff:127.0.0.1","msg":"Auth audit: auth.mfa.setup_initiated"}
{"level":30,"time":"2026-06-24T03:05:52.136Z","service":"@verve/backend","audit":true,"event":"auth.mfa.enrolled","userId":"dddddddd-dddd-4ddd-8ddd-dddddddddddd","email":"manager@clinic-a.au","clinicId":"11111111-1111-4111-8111-111111111111","ipAddress":"::ffff:127.0.0.1","msg":"Auth audit: auth.mfa.enrolled"}
{"level":30,"time":"2026-06-24T03:05:52.137Z","service":"@verve/backend","audit":true,"event":"auth.login.success","userId":"bbbbbbbb-bbbb-4bbb-8bbb-bbbbbbbbbbbb","email":"staff@clinic-a.au","clinicId":"11111111-1111-4111-8111-111111111111","ipAddress":"::ffff:127.0.0.1","msg":"Auth audit: auth.login.success"}
{"level":40,"time":"2026-06-24T03:05:52.141Z","service":"@verve/backend","msg":"DATABASE_URL not set ΓÇö using in-memory repositories (state lost on restart)"}
{"level":30,"time":"2026-06-24T03:05:52.141Z","service":"@verve/backend","audit":true,"event":"auth.logout","ipAddress":"::ffff:127.0.0.1","msg":"Auth audit: auth.logout"}
{"level":30,"time":"2026-06-24T03:05:52.148Z","service":"@verve/backend","audit":true,"event":"auth.refresh.failure","reason":"invalid_refresh_token","ipAddress":"::ffff:127.0.0.1","msg":"Auth audit: auth.refresh.failure"}
{"level":30,"time":"2026-06-24T03:05:52.159Z","service":"@verve/backend","audit":true,"event":"auth.login.success","userId":"bbbbbbbb-bbbb-4bbb-8bbb-bbbbbbbbbbbb","email":"staff@clinic-a.au","clinicId":"11111111-1111-4111-8111-111111111111","ipAddress":"::ffff:127.0.0.1","msg":"Auth audit: auth.login.success"}
{"level":30,"time":"2026-06-24T03:05:52.170Z","service":"@verve/backend","audit":true,"event":"auth.login.mfa_required","userId":"cccccccc-cccc-4ccc-8ccc-cccccccccccc","email":"admin@clinic-b.au","clinicId":"22222222-2222-4222-8222-222222222222","ipAddress":"::ffff:127.0.0.1","msg":"Auth audit: auth.login.mfa_required"}
{"level":30,"time":"2026-06-24T03:05:52.172Z","service":"@verve/backend","audit":true,"event":"auth.login.mfa_required","userId":"cccccccc-cccc-4ccc-8ccc-cccccccccccc","email":"admin@clinic-b.au","clinicId":"22222222-2222-4222-8222-222222222222","ipAddress":"::ffff:127.0.0.1","msg":"Auth audit: auth.login.mfa_required"}
{"level":30,"time":"2026-06-24T03:05:52.177Z","service":"@verve/backend","audit":true,"event":"auth.mfa.success","userId":"cccccccc-cccc-4ccc-8ccc-cccccccccccc","email":"admin@clinic-b.au","clinicId":"22222222-2222-4222-8222-222222222222","ipAddress":"::ffff:127.0.0.1","msg":"Auth audit: auth.mfa.success"}
{"level":30,"time":"2026-06-24T03:05:52.179Z","service":"@verve/backend","audit":true,"event":"auth.mfa.success","userId":"cccccccc-cccc-4ccc-8ccc-cccccccccccc","email":"admin@clinic-b.au","clinicId":"22222222-2222-4222-8222-222222222222","ipAddress":"::ffff:127.0.0.1","msg":"Auth audit: auth.mfa.success"}
{"level":40,"time":"2026-06-24T03:05:52.194Z","service":"@verve/backend","msg":"DATABASE_URL not set ΓÇö using in-memory repositories (state lost on restart)"}
{"level":40,"time":"2026-06-24T03:05:52.213Z","service":"@verve/backend","msg":"DATABASE_URL not set ΓÇö using in-memory repositories (state lost on restart)"}
{"level":40,"time":"2026-06-24T03:05:52.220Z","service":"@verve/backend","msg":"DATABASE_URL not set ΓÇö using in-memory repositories (state lost on restart)"}
{"level":40,"time":"2026-06-24T03:05:52.220Z","service":"@verve/backend","msg":"DATABASE_URL not set ΓÇö using in-memory repositories (state lost on restart)"}
{"level":30,"time":"2026-06-24T03:05:52.236Z","service":"@verve/backend","audit":true,"event":"auth.login.mfa_required","userId":"dddddddd-dddd-4ddd-8ddd-dddddddddddd","email":"manager@clinic-a.au","clinicId":"11111111-1111-4111-8111-111111111111","ipAddress":"::ffff:127.0.0.1","msg":"Auth audit: auth.login.mfa_required"}
{"level":40,"time":"2026-06-24T03:05:52.246Z","service":"@verve/backend","msg":"DATABASE_URL not set ΓÇö using in-memory repositories (state lost on restart)"}
{"level":40,"time":"2026-06-24T03:05:52.248Z","service":"@verve/backend","msg":"DATABASE_URL not set ΓÇö using in-memory repositories (state lost on restart)"}
{"level":40,"time":"2026-06-24T03:05:52.259Z","service":"@verve/backend","msg":"DATABASE_URL not set ΓÇö using in-memory repositories (state lost on restart)"}
{"level":40,"time":"2026-06-24T03:05:52.279Z","service":"@verve/backend","msg":"DATABASE_URL not set ΓÇö using in-memory repositories (state lost on restart)"}
{"level":40,"time":"2026-06-24T03:05:52.280Z","service":"@verve/backend","msg":"DATABASE_URL not set ΓÇö using in-memory repositories (state lost on restart)"}
{"level":30,"time":"2026-06-24T03:05:52.287Z","service":"@verve/backend","audit":true,"event":"auth.unauthorized","reason":"missing_token","ipAddress":"::ffff:127.0.0.1","msg":"Auth audit: auth.unauthorized"}
{"level":30,"time":"2026-06-24T03:05:52.316Z","service":"@verve/backend","audit":true,"event":"auth.login.mfa_required","userId":"dddddddd-dddd-4ddd-8ddd-dddddddddddd","email":"manager@clinic-a.au","clinicId":"11111111-1111-4111-8111-111111111111","ipAddress":"::ffff:127.0.0.1","msg":"Auth audit: auth.login.mfa_required"}
{"level":30,"time":"2026-06-24T03:05:52.321Z","service":"@verve/backend","audit":true,"event":"auth.login.success","userId":"bbbbbbbb-bbbb-4bbb-8bbb-bbbbbbbbbbbb","email":"staff@clinic-a.au","clinicId":"11111111-1111-4111-8111-111111111111","ipAddress":"::ffff:127.0.0.1","msg":"Auth audit: auth.login.success"}
{"level":30,"time":"2026-06-24T03:05:52.322Z","service":"@verve/backend","audit":true,"event":"auth.mfa.success","userId":"dddddddd-dddd-4ddd-8ddd-dddddddddddd","email":"manager@clinic-a.au","clinicId":"11111111-1111-4111-8111-111111111111","ipAddress":"::ffff:127.0.0.1","msg":"Auth audit: auth.mfa.success"}
{"level":30,"time":"2026-06-24T03:05:52.324Z","service":"@verve/backend","audit":true,"event":"auth.login.success","userId":"bbbbbbbb-bbbb-4bbb-8bbb-bbbbbbbbbbbb","email":"staff@clinic-a.au","clinicId":"11111111-1111-4111-8111-111111111111","ipAddress":"::ffff:127.0.0.1","msg":"Auth audit: auth.login.success"}
{"level":40,"time":"2026-06-24T03:05:52.330Z","service":"@verve/backend","msg":"DATABASE_URL not set ΓÇö using in-memory repositories (state lost on restart)"}
{"level":30,"time":"2026-06-24T03:05:52.340Z","service":"@verve/backend","audit":true,"event":"auth.login.mfa_required","userId":"dddddddd-dddd-4ddd-8ddd-dddddddddddd","email":"manager@clinic-a.au","clinicId":"11111111-1111-4111-8111-111111111111","ipAddress":"::ffff:127.0.0.1","msg":"Auth audit: auth.login.mfa_required"}
{"level":30,"time":"2026-06-24T03:05:52.344Z","service":"@verve/backend","audit":true,"event":"auth.login.success","userId":"bbbbbbbb-bbbb-4bbb-8bbb-bbbbbbbbbbbb","email":"staff@clinic-a.au","clinicId":"11111111-1111-4111-8111-111111111111","ipAddress":"::ffff:127.0.0.1","msg":"Auth audit: auth.login.success"}
{"level":30,"time":"2026-06-24T03:05:52.349Z","service":"@verve/backend","audit":true,"event":"auth.login.success","userId":"bbbbbbbb-bbbb-4bbb-8bbb-bbbbbbbbbbbb","email":"staff@clinic-a.au","clinicId":"11111111-1111-4111-8111-111111111111","ipAddress":"::ffff:127.0.0.1","msg":"Auth audit: auth.login.success"}
{"level":30,"time":"2026-06-24T03:05:52.348Z","service":"@verve/backend","audit":true,"event":"auth.logout","ipAddress":"::ffff:127.0.0.1","msg":"Auth audit: auth.logout"}
{"level":30,"time":"2026-06-24T03:05:52.353Z","service":"@verve/backend","audit":true,"event":"auth.refresh.success","userId":"bbbbbbbb-bbbb-4bbb-8bbb-bbbbbbbbbbbb","email":"staff@clinic-a.au","clinicId":"11111111-1111-4111-8111-111111111111","ipAddress":"::ffff:127.0.0.1","msg":"Auth audit: auth.refresh.success"}
{"level":30,"time":"2026-06-24T03:05:52.353Z","service":"@verve/backend","audit":true,"event":"auth.mfa.success","userId":"dddddddd-dddd-4ddd-8ddd-dddddddddddd","email":"manager@clinic-a.au","clinicId":"11111111-1111-4111-8111-111111111111","ipAddress":"::ffff:127.0.0.1","msg":"Auth audit: auth.mfa.success"}
{"level":30,"time":"2026-06-24T03:05:52.359Z","service":"@verve/backend","audit":true,"event":"auth.login.mfa_required","userId":"cccccccc-cccc-4ccc-8ccc-cccccccccccc","email":"admin@clinic-b.au","clinicId":"22222222-2222-4222-8222-222222222222","ipAddress":"::ffff:127.0.0.1","msg":"Auth audit: auth.login.mfa_required"}
{"level":30,"time":"2026-06-24T03:05:52.365Z","service":"@verve/backend","audit":true,"event":"auth.mfa.success","userId":"cccccccc-cccc-4ccc-8ccc-cccccccccccc","email":"admin@clinic-b.au","clinicId":"22222222-2222-4222-8222-222222222222","ipAddress":"::ffff:127.0.0.1","msg":"Auth audit: auth.mfa.success"}
{"level":30,"time":"2026-06-24T03:05:52.372Z","service":"@verve/backend","audit":true,"event":"supplier.created","userId":"dddddddd-dddd-4ddd-8ddd-dddddddddddd","resourceId":"a22e31fe-cfe2-4b5a-9b88-df040239875e","msg":"Audit: supplier.created"}
{"level":30,"time":"2026-06-24T03:05:52.382Z","service":"@verve/backend","audit":true,"event":"auth.login.mfa_required","userId":"cccccccc-cccc-4ccc-8ccc-cccccccccccc","email":"admin@clinic-b.au","clinicId":"22222222-2222-4222-8222-222222222222","ipAddress":"::ffff:127.0.0.1","msg":"Auth audit: auth.login.mfa_required"}
{"level":40,"time":"2026-06-24T03:05:52.382Z","service":"@verve/backend","msg":"DATABASE_URL not set ΓÇö using in-memory repositories (state lost on restart)"}
{"level":30,"time":"2026-06-24T03:05:52.388Z","service":"@verve/backend","audit":true,"event":"auth.mfa.success","userId":"cccccccc-cccc-4ccc-8ccc-cccccccccccc","email":"admin@clinic-b.au","clinicId":"22222222-2222-4222-8222-222222222222","ipAddress":"::ffff:127.0.0.1","msg":"Auth audit: auth.mfa.success"}
{"level":40,"time":"2026-06-24T03:05:52.425Z","service":"@verve/backend","msg":"DATABASE_URL not set ΓÇö using in-memory repositories (state lost on restart)"}
{"level":40,"time":"2026-06-24T03:05:52.434Z","service":"@verve/backend","msg":"DATABASE_URL not set ΓÇö using in-memory repositories (state lost on restart)"}
{"level":40,"time":"2026-06-24T03:05:52.434Z","service":"@verve/backend","msg":"DATABASE_URL not set ΓÇö using in-memory repositories (state lost on restart)"}
{"level":30,"time":"2026-06-24T03:05:52.443Z","service":"@verve/backend","audit":true,"event":"auth.login.mfa_required","userId":"dddddddd-dddd-4ddd-8ddd-dddddddddddd","email":"manager@clinic-a.au","clinicId":"11111111-1111-4111-8111-111111111111","ipAddress":"::ffff:127.0.0.1","msg":"Auth audit: auth.login.mfa_required"}
{"level":40,"time":"2026-06-24T03:05:52.448Z","service":"@verve/backend","msg":"DATABASE_URL not set ΓÇö using in-memory repositories (state lost on restart)"}
{"level":30,"time":"2026-06-24T03:05:52.450Z","service":"@verve/backend","audit":true,"event":"auth.mfa.success","userId":"dddddddd-dddd-4ddd-8ddd-dddddddddddd","email":"manager@clinic-a.au","clinicId":"11111111-1111-4111-8111-111111111111","ipAddress":"::ffff:127.0.0.1","msg":"Auth audit: auth.mfa.success"}
{"level":30,"time":"2026-06-24T03:05:52.455Z","service":"@verve/backend","audit":true,"event":"auth.mfa.setup_initiated","userId":"dddddddd-dddd-4ddd-8ddd-dddddddddddd","email":"manager@clinic-a.au","clinicId":"11111111-1111-4111-8111-111111111111","ipAddress":"::ffff:127.0.0.1","msg":"Auth audit: auth.mfa.setup_initiated"}
{"level":30,"time":"2026-06-24T03:05:52.461Z","service":"@verve/backend","audit":true,"event":"auth.mfa.enrolled","userId":"dddddddd-dddd-4ddd-8ddd-dddddddddddd","email":"manager@clinic-a.au","clinicId":"11111111-1111-4111-8111-111111111111","ipAddress":"::ffff:127.0.0.1","msg":"Auth audit: auth.mfa.enrolled"}
{"level":30,"time":"2026-06-24T03:05:52.467Z","service":"@verve/backend","audit":true,"event":"auth.login.success","userId":"bbbbbbbb-bbbb-4bbb-8bbb-bbbbbbbbbbbb","email":"staff@clinic-a.au","clinicId":"11111111-1111-4111-8111-111111111111","ipAddress":"::ffff:127.0.0.1","msg":"Auth audit: auth.login.success"}
{"level":40,"time":"2026-06-24T03:05:52.478Z","service":"@verve/backend","msg":"DATABASE_URL not set ΓÇö using in-memory repositories (state lost on restart)"}
{"level":30,"time":"2026-06-24T03:05:52.484Z","service":"@verve/backend","audit":true,"event":"auth.login.success","userId":"bbbbbbbb-bbbb-4bbb-8bbb-bbbbbbbbbbbb","email":"staff@clinic-a.au","clinicId":"11111111-1111-4111-8111-111111111111","ipAddress":"::ffff:127.0.0.1","msg":"Auth audit: auth.login.success"}
{"level":40,"time":"2026-06-24T03:05:52.491Z","service":"@verve/backend","msg":"DATABASE_URL not set ΓÇö using in-memory repositories (state lost on restart)"}
{"level":30,"time":"2026-06-24T03:05:52.532Z","service":"@verve/backend","audit":true,"event":"auth.login.mfa_required","userId":"cccccccc-cccc-4ccc-8ccc-cccccccccccc","email":"admin@clinic-b.au","clinicId":"22222222-2222-4222-8222-222222222222","ipAddress":"::ffff:127.0.0.1","msg":"Auth audit: auth.login.mfa_required"}
{"level":30,"time":"2026-06-24T03:05:52.536Z","service":"@verve/backend","audit":true,"event":"auth.login.mfa_required","userId":"dddddddd-dddd-4ddd-8ddd-dddddddddddd","email":"manager@clinic-a.au","clinicId":"11111111-1111-4111-8111-111111111111","ipAddress":"::ffff:127.0.0.1","msg":"Auth audit: auth.login.mfa_required"}
{"level":30,"time":"2026-06-24T03:05:52.538Z","service":"@verve/backend","audit":true,"event":"auth.login.success","userId":"bbbbbbbb-bbbb-4bbb-8bbb-bbbbbbbbbbbb","email":"staff@clinic-a.au","clinicId":"11111111-1111-4111-8111-111111111111","ipAddress":"::ffff:127.0.0.1","msg":"Auth audit: auth.login.success"}
{"level":30,"time":"2026-06-24T03:05:52.538Z","service":"@verve/backend","audit":true,"event":"auth.mfa.success","userId":"cccccccc-cccc-4ccc-8ccc-cccccccccccc","email":"admin@clinic-b.au","clinicId":"22222222-2222-4222-8222-222222222222","ipAddress":"::ffff:127.0.0.1","msg":"Auth audit: auth.mfa.success"}
{"level":30,"time":"2026-06-24T03:05:52.542Z","service":"@verve/backend","audit":true,"event":"auth.mfa.success","userId":"dddddddd-dddd-4ddd-8ddd-dddddddddddd","email":"manager@clinic-a.au","clinicId":"11111111-1111-4111-8111-111111111111","ipAddress":"::ffff:127.0.0.1","msg":"Auth audit: auth.mfa.success"}
PASS tests/authCookie.test.ts
{"level":30,"time":"2026-06-24T03:05:52.564Z","service":"@verve/backend","audit":true,"event":"auth.login.mfa_required","userId":"dddddddd-dddd-4ddd-8ddd-dddddddddddd","email":"manager@clinic-a.au","clinicId":"11111111-1111-4111-8111-111111111111","ipAddress":"::ffff:127.0.0.1","msg":"Auth audit: auth.login.mfa_required"}
{"level":30,"time":"2026-06-24T03:05:52.567Z","service":"@verve/backend","audit":true,"event":"auth.login.success","userId":"bbbbbbbb-bbbb-4bbb-8bbb-bbbbbbbbbbbb","email":"staff@clinic-a.au","clinicId":"11111111-1111-4111-8111-111111111111","ipAddress":"::ffff:127.0.0.1","msg":"Auth audit: auth.login.success"}
{"level":30,"time":"2026-06-24T03:05:52.570Z","service":"@verve/backend","audit":true,"event":"auth.mfa.success","userId":"dddddddd-dddd-4ddd-8ddd-dddddddddddd","email":"manager@clinic-a.au","clinicId":"11111111-1111-4111-8111-111111111111","ipAddress":"::ffff:127.0.0.1","msg":"Auth audit: auth.mfa.success"}
{"level":30,"time":"2026-06-24T03:05:52.571Z","service":"@verve/backend","audit":true,"event":"auth.logout","ipAddress":"::ffff:127.0.0.1","msg":"Auth audit: auth.logout"}
{"level":30,"time":"2026-06-24T03:05:52.576Z","service":"@verve/backend","audit":true,"event":"auth.refresh.success","userId":"bbbbbbbb-bbbb-4bbb-8bbb-bbbbbbbbbbbb","email":"staff@clinic-a.au","clinicId":"11111111-1111-4111-8111-111111111111","ipAddress":"::ffff:127.0.0.1","msg":"Auth audit: auth.refresh.success"}
{"level":40,"time":"2026-06-24T03:05:52.576Z","service":"@verve/backend","msg":"DATABASE_URL not set ΓÇö using in-memory repositories (state lost on restart)"}
{"level":40,"time":"2026-06-24T03:05:52.596Z","service":"@verve/backend","msg":"DATABASE_URL not set ΓÇö using in-memory repositories (state lost on restart)"}
{"level":30,"time":"2026-06-24T03:05:52.595Z","service":"@verve/backend","audit":true,"event":"auth.login.mfa_required","userId":"dddddddd-dddd-4ddd-8ddd-dddddddddddd","email":"manager@clinic-a.au","clinicId":"11111111-1111-4111-8111-111111111111","ipAddress":"::ffff:127.0.0.1","msg":"Auth audit: auth.login.mfa_required"}
{"level":30,"time":"2026-06-24T03:05:52.598Z","service":"@verve/backend","audit":true,"event":"auth.login.mfa_required","userId":"cccccccc-cccc-4ccc-8ccc-cccccccccccc","email":"admin@clinic-b.au","clinicId":"22222222-2222-4222-8222-222222222222","ipAddress":"::ffff:127.0.0.1","msg":"Auth audit: auth.login.mfa_required"}
{"level":30,"time":"2026-06-24T03:05:52.603Z","service":"@verve/backend","audit":true,"event":"auth.mfa.success","userId":"dddddddd-dddd-4ddd-8ddd-dddddddddddd","email":"manager@clinic-a.au","clinicId":"11111111-1111-4111-8111-111111111111","ipAddress":"::ffff:127.0.0.1","msg":"Auth audit: auth.mfa.success"}
{"level":30,"time":"2026-06-24T03:05:52.605Z","service":"@verve/backend","audit":true,"event":"auth.mfa.success","userId":"cccccccc-cccc-4ccc-8ccc-cccccccccccc","email":"admin@clinic-b.au","clinicId":"22222222-2222-4222-8222-222222222222","ipAddress":"::ffff:127.0.0.1","msg":"Auth audit: auth.mfa.success"}
{"level":30,"time":"2026-06-24T03:05:52.608Z","service":"@verve/backend","audit":true,"event":"supplier.created","userId":"dddddddd-dddd-4ddd-8ddd-dddddddddddd","resourceId":"ff5807cb-1d60-4c2c-aa4c-1c8189780ce1","msg":"Audit: supplier.created"}
{"level":30,"time":"2026-06-24T03:05:52.614Z","service":"@verve/backend","audit":true,"event":"supplier_product.created","userId":"dddddddd-dddd-4ddd-8ddd-dddddddddddd","resourceId":"907bf2fd-ab17-4519-bb50-133a12dd6940","msg":"Audit: supplier_product.created"}
{"level":40,"time":"2026-06-24T03:05:52.641Z","service":"@verve/backend","msg":"DATABASE_URL not set ΓÇö using in-memory repositories (state lost on restart)"}
{"level":40,"time":"2026-06-24T03:05:52.644Z","service":"@verve/backend","msg":"DATABASE_URL not set ΓÇö using in-memory repositories (state lost on restart)"}
{"level":40,"time":"2026-06-24T03:05:52.647Z","service":"@verve/backend","msg":"DATABASE_URL not set ΓÇö using in-memory repositories (state lost on restart)"}
{"level":30,"time":"2026-06-24T03:05:52.649Z","service":"@verve/backend","audit":true,"event":"auth.unauthorized","reason":"missing_token","ipAddress":"::ffff:127.0.0.1","msg":"Auth audit: auth.unauthorized"}
{"level":40,"time":"2026-06-24T03:05:52.667Z","service":"@verve/backend","msg":"DATABASE_URL not set ΓÇö using in-memory repositories (state lost on restart)"}
{"level":30,"time":"2026-06-24T03:05:52.677Z","service":"@verve/backend","audit":true,"event":"auth.login.mfa_required","userId":"aaaaaaaa-aaaa-4aaa-8aaa-aaaaaaaaaaaa","email":"admin@clinic-a.au","clinicId":"11111111-1111-4111-8111-111111111111","ipAddress":"::ffff:127.0.0.1","msg":"Auth audit: auth.login.mfa_required"}
{"level":30,"time":"2026-06-24T03:05:52.682Z","service":"@verve/backend","audit":true,"event":"auth.mfa.success","userId":"aaaaaaaa-aaaa-4aaa-8aaa-aaaaaaaaaaaa","email":"admin@clinic-a.au","clinicId":"11111111-1111-4111-8111-111111111111","ipAddress":"::ffff:127.0.0.1","msg":"Auth audit: auth.mfa.success"}
{"level":30,"time":"2026-06-24T03:05:52.696Z","service":"@verve/backend","audit":true,"event":"auth.login.mfa_required","userId":"dddddddd-dddd-4ddd-8ddd-dddddddddddd","email":"manager@clinic-a.au","clinicId":"11111111-1111-4111-8111-111111111111","ipAddress":"::ffff:127.0.0.1","msg":"Auth audit: auth.login.mfa_required"}
{"level":30,"time":"2026-06-24T03:05:52.702Z","service":"@verve/backend","audit":true,"event":"auth.mfa.success","userId":"dddddddd-dddd-4ddd-8ddd-dddddddddddd","email":"manager@clinic-a.au","clinicId":"11111111-1111-4111-8111-111111111111","ipAddress":"::ffff:127.0.0.1","msg":"Auth audit: auth.mfa.success"}
{"level":40,"time":"2026-06-24T03:05:52.706Z","service":"@verve/backend","msg":"DATABASE_URL not set ΓÇö using in-memory repositories (state lost on restart)"}
{"level":40,"time":"2026-06-24T03:05:52.712Z","service":"@verve/backend","msg":"DATABASE_URL not set ΓÇö using in-memory repositories (state lost on restart)"}
{"level":30,"time":"2026-06-24T03:05:52.745Z","service":"@verve/backend","audit":true,"event":"auth.login.mfa_required","userId":"dddddddd-dddd-4ddd-8ddd-dddddddddddd","email":"manager@clinic-a.au","clinicId":"11111111-1111-4111-8111-111111111111","ipAddress":"::ffff:127.0.0.1","msg":"Auth audit: auth.login.mfa_required"}
{"level":40,"time":"2026-06-24T03:05:52.746Z","service":"@verve/backend","msg":"DATABASE_URL not set ΓÇö using in-memory repositories (state lost on restart)"}
{"level":30,"time":"2026-06-24T03:05:52.751Z","service":"@verve/backend","audit":true,"event":"auth.login.success","userId":"bbbbbbbb-bbbb-4bbb-8bbb-bbbbbbbbbbbb","email":"staff@clinic-a.au","clinicId":"11111111-1111-4111-8111-111111111111","ipAddress":"::ffff:127.0.0.1","msg":"Auth audit: auth.login.success"}
{"level":30,"time":"2026-06-24T03:05:52.752Z","service":"@verve/backend","audit":true,"event":"auth.mfa.success","userId":"dddddddd-dddd-4ddd-8ddd-dddddddddddd","email":"manager@clinic-a.au","clinicId":"11111111-1111-4111-8111-111111111111","ipAddress":"::ffff:127.0.0.1","msg":"Auth audit: auth.mfa.success"}
{"level":30,"time":"2026-06-24T03:05:52.771Z","service":"@verve/backend","audit":true,"event":"auth.login.mfa_required","userId":"dddddddd-dddd-4ddd-8ddd-dddddddddddd","email":"manager@clinic-a.au","clinicId":"11111111-1111-4111-8111-111111111111","ipAddress":"::ffff:127.0.0.1","msg":"Auth audit: auth.login.mfa_required"}
{"level":30,"time":"2026-06-24T03:05:52.778Z","service":"@verve/backend","audit":true,"event":"auth.mfa.success","userId":"dddddddd-dddd-4ddd-8ddd-dddddddddddd","email":"manager@clinic-a.au","clinicId":"11111111-1111-4111-8111-111111111111","ipAddress":"::ffff:127.0.0.1","msg":"Auth audit: auth.mfa.success"}
{"level":30,"time":"2026-06-24T03:05:52.780Z","service":"@verve/backend","audit":true,"event":"auth.login.success","userId":"bbbbbbbb-bbbb-4bbb-8bbb-bbbbbbbbbbbb","email":"staff@clinic-a.au","clinicId":"11111111-1111-4111-8111-111111111111","ipAddress":"::ffff:127.0.0.1","msg":"Auth audit: auth.login.success"}
{"level":30,"time":"2026-06-24T03:05:52.784Z","service":"@verve/backend","audit":true,"event":"auth.mfa.setup_initiated","userId":"dddddddd-dddd-4ddd-8ddd-dddddddddddd","email":"manager@clinic-a.au","clinicId":"11111111-1111-4111-8111-111111111111","ipAddress":"::ffff:127.0.0.1","msg":"Auth audit: auth.mfa.setup_initiated"}
{"level":30,"time":"2026-06-24T03:05:52.790Z","service":"@verve/backend","audit":true,"event":"auth.mfa.enrolled","userId":"dddddddd-dddd-4ddd-8ddd-dddddddddddd","email":"manager@clinic-a.au","clinicId":"11111111-1111-4111-8111-111111111111","ipAddress":"::ffff:127.0.0.1","msg":"Auth audit: auth.mfa.enrolled"}
{"level":30,"time":"2026-06-24T03:05:52.806Z","service":"@verve/backend","audit":true,"event":"auth.login.mfa_required","userId":"cccccccc-cccc-4ccc-8ccc-cccccccccccc","email":"admin@clinic-b.au","clinicId":"22222222-2222-4222-8222-222222222222","ipAddress":"::ffff:127.0.0.1","msg":"Auth audit: auth.login.mfa_required"}
{"level":40,"time":"2026-06-24T03:05:52.807Z","service":"@verve/backend","msg":"DATABASE_URL not set ΓÇö using in-memory repositories (state lost on restart)"}
{"level":30,"time":"2026-06-24T03:05:52.813Z","service":"@verve/backend","audit":true,"event":"auth.mfa.success","userId":"cccccccc-cccc-4ccc-8ccc-cccccccccccc","email":"admin@clinic-b.au","clinicId":"22222222-2222-4222-8222-222222222222","ipAddress":"::ffff:127.0.0.1","msg":"Auth audit: auth.mfa.success"}
{"level":30,"time":"2026-06-24T03:05:52.814Z","service":"@verve/backend","audit":true,"event":"auth.login.mfa_required","userId":"dddddddd-dddd-4ddd-8ddd-dddddddddddd","email":"manager@clinic-a.au","clinicId":"11111111-1111-4111-8111-111111111111","ipAddress":"::ffff:127.0.0.1","msg":"Auth audit: auth.login.mfa_required"}
{"level":30,"time":"2026-06-24T03:05:52.822Z","service":"@verve/backend","audit":true,"event":"auth.mfa.success","userId":"dddddddd-dddd-4ddd-8ddd-dddddddddddd","email":"manager@clinic-a.au","clinicId":"11111111-1111-4111-8111-111111111111","ipAddress":"::ffff:127.0.0.1","msg":"Auth audit: auth.mfa.success"}
{"level":30,"time":"2026-06-24T03:05:52.827Z","service":"@verve/backend","audit":true,"event":"supplier.created","userId":"dddddddd-dddd-4ddd-8ddd-dddddddddddd","resourceId":"197fd089-bb48-4eaa-a7b4-1d4404813adb","msg":"Audit: supplier.created"}
{"level":30,"time":"2026-06-24T03:05:52.832Z","service":"@verve/backend","audit":true,"event":"supplier_product.created","userId":"dddddddd-dddd-4ddd-8ddd-dddddddddddd","resourceId":"28a6206b-652d-4559-9bdc-c48d97a359a6","msg":"Audit: supplier_product.created"}
{"level":30,"time":"2026-06-24T03:05:52.845Z","service":"@verve/backend","audit":true,"event":"auth.password.changed","userId":"bbbbbbbb-bbbb-4bbb-8bbb-bbbbbbbbbbbb","email":"staff@clinic-a.au","clinicId":"11111111-1111-4111-8111-111111111111","ipAddress":"::ffff:127.0.0.1","msg":"Auth audit: auth.password.changed"}
{"level":30,"time":"2026-06-24T03:05:52.852Z","service":"@verve/backend","audit":true,"event":"auth.login.success","userId":"bbbbbbbb-bbbb-4bbb-8bbb-bbbbbbbbbbbb","email":"staff@clinic-a.au","clinicId":"11111111-1111-4111-8111-111111111111","ipAddress":"::ffff:127.0.0.1","msg":"Auth audit: auth.login.success"}
{"level":40,"time":"2026-06-24T03:05:52.855Z","service":"@verve/backend","msg":"DATABASE_URL not set ΓÇö using in-memory repositories (state lost on restart)"}
{"level":30,"time":"2026-06-24T03:05:52.857Z","service":"@verve/backend","audit":true,"event":"auth.refresh.success","userId":"bbbbbbbb-bbbb-4bbb-8bbb-bbbbbbbbbbbb","email":"staff@clinic-a.au","clinicId":"11111111-1111-4111-8111-111111111111","ipAddress":"::ffff:127.0.0.1","msg":"Auth audit: auth.refresh.success"}
{"level":40,"time":"2026-06-24T03:05:52.858Z","service":"@verve/backend","msg":"DATABASE_URL not set ΓÇö using in-memory repositories (state lost on restart)"}
{"level":30,"time":"2026-06-24T03:05:52.884Z","service":"@verve/backend","audit":true,"event":"auth.login.mfa_required","userId":"dddddddd-dddd-4ddd-8ddd-dddddddddddd","email":"manager@clinic-a.au","clinicId":"11111111-1111-4111-8111-111111111111","ipAddress":"::ffff:127.0.0.1","msg":"Auth audit: auth.login.mfa_required"}
{"level":40,"time":"2026-06-24T03:05:52.884Z","service":"@verve/backend","msg":"DATABASE_URL not set ΓÇö using in-memory repositories (state lost on restart)"}
{"level":30,"time":"2026-06-24T03:05:52.890Z","service":"@verve/backend","audit":true,"event":"auth.mfa.success","userId":"dddddddd-dddd-4ddd-8ddd-dddddddddddd","email":"manager@clinic-a.au","clinicId":"11111111-1111-4111-8111-111111111111","ipAddress":"::ffff:127.0.0.1","msg":"Auth audit: auth.mfa.success"}
{"level":30,"time":"2026-06-24T03:05:52.905Z","service":"@verve/backend","audit":true,"event":"auth.login.mfa_required","userId":"dddddddd-dddd-4ddd-8ddd-dddddddddddd","email":"manager@clinic-a.au","clinicId":"11111111-1111-4111-8111-111111111111","ipAddress":"::ffff:127.0.0.1","msg":"Auth audit: auth.login.mfa_required"}
{"level":30,"time":"2026-06-24T03:05:52.912Z","service":"@verve/backend","audit":true,"event":"auth.mfa.success","userId":"dddddddd-dddd-4ddd-8ddd-dddddddddddd","email":"manager@clinic-a.au","clinicId":"11111111-1111-4111-8111-111111111111","ipAddress":"::ffff:127.0.0.1","msg":"Auth audit: auth.mfa.success"}
{"level":40,"time":"2026-06-24T03:05:52.914Z","service":"@verve/backend","msg":"DATABASE_URL not set ΓÇö using in-memory repositories (state lost on restart)"}
{"level":40,"time":"2026-06-24T03:05:52.931Z","service":"@verve/backend","msg":"DATABASE_URL not set ΓÇö using in-memory repositories (state lost on restart)"}
{"level":40,"time":"2026-06-24T03:05:52.939Z","service":"@verve/backend","msg":"DATABASE_URL not set ΓÇö using in-memory repositories (state lost on restart)"}
{"level":40,"time":"2026-06-24T03:05:52.949Z","service":"@verve/backend","msg":"DATABASE_URL not set ΓÇö using in-memory repositories (state lost on restart)"}
{"level":30,"time":"2026-06-24T03:05:52.952Z","service":"@verve/backend","audit":true,"event":"auth.login.mfa_required","userId":"dddddddd-dddd-4ddd-8ddd-dddddddddddd","email":"manager@clinic-a.au","clinicId":"11111111-1111-4111-8111-111111111111","ipAddress":"::ffff:127.0.0.1","msg":"Auth audit: auth.login.mfa_required"}
{"level":30,"time":"2026-06-24T03:05:52.957Z","service":"@verve/backend","audit":true,"event":"auth.mfa.success","userId":"dddddddd-dddd-4ddd-8ddd-dddddddddddd","email":"manager@clinic-a.au","clinicId":"11111111-1111-4111-8111-111111111111","ipAddress":"::ffff:127.0.0.1","msg":"Auth audit: auth.mfa.success"}
{"level":30,"time":"2026-06-24T03:05:52.957Z","service":"@verve/backend","audit":true,"event":"auth.login.success","userId":"bbbbbbbb-bbbb-4bbb-8bbb-bbbbbbbbbbbb","email":"staff@clinic-a.au","clinicId":"11111111-1111-4111-8111-111111111111","ipAddress":"::ffff:127.0.0.1","msg":"Auth audit: auth.login.success"}
{"level":30,"time":"2026-06-24T03:05:52.982Z","service":"@verve/backend","audit":true,"event":"auth.login.mfa_required","userId":"dddddddd-dddd-4ddd-8ddd-dddddddddddd","email":"manager@clinic-a.au","clinicId":"11111111-1111-4111-8111-111111111111","ipAddress":"::ffff:127.0.0.1","msg":"Auth audit: auth.login.mfa_required"}
{"level":40,"time":"2026-06-24T03:05:52.983Z","service":"@verve/backend","msg":"DATABASE_URL not set ΓÇö using in-memory repositories (state lost on restart)"}
{"level":30,"time":"2026-06-24T03:05:52.994Z","service":"@verve/backend","audit":true,"event":"auth.mfa.success","userId":"dddddddd-dddd-4ddd-8ddd-dddddddddddd","email":"manager@clinic-a.au","clinicId":"11111111-1111-4111-8111-111111111111","ipAddress":"::ffff:127.0.0.1","msg":"Auth audit: auth.mfa.success"}
PASS tests/health.test.ts
{"level":30,"time":"2026-06-24T03:05:53.012Z","service":"@verve/backend","audit":true,"event":"auth.login.success","userId":"bbbbbbbb-bbbb-4bbb-8bbb-bbbbbbbbbbbb","email":"staff@clinic-a.au","clinicId":"11111111-1111-4111-8111-111111111111","ipAddress":"::ffff:127.0.0.1","msg":"Auth audit: auth.login.success"}
{"level":40,"time":"2026-06-24T03:05:53.014Z","service":"@verve/backend","msg":"DATABASE_URL not set ΓÇö using in-memory repositories (state lost on restart)"}
{"level":30,"time":"2026-06-24T03:05:53.032Z","service":"@verve/backend","audit":true,"event":"auth.login.mfa_required","userId":"dddddddd-dddd-4ddd-8ddd-dddddddddddd","email":"manager@clinic-a.au","clinicId":"11111111-1111-4111-8111-111111111111","ipAddress":"::ffff:127.0.0.1","msg":"Auth audit: auth.login.mfa_required"}
{"level":30,"time":"2026-06-24T03:05:53.037Z","service":"@verve/backend","audit":true,"event":"auth.mfa.success","userId":"dddddddd-dddd-4ddd-8ddd-dddddddddddd","email":"manager@clinic-a.au","clinicId":"11111111-1111-4111-8111-111111111111","ipAddress":"::ffff:127.0.0.1","msg":"Auth audit: auth.mfa.success"}
{"level":30,"time":"2026-06-24T03:05:53.041Z","service":"@verve/backend","audit":true,"event":"auth.login.mfa_required","userId":"aaaaaaaa-aaaa-4aaa-8aaa-aaaaaaaaaaaa","email":"admin@clinic-a.au","clinicId":"11111111-1111-4111-8111-111111111111","ipAddress":"::ffff:127.0.0.1","msg":"Auth audit: auth.login.mfa_required"}
{"level":30,"time":"2026-06-24T03:05:53.041Z","service":"@verve/backend","audit":true,"event":"supplier.created","userId":"dddddddd-dddd-4ddd-8ddd-dddddddddddd","resourceId":"7f278b76-2235-4b21-a2d2-f7bd39a7f416","msg":"Audit: supplier.created"}
{"level":30,"time":"2026-06-24T03:05:53.050Z","service":"@verve/backend","audit":true,"event":"auth.mfa.success","userId":"aaaaaaaa-aaaa-4aaa-8aaa-aaaaaaaaaaaa","email":"admin@clinic-a.au","clinicId":"11111111-1111-4111-8111-111111111111","ipAddress":"::ffff:127.0.0.1","msg":"Auth audit: auth.mfa.success"}
{"level":30,"time":"2026-06-24T03:05:53.056Z","service":"@verve/backend","audit":true,"event":"auth.login.success","userId":"bbbbbbbb-bbbb-4bbb-8bbb-bbbbbbbbbbbb","email":"staff@clinic-a.au","clinicId":"11111111-1111-4111-8111-111111111111","ipAddress":"::ffff:127.0.0.1","msg":"Auth audit: auth.login.success"}
{"level":40,"time":"2026-06-24T03:05:53.060Z","service":"@verve/backend","msg":"DATABASE_URL not set ΓÇö using in-memory repositories (state lost on restart)"}
{"level":40,"time":"2026-06-24T03:05:53.065Z","service":"@verve/backend","msg":"DATABASE_URL not set ΓÇö using in-memory repositories (state lost on restart)"}
{"level":30,"time":"2026-06-24T03:05:53.090Z","service":"@verve/backend","audit":true,"event":"auth.login.success","userId":"bbbbbbbb-bbbb-4bbb-8bbb-bbbbbbbbbbbb","email":"staff@clinic-a.au","clinicId":"11111111-1111-4111-8111-111111111111","ipAddress":"::ffff:127.0.0.1","msg":"Auth audit: auth.login.success"}
{"level":30,"time":"2026-06-24T03:05:53.099Z","service":"@verve/backend","audit":true,"event":"auth.mfa.setup_initiated","userId":"bbbbbbbb-bbbb-4bbb-8bbb-bbbbbbbbbbbb","email":"staff@clinic-a.au","clinicId":"11111111-1111-4111-8111-111111111111","ipAddress":"::ffff:127.0.0.1","msg":"Auth audit: auth.mfa.setup_initiated"}
{"level":30,"time":"2026-06-24T03:05:53.105Z","service":"@verve/backend","audit":true,"event":"auth.mfa.enrolled","userId":"bbbbbbbb-bbbb-4bbb-8bbb-bbbbbbbbbbbb","email":"staff@clinic-a.au","clinicId":"11111111-1111-4111-8111-111111111111","ipAddress":"::ffff:127.0.0.1","msg":"Auth audit: auth.mfa.enrolled"}
{"level":40,"time":"2026-06-24T03:05:53.116Z","service":"@verve/backend","msg":"DATABASE_URL not set ΓÇö using in-memory repositories (state lost on restart)"}
PASS tests/analyticsApi.test.ts (10.818 s)
PASS tests/mfaEnrollment.test.ts
{"level":40,"time":"2026-06-24T03:05:53.123Z","service":"@verve/backend","msg":"DATABASE_URL not set ΓÇö using in-memory repositories (state lost on restart)"}
{"level":30,"time":"2026-06-24T03:05:53.123Z","service":"@verve/backend","audit":true,"event":"auth.login.mfa_required","userId":"dddddddd-dddd-4ddd-8ddd-dddddddddddd","email":"manager@clinic-a.au","clinicId":"11111111-1111-4111-8111-111111111111","ipAddress":"::ffff:127.0.0.1","msg":"Auth audit: auth.login.mfa_required"}
{"level":30,"time":"2026-06-24T03:05:53.132Z","service":"@verve/backend","audit":true,"event":"auth.mfa.success","userId":"dddddddd-dddd-4ddd-8ddd-dddddddddddd","email":"manager@clinic-a.au","clinicId":"11111111-1111-4111-8111-111111111111","ipAddress":"::ffff:127.0.0.1","msg":"Auth audit: auth.mfa.success"}
{"level":40,"time":"2026-06-24T03:05:53.149Z","service":"@verve/backend","msg":"DATABASE_URL not set ΓÇö using in-memory repositories (state lost on restart)"}
{"level":30,"time":"2026-06-24T03:05:53.174Z","service":"@verve/backend","audit":true,"event":"auth.login.success","userId":"bbbbbbbb-bbbb-4bbb-8bbb-bbbbbbbbbbbb","email":"staff@clinic-a.au","clinicId":"11111111-1111-4111-8111-111111111111","ipAddress":"::ffff:127.0.0.1","msg":"Auth audit: auth.login.success"}
{"level":30,"time":"2026-06-24T03:05:53.179Z","service":"@verve/backend","audit":true,"event":"auth.login.success","userId":"bbbbbbbb-bbbb-4bbb-8bbb-bbbbbbbbbbbb","email":"staff@clinic-a.au","clinicId":"11111111-1111-4111-8111-111111111111","ipAddress":"::ffff:127.0.0.1","msg":"Auth audit: auth.login.success"}
{"level":30,"time":"2026-06-24T03:05:53.213Z","service":"@verve/backend","audit":true,"event":"auth.login.success","userId":"bbbbbbbb-bbbb-4bbb-8bbb-bbbbbbbbbbbb","email":"staff@clinic-a.au","clinicId":"11111111-1111-4111-8111-111111111111","ipAddress":"::ffff:127.0.0.1","msg":"Auth audit: auth.login.success"}
{"level":30,"time":"2026-06-24T03:05:53.222Z","service":"@verve/backend","audit":true,"event":"auth.login.mfa_required","userId":"dddddddd-dddd-4ddd-8ddd-dddddddddddd","email":"manager@clinic-a.au","clinicId":"11111111-1111-4111-8111-111111111111","ipAddress":"::ffff:127.0.0.1","msg":"Auth audit: auth.login.mfa_required"}
PASS tests/inventoryApi.test.ts
{"level":30,"time":"2026-06-24T03:05:53.229Z","service":"@verve/backend","audit":true,"event":"auth.mfa.success","userId":"dddddddd-dddd-4ddd-8ddd-dddddddddddd","email":"manager@clinic-a.au","clinicId":"11111111-1111-4111-8111-111111111111","ipAddress":"::ffff:127.0.0.1","msg":"Auth audit: auth.mfa.success"}
{"level":30,"time":"2026-06-24T03:05:53.237Z","service":"@verve/backend","audit":true,"event":"auth.login.mfa_required","userId":"cccccccc-cccc-4ccc-8ccc-cccccccccccc","email":"admin@clinic-b.au","clinicId":"22222222-2222-4222-8222-222222222222","ipAddress":"::ffff:127.0.0.1","msg":"Auth audit: auth.login.mfa_required"}
{"level":30,"time":"2026-06-24T03:05:53.245Z","service":"@verve/backend","audit":true,"event":"auth.mfa.success","userId":"cccccccc-cccc-4ccc-8ccc-cccccccccccc","email":"admin@clinic-b.au","clinicId":"22222222-2222-4222-8222-222222222222","ipAddress":"::ffff:127.0.0.1","msg":"Auth audit: auth.mfa.success"}
{"level":30,"time":"2026-06-24T03:05:53.254Z","service":"@verve/backend","audit":true,"event":"auth.login.mfa_required","userId":"dddddddd-dddd-4ddd-8ddd-dddddddddddd","email":"manager@clinic-a.au","clinicId":"11111111-1111-4111-8111-111111111111","ipAddress":"::ffff:127.0.0.1","msg":"Auth audit: auth.login.mfa_required"}
{"level":30,"time":"2026-06-24T03:05:53.262Z","service":"@verve/backend","audit":true,"event":"auth.mfa.success","userId":"dddddddd-dddd-4ddd-8ddd-dddddddddddd","email":"manager@clinic-a.au","clinicId":"11111111-1111-4111-8111-111111111111","ipAddress":"::ffff:127.0.0.1","msg":"Auth audit: auth.mfa.success"}
{"level":30,"time":"2026-06-24T03:05:53.268Z","service":"@verve/backend","audit":true,"event":"supplier.created","userId":"dddddddd-dddd-4ddd-8ddd-dddddddddddd","resourceId":"f1408ecb-159e-4427-b8b8-788fcc186de9","msg":"Audit: supplier.created"}
{"level":40,"time":"2026-06-24T03:05:53.276Z","service":"@verve/backend","msg":"DATABASE_URL not set ΓÇö using in-memory repositories (state lost on restart)"}
{"level":40,"time":"2026-06-24T03:05:53.288Z","service":"@verve/backend","msg":"DATABASE_URL not set ΓÇö using in-memory repositories (state lost on restart)"}
{"level":40,"time":"2026-06-24T03:05:53.341Z","service":"@verve/backend","msg":"DATABASE_URL not set ΓÇö using in-memory repositories (state lost on restart)"}
PASS tests/userUpdateApi.test.ts
PASS tests/rosterApi.test.ts
{"level":40,"time":"2026-06-24T03:05:53.377Z","service":"@verve/backend","msg":"DATABASE_URL not set ΓÇö using in-memory repositories (state lost on restart)"}
{"level":30,"time":"2026-06-24T03:05:53.380Z","service":"@verve/backend","audit":true,"event":"auth.login.success","userId":"bbbbbbbb-bbbb-4bbb-8bbb-bbbbbbbbbbbb","email":"staff@clinic-a.au","clinicId":"11111111-1111-4111-8111-111111111111","ipAddress":"::ffff:127.0.0.1","msg":"Auth audit: auth.login.success"}
{"level":40,"time":"2026-06-24T03:05:53.385Z","service":"@verve/backend","msg":"DATABASE_URL not set ΓÇö using in-memory repositories (state lost on restart)"}
{"level":30,"time":"2026-06-24T03:05:53.401Z","service":"@verve/backend","audit":true,"event":"auth.login.mfa_required","userId":"aaaaaaaa-aaaa-4aaa-8aaa-aaaaaaaaaaaa","email":"admin@clinic-a.au","clinicId":"11111111-1111-4111-8111-111111111111","ipAddress":"::ffff:127.0.0.1","msg":"Auth audit: auth.login.mfa_required"}
{"level":30,"time":"2026-06-24T03:05:53.409Z","service":"@verve/backend","audit":true,"event":"auth.mfa.success","userId":"aaaaaaaa-aaaa-4aaa-8aaa-aaaaaaaaaaaa","email":"admin@clinic-a.au","clinicId":"11111111-1111-4111-8111-111111111111","ipAddress":"::ffff:127.0.0.1","msg":"Auth audit: auth.mfa.success"}
{"level":30,"time":"2026-06-24T03:05:53.415Z","service":"@verve/backend","audit":true,"event":"user.updated","userId":"aaaaaaaa-aaaa-4aaa-8aaa-aaaaaaaaaaaa","email":"admin@clinic-a.au","clinicId":"11111111-1111-4111-8111-111111111111","resourceId":"bbbbbbbb-bbbb-4bbb-8bbb-bbbbbbbbbbbb","msg":"Auth audit: user.updated"}
{"level":30,"time":"2026-06-24T03:05:53.443Z","service":"@verve/backend","audit":true,"event":"auth.login.mfa_required","userId":"dddddddd-dddd-4ddd-8ddd-dddddddddddd","email":"manager@clinic-a.au","clinicId":"11111111-1111-4111-8111-111111111111","ipAddress":"::ffff:127.0.0.1","msg":"Auth audit: auth.login.mfa_required"}
{"level":30,"time":"2026-06-24T03:05:53.449Z","service":"@verve/backend","audit":true,"event":"auth.mfa.success","userId":"dddddddd-dddd-4ddd-8ddd-dddddddddddd","email":"manager@clinic-a.au","clinicId":"11111111-1111-4111-8111-111111111111","ipAddress":"::ffff:127.0.0.1","msg":"Auth audit: auth.mfa.success"}
{"level":30,"time":"2026-06-24T03:05:53.464Z","service":"@verve/backend","audit":true,"event":"auth.password.reset","userId":"aaaaaaaa-aaaa-4aaa-8aaa-aaaaaaaaaaaa","email":"admin@clinic-a.au","clinicId":"11111111-1111-4111-8111-111111111111","resourceId":"bbbbbbbb-bbbb-4bbb-8bbb-bbbbbbbbbbbb","msg":"Auth audit: auth.password.reset"}
{"level":30,"time":"2026-06-24T03:05:53.485Z","service":"@verve/backend","audit":true,"event":"auth.login.mfa_required","userId":"dddddddd-dddd-4ddd-8ddd-dddddddddddd","email":"manager@clinic-a.au","clinicId":"11111111-1111-4111-8111-111111111111","ipAddress":"::ffff:127.0.0.1","msg":"Auth audit: auth.login.mfa_required"}
{"level":40,"time":"2026-06-24T03:05:53.489Z","service":"@verve/backend","msg":"DATABASE_URL not set ΓÇö using in-memory repositories (state lost on restart)"}
{"level":30,"time":"2026-06-24T03:05:53.495Z","service":"@verve/backend","audit":true,"event":"auth.mfa.success","userId":"dddddddd-dddd-4ddd-8ddd-dddddddddddd","email":"manager@clinic-a.au","clinicId":"11111111-1111-4111-8111-111111111111","ipAddress":"::ffff:127.0.0.1","msg":"Auth audit: auth.mfa.success"}
{"level":30,"time":"2026-06-24T03:05:53.544Z","service":"@verve/backend","audit":true,"event":"auth.login.mfa_required","userId":"dddddddd-dddd-4ddd-8ddd-dddddddddddd","email":"manager@clinic-a.au","clinicId":"11111111-1111-4111-8111-111111111111","ipAddress":"::ffff:127.0.0.1","msg":"Auth audit: auth.login.mfa_required"}
{"level":30,"time":"2026-06-24T03:05:53.565Z","service":"@verve/backend","audit":true,"event":"auth.mfa.success","userId":"dddddddd-dddd-4ddd-8ddd-dddddddddddd","email":"manager@clinic-a.au","clinicId":"11111111-1111-4111-8111-111111111111","ipAddress":"::ffff:127.0.0.1","msg":"Auth audit: auth.mfa.success"}
{"level":40,"time":"2026-06-24T03:05:53.566Z","service":"@verve/backend","msg":"DATABASE_URL not set ΓÇö using in-memory repositories (state lost on restart)"}
{"level":30,"time":"2026-06-24T03:05:53.597Z","service":"@verve/backend","audit":true,"event":"auth.login.success","userId":"bbbbbbbb-bbbb-4bbb-8bbb-bbbbbbbbbbbb","email":"staff@clinic-a.au","clinicId":"11111111-1111-4111-8111-111111111111","ipAddress":"::ffff:127.0.0.1","msg":"Auth audit: auth.login.success"}
{"level":30,"time":"2026-06-24T03:05:53.600Z","service":"@verve/backend","audit":true,"event":"auth.login.success","userId":"bbbbbbbb-bbbb-4bbb-8bbb-bbbbbbbbbbbb","email":"staff@clinic-a.au","clinicId":"11111111-1111-4111-8111-111111111111","ipAddress":"::ffff:127.0.0.1","msg":"Auth audit: auth.login.success"}
{"level":30,"time":"2026-06-24T03:05:53.604Z","service":"@verve/backend","audit":true,"event":"supplier.created","userId":"dddddddd-dddd-4ddd-8ddd-dddddddddddd","resourceId":"7b554666-bf08-44bb-8470-724cfc2a244c","msg":"Audit: supplier.created"}
{"level":30,"time":"2026-06-24T03:05:53.671Z","service":"@verve/backend","audit":true,"event":"auth.login.success","userId":"bbbbbbbb-bbbb-4bbb-8bbb-bbbbbbbbbbbb","email":"staff@clinic-a.au","clinicId":"11111111-1111-4111-8111-111111111111","ipAddress":"::ffff:127.0.0.1","msg":"Auth audit: auth.login.success"}
{"level":50,"time":"2026-06-24T03:05:53.672Z","service":"@verve/backend","err":{"type":"Error","message":"simulated DB outage","stack":"Error: simulated DB outage\n    at Object.analyticsRepository.recordEventAdmin (C:\\Users\\danie\\OneDrive\\Documents\\JD Group\\JD Group - Clinics\\12.- App & Website Development\\01.- App Development\\Verve Operational Suite - App\\Backend\\tests\\authAuditPersistence.test.ts:322:22)\n    at persistAuthAuditEvent (C:\\Users\\danie\\OneDrive\\Documents\\JD Group\\JD Group - Clinics\\12.- App & Website Development\\01.- App Development\\Verve Operational Suite - App\\Backend\\src\\services\\auditService.ts:109:8)\n    at Object.logAuthEvent (C:\\Users\\danie\\OneDrive\\Documents\\JD Group\\JD Group - Clinics\\12.- App & Website Development\\01.- App Development\\Verve Operational Suite - App\\Backend\\src\\services\\auditService.ts:133:7)\n    at Object.login (C:\\Users\\danie\\OneDrive\\Documents\\JD Group\\JD Group - Clinics\\12.- App & Website Development\\01.- App Development\\Verve Operational Suite - App\\Backend\\src\\services\\authService.ts:382:11)\n    at Object.login (C:\\Users\\danie\\OneDrive\\Documents\\JD Group\\JD Group - Clinics\\12.- App & Website Development\\01.- App Development\\Verve Operational Suite - App\\Backend\\src\\controllers\\authController.ts:78:22)"},"event":"auth.login.success","msg":"audit_events persistence failed (non-fatal)"}
{"level":40,"time":"2026-06-24T03:05:53.690Z","service":"@verve/backend","msg":"DATABASE_URL not set ΓÇö using in-memory repositories (state lost on restart)"}
{"level":40,"time":"2026-06-24T03:05:53.712Z","service":"@verve/backend","msg":"DATABASE_URL not set ΓÇö using in-memory repositories (state lost on restart)"}
{"level":40,"time":"2026-06-24T03:05:53.713Z","service":"@verve/backend","msg":"DATABASE_URL not set ΓÇö using in-memory repositories (state lost on restart)"}
{"level":40,"time":"2026-06-24T03:05:53.783Z","service":"@verve/backend","msg":"DATABASE_URL not set ΓÇö using in-memory repositories (state lost on restart)"}
{"level":30,"time":"2026-06-24T03:05:53.802Z","service":"@verve/backend","audit":true,"event":"auth.login.mfa_required","userId":"cccccccc-cccc-4ccc-8ccc-cccccccccccc","email":"admin@clinic-b.au","clinicId":"22222222-2222-4222-8222-222222222222","ipAddress":"::ffff:127.0.0.1","msg":"Auth audit: auth.login.mfa_required"}
{"level":30,"time":"2026-06-24T03:05:53.809Z","service":"@verve/backend","audit":true,"event":"auth.mfa.success","userId":"cccccccc-cccc-4ccc-8ccc-cccccccccccc","email":"admin@clinic-b.au","clinicId":"22222222-2222-4222-8222-222222222222","ipAddress":"::ffff:127.0.0.1","msg":"Auth audit: auth.mfa.success"}
PASS tests/authAuditPersistence.test.ts
{"level":30,"time":"2026-06-24T03:05:53.818Z","service":"@verve/backend","audit":true,"event":"auth.login.mfa_required","userId":"dddddddd-dddd-4ddd-8ddd-dddddddddddd","email":"manager@clinic-a.au","clinicId":"11111111-1111-4111-8111-111111111111","ipAddress":"::ffff:127.0.0.1","msg":"Auth audit: auth.login.mfa_required"}
{"level":30,"time":"2026-06-24T03:05:53.825Z","service":"@verve/backend","audit":true,"event":"auth.mfa.success","userId":"dddddddd-dddd-4ddd-8ddd-dddddddddddd","email":"manager@clinic-a.au","clinicId":"11111111-1111-4111-8111-111111111111","ipAddress":"::ffff:127.0.0.1","msg":"Auth audit: auth.mfa.success"}
{"level":30,"time":"2026-06-24T03:05:53.827Z","service":"@verve/backend","audit":true,"event":"auth.login.success","userId":"bbbbbbbb-bbbb-4bbb-8bbb-bbbbbbbbbbbb","email":"staff@clinic-a.au","clinicId":"11111111-1111-4111-8111-111111111111","ipAddress":"::ffff:127.0.0.1","msg":"Auth audit: auth.login.success"}
{"level":30,"time":"2026-06-24T03:05:53.831Z","service":"@verve/backend","audit":true,"event":"supplier.created","userId":"dddddddd-dddd-4ddd-8ddd-dddddddddddd","resourceId":"fc4f9850-c076-4943-8531-36b074966b48","msg":"Audit: supplier.created"}
{"level":30,"time":"2026-06-24T03:05:53.837Z","service":"@verve/backend","audit":true,"event":"supplier_product.created","userId":"dddddddd-dddd-4ddd-8ddd-dddddddddddd","resourceId":"f745b5f5-c32f-4ea3-9374-a8d17006caae","msg":"Audit: supplier_product.created"}
{"level":30,"time":"2026-06-24T03:05:53.842Z","service":"@verve/backend","audit":true,"event":"supplier_product.updated","userId":"dddddddd-dddd-4ddd-8ddd-dddddddddddd","resourceId":"f745b5f5-c32f-4ea3-9374-a8d17006caae","msg":"Audit: supplier_product.updated"}
{"level":40,"time":"2026-06-24T03:05:53.845Z","service":"@verve/backend","msg":"DATABASE_URL not set ΓÇö using in-memory repositories (state lost on restart)"}
{"level":30,"time":"2026-06-24T03:05:53.889Z","service":"@verve/backend","audit":true,"event":"auth.login.success","userId":"bbbbbbbb-bbbb-4bbb-8bbb-bbbbbbbbbbbb","email":"staff@clinic-a.au","clinicId":"11111111-1111-4111-8111-111111111111","ipAddress":"::ffff:127.0.0.1","msg":"Auth audit: auth.login.success"}
{"level":30,"time":"2026-06-24T03:05:53.897Z","service":"@verve/backend","audit":true,"event":"auth.refresh.success","userId":"bbbbbbbb-bbbb-4bbb-8bbb-bbbbbbbbbbbb","email":"staff@clinic-a.au","clinicId":"11111111-1111-4111-8111-111111111111","ipAddress":"::ffff:127.0.0.1","msg":"Auth audit: auth.refresh.success"}
{"level":40,"time":"2026-06-24T03:05:53.922Z","service":"@verve/backend","msg":"DATABASE_URL not set ΓÇö using in-memory repositories (state lost on restart)"}
{"level":40,"time":"2026-06-24T03:05:53.931Z","service":"@verve/backend","msg":"DATABASE_URL not set ΓÇö using in-memory repositories (state lost on restart)"}
{"level":40,"time":"2026-06-24T03:05:53.939Z","service":"@verve/backend","msg":"DATABASE_URL not set ΓÇö using in-memory repositories (state lost on restart)"}
{"level":40,"time":"2026-06-24T03:05:53.963Z","service":"@verve/backend","msg":"DATABASE_URL not set ΓÇö using in-memory repositories (state lost on restart)"}
{"level":30,"time":"2026-06-24T03:05:54.013Z","service":"@verve/backend","audit":true,"event":"auth.login.success","userId":"bbbbbbbb-bbbb-4bbb-8bbb-bbbbbbbbbbbb","email":"staff@clinic-a.au","clinicId":"11111111-1111-4111-8111-111111111111","ipAddress":"::ffff:127.0.0.1","msg":"Auth audit: auth.login.success"}
{"level":30,"time":"2026-06-24T03:05:54.034Z","service":"@verve/backend","audit":true,"event":"auth.login.mfa_required","userId":"cccccccc-cccc-4ccc-8ccc-cccccccccccc","email":"admin@clinic-b.au","clinicId":"22222222-2222-4222-8222-222222222222","ipAddress":"::ffff:127.0.0.1","msg":"Auth audit: auth.login.mfa_required"}
{"level":30,"time":"2026-06-24T03:05:54.044Z","service":"@verve/backend","audit":true,"event":"auth.login.success","userId":"bbbbbbbb-bbbb-4bbb-8bbb-bbbbbbbbbbbb","email":"staff@clinic-a.au","clinicId":"11111111-1111-4111-8111-111111111111","ipAddress":"::ffff:127.0.0.1","msg":"Auth audit: auth.login.success"}
{"level":40,"time":"2026-06-24T03:05:54.046Z","service":"@verve/backend","msg":"DATABASE_URL not set ΓÇö using in-memory repositories (state lost on restart)"}
{"level":30,"time":"2026-06-24T03:05:54.056Z","service":"@verve/backend","audit":true,"event":"auth.login.mfa_required","userId":"dddddddd-dddd-4ddd-8ddd-dddddddddddd","email":"manager@clinic-a.au","clinicId":"11111111-1111-4111-8111-111111111111","ipAddress":"::ffff:127.0.0.1","msg":"Auth audit: auth.login.mfa_required"}
{"level":30,"time":"2026-06-24T03:05:54.064Z","service":"@verve/backend","audit":true,"event":"auth.mfa.success","userId":"dddddddd-dddd-4ddd-8ddd-dddddddddddd","email":"manager@clinic-a.au","clinicId":"11111111-1111-4111-8111-111111111111","ipAddress":"::ffff:127.0.0.1","msg":"Auth audit: auth.mfa.success"}
{"level":30,"time":"2026-06-24T03:05:54.070Z","service":"@verve/backend","audit":true,"event":"supplier.created","userId":"dddddddd-dddd-4ddd-8ddd-dddddddddddd","resourceId":"63e36d41-f722-4cbd-a821-cca456175c0c","msg":"Audit: supplier.created"}
{"level":30,"time":"2026-06-24T03:05:54.072Z","service":"@verve/backend","audit":true,"event":"auth.mfa.success","userId":"cccccccc-cccc-4ccc-8ccc-cccccccccccc","email":"admin@clinic-b.au","clinicId":"22222222-2222-4222-8222-222222222222","ipAddress":"::ffff:127.0.0.1","msg":"Auth audit: auth.mfa.success"}
{"level":30,"time":"2026-06-24T03:05:54.126Z","service":"@verve/backend","audit":true,"event":"auth.login.mfa_required","userId":"dddddddd-dddd-4ddd-8ddd-dddddddddddd","email":"manager@clinic-a.au","clinicId":"11111111-1111-4111-8111-111111111111","ipAddress":"::ffff:127.0.0.1","msg":"Auth audit: auth.login.mfa_required"}
{"level":40,"time":"2026-06-24T03:05:54.129Z","service":"@verve/backend","msg":"DATABASE_URL not set ΓÇö using in-memory repositories (state lost on restart)"}
{"level":30,"time":"2026-06-24T03:05:54.144Z","service":"@verve/backend","audit":true,"event":"auth.mfa.success","userId":"dddddddd-dddd-4ddd-8ddd-dddddddddddd","email":"manager@clinic-a.au","clinicId":"11111111-1111-4111-8111-111111111111","ipAddress":"::ffff:127.0.0.1","msg":"Auth audit: auth.mfa.success"}
{"level":30,"time":"2026-06-24T03:05:54.152Z","service":"@verve/backend","audit":true,"event":"supplier.created","userId":"dddddddd-dddd-4ddd-8ddd-dddddddddddd","resourceId":"8912708c-b439-44ae-a0e8-3f1cd7e3febc","msg":"Audit: supplier.created"}
{"level":40,"time":"2026-06-24T03:05:54.173Z","service":"@verve/backend","msg":"DATABASE_URL not set ΓÇö using in-memory repositories (state lost on restart)"}
{"level":40,"time":"2026-06-24T03:05:54.185Z","service":"@verve/backend","msg":"DATABASE_URL not set ΓÇö using in-memory repositories (state lost on restart)"}
{"level":30,"time":"2026-06-24T03:05:54.217Z","service":"@verve/backend","audit":true,"event":"auth.login.mfa_required","userId":"cccccccc-cccc-4ccc-8ccc-cccccccccccc","email":"admin@clinic-b.au","clinicId":"22222222-2222-4222-8222-222222222222","ipAddress":"::ffff:127.0.0.1","msg":"Auth audit: auth.login.mfa_required"}
{"level":30,"time":"2026-06-24T03:05:54.233Z","service":"@verve/backend","audit":true,"event":"auth.login.mfa_required","userId":"dddddddd-dddd-4ddd-8ddd-dddddddddddd","email":"manager@clinic-a.au","clinicId":"11111111-1111-4111-8111-111111111111","ipAddress":"::ffff:127.0.0.1","msg":"Auth audit: auth.login.mfa_required"}
{"level":30,"time":"2026-06-24T03:05:54.236Z","service":"@verve/backend","audit":true,"event":"auth.mfa.success","userId":"cccccccc-cccc-4ccc-8ccc-cccccccccccc","email":"admin@clinic-b.au","clinicId":"22222222-2222-4222-8222-222222222222","ipAddress":"::ffff:127.0.0.1","msg":"Auth audit: auth.mfa.success"}
{"level":30,"time":"2026-06-24T03:05:54.245Z","service":"@verve/backend","audit":true,"event":"auth.mfa.success","userId":"dddddddd-dddd-4ddd-8ddd-dddddddddddd","email":"manager@clinic-a.au","clinicId":"11111111-1111-4111-8111-111111111111","ipAddress":"::ffff:127.0.0.1","msg":"Auth audit: auth.mfa.success"}
{"level":40,"time":"2026-06-24T03:05:54.269Z","service":"@verve/backend","msg":"DATABASE_URL not set ΓÇö using in-memory repositories (state lost on restart)"}
{"level":30,"time":"2026-06-24T03:05:54.275Z","service":"@verve/backend","audit":true,"event":"auth.login.success","userId":"bbbbbbbb-bbbb-4bbb-8bbb-bbbbbbbbbbbb","email":"staff@clinic-a.au","clinicId":"11111111-1111-4111-8111-111111111111","ipAddress":"::ffff:127.0.0.1","msg":"Auth audit: auth.login.success"}
{"level":30,"time":"2026-06-24T03:05:54.297Z","service":"@verve/backend","audit":true,"event":"auth.login.mfa_required","userId":"dddddddd-dddd-4ddd-8ddd-dddddddddddd","email":"manager@clinic-a.au","clinicId":"11111111-1111-4111-8111-111111111111","ipAddress":"::ffff:127.0.0.1","msg":"Auth audit: auth.login.mfa_required"}
{"level":30,"time":"2026-06-24T03:05:54.304Z","service":"@verve/backend","audit":true,"event":"auth.mfa.success","userId":"dddddddd-dddd-4ddd-8ddd-dddddddddddd","email":"manager@clinic-a.au","clinicId":"11111111-1111-4111-8111-111111111111","ipAddress":"::ffff:127.0.0.1","msg":"Auth audit: auth.mfa.success"}
{"level":40,"time":"2026-06-24T03:05:54.309Z","service":"@verve/backend","msg":"DATABASE_URL not set ΓÇö using in-memory repositories (state lost on restart)"}
{"level":30,"time":"2026-06-24T03:05:54.309Z","service":"@verve/backend","audit":true,"event":"supplier.created","userId":"dddddddd-dddd-4ddd-8ddd-dddddddddddd","resourceId":"247773ac-c141-449d-919e-63c5209c8320","msg":"Audit: supplier.created"}
{"level":30,"time":"2026-06-24T03:05:54.314Z","service":"@verve/backend","audit":true,"event":"supplier.created","userId":"dddddddd-dddd-4ddd-8ddd-dddddddddddd","resourceId":"76e1bf78-517d-4e27-ade8-2134f61d417f","msg":"Audit: supplier.created"}
{"level":30,"time":"2026-06-24T03:05:54.319Z","service":"@verve/backend","audit":true,"event":"supplier.created","userId":"dddddddd-dddd-4ddd-8ddd-dddddddddddd","resourceId":"0c866e71-8d83-4e31-a3d6-799669de547d","msg":"Audit: supplier.created"}
{"level":30,"time":"2026-06-24T03:05:54.324Z","service":"@verve/backend","audit":true,"event":"supplier_product.created","userId":"dddddddd-dddd-4ddd-8ddd-dddddddddddd","resourceId":"3fbda7fb-6f65-4e8e-a833-9249793a8f95","msg":"Audit: supplier_product.created"}
{"level":40,"time":"2026-06-24T03:05:54.328Z","service":"@verve/backend","msg":"DATABASE_URL not set ΓÇö using in-memory repositories (state lost on restart)"}
{"level":30,"time":"2026-06-24T03:05:54.328Z","service":"@verve/backend","audit":true,"event":"supplier_product.created","userId":"dddddddd-dddd-4ddd-8ddd-dddddddddddd","resourceId":"4e0405f5-c742-4e87-a973-3896fd60c1c8","msg":"Audit: supplier_product.created"}
{"level":30,"time":"2026-06-24T03:05:54.333Z","service":"@verve/backend","audit":true,"event":"supplier_product.created","userId":"dddddddd-dddd-4ddd-8ddd-dddddddddddd","resourceId":"d08e0ede-68ca-4304-bda9-9e3d60e7d9c0","msg":"Audit: supplier_product.created"}
{"level":40,"time":"2026-06-24T03:05:54.349Z","service":"@verve/backend","msg":"DATABASE_URL not set ΓÇö using in-memory repositories (state lost on restart)"}
{"level":40,"time":"2026-06-24T03:05:54.350Z","service":"@verve/backend","msg":"DATABASE_URL not set ΓÇö using in-memory repositories (state lost on restart)"}
{"level":30,"time":"2026-06-24T03:05:54.378Z","service":"@verve/backend","audit":true,"event":"auth.login.mfa_required","userId":"dddddddd-dddd-4ddd-8ddd-dddddddddddd","email":"manager@clinic-a.au","clinicId":"11111111-1111-4111-8111-111111111111","ipAddress":"::ffff:127.0.0.1","msg":"Auth audit: auth.login.mfa_required"}
{"level":40,"time":"2026-06-24T03:05:54.383Z","service":"@verve/backend","msg":"DATABASE_URL not set ΓÇö using in-memory repositories (state lost on restart)"}
{"level":30,"time":"2026-06-24T03:05:54.385Z","service":"@verve/backend","audit":true,"event":"auth.mfa.success","userId":"dddddddd-dddd-4ddd-8ddd-dddddddddddd","email":"manager@clinic-a.au","clinicId":"11111111-1111-4111-8111-111111111111","ipAddress":"::ffff:127.0.0.1","msg":"Auth audit: auth.mfa.success"}
{"level":30,"time":"2026-06-24T03:05:54.390Z","service":"@verve/backend","audit":true,"event":"supplier.created","userId":"dddddddd-dddd-4ddd-8ddd-dddddddddddd","resourceId":"22903d0f-c6c0-4843-a9c5-77906ed14bdc","msg":"Audit: supplier.created"}
{"level":30,"time":"2026-06-24T03:05:54.443Z","service":"@verve/backend","audit":true,"event":"auth.login.mfa_required","userId":"dddddddd-dddd-4ddd-8ddd-dddddddddddd","email":"manager@clinic-a.au","clinicId":"11111111-1111-4111-8111-111111111111","ipAddress":"::ffff:127.0.0.1","msg":"Auth audit: auth.login.mfa_required"}
{"level":40,"time":"2026-06-24T03:05:54.446Z","service":"@verve/backend","msg":"DATABASE_URL not set ΓÇö using in-memory repositories (state lost on restart)"}
{"level":30,"time":"2026-06-24T03:05:54.455Z","service":"@verve/backend","audit":true,"event":"auth.login.mfa_required","userId":"aaaaaaaa-aaaa-4aaa-8aaa-aaaaaaaaaaaa","email":"admin@clinic-a.au","clinicId":"11111111-1111-4111-8111-111111111111","ipAddress":"::ffff:127.0.0.1","msg":"Auth audit: auth.login.mfa_required"}
{"level":30,"time":"2026-06-24T03:05:54.456Z","service":"@verve/backend","audit":true,"event":"auth.login.mfa_required","userId":"cccccccc-cccc-4ccc-8ccc-cccccccccccc","email":"admin@clinic-b.au","clinicId":"22222222-2222-4222-8222-222222222222","ipAddress":"::ffff:127.0.0.1","msg":"Auth audit: auth.login.mfa_required"}
{"level":30,"time":"2026-06-24T03:05:54.461Z","service":"@verve/backend","audit":true,"event":"auth.mfa.success","userId":"dddddddd-dddd-4ddd-8ddd-dddddddddddd","email":"manager@clinic-a.au","clinicId":"11111111-1111-4111-8111-111111111111","ipAddress":"::ffff:127.0.0.1","msg":"Auth audit: auth.mfa.success"}
{"level":30,"time":"2026-06-24T03:05:54.462Z","service":"@verve/backend","audit":true,"event":"auth.mfa.success","userId":"aaaaaaaa-aaaa-4aaa-8aaa-aaaaaaaaaaaa","email":"admin@clinic-a.au","clinicId":"11111111-1111-4111-8111-111111111111","ipAddress":"::ffff:127.0.0.1","msg":"Auth audit: auth.mfa.success"}
{"level":30,"time":"2026-06-24T03:05:54.463Z","service":"@verve/backend","audit":true,"event":"auth.mfa.success","userId":"cccccccc-cccc-4ccc-8ccc-cccccccccccc","email":"admin@clinic-b.au","clinicId":"22222222-2222-4222-8222-222222222222","ipAddress":"::ffff:127.0.0.1","msg":"Auth audit: auth.mfa.success"}
{"level":30,"time":"2026-06-24T03:05:54.470Z","service":"@verve/backend","audit":true,"event":"auth.mfa.setup_initiated","userId":"dddddddd-dddd-4ddd-8ddd-dddddddddddd","email":"manager@clinic-a.au","clinicId":"11111111-1111-4111-8111-111111111111","ipAddress":"::ffff:127.0.0.1","msg":"Auth audit: auth.mfa.setup_initiated"}
{"level":30,"time":"2026-06-24T03:05:54.480Z","service":"@verve/backend","audit":true,"event":"auth.mfa.enrolled","userId":"dddddddd-dddd-4ddd-8ddd-dddddddddddd","email":"manager@clinic-a.au","clinicId":"11111111-1111-4111-8111-111111111111","ipAddress":"::ffff:127.0.0.1","msg":"Auth audit: auth.mfa.enrolled"}
{"level":30,"time":"2026-06-24T03:05:54.479Z","service":"@verve/backend","audit":true,"event":"user.created","userId":"cccccccc-cccc-4ccc-8ccc-cccccccccccc","email":"admin@clinic-b.au","clinicId":"11111111-1111-4111-8111-111111111111","resourceId":"afbd380c-f184-4dfb-9b6f-ccb6346fcb10","msg":"Auth audit: user.created"}
PASS tests/supplierCatalogueApi.test.ts
{"level":30,"time":"2026-06-24T03:05:54.487Z","service":"@verve/backend","audit":true,"event":"auth.login.success","userId":"bbbbbbbb-bbbb-4bbb-8bbb-bbbbbbbbbbbb","email":"staff@clinic-a.au","clinicId":"11111111-1111-4111-8111-111111111111","ipAddress":"::ffff:127.0.0.1","msg":"Auth audit: auth.login.success"}
{"level":30,"time":"2026-06-24T03:05:54.491Z","service":"@verve/backend","audit":true,"event":"auth.login.mfa_required","userId":"dddddddd-dddd-4ddd-8ddd-dddddddddddd","email":"manager@clinic-a.au","clinicId":"11111111-1111-4111-8111-111111111111","ipAddress":"::ffff:127.0.0.1","msg":"Auth audit: auth.login.mfa_required"}
{"level":40,"time":"2026-06-24T03:05:54.498Z","service":"@verve/backend","msg":"DATABASE_URL not set ΓÇö using in-memory repositories (state lost on restart)"}
{"level":30,"time":"2026-06-24T03:05:54.505Z","service":"@verve/backend","audit":true,"event":"auth.mfa.success","userId":"dddddddd-dddd-4ddd-8ddd-dddddddddddd","email":"manager@clinic-a.au","clinicId":"11111111-1111-4111-8111-111111111111","ipAddress":"::ffff:127.0.0.1","msg":"Auth audit: auth.mfa.success"}
{"level":30,"time":"2026-06-24T03:05:54.548Z","service":"@verve/backend","audit":true,"event":"auth.login.mfa_required","userId":"dddddddd-dddd-4ddd-8ddd-dddddddddddd","email":"manager@clinic-a.au","clinicId":"11111111-1111-4111-8111-111111111111","ipAddress":"::ffff:127.0.0.1","msg":"Auth audit: auth.login.mfa_required"}
{"level":30,"time":"2026-06-24T03:05:54.555Z","service":"@verve/backend","audit":true,"event":"auth.mfa.success","userId":"dddddddd-dddd-4ddd-8ddd-dddddddddddd","email":"manager@clinic-a.au","clinicId":"11111111-1111-4111-8111-111111111111","ipAddress":"::ffff:127.0.0.1","msg":"Auth audit: auth.mfa.success"}
{"level":40,"time":"2026-06-24T03:05:54.567Z","service":"@verve/backend","msg":"DATABASE_URL not set ΓÇö using in-memory repositories (state lost on restart)"}
{"level":40,"time":"2026-06-24T03:05:54.571Z","service":"@verve/backend","msg":"DATABASE_URL not set ΓÇö using in-memory repositories (state lost on restart)"}
{"level":30,"time":"2026-06-24T03:05:54.575Z","service":"@verve/backend","audit":true,"event":"auth.unauthorized","reason":"missing_token","ipAddress":"::ffff:127.0.0.1","msg":"Auth audit: auth.unauthorized"}
{"level":30,"time":"2026-06-24T03:05:54.581Z","service":"@verve/backend","audit":true,"event":"auth.login.mfa_required","userId":"dddddddd-dddd-4ddd-8ddd-dddddddddddd","email":"manager@clinic-a.au","clinicId":"11111111-1111-4111-8111-111111111111","ipAddress":"::ffff:127.0.0.1","msg":"Auth audit: auth.login.mfa_required"}
{"level":40,"time":"2026-06-24T03:05:54.585Z","service":"@verve/backend","msg":"DATABASE_URL not set ΓÇö using in-memory repositories (state lost on restart)"}
{"level":30,"time":"2026-06-24T03:05:54.588Z","service":"@verve/backend","audit":true,"event":"auth.mfa.success","userId":"dddddddd-dddd-4ddd-8ddd-dddddddddddd","email":"manager@clinic-a.au","clinicId":"11111111-1111-4111-8111-111111111111","ipAddress":"::ffff:127.0.0.1","msg":"Auth audit: auth.mfa.success"}
PASS tests/scanApi.test.ts
{"level":40,"time":"2026-06-24T03:05:54.591Z","service":"@verve/backend","msg":"DATABASE_URL not set ΓÇö using in-memory repositories (state lost on restart)"}
{"level":30,"time":"2026-06-24T03:05:54.599Z","service":"@verve/backend","audit":true,"event":"auth.unauthorized","reason":"missing_token","ipAddress":"::ffff:127.0.0.1","msg":"Auth audit: auth.unauthorized"}
{"level":30,"time":"2026-06-24T03:05:54.603Z","service":"@verve/backend","audit":true,"event":"auth.login.mfa_required","userId":"dddddddd-dddd-4ddd-8ddd-dddddddddddd","email":"manager@clinic-a.au","clinicId":"11111111-1111-4111-8111-111111111111","ipAddress":"::ffff:127.0.0.1","msg":"Auth audit: auth.login.mfa_required"}
{"level":30,"time":"2026-06-24T03:05:54.609Z","service":"@verve/backend","audit":true,"event":"auth.mfa.success","userId":"dddddddd-dddd-4ddd-8ddd-dddddddddddd","email":"manager@clinic-a.au","clinicId":"11111111-1111-4111-8111-111111111111","ipAddress":"::ffff:127.0.0.1","msg":"Auth audit: auth.mfa.success"}
{"level":40,"time":"2026-06-24T03:05:54.612Z","service":"@verve/backend","msg":"DATABASE_URL not set ΓÇö using in-memory repositories (state lost on restart)"}
{"level":40,"time":"2026-06-24T03:05:54.672Z","service":"@verve/backend","msg":"DATABASE_URL not set ΓÇö using in-memory repositories (state lost on restart)"}
{"level":30,"time":"2026-06-24T03:05:54.675Z","service":"@verve/backend","audit":true,"event":"auth.login.mfa_required","userId":"cccccccc-cccc-4ccc-8ccc-cccccccccccc","email":"admin@clinic-b.au","clinicId":"22222222-2222-4222-8222-222222222222","ipAddress":"::ffff:127.0.0.1","msg":"Auth audit: auth.login.mfa_required"}
{"level":40,"time":"2026-06-24T03:05:54.684Z","service":"@verve/backend","msg":"DATABASE_URL not set ΓÇö using in-memory repositories (state lost on restart)"}
{"level":30,"time":"2026-06-24T03:05:54.683Z","service":"@verve/backend","audit":true,"event":"auth.mfa.success","userId":"cccccccc-cccc-4ccc-8ccc-cccccccccccc","email":"admin@clinic-b.au","clinicId":"22222222-2222-4222-8222-222222222222","ipAddress":"::ffff:127.0.0.1","msg":"Auth audit: auth.mfa.success"}
{"level":30,"time":"2026-06-24T03:05:54.686Z","service":"@verve/backend","audit":true,"event":"auth.login.mfa_required","userId":"dddddddd-dddd-4ddd-8ddd-dddddddddddd","email":"manager@clinic-a.au","clinicId":"11111111-1111-4111-8111-111111111111","ipAddress":"::ffff:127.0.0.1","msg":"Auth audit: auth.login.mfa_required"}
{"level":30,"time":"2026-06-24T03:05:54.694Z","service":"@verve/backend","audit":true,"event":"auth.mfa.success","userId":"dddddddd-dddd-4ddd-8ddd-dddddddddddd","email":"manager@clinic-a.au","clinicId":"11111111-1111-4111-8111-111111111111","ipAddress":"::ffff:127.0.0.1","msg":"Auth audit: auth.mfa.success"}
{"level":30,"time":"2026-06-24T03:05:54.712Z","service":"@verve/backend","audit":true,"event":"auth.login.mfa_required","userId":"dddddddd-dddd-4ddd-8ddd-dddddddddddd","email":"manager@clinic-a.au","clinicId":"11111111-1111-4111-8111-111111111111","ipAddress":"::ffff:127.0.0.1","msg":"Auth audit: auth.login.mfa_required"}
{"level":40,"time":"2026-06-24T03:05:54.715Z","service":"@verve/backend","msg":"DATABASE_URL not set ΓÇö using in-memory repositories (state lost on restart)"}
{"level":30,"time":"2026-06-24T03:05:54.720Z","service":"@verve/backend","audit":true,"event":"auth.mfa.success","userId":"dddddddd-dddd-4ddd-8ddd-dddddddddddd","email":"manager@clinic-a.au","clinicId":"11111111-1111-4111-8111-111111111111","ipAddress":"::ffff:127.0.0.1","msg":"Auth audit: auth.mfa.success"}
{"level":30,"time":"2026-06-24T03:05:54.722Z","service":"@verve/backend","audit":true,"event":"auth.unauthorized","reason":"missing_token","ipAddress":"::ffff:127.0.0.1","msg":"Auth audit: auth.unauthorized"}
{"level":40,"time":"2026-06-24T03:05:54.729Z","service":"@verve/backend","msg":"DATABASE_URL not set ΓÇö using in-memory repositories (state lost on restart)"}
{"level":30,"time":"2026-06-24T03:05:54.775Z","service":"@verve/backend","audit":true,"event":"auth.login.success","userId":"bbbbbbbb-bbbb-4bbb-8bbb-bbbbbbbbbbbb","email":"staff@clinic-a.au","clinicId":"11111111-1111-4111-8111-111111111111","ipAddress":"::ffff:127.0.0.1","msg":"Auth audit: auth.login.success"}
{"level":30,"time":"2026-06-24T03:05:54.791Z","service":"@verve/backend","audit":true,"event":"auth.login.mfa_required","userId":"dddddddd-dddd-4ddd-8ddd-dddddddddddd","email":"manager@clinic-a.au","clinicId":"11111111-1111-4111-8111-111111111111","ipAddress":"::ffff:127.0.0.1","msg":"Auth audit: auth.login.mfa_required"}
{"level":40,"time":"2026-06-24T03:05:54.791Z","service":"@verve/backend","msg":"DATABASE_URL not set ΓÇö using in-memory repositories (state lost on restart)"}
{"level":30,"time":"2026-06-24T03:05:54.799Z","service":"@verve/backend","audit":true,"event":"auth.mfa.success","userId":"dddddddd-dddd-4ddd-8ddd-dddddddddddd","email":"manager@clinic-a.au","clinicId":"11111111-1111-4111-8111-111111111111","ipAddress":"::ffff:127.0.0.1","msg":"Auth audit: auth.mfa.success"}
{"level":30,"time":"2026-06-24T03:05:54.804Z","service":"@verve/backend","audit":true,"event":"auth.mfa.setup_initiated","userId":"dddddddd-dddd-4ddd-8ddd-dddddddddddd","email":"manager@clinic-a.au","clinicId":"11111111-1111-4111-8111-111111111111","ipAddress":"::ffff:127.0.0.1","msg":"Auth audit: auth.mfa.setup_initiated"}
{"level":40,"time":"2026-06-24T03:05:54.808Z","service":"@verve/backend","msg":"DATABASE_URL not set ΓÇö using in-memory repositories (state lost on restart)"}
{"level":30,"time":"2026-06-24T03:05:54.810Z","service":"@verve/backend","audit":true,"event":"auth.mfa.enrolled","userId":"dddddddd-dddd-4ddd-8ddd-dddddddddddd","email":"manager@clinic-a.au","clinicId":"11111111-1111-4111-8111-111111111111","ipAddress":"::ffff:127.0.0.1","msg":"Auth audit: auth.mfa.enrolled"}
{"level":40,"time":"2026-06-24T03:05:54.823Z","service":"@verve/backend","msg":"DATABASE_URL not set ΓÇö using in-memory repositories (state lost on restart)"}
{"level":40,"time":"2026-06-24T03:05:54.825Z","service":"@verve/backend","msg":"DATABASE_URL not set ΓÇö using in-memory repositories (state lost on restart)"}
{"level":40,"time":"2026-06-24T03:05:54.871Z","service":"@verve/backend","msg":"DATABASE_URL not set ΓÇö using in-memory repositories (state lost on restart)"}
{"level":30,"time":"2026-06-24T03:05:54.896Z","service":"@verve/backend","audit":true,"event":"auth.login.mfa_required","userId":"cccccccc-cccc-4ccc-8ccc-cccccccccccc","email":"admin@clinic-b.au","clinicId":"22222222-2222-4222-8222-222222222222","ipAddress":"::ffff:127.0.0.1","msg":"Auth audit: auth.login.mfa_required"}
{"level":40,"time":"2026-06-24T03:05:54.898Z","service":"@verve/backend","msg":"DATABASE_URL not set ΓÇö using in-memory repositories (state lost on restart)"}
{"level":30,"time":"2026-06-24T03:05:54.903Z","service":"@verve/backend","audit":true,"event":"auth.mfa.success","userId":"cccccccc-cccc-4ccc-8ccc-cccccccccccc","email":"admin@clinic-b.au","clinicId":"22222222-2222-4222-8222-222222222222","ipAddress":"::ffff:127.0.0.1","msg":"Auth audit: auth.mfa.success"}
{"level":30,"time":"2026-06-24T03:05:54.915Z","service":"@verve/backend","audit":true,"event":"auth.login.mfa_required","userId":"dddddddd-dddd-4ddd-8ddd-dddddddddddd","email":"manager@clinic-a.au","clinicId":"11111111-1111-4111-8111-111111111111","ipAddress":"::ffff:127.0.0.1","msg":"Auth audit: auth.login.mfa_required"}
{"level":30,"time":"2026-06-24T03:05:54.921Z","service":"@verve/backend","audit":true,"event":"auth.mfa.failure","userId":"dddddddd-dddd-4ddd-8ddd-dddddddddddd","reason":"invalid_mfa_code","ipAddress":"::ffff:127.0.0.1","msg":"Auth audit: auth.mfa.failure"}
{"level":30,"time":"2026-06-24T03:05:54.921Z","service":"@verve/backend","audit":true,"event":"auth.login.success","userId":"bbbbbbbb-bbbb-4bbb-8bbb-bbbbbbbbbbbb","email":"staff@clinic-a.au","clinicId":"11111111-1111-4111-8111-111111111111","ipAddress":"::ffff:127.0.0.1","msg":"Auth audit: auth.login.success"}
{"level":30,"time":"2026-06-24T03:05:54.932Z","service":"@verve/backend","audit":true,"event":"auth.login.mfa_required","userId":"dddddddd-dddd-4ddd-8ddd-dddddddddddd","email":"manager@clinic-a.au","clinicId":"11111111-1111-4111-8111-111111111111","ipAddress":"::ffff:127.0.0.1","msg":"Auth audit: auth.login.mfa_required"}
{"level":30,"time":"2026-06-24T03:05:54.938Z","service":"@verve/backend","audit":true,"event":"auth.mfa.success","userId":"dddddddd-dddd-4ddd-8ddd-dddddddddddd","email":"manager@clinic-a.au","clinicId":"11111111-1111-4111-8111-111111111111","ipAddress":"::ffff:127.0.0.1","msg":"Auth audit: auth.mfa.success"}
{"level":30,"time":"2026-06-24T03:05:54.945Z","service":"@verve/backend","audit":true,"event":"auth.login.success","userId":"bbbbbbbb-bbbb-4bbb-8bbb-bbbbbbbbbbbb","email":"staff@clinic-a.au","clinicId":"11111111-1111-4111-8111-111111111111","ipAddress":"::ffff:127.0.0.1","msg":"Auth audit: auth.login.success"}
{"level":40,"time":"2026-06-24T03:05:54.997Z","service":"@verve/backend","msg":"DATABASE_URL not set ΓÇö using in-memory repositories (state lost on restart)"}
{"level":30,"time":"2026-06-24T03:05:55.011Z","service":"@verve/backend","audit":true,"event":"auth.login.success","userId":"bbbbbbbb-bbbb-4bbb-8bbb-bbbbbbbbbbbb","email":"staff@clinic-a.au","clinicId":"11111111-1111-4111-8111-111111111111","ipAddress":"::ffff:127.0.0.1","msg":"Auth audit: auth.login.success"}
{"level":40,"time":"2026-06-24T03:05:55.013Z","service":"@verve/backend","msg":"DATABASE_URL not set ΓÇö using in-memory repositories (state lost on restart)"}
{"level":40,"time":"2026-06-24T03:05:45.000Z","service":"@verve/backend","msg":"DATABASE_URL not set ΓÇö using in-memory repositories (state lost on restart)"}
{"level":30,"time":"2026-06-24T03:05:55.033Z","service":"@verve/backend","audit":true,"event":"auth.login.mfa_required","userId":"dddddddd-dddd-4ddd-8ddd-dddddddddddd","email":"manager@clinic-a.au","clinicId":"11111111-1111-4111-8111-111111111111","ipAddress":"::ffff:127.0.0.1","msg":"Auth audit: auth.login.mfa_required"}
{"level":30,"time":"2026-06-24T03:05:55.041Z","service":"@verve/backend","audit":true,"event":"auth.mfa.success","userId":"dddddddd-dddd-4ddd-8ddd-dddddddddddd","email":"manager@clinic-a.au","clinicId":"11111111-1111-4111-8111-111111111111","ipAddress":"::ffff:127.0.0.1","msg":"Auth audit: auth.mfa.success"}
{"level":30,"time":"2026-06-24T03:05:55.053Z","service":"@verve/backend","audit":true,"event":"auth.login.success","userId":"bbbbbbbb-bbbb-4bbb-8bbb-bbbbbbbbbbbb","email":"staff@clinic-a.au","clinicId":"11111111-1111-4111-8111-111111111111","ipAddress":"::ffff:127.0.0.1","msg":"Auth audit: auth.login.success"}
{"level":30,"time":"2026-06-24T03:05:55.059Z","service":"@verve/backend","audit":true,"event":"supplier.created","userId":"dddddddd-dddd-4ddd-8ddd-dddddddddddd","resourceId":"f4b22c9a-f6b8-4ae0-b495-4ba98f4a433c","msg":"Audit: supplier.created"}
{"level":40,"time":"2026-06-24T03:05:55.059Z","service":"@verve/backend","msg":"DATABASE_URL not set ΓÇö using in-memory repositories (state lost on restart)"}
PASS tests/userApi.test.ts
PASS tests/totpEncryption.test.ts
PASS tests/productApi.test.ts
{"level":40,"time":"2026-06-24T03:05:55.122Z","service":"@verve/backend","msg":"DATABASE_URL not set ΓÇö using in-memory repositories (state lost on restart)"}
{"level":30,"time":"2026-06-24T03:05:55.125Z","service":"@verve/backend","audit":true,"event":"auth.login.mfa_required","userId":"cccccccc-cccc-4ccc-8ccc-cccccccccccc","email":"admin@clinic-b.au","clinicId":"22222222-2222-4222-8222-222222222222","ipAddress":"::ffff:127.0.0.1","msg":"Auth audit: auth.login.mfa_required"}
{"level":30,"time":"2026-06-24T03:05:55.132Z","service":"@verve/backend","audit":true,"event":"auth.mfa.success","userId":"cccccccc-cccc-4ccc-8ccc-cccccccccccc","email":"admin@clinic-b.au","clinicId":"22222222-2222-4222-8222-222222222222","ipAddress":"::ffff:127.0.0.1","msg":"Auth audit: auth.mfa.success"}
{"level":40,"time":"2026-06-24T03:05:55.134Z","service":"@verve/backend","msg":"DATABASE_URL not set ΓÇö using in-memory repositories (state lost on restart)"}
{"level":30,"time":"2026-06-24T03:05:45.000Z","service":"@verve/backend","audit":true,"event":"auth.login.mfa_required","userId":"aaaaaaaa-aaaa-4aaa-8aaa-aaaaaaaaaaaa","email":"admin@clinic-a.au","clinicId":"11111111-1111-4111-8111-111111111111","ipAddress":"::ffff:127.0.0.1","msg":"Auth audit: auth.login.mfa_required"}
{"level":30,"time":"2026-06-24T03:05:45.000Z","service":"@verve/backend","audit":true,"event":"auth.mfa.success","userId":"aaaaaaaa-aaaa-4aaa-8aaa-aaaaaaaaaaaa","email":"admin@clinic-a.au","clinicId":"11111111-1111-4111-8111-111111111111","ipAddress":"::ffff:127.0.0.1","msg":"Auth audit: auth.mfa.success"}
{"level":40,"time":"2026-06-24T03:05:55.163Z","service":"@verve/backend","msg":"DATABASE_URL not set ΓÇö using in-memory repositories (state lost on restart)"}
{"level":40,"time":"2026-06-24T03:05:55.167Z","service":"@verve/backend","msg":"DATABASE_URL not set ΓÇö using in-memory repositories (state lost on restart)"}
{"level":30,"time":"2026-06-24T03:05:55.168Z","service":"@verve/backend","audit":true,"event":"auth.login.success","userId":"bbbbbbbb-bbbb-4bbb-8bbb-bbbbbbbbbbbb","email":"staff@clinic-a.au","clinicId":"11111111-1111-4111-8111-111111111111","ipAddress":"::ffff:127.0.0.1","msg":"Auth audit: auth.login.success"}
PASS tests/originGuard.test.ts
PASS tests/auditTrailCoverage.test.ts
PASS tests/productionGuard.test.ts
{"level":40,"time":"2026-06-24T03:05:55.232Z","service":"@verve/backend","msg":"DATABASE_URL not set ΓÇö using in-memory repositories (state lost on restart)"}
{"level":30,"time":"2026-06-24T03:05:55.240Z","service":"@verve/backend","audit":true,"event":"auth.login.success","userId":"bbbbbbbb-bbbb-4bbb-8bbb-bbbbbbbbbbbb","email":"staff@clinic-a.au","clinicId":"11111111-1111-4111-8111-111111111111","ipAddress":"::ffff:127.0.0.1","msg":"Auth audit: auth.login.success"}
{"level":30,"time":"2026-06-24T03:05:55.267Z","service":"@verve/backend","audit":true,"event":"auth.login.mfa_required","userId":"cccccccc-cccc-4ccc-8ccc-cccccccccccc","email":"admin@clinic-b.au","clinicId":"22222222-2222-4222-8222-222222222222","ipAddress":"::ffff:127.0.0.1","msg":"Auth audit: auth.login.mfa_required"}
{"level":30,"time":"2026-06-24T03:05:55.273Z","service":"@verve/backend","audit":true,"event":"auth.login.mfa_required","userId":"dddddddd-dddd-4ddd-8ddd-dddddddddddd","email":"manager@clinic-a.au","clinicId":"11111111-1111-4111-8111-111111111111","ipAddress":"::ffff:127.0.0.1","msg":"Auth audit: auth.login.mfa_required"}
{"level":30,"time":"2026-06-24T03:05:55.273Z","service":"@verve/backend","audit":true,"event":"auth.mfa.success","userId":"cccccccc-cccc-4ccc-8ccc-cccccccccccc","email":"admin@clinic-b.au","clinicId":"22222222-2222-4222-8222-222222222222","ipAddress":"::ffff:127.0.0.1","msg":"Auth audit: auth.mfa.success"}
{"level":30,"time":"2026-06-24T03:05:55.281Z","service":"@verve/backend","audit":true,"event":"auth.mfa.success","userId":"dddddddd-dddd-4ddd-8ddd-dddddddddddd","email":"manager@clinic-a.au","clinicId":"11111111-1111-4111-8111-111111111111","ipAddress":"::ffff:127.0.0.1","msg":"Auth audit: auth.mfa.success"}
{"level":30,"time":"2026-06-24T03:05:55.287Z","service":"@verve/backend","audit":true,"event":"supplier.created","userId":"dddddddd-dddd-4ddd-8ddd-dddddddddddd","resourceId":"c98341d5-d3da-4da4-8393-640a9d94d30c","msg":"Audit: supplier.created"}
PASS tests/healthService.test.ts
PASS tests/demoSeedGuard.test.ts
{"level":40,"time":"2026-06-24T03:05:55.341Z","service":"@verve/backend","msg":"DATABASE_URL not set ΓÇö using in-memory repositories (state lost on restart)"}
{"level":40,"time":"2026-06-24T03:05:55.354Z","service":"@verve/backend","msg":"DATABASE_URL not set ΓÇö using in-memory repositories (state lost on restart)"}
{"level":40,"time":"2026-06-24T03:05:55.391Z","service":"@verve/backend","msg":"DATABASE_URL not set ΓÇö using in-memory repositories (state lost on restart)"}
PASS tests/pendingMfaEncryption.test.ts
PASS tests/laborForecastService.test.ts
PASS tests/catalogueImportApi.test.ts
{"level":30,"time":"2026-06-24T03:05:55.460Z","service":"@verve/backend","audit":true,"event":"auth.login.mfa_required","userId":"dddddddd-dddd-4ddd-8ddd-dddddddddddd","email":"manager@clinic-a.au","clinicId":"11111111-1111-4111-8111-111111111111","ipAddress":"::ffff:127.0.0.1","msg":"Auth audit: auth.login.mfa_required"}
{"level":30,"time":"2026-06-24T03:05:55.474Z","service":"@verve/backend","audit":true,"event":"auth.mfa.success","userId":"dddddddd-dddd-4ddd-8ddd-dddddddddddd","email":"manager@clinic-a.au","clinicId":"11111111-1111-4111-8111-111111111111","ipAddress":"::ffff:127.0.0.1","msg":"Auth audit: auth.mfa.success"}
{"level":30,"time":"2026-06-24T03:05:55.510Z","service":"@verve/backend","audit":true,"event":"auth.login.mfa_required","userId":"dddddddd-dddd-4ddd-8ddd-dddddddddddd","email":"manager@clinic-a.au","clinicId":"11111111-1111-4111-8111-111111111111","ipAddress":"::ffff:127.0.0.1","msg":"Auth audit: auth.login.mfa_required"}
{"level":30,"time":"2026-06-24T03:05:55.518Z","service":"@verve/backend","audit":true,"event":"auth.mfa.success","userId":"dddddddd-dddd-4ddd-8ddd-dddddddddddd","email":"manager@clinic-a.au","clinicId":"11111111-1111-4111-8111-111111111111","ipAddress":"::ffff:127.0.0.1","msg":"Auth audit: auth.mfa.success"}
{"level":30,"time":"2026-06-24T03:05:55.526Z","service":"@verve/backend","audit":true,"event":"supplier.created","userId":"dddddddd-dddd-4ddd-8ddd-dddddddddddd","resourceId":"2f4606df-4688-40d7-9009-aff282d2daf7","msg":"Audit: supplier.created"}
{"level":50,"time":"2026-06-24T03:05:55.535Z","service":"@verve/backend","err":{"type":"Error","message":"Only CSV and XLSX files are accepted","stack":"Error: Only CSV and XLSX files are accepted\n    at fileFilter (C:\\Users\\danie\\OneDrive\\Documents\\JD Group\\JD Group - Clinics\\12.- App & Website Development\\01.- App Development\\Verve Operational Suite - App\\Backend\\src\\routes\\supplierRoutes.ts:37:10)\n    at wrappedFileFilter (C:\\Users\\danie\\OneDrive\\Documents\\JD Group\\JD Group - Clinics\\12.- App & Website Development\\01.- App Development\\Verve Operational Suite - App\\node_modules\\multer\\index.js:45:7)\n    at Multipart.<anonymous> (C:\\Users\\danie\\OneDrive\\Documents\\JD Group\\JD Group - Clinics\\12.- App & Website Development\\01.- App Development\\Verve Operational Suite - App\\node_modules\\multer\\lib\\make-middleware.js:193:7)\n    at Multipart.emit (node:events:509:28)\n    at HeaderParser.cb (C:\\Users\\danie\\OneDrive\\Documents\\JD Group\\JD Group - Clinics\\12.- App & Website Development\\01.- App Development\\Verve Operational Suite - App\\node_modules\\busboy\\lib\\types\\multipart.js:358:14)\n    at HeaderParser.push (C:\\Users\\danie\\OneDrive\\Documents\\JD Group\\JD Group - Clinics\\12.- App & Website Development\\01.- App Development\\Verve Operational Suite - App\\node_modules\\busboy\\lib\\types\\multipart.js:162:20)\n    at SBMH.ssCb [as _cb] (C:\\Users\\danie\\OneDrive\\Documents\\JD Group\\JD Group - Clinics\\12.- App & Website Development\\01.- App Development\\Verve Operational Suite - App\\node_modules\\busboy\\lib\\types\\multipart.js:394:37)\n    at feed (C:\\Users\\danie\\OneDrive\\Documents\\JD Group\\JD Group - Clinics\\12.- App & Website Development\\01.- App Development\\Verve Operational Suite - App\\node_modules\\streamsearch\\lib\\sbmh.js:219:14)\n    at SBMH.push (C:\\Users\\danie\\OneDrive\\Documents\\JD Group\\JD Group - Clinics\\12.- App & Website Development\\01.- App Development\\Verve Operational Suite - App\\node_modules\\streamsearch\\lib\\sbmh.js:104:16)\n    at Multipart._write (C:\\Users\\danie\\OneDrive\\Documents\\JD Group\\JD Group - Clinics\\12.- App & Website Development\\01.- App Development\\Verve Operational Suite - App\\node_modules\\busboy\\lib\\types\\multipart.js:567:19)\n    at writeOrBuffer (node:internal/streams/writable:570:12)\n    at _write (node:internal/streams/writable:499:10)\n    at Multipart.Writable.write (node:internal/streams/writable:508:10)\n    at IncomingMessage.ondata (node:internal/streams/readable:1012:24)\n    at IncomingMessage.emit (node:events:509:28)\n    at IncomingMessage.Readable.read (node:internal/streams/readable:784:10)\n    at flow (node:internal/streams/readable:1296:53)\n    at resume_ (node:internal/streams/readable:1272:3)\n    at processTicksAndRejections (node:internal/process/task_queues:90:21)","storageErrors":[]},"requestId":"b8f7a751-2e9e-47db-87b8-3c57231fd522","msg":"Unhandled request error"}
PASS tests/payrollRepository.test.ts
PASS tests/supplierInvoiceOcr.test.ts
PASS src/repositories/__tests__/payrollPostgresIntegration.test.ts
PASS src/utils/__tests__/csvUtils.test.ts
PASS tests/purchaseOrderCsvInjection.test.ts
{"level":40,"time":"2026-06-24T03:05:55.586Z","service":"@verve/backend","msg":"DATABASE_URL not set ΓÇö using in-memory repositories (state lost on restart)"}
PASS tests/staffTimesheetAccess.test.ts
PASS src/db/__tests__/tenantContext.test.ts
PASS tests/billingService.test.ts
PASS tests/catalogueImportService.test.ts
{"level":30,"time":"2026-06-24T03:05:55.697Z","service":"@verve/backend","audit":true,"event":"auth.login.mfa_required","userId":"aaaaaaaa-aaaa-4aaa-8aaa-aaaaaaaaaaaa","email":"admin@clinic-a.au","clinicId":"11111111-1111-4111-8111-111111111111","ipAddress":"::ffff:127.0.0.1","msg":"Auth audit: auth.login.mfa_required"}
{"level":30,"time":"2026-06-24T03:05:55.706Z","service":"@verve/backend","audit":true,"event":"auth.mfa.success","userId":"aaaaaaaa-aaaa-4aaa-8aaa-aaaaaaaaaaaa","email":"admin@clinic-a.au","clinicId":"11111111-1111-4111-8111-111111111111","ipAddress":"::ffff:127.0.0.1","msg":"Auth audit: auth.mfa.success"}
PASS src/repositories/__tests__/paginationUnit.test.ts
PASS src/repositories/__tests__/purchaseOrderPostgresIntegration.test.ts
PASS tests/supplierInvoiceService.test.ts
PASS tests/migrationGate.test.ts
PASS src/db/__tests__/bootstrapAdmin.test.ts
PASS tests/productMatchingService.test.ts
PASS tests/barcodeParser.test.ts
PASS tests/inventoryRepository.test.ts
PASS tests/forecastService.test.ts
FAIL src/repositories/__tests__/redisIntegration.test.ts (15.425 s)
  ΓùÅ Redis ΓÇö connection path ΓÇ║ connects and can SET / GET / DEL a key

    Connection is closed.

      at EventEmitter.connectionCloseHandler (../node_modules/ioredis/built/Redis.js:220:28)

  ΓùÅ Redis ΓÇö connection path ΓÇ║ GET on a non-existent key returns null

    Connection is closed.

      at EventEmitter.connectionCloseHandler (../node_modules/ioredis/built/Redis.js:220:28)

  ΓùÅ Redis ΓÇö refresh token storage ΓÇ║ pipeline SET+SADD+EXPIRE stores userId under refresh:{jti}

    Connection is closed.

      at EventEmitter.connectionCloseHandler (../node_modules/ioredis/built/Redis.js:220:28)

  ΓùÅ Redis ΓÇö refresh token storage ΓÇ║ pipeline SET+SADD+EXPIRE stores userId under refresh:{jti}

    MaxRetriesPerRequestError: Reached the max retries per request limit (which is 1). Refer to "maxRetriesPerRequest" option for details.

      at Socket.<anonymous> (../node_modules/ioredis/built/redis/event_handler.js:207:37)

  ΓùÅ Redis ΓÇö refresh token storage ΓÇ║ user_tokens:{userId} set contains the JTI after storage

    Connection is closed.

      at EventEmitter.connectionCloseHandler (../node_modules/ioredis/built/Redis.js:220:28)

  ΓùÅ Redis ΓÇö refresh token storage ΓÇ║ user_tokens:{userId} set contains the JTI after storage

    MaxRetriesPerRequestError: Reached the max retries per request limit (which is 1). Refer to "maxRetriesPerRequest" option for details.

      at Socket.<anonymous> (../node_modules/ioredis/built/redis/event_handler.js:207:37)

  ΓùÅ Redis ΓÇö token deletion and replay prevention ΓÇ║ GET on a deleted JTI returns null (replay attack rejected)

    Connection is closed.

      at EventEmitter.connectionCloseHandler (../node_modules/ioredis/built/Redis.js:220:28)

  ΓùÅ Redis ΓÇö token rotation (real session scenario) ΓÇ║ rotated token (JTI_2) is retrievable; original token (JTI_1) is gone

    Connection is closed.

      at EventEmitter.connectionCloseHandler (../node_modules/ioredis/built/Redis.js:220:28)

  ΓùÅ Redis ΓÇö revokeAllUserTokens ΓÇ║ all tokens for a user are gone after revokeAllUserTokens

    Connection is closed.

      at EventEmitter.connectionCloseHandler (../node_modules/ioredis/built/Redis.js:220:28)

  ΓùÅ Redis ΓÇö cross-user token isolation ΓÇ║ revoking USER_A tokens does not affect USER_B tokens

    Connection is closed.

      at EventEmitter.connectionCloseHandler (../node_modules/ioredis/built/Redis.js:220:28)


  ΓùÅ Test suite failed to run

    MaxRetriesPerRequestError: Reached the max retries per request limit (which is 1). Refer to "maxRetriesPerRequest" option for details.

      at Socket.<anonymous> (../node_modules/ioredis/built/redis/event_handler.js:207:37)

  ΓùÅ Test suite failed to run

    MaxRetriesPerRequestError: Reached the max retries per request limit (which is 1). Refer to "maxRetriesPerRequest" option for details.

      at Socket.<anonymous> (../node_modules/ioredis/built/redis/event_handler.js:207:37)

  ΓùÅ Test suite failed to run

    MaxRetriesPerRequestError: Reached the max retries per request limit (which is 1). Refer to "maxRetriesPerRequest" option for details.

      at Socket.<anonymous> (../node_modules/ioredis/built/redis/event_handler.js:207:37)

  ΓùÅ Test suite failed to run

    MaxRetriesPerRequestError: Reached the max retries per request limit (which is 1). Refer to "maxRetriesPerRequest" option for details.

      at Socket.<anonymous> (../node_modules/ioredis/built/redis/event_handler.js:207:37)

A worker process has failed to exit gracefully and has been force exited. This is likely caused by tests leaking due to improper teardown. Try 
running with --detectOpenHandles to find leaks. Active timers can also cause this, ensure that .unref() was called on them.
Summary of all failing tests
FAIL src/repositories/__tests__/rlsIsolation.test.ts
  ΓùÅ RLS ΓÇö clinic_inventory_items ΓÇ║ Clinic A context: fixture row for Clinic A IS visible

    read ECONNRESET

    [0m [90m 91 |[39m   ownerAdmin [33m=[39m [36mfalse[39m[33m,[39m
     [90m 92 |[39m )[33m:[39m [33mPromise[39m[33m<[39m[33mT[39m[33m>[39m {
    [31m[1m>[22m[39m[90m 93 |[39m   [36mconst[39m client [33m=[39m [36mawait[39m pool[33m.[39mconnect()[33m;[39m
     [90m    |[39m                  [31m[1m^[22m[39m
     [90m 94 |[39m   [36mtry[39m {
     [90m 95 |[39m     [36mawait[39m client[33m.[39mquery([32m"BEGIN"[39m)[33m;[39m
     [90m 96 |[39m     [36mawait[39m client[33m.[39mquery([0m

      at ../node_modules/pg-pool/index.js:45:11
      at withTenantContext (src/db/tenantContext.ts:93:18)
      at Object.<anonymous> (src/repositories/__tests__/rlsIsolation.test.ts:143:3)

  ΓùÅ RLS ΓÇö clinic_inventory_items ΓÇ║ Clinic A context: fixture row for Clinic B is NOT visible (DB rejects)

    read ECONNRESET

    [0m [90m 91 |[39m   ownerAdmin [33m=[39m [36mfalse[39m[33m,[39m
     [90m 92 |[39m )[33m:[39m [33mPromise[39m[33m<[39m[33mT[39m[33m>[39m {
    [31m[1m>[22m[39m[90m 93 |[39m   [36mconst[39m client [33m=[39m [36mawait[39m pool[33m.[39mconnect()[33m;[39m
     [90m    |[39m                  [31m[1m^[22m[39m
     [90m 94 |[39m   [36mtry[39m {
     [90m 95 |[39m     [36mawait[39m client[33m.[39mquery([32m"BEGIN"[39m)[33m;[39m
     [90m 96 |[39m     [36mawait[39m client[33m.[39mquery([0m

      at ../node_modules/pg-pool/index.js:45:11
      at withTenantContext (src/db/tenantContext.ts:93:18)
      at Object.<anonymous> (src/repositories/__tests__/rlsIsolation.test.ts:143:3)

  ΓùÅ RLS ΓÇö clinic_inventory_items ΓÇ║ Clinic B context: fixture row for Clinic A is NOT visible (DB rejects)

    read ECONNRESET

    [0m [90m 91 |[39m   ownerAdmin [33m=[39m [36mfalse[39m[33m,[39m
     [90m 92 |[39m )[33m:[39m [33mPromise[39m[33m<[39m[33mT[39m[33m>[39m {
    [31m[1m>[22m[39m[90m 93 |[39m   [36mconst[39m client [33m=[39m [36mawait[39m pool[33m.[39mconnect()[33m;[39m
     [90m    |[39m                  [31m[1m^[22m[39m
     [90m 94 |[39m   [36mtry[39m {
     [90m 95 |[39m     [36mawait[39m client[33m.[39mquery([32m"BEGIN"[39m)[33m;[39m
     [90m 96 |[39m     [36mawait[39m client[33m.[39mquery([0m

      at ../node_modules/pg-pool/index.js:45:11
      at withTenantContext (src/db/tenantContext.ts:93:18)
      at Object.<anonymous> (src/repositories/__tests__/rlsIsolation.test.ts:143:3)

  ΓùÅ RLS ΓÇö clinic_inventory_items ΓÇ║ No-filter query in Clinic A context returns ONLY Clinic A rows

    read ECONNRESET

    [0m [90m 91 |[39m   ownerAdmin [33m=[39m [36mfalse[39m[33m,[39m
     [90m 92 |[39m )[33m:[39m [33mPromise[39m[33m<[39m[33mT[39m[33m>[39m {
    [31m[1m>[22m[39m[90m 93 |[39m   [36mconst[39m client [33m=[39m [36mawait[39m pool[33m.[39mconnect()[33m;[39m
     [90m    |[39m                  [31m[1m^[22m[39m
     [90m 94 |[39m   [36mtry[39m {
     [90m 95 |[39m     [36mawait[39m client[33m.[39mquery([32m"BEGIN"[39m)[33m;[39m
     [90m 96 |[39m     [36mawait[39m client[33m.[39mquery([0m

      at ../node_modules/pg-pool/index.js:45:11
      at withTenantContext (src/db/tenantContext.ts:93:18)
      at Object.<anonymous> (src/repositories/__tests__/rlsIsolation.test.ts:143:3)

  ΓùÅ RLS ΓÇö draft_purchase_orders ΓÇ║ Clinic A cannot access Clinic B purchase orders

    read ECONNRESET

    [0m [90m 91 |[39m   ownerAdmin [33m=[39m [36mfalse[39m[33m,[39m
     [90m 92 |[39m )[33m:[39m [33mPromise[39m[33m<[39m[33mT[39m[33m>[39m {
    [31m[1m>[22m[39m[90m 93 |[39m   [36mconst[39m client [33m=[39m [36mawait[39m pool[33m.[39mconnect()[33m;[39m
     [90m    |[39m                  [31m[1m^[22m[39m
     [90m 94 |[39m   [36mtry[39m {
     [90m 95 |[39m     [36mawait[39m client[33m.[39mquery([32m"BEGIN"[39m)[33m;[39m
     [90m 96 |[39m     [36mawait[39m client[33m.[39mquery([0m

      at ../node_modules/pg-pool/index.js:45:11
      at withTenantContext (src/db/tenantContext.ts:93:18)
      at Object.<anonymous> (src/repositories/__tests__/rlsIsolation.test.ts:143:3)

  ΓùÅ RLS ΓÇö draft_purchase_orders ΓÇ║ Clinic B cannot access Clinic A purchase orders

    read ECONNRESET

    [0m [90m 91 |[39m   ownerAdmin [33m=[39m [36mfalse[39m[33m,[39m
     [90m 92 |[39m )[33m:[39m [33mPromise[39m[33m<[39m[33mT[39m[33m>[39m {
    [31m[1m>[22m[39m[90m 93 |[39m   [36mconst[39m client [33m=[39m [36mawait[39m pool[33m.[39mconnect()[33m;[39m
     [90m    |[39m                  [31m[1m^[22m[39m
     [90m 94 |[39m   [36mtry[39m {
     [90m 95 |[39m     [36mawait[39m client[33m.[39mquery([32m"BEGIN"[39m)[33m;[39m
     [90m 96 |[39m     [36mawait[39m client[33m.[39mquery([0m

      at ../node_modules/pg-pool/index.js:45:11
      at withTenantContext (src/db/tenantContext.ts:93:18)
      at Object.<anonymous> (src/repositories/__tests__/rlsIsolation.test.ts:143:3)

  ΓùÅ RLS ΓÇö draft_purchase_orders ΓÇ║ Clinic A context returns ONLY Clinic A POs when no WHERE clause

    read ECONNRESET

    [0m [90m 91 |[39m   ownerAdmin [33m=[39m [36mfalse[39m[33m,[39m
     [90m 92 |[39m )[33m:[39m [33mPromise[39m[33m<[39m[33mT[39m[33m>[39m {
    [31m[1m>[22m[39m[90m 93 |[39m   [36mconst[39m client [33m=[39m [36mawait[39m pool[33m.[39mconnect()[33m;[39m
     [90m    |[39m                  [31m[1m^[22m[39m
     [90m 94 |[39m   [36mtry[39m {
     [90m 95 |[39m     [36mawait[39m client[33m.[39mquery([32m"BEGIN"[39m)[33m;[39m
     [90m 96 |[39m     [36mawait[39m client[33m.[39mquery([0m

      at ../node_modules/pg-pool/index.js:45:11
      at withTenantContext (src/db/tenantContext.ts:93:18)
      at Object.<anonymous> (src/repositories/__tests__/rlsIsolation.test.ts:143:3)

  ΓùÅ RLS ΓÇö timesheet_entries ΓÇ║ Clinic A cannot access Clinic B timesheets

    read ECONNRESET

    [0m [90m 91 |[39m   ownerAdmin [33m=[39m [36mfalse[39m[33m,[39m
     [90m 92 |[39m )[33m:[39m [33mPromise[39m[33m<[39m[33mT[39m[33m>[39m {
    [31m[1m>[22m[39m[90m 93 |[39m   [36mconst[39m client [33m=[39m [36mawait[39m pool[33m.[39mconnect()[33m;[39m
     [90m    |[39m                  [31m[1m^[22m[39m
     [90m 94 |[39m   [36mtry[39m {
     [90m 95 |[39m     [36mawait[39m client[33m.[39mquery([32m"BEGIN"[39m)[33m;[39m
     [90m 96 |[39m     [36mawait[39m client[33m.[39mquery([0m

      at ../node_modules/pg-pool/index.js:45:11
      at withTenantContext (src/db/tenantContext.ts:93:18)
      at Object.<anonymous> (src/repositories/__tests__/rlsIsolation.test.ts:143:3)

  ΓùÅ RLS ΓÇö timesheet_entries ΓÇ║ Clinic B cannot access Clinic A timesheets

    read ECONNRESET

    [0m [90m 91 |[39m   ownerAdmin [33m=[39m [36mfalse[39m[33m,[39m
     [90m 92 |[39m )[33m:[39m [33mPromise[39m[33m<[39m[33mT[39m[33m>[39m {
    [31m[1m>[22m[39m[90m 93 |[39m   [36mconst[39m client [33m=[39m [36mawait[39m pool[33m.[39mconnect()[33m;[39m
     [90m    |[39m                  [31m[1m^[22m[39m
     [90m 94 |[39m   [36mtry[39m {
     [90m 95 |[39m     [36mawait[39m client[33m.[39mquery([32m"BEGIN"[39m)[33m;[39m
     [90m 96 |[39m     [36mawait[39m client[33m.[39mquery([0m

      at ../node_modules/pg-pool/index.js:45:11
      at withTenantContext (src/db/tenantContext.ts:93:18)
      at Object.<anonymous> (src/repositories/__tests__/rlsIsolation.test.ts:143:3)

  ΓùÅ RLS ΓÇö timesheet_entries ΓÇ║ Unfiltered query in Clinic A context returns only Clinic A timesheets

    read ECONNRESET

    [0m [90m 91 |[39m   ownerAdmin [33m=[39m [36mfalse[39m[33m,[39m
     [90m 92 |[39m )[33m:[39m [33mPromise[39m[33m<[39m[33mT[39m[33m>[39m {
    [31m[1m>[22m[39m[90m 93 |[39m   [36mconst[39m client [33m=[39m [36mawait[39m pool[33m.[39mconnect()[33m;[39m
     [90m    |[39m                  [31m[1m^[22m[39m
     [90m 94 |[39m   [36mtry[39m {
     [90m 95 |[39m     [36mawait[39m client[33m.[39mquery([32m"BEGIN"[39m)[33m;[39m
     [90m 96 |[39m     [36mawait[39m client[33m.[39mquery([0m

      at ../node_modules/pg-pool/index.js:45:11
      at withTenantContext (src/db/tenantContext.ts:93:18)
      at Object.<anonymous> (src/repositories/__tests__/rlsIsolation.test.ts:143:3)

  ΓùÅ RLS ΓÇö invoices (billing data) ΓÇ║ Clinic A cannot access Clinic B billing data

    read ECONNRESET

    [0m [90m 91 |[39m   ownerAdmin [33m=[39m [36mfalse[39m[33m,[39m
     [90m 92 |[39m )[33m:[39m [33mPromise[39m[33m<[39m[33mT[39m[33m>[39m {
    [31m[1m>[22m[39m[90m 93 |[39m   [36mconst[39m client [33m=[39m [36mawait[39m pool[33m.[39mconnect()[33m;[39m
     [90m    |[39m                  [31m[1m^[22m[39m
     [90m 94 |[39m   [36mtry[39m {
     [90m 95 |[39m     [36mawait[39m client[33m.[39mquery([32m"BEGIN"[39m)[33m;[39m
     [90m 96 |[39m     [36mawait[39m client[33m.[39mquery([0m

      at ../node_modules/pg-pool/index.js:45:11
      at withTenantContext (src/db/tenantContext.ts:93:18)
      at Object.<anonymous> (src/repositories/__tests__/rlsIsolation.test.ts:143:3)

  ΓùÅ RLS ΓÇö invoices (billing data) ΓÇ║ Clinic B cannot access Clinic A billing data

    read ECONNRESET

    [0m [90m 91 |[39m   ownerAdmin [33m=[39m [36mfalse[39m[33m,[39m
     [90m 92 |[39m )[33m:[39m [33mPromise[39m[33m<[39m[33mT[39m[33m>[39m {
    [31m[1m>[22m[39m[90m 93 |[39m   [36mconst[39m client [33m=[39m [36mawait[39m pool[33m.[39mconnect()[33m;[39m
     [90m    |[39m                  [31m[1m^[22m[39m
     [90m 94 |[39m   [36mtry[39m {
     [90m 95 |[39m     [36mawait[39m client[33m.[39mquery([32m"BEGIN"[39m)[33m;[39m
     [90m 96 |[39m     [36mawait[39m client[33m.[39mquery([0m

      at ../node_modules/pg-pool/index.js:45:11
      at withTenantContext (src/db/tenantContext.ts:93:18)
      at Object.<anonymous> (src/repositories/__tests__/rlsIsolation.test.ts:143:3)

  ΓùÅ RLS ΓÇö invoices (billing data) ΓÇ║ Unfiltered billing query in Clinic A returns ONLY Clinic A invoices

    read ECONNRESET

    [0m [90m 91 |[39m   ownerAdmin [33m=[39m [36mfalse[39m[33m,[39m
     [90m 92 |[39m )[33m:[39m [33mPromise[39m[33m<[39m[33mT[39m[33m>[39m {
    [31m[1m>[22m[39m[90m 93 |[39m   [36mconst[39m client [33m=[39m [36mawait[39m pool[33m.[39mconnect()[33m;[39m
     [90m    |[39m                  [31m[1m^[22m[39m
     [90m 94 |[39m   [36mtry[39m {
     [90m 95 |[39m     [36mawait[39m client[33m.[39mquery([32m"BEGIN"[39m)[33m;[39m
     [90m 96 |[39m     [36mawait[39m client[33m.[39mquery([0m

      at ../node_modules/pg-pool/index.js:45:11
      at withTenantContext (src/db/tenantContext.ts:93:18)
      at Object.<anonymous> (src/repositories/__tests__/rlsIsolation.test.ts:143:3)

  ΓùÅ RLS ΓÇö leave_requests ΓÇ║ Clinic A cannot access Clinic B leave requests

    read ECONNRESET

    [0m [90m 91 |[39m   ownerAdmin [33m=[39m [36mfalse[39m[33m,[39m
     [90m 92 |[39m )[33m:[39m [33mPromise[39m[33m<[39m[33mT[39m[33m>[39m {
    [31m[1m>[22m[39m[90m 93 |[39m   [36mconst[39m client [33m=[39m [36mawait[39m pool[33m.[39mconnect()[33m;[39m
     [90m    |[39m                  [31m[1m^[22m[39m
     [90m 94 |[39m   [36mtry[39m {
     [90m 95 |[39m     [36mawait[39m client[33m.[39mquery([32m"BEGIN"[39m)[33m;[39m
     [90m 96 |[39m     [36mawait[39m client[33m.[39mquery([0m

      at ../node_modules/pg-pool/index.js:45:11
      at withTenantContext (src/db/tenantContext.ts:93:18)
      at Object.<anonymous> (src/repositories/__tests__/rlsIsolation.test.ts:143:3)

  ΓùÅ RLS ΓÇö leave_requests ΓÇ║ Clinic B cannot access Clinic A leave requests

    read ECONNRESET

    [0m [90m 91 |[39m   ownerAdmin [33m=[39m [36mfalse[39m[33m,[39m
     [90m 92 |[39m )[33m:[39m [33mPromise[39m[33m<[39m[33mT[39m[33m>[39m {
    [31m[1m>[22m[39m[90m 93 |[39m   [36mconst[39m client [33m=[39m [36mawait[39m pool[33m.[39mconnect()[33m;[39m
     [90m    |[39m                  [31m[1m^[22m[39m
     [90m 94 |[39m   [36mtry[39m {
     [90m 95 |[39m     [36mawait[39m client[33m.[39mquery([32m"BEGIN"[39m)[33m;[39m
     [90m 96 |[39m     [36mawait[39m client[33m.[39mquery([0m

      at ../node_modules/pg-pool/index.js:45:11
      at withTenantContext (src/db/tenantContext.ts:93:18)
      at Object.<anonymous> (src/repositories/__tests__/rlsIsolation.test.ts:143:3)

  ΓùÅ RLS ΓÇö audit_events ΓÇ║ Clinic A cannot access Clinic B audit events

    read ECONNRESET

    [0m [90m 91 |[39m   ownerAdmin [33m=[39m [36mfalse[39m[33m,[39m
     [90m 92 |[39m )[33m:[39m [33mPromise[39m[33m<[39m[33mT[39m[33m>[39m {
    [31m[1m>[22m[39m[90m 93 |[39m   [36mconst[39m client [33m=[39m [36mawait[39m pool[33m.[39mconnect()[33m;[39m
     [90m    |[39m                  [31m[1m^[22m[39m
     [90m 94 |[39m   [36mtry[39m {
     [90m 95 |[39m     [36mawait[39m client[33m.[39mquery([32m"BEGIN"[39m)[33m;[39m
     [90m 96 |[39m     [36mawait[39m client[33m.[39mquery([0m

      at ../node_modules/pg-pool/index.js:45:11
      at withTenantContext (src/db/tenantContext.ts:93:18)
      at Object.<anonymous> (src/repositories/__tests__/rlsIsolation.test.ts:143:3)

  ΓùÅ RLS ΓÇö audit_events ΓÇ║ Clinic B cannot access Clinic A audit events

    read ECONNRESET

    [0m [90m 91 |[39m   ownerAdmin [33m=[39m [36mfalse[39m[33m,[39m
     [90m 92 |[39m )[33m:[39m [33mPromise[39m[33m<[39m[33mT[39m[33m>[39m {
    [31m[1m>[22m[39m[90m 93 |[39m   [36mconst[39m client [33m=[39m [36mawait[39m pool[33m.[39mconnect()[33m;[39m
     [90m    |[39m                  [31m[1m^[22m[39m
     [90m 94 |[39m   [36mtry[39m {
     [90m 95 |[39m     [36mawait[39m client[33m.[39mquery([32m"BEGIN"[39m)[33m;[39m
     [90m 96 |[39m     [36mawait[39m client[33m.[39mquery([0m

      at ../node_modules/pg-pool/index.js:45:11
      at withTenantContext (src/db/tenantContext.ts:93:18)
      at Object.<anonymous> (src/repositories/__tests__/rlsIsolation.test.ts:143:3)

  ΓùÅ RLS ΓÇö owner_admin cross-clinic access ΓÇ║ owner_admin mode can read Clinic A inventory while Clinic B context is active

    read ECONNRESET

    [0m [90m 91 |[39m   ownerAdmin [33m=[39m [36mfalse[39m[33m,[39m
     [90m 92 |[39m )[33m:[39m [33mPromise[39m[33m<[39m[33mT[39m[33m>[39m {
    [31m[1m>[22m[39m[90m 93 |[39m   [36mconst[39m client [33m=[39m [36mawait[39m pool[33m.[39mconnect()[33m;[39m
     [90m    |[39m                  [31m[1m^[22m[39m
     [90m 94 |[39m   [36mtry[39m {
     [90m 95 |[39m     [36mawait[39m client[33m.[39mquery([32m"BEGIN"[39m)[33m;[39m
     [90m 96 |[39m     [36mawait[39m client[33m.[39mquery([0m

      at ../node_modules/pg-pool/index.js:45:11
      at withTenantContext (src/db/tenantContext.ts:93:18)
      at Object.<anonymous> (src/repositories/__tests__/rlsIsolation.test.ts:143:3)

  ΓùÅ RLS ΓÇö owner_admin cross-clinic access ΓÇ║ owner_admin mode can read both clinics' invoices in a single query

    read ECONNRESET

    [0m [90m 91 |[39m   ownerAdmin [33m=[39m [36mfalse[39m[33m,[39m
     [90m 92 |[39m )[33m:[39m [33mPromise[39m[33m<[39m[33mT[39m[33m>[39m {
    [31m[1m>[22m[39m[90m 93 |[39m   [36mconst[39m client [33m=[39m [36mawait[39m pool[33m.[39mconnect()[33m;[39m
     [90m    |[39m                  [31m[1m^[22m[39m
     [90m 94 |[39m   [36mtry[39m {
     [90m 95 |[39m     [36mawait[39m client[33m.[39mquery([32m"BEGIN"[39m)[33m;[39m
     [90m 96 |[39m     [36mawait[39m client[33m.[39mquery([0m

      at ../node_modules/pg-pool/index.js:45:11
      at withTenantContext (src/db/tenantContext.ts:93:18)
      at Object.<anonymous> (src/repositories/__tests__/rlsIsolation.test.ts:143:3)

  ΓùÅ RLS ΓÇö no tenant context (session var empty) ΓÇ║ Query without any clinic context returns 0 rows from clinic_inventory_items

    read ECONNRESET

    [0m [90m 91 |[39m   ownerAdmin [33m=[39m [36mfalse[39m[33m,[39m
     [90m 92 |[39m )[33m:[39m [33mPromise[39m[33m<[39m[33mT[39m[33m>[39m {
    [31m[1m>[22m[39m[90m 93 |[39m   [36mconst[39m client [33m=[39m [36mawait[39m pool[33m.[39mconnect()[33m;[39m
     [90m    |[39m                  [31m[1m^[22m[39m
     [90m 94 |[39m   [36mtry[39m {
     [90m 95 |[39m     [36mawait[39m client[33m.[39mquery([32m"BEGIN"[39m)[33m;[39m
     [90m 96 |[39m     [36mawait[39m client[33m.[39mquery([0m

      at ../node_modules/pg-pool/index.js:45:11
      at withTenantContext (src/db/tenantContext.ts:93:18)
      at Object.<anonymous> (src/repositories/__tests__/rlsIsolation.test.ts:143:3)

  ΓùÅ RLS ΓÇö no tenant context (session var empty) ΓÇ║ Query without any clinic context returns 0 rows from invoices

    read ECONNRESET

    [0m [90m 91 |[39m   ownerAdmin [33m=[39m [36mfalse[39m[33m,[39m
     [90m 92 |[39m )[33m:[39m [33mPromise[39m[33m<[39m[33mT[39m[33m>[39m {
    [31m[1m>[22m[39m[90m 93 |[39m   [36mconst[39m client [33m=[39m [36mawait[39m pool[33m.[39mconnect()[33m;[39m
     [90m    |[39m                  [31m[1m^[22m[39m
     [90m 94 |[39m   [36mtry[39m {
     [90m 95 |[39m     [36mawait[39m client[33m.[39mquery([32m"BEGIN"[39m)[33m;[39m
     [90m 96 |[39m     [36mawait[39m client[33m.[39mquery([0m

      at ../node_modules/pg-pool/index.js:45:11
      at withTenantContext (src/db/tenantContext.ts:93:18)
      at Object.<anonymous> (src/repositories/__tests__/rlsIsolation.test.ts:143:3)


  ΓùÅ Test suite failed to run

    read ECONNRESET

    [0m [90m 91 |[39m   ownerAdmin [33m=[39m [36mfalse[39m[33m,[39m
     [90m 92 |[39m )[33m:[39m [33mPromise[39m[33m<[39m[33mT[39m[33m>[39m {
    [31m[1m>[22m[39m[90m 93 |[39m   [36mconst[39m client [33m=[39m [36mawait[39m pool[33m.[39mconnect()[33m;[39m
     [90m    |[39m                  [31m[1m^[22m[39m
     [90m 94 |[39m   [36mtry[39m {
     [90m 95 |[39m     [36mawait[39m client[33m.[39mquery([32m"BEGIN"[39m)[33m;[39m
     [90m 96 |[39m     [36mawait[39m client[33m.[39mquery([0m

      at ../node_modules/pg-pool/index.js:45:11
      at withTenantContext (src/db/tenantContext.ts:93:18)
      at Object.<anonymous> (src/repositories/__tests__/rlsIsolation.test.ts:245:3)

FAIL tests/rlsHardening.test.ts (7.333 s)
  ΓùÅ RLS hardening ΓÇö users table no-context block ΓÇ║ SELECT without any context returns 0 rows (no NULL bypass)

    error: SSL/TLS required

    [0m [90m 221 |[39m   it([32m"SELECT without any context returns 0 rows (no NULL bypass)"[39m[33m,[39m [36masync[39m () [33m=>[39m {
     [90m 222 |[39m     [36mif[39m ([33mSKIP[39m) [36mreturn[39m[33m;[39m
    [31m[1m>[22m[39m[90m 223 |[39m     [36mconst[39m client [33m=[39m [36mawait[39m pool[33m.[39mconnect()[33m;[39m
     [90m     |[39m                    [31m[1m^[22m[39m
     [90m 224 |[39m     [36mtry[39m {
     [90m 225 |[39m       [36mawait[39m client[33m.[39mquery([32m"BEGIN"[39m)[33m;[39m
     [90m 226 |[39m       [90m// Switch to non-superuser role so FORCE ROW LEVEL SECURITY is applied.[39m[0m

      at ../node_modules/pg-pool/index.js:45:11
      at Object.<anonymous> (tests/rlsHardening.test.ts:223:20)

  ΓùÅ RLS hardening ΓÇö users table no-context block ΓÇ║ owner_admin context can read users across clinics

    read ECONNRESET

    [0m [90m 91 |[39m   ownerAdmin [33m=[39m [36mfalse[39m[33m,[39m
     [90m 92 |[39m )[33m:[39m [33mPromise[39m[33m<[39m[33mT[39m[33m>[39m {
    [31m[1m>[22m[39m[90m 93 |[39m   [36mconst[39m client [33m=[39m [36mawait[39m pool[33m.[39mconnect()[33m;[39m
     [90m    |[39m                  [31m[1m^[22m[39m
     [90m 94 |[39m   [36mtry[39m {
     [90m 95 |[39m     [36mawait[39m client[33m.[39mquery([32m"BEGIN"[39m)[33m;[39m
     [90m 96 |[39m     [36mawait[39m client[33m.[39mquery([0m

      at ../node_modules/pg-pool/index.js:45:11
      at withTenantContext (src/db/tenantContext.ts:93:18)
      at Object.<anonymous> (tests/rlsHardening.test.ts:247:22)

  ΓùÅ RLS hardening ΓÇö auth lookup path ΓÇ║ findByEmail equivalent works via owner_admin context

    error: SSL/TLS required

    [0m [90m 91 |[39m   ownerAdmin [33m=[39m [36mfalse[39m[33m,[39m
     [90m 92 |[39m )[33m:[39m [33mPromise[39m[33m<[39m[33mT[39m[33m>[39m {
    [31m[1m>[22m[39m[90m 93 |[39m   [36mconst[39m client [33m=[39m [36mawait[39m pool[33m.[39mconnect()[33m;[39m
     [90m    |[39m                  [31m[1m^[22m[39m
     [90m 94 |[39m   [36mtry[39m {
     [90m 95 |[39m     [36mawait[39m client[33m.[39mquery([32m"BEGIN"[39m)[33m;[39m
     [90m 96 |[39m     [36mawait[39m client[33m.[39mquery([0m

      at ../node_modules/pg-pool/index.js:45:11
      at withTenantContext (src/db/tenantContext.ts:93:18)
      at Object.<anonymous> (tests/rlsHardening.test.ts:260:22)

  ΓùÅ RLS hardening ΓÇö auth lookup path ΓÇ║ findById equivalent works via owner_admin context

    error: SSL/TLS required

    [0m [90m 91 |[39m   ownerAdmin [33m=[39m [36mfalse[39m[33m,[39m
     [90m 92 |[39m )[33m:[39m [33mPromise[39m[33m<[39m[33mT[39m[33m>[39m {
    [31m[1m>[22m[39m[90m 93 |[39m   [36mconst[39m client [33m=[39m [36mawait[39m pool[33m.[39mconnect()[33m;[39m
     [90m    |[39m                  [31m[1m^[22m[39m
     [90m 94 |[39m   [36mtry[39m {
     [90m 95 |[39m     [36mawait[39m client[33m.[39mquery([32m"BEGIN"[39m)[33m;[39m
     [90m 96 |[39m     [36mawait[39m client[33m.[39mquery([0m

      at ../node_modules/pg-pool/index.js:45:11
      at withTenantContext (src/db/tenantContext.ts:93:18)
      at Object.<anonymous> (tests/rlsHardening.test.ts:273:22)

  ΓùÅ RLS hardening ΓÇö inventory_adjustments is append-only ΓÇ║ SELECT is allowed in correct clinic context

    read ECONNRESET

    [0m [90m 91 |[39m   ownerAdmin [33m=[39m [36mfalse[39m[33m,[39m
     [90m 92 |[39m )[33m:[39m [33mPromise[39m[33m<[39m[33mT[39m[33m>[39m {
    [31m[1m>[22m[39m[90m 93 |[39m   [36mconst[39m client [33m=[39m [36mawait[39m pool[33m.[39mconnect()[33m;[39m
     [90m    |[39m                  [31m[1m^[22m[39m
     [90m 94 |[39m   [36mtry[39m {
     [90m 95 |[39m     [36mawait[39m client[33m.[39mquery([32m"BEGIN"[39m)[33m;[39m
     [90m 96 |[39m     [36mawait[39m client[33m.[39mquery([0m

      at ../node_modules/pg-pool/index.js:45:11
      at withTenantContext (src/db/tenantContext.ts:93:18)
      at Object.<anonymous> (tests/rlsHardening.test.ts:293:29)

  ΓùÅ RLS hardening ΓÇö inventory_adjustments is append-only ΓÇ║ DELETE is blocked at RLS layer (no DELETE policy)

    read ECONNRESET

    [0m [90m 91 |[39m   ownerAdmin [33m=[39m [36mfalse[39m[33m,[39m
     [90m 92 |[39m )[33m:[39m [33mPromise[39m[33m<[39m[33mT[39m[33m>[39m {
    [31m[1m>[22m[39m[90m 93 |[39m   [36mconst[39m client [33m=[39m [36mawait[39m pool[33m.[39mconnect()[33m;[39m
     [90m    |[39m                  [31m[1m^[22m[39m
     [90m 94 |[39m   [36mtry[39m {
     [90m 95 |[39m     [36mawait[39m client[33m.[39mquery([32m"BEGIN"[39m)[33m;[39m
     [90m 96 |[39m     [36mawait[39m client[33m.[39mquery([0m

      at ../node_modules/pg-pool/index.js:45:11
      at withTenantContext (src/db/tenantContext.ts:93:18)
      at Object.<anonymous> (tests/rlsHardening.test.ts:293:29)

  ΓùÅ RLS hardening ΓÇö inventory_adjustments is append-only ΓÇ║ UPDATE is blocked at RLS layer (no UPDATE policy)

    read ECONNRESET

    [0m [90m 91 |[39m   ownerAdmin [33m=[39m [36mfalse[39m[33m,[39m
     [90m 92 |[39m )[33m:[39m [33mPromise[39m[33m<[39m[33mT[39m[33m>[39m {
    [31m[1m>[22m[39m[90m 93 |[39m   [36mconst[39m client [33m=[39m [36mawait[39m pool[33m.[39mconnect()[33m;[39m
     [90m    |[39m                  [31m[1m^[22m[39m
     [90m 94 |[39m   [36mtry[39m {
     [90m 95 |[39m     [36mawait[39m client[33m.[39mquery([32m"BEGIN"[39m)[33m;[39m
     [90m 96 |[39m     [36mawait[39m client[33m.[39mquery([0m

      at ../node_modules/pg-pool/index.js:45:11
      at withTenantContext (src/db/tenantContext.ts:93:18)
      at Object.<anonymous> (tests/rlsHardening.test.ts:293:29)

  ΓùÅ RLS hardening ΓÇö audit_events is append-only ΓÇ║ SELECT is allowed in correct clinic context

    error: SSL/TLS required

    [0m [90m 91 |[39m   ownerAdmin [33m=[39m [36mfalse[39m[33m,[39m
     [90m 92 |[39m )[33m:[39m [33mPromise[39m[33m<[39m[33mT[39m[33m>[39m {
    [31m[1m>[22m[39m[90m 93 |[39m   [36mconst[39m client [33m=[39m [36mawait[39m pool[33m.[39mconnect()[33m;[39m
     [90m    |[39m                  [31m[1m^[22m[39m
     [90m 94 |[39m   [36mtry[39m {
     [90m 95 |[39m     [36mawait[39m client[33m.[39mquery([32m"BEGIN"[39m)[33m;[39m
     [90m 96 |[39m     [36mawait[39m client[33m.[39mquery([0m

      at ../node_modules/pg-pool/index.js:45:11
      at withTenantContext (src/db/tenantContext.ts:93:18)
      at Object.<anonymous> (tests/rlsHardening.test.ts:364:5)

  ΓùÅ RLS hardening ΓÇö audit_events is append-only ΓÇ║ DELETE is blocked at RLS layer (no DELETE policy on audit_events)

    error: SSL/TLS required

    [0m [90m 91 |[39m   ownerAdmin [33m=[39m [36mfalse[39m[33m,[39m
     [90m 92 |[39m )[33m:[39m [33mPromise[39m[33m<[39m[33mT[39m[33m>[39m {
    [31m[1m>[22m[39m[90m 93 |[39m   [36mconst[39m client [33m=[39m [36mawait[39m pool[33m.[39mconnect()[33m;[39m
     [90m    |[39m                  [31m[1m^[22m[39m
     [90m 94 |[39m   [36mtry[39m {
     [90m 95 |[39m     [36mawait[39m client[33m.[39mquery([32m"BEGIN"[39m)[33m;[39m
     [90m 96 |[39m     [36mawait[39m client[33m.[39mquery([0m

      at ../node_modules/pg-pool/index.js:45:11
      at withTenantContext (src/db/tenantContext.ts:93:18)
      at Object.<anonymous> (tests/rlsHardening.test.ts:364:5)

  ΓùÅ RLS hardening ΓÇö audit_events is append-only ΓÇ║ UPDATE is blocked at RLS layer (no UPDATE policy on audit_events)

    error: SSL/TLS required

    [0m [90m 91 |[39m   ownerAdmin [33m=[39m [36mfalse[39m[33m,[39m
     [90m 92 |[39m )[33m:[39m [33mPromise[39m[33m<[39m[33mT[39m[33m>[39m {
    [31m[1m>[22m[39m[90m 93 |[39m   [36mconst[39m client [33m=[39m [36mawait[39m pool[33m.[39mconnect()[33m;[39m
     [90m    |[39m                  [31m[1m^[22m[39m
     [90m 94 |[39m   [36mtry[39m {
     [90m 95 |[39m     [36mawait[39m client[33m.[39mquery([32m"BEGIN"[39m)[33m;[39m
     [90m 96 |[39m     [36mawait[39m client[33m.[39mquery([0m

      at ../node_modules/pg-pool/index.js:45:11
      at withTenantContext (src/db/tenantContext.ts:93:18)
      at Object.<anonymous> (tests/rlsHardening.test.ts:364:5)

  ΓùÅ RLS hardening ΓÇö audit_events is append-only ΓÇ║ Clinic B cannot access Clinic A audit events

    error: SSL/TLS required

    [0m [90m 91 |[39m   ownerAdmin [33m=[39m [36mfalse[39m[33m,[39m
     [90m 92 |[39m )[33m:[39m [33mPromise[39m[33m<[39m[33mT[39m[33m>[39m {
    [31m[1m>[22m[39m[90m 93 |[39m   [36mconst[39m client [33m=[39m [36mawait[39m pool[33m.[39mconnect()[33m;[39m
     [90m    |[39m                  [31m[1m^[22m[39m
     [90m 94 |[39m   [36mtry[39m {
     [90m 95 |[39m     [36mawait[39m client[33m.[39mquery([32m"BEGIN"[39m)[33m;[39m
     [90m 96 |[39m     [36mawait[39m client[33m.[39mquery([0m

      at ../node_modules/pg-pool/index.js:45:11
      at withTenantContext (src/db/tenantContext.ts:93:18)
      at Object.<anonymous> (tests/rlsHardening.test.ts:364:5)

  ΓùÅ RLS hardening ΓÇö seed bootstrap validation ΓÇ║ clinics table has at least 2 rows (seedClinics ran before seedDemoUsers)

    read ECONNRESET

    [0m [90m 426 |[39m     [36mif[39m ([33mSKIP[39m) [36mreturn[39m[33m;[39m
     [90m 427 |[39m     [90m// clinics has no RLS ΓÇö query without context[39m
    [31m[1m>[22m[39m[90m 428 |[39m     [36mconst[39m { rows } [33m=[39m [36mawait[39m pool[33m.[39mquery[33m<[39m{ 
count[33m:[39m string }[33m>[39m(
     [90m     |[39m                      [31m[1m^[22m[39m
     [90m 429 |[39m       [32m"SELECT COUNT(*)::text AS count FROM clinics"[39m[33m,[39m
     [90m 430 |[39m     )[33m;[39m
     [90m 431 |[39m     expect(parseInt(rows[[35m0[39m][33m?[39m[33m.[39mcount [33m?[39m[33m?[39m [32m"0"[39m[33m,[39m 
[35m10[39m))[33m.[39mtoBeGreaterThanOrEqual([35m2[39m)[33m;[39m[0m

      at ../node_modules/pg-pool/index.js:45:11
      at Object.<anonymous> (tests/rlsHardening.test.ts:428:22)

  ΓùÅ RLS hardening ΓÇö seed bootstrap validation ΓÇ║ users table has rows (seedDemoUsers succeeded under FORCE RLS)

    read ECONNRESET

    [0m [90m 91 |[39m   ownerAdmin [33m=[39m [36mfalse[39m[33m,[39m
     [90m 92 |[39m )[33m:[39m [33mPromise[39m[33m<[39m[33mT[39m[33m>[39m {
    [31m[1m>[22m[39m[90m 93 |[39m   [36mconst[39m client [33m=[39m [36mawait[39m pool[33m.[39mconnect()[33m;[39m
     [90m    |[39m                  [31m[1m^[22m[39m
     [90m 94 |[39m   [36mtry[39m {
     [90m 95 |[39m     [36mawait[39m client[33m.[39mquery([32m"BEGIN"[39m)[33m;[39m
     [90m 96 |[39m     [36mawait[39m client[33m.[39mquery([0m

      at ../node_modules/pg-pool/index.js:45:11
      at withTenantContext (src/db/tenantContext.ts:93:18)
      at Object.<anonymous> (tests/rlsHardening.test.ts:436:22)

  ΓùÅ RLS hardening ΓÇö seed bootstrap validation ΓÇ║ clinic_inventory_items has rows (seedInventory succeeded under FORCE RLS)

    error: SSL/TLS required

    [0m [90m 91 |[39m   ownerAdmin [33m=[39m [36mfalse[39m[33m,[39m
     [90m 92 |[39m )[33m:[39m [33mPromise[39m[33m<[39m[33mT[39m[33m>[39m {
    [31m[1m>[22m[39m[90m 93 |[39m   [36mconst[39m client [33m=[39m [36mawait[39m pool[33m.[39mconnect()[33m;[39m
     [90m    |[39m                  [31m[1m^[22m[39m
     [90m 94 |[39m   [36mtry[39m {
     [90m 95 |[39m     [36mawait[39m client[33m.[39mquery([32m"BEGIN"[39m)[33m;[39m
     [90m 96 |[39m     [36mawait[39m client[33m.[39mquery([0m

      at ../node_modules/pg-pool/index.js:45:11
      at withTenantContext (src/db/tenantContext.ts:93:18)
      at Object.<anonymous> (tests/rlsHardening.test.ts:446:22)

  ΓùÅ RLS hardening ΓÇö pool hook fail-closed (integration) ΓÇ║ withTenantContext owner_admin SELECT works on users table

    error: SSL/TLS required

    [0m [90m 91 |[39m   ownerAdmin [33m=[39m [36mfalse[39m[33m,[39m
     [90m 92 |[39m )[33m:[39m [33mPromise[39m[33m<[39m[33mT[39m[33m>[39m {
    [31m[1m>[22m[39m[90m 93 |[39m   [36mconst[39m client [33m=[39m [36mawait[39m pool[33m.[39mconnect()[33m;[39m
     [90m    |[39m                  [31m[1m^[22m[39m
     [90m 94 |[39m   [36mtry[39m {
     [90m 95 |[39m     [36mawait[39m client[33m.[39mquery([32m"BEGIN"[39m)[33m;[39m
     [90m 96 |[39m     [36mawait[39m client[33m.[39mquery([0m

      at ../node_modules/pg-pool/index.js:45:11
      at withTenantContext (src/db/tenantContext.ts:93:18)
      at Object.<anonymous> (tests/rlsHardening.test.ts:463:22)

  ΓùÅ RLS hardening ΓÇö payment_records is append-only ΓÇ║ SELECT is allowed in the correct clinic context

    read ECONNRESET

    [0m [90m 91 |[39m   ownerAdmin [33m=[39m [36mfalse[39m[33m,[39m
     [90m 92 |[39m )[33m:[39m [33mPromise[39m[33m<[39m[33mT[39m[33m>[39m {
    [31m[1m>[22m[39m[90m 93 |[39m   [36mconst[39m client [33m=[39m [36mawait[39m pool[33m.[39mconnect()[33m;[39m
     [90m    |[39m                  [31m[1m^[22m[39m
     [90m 94 |[39m   [36mtry[39m {
     [90m 95 |[39m     [36mawait[39m client[33m.[39mquery([32m"BEGIN"[39m)[33m;[39m
     [90m 96 |[39m     [36mawait[39m client[33m.[39mquery([0m

      at ../node_modules/pg-pool/index.js:45:11
      at withTenantContext (src/db/tenantContext.ts:93:18)
      at Object.<anonymous> (tests/rlsHardening.test.ts:480:5)

  ΓùÅ RLS hardening ΓÇö payment_records is append-only ΓÇ║ DELETE is blocked at RLS layer (no DELETE policy on payment_records)

    read ECONNRESET

    [0m [90m 91 |[39m   ownerAdmin [33m=[39m [36mfalse[39m[33m,[39m
     [90m 92 |[39m )[33m:[39m [33mPromise[39m[33m<[39m[33mT[39m[33m>[39m {
    [31m[1m>[22m[39m[90m 93 |[39m   [36mconst[39m client [33m=[39m [36mawait[39m pool[33m.[39mconnect()[33m;[39m
     [90m    |[39m                  [31m[1m^[22m[39m
     [90m 94 |[39m   [36mtry[39m {
     [90m 95 |[39m     [36mawait[39m client[33m.[39mquery([32m"BEGIN"[39m)[33m;[39m
     [90m 96 |[39m     [36mawait[39m client[33m.[39mquery([0m

      at ../node_modules/pg-pool/index.js:45:11
      at withTenantContext (src/db/tenantContext.ts:93:18)
      at Object.<anonymous> (tests/rlsHardening.test.ts:480:5)

  ΓùÅ RLS hardening ΓÇö payment_records is append-only ΓÇ║ UPDATE is blocked at RLS layer (no UPDATE policy on payment_records)

    read ECONNRESET

    [0m [90m 91 |[39m   ownerAdmin [33m=[39m [36mfalse[39m[33m,[39m
     [90m 92 |[39m )[33m:[39m [33mPromise[39m[33m<[39m[33mT[39m[33m>[39m {
    [31m[1m>[22m[39m[90m 93 |[39m   [36mconst[39m client [33m=[39m [36mawait[39m pool[33m.[39mconnect()[33m;[39m
     [90m    |[39m                  [31m[1m^[22m[39m
     [90m 94 |[39m   [36mtry[39m {
     [90m 95 |[39m     [36mawait[39m client[33m.[39mquery([32m"BEGIN"[39m)[33m;[39m
     [90m 96 |[39m     [36mawait[39m client[33m.[39mquery([0m

      at ../node_modules/pg-pool/index.js:45:11
      at withTenantContext (src/db/tenantContext.ts:93:18)
      at Object.<anonymous> (tests/rlsHardening.test.ts:480:5)

  ΓùÅ RLS hardening ΓÇö payment_records is append-only ΓÇ║ Clinic B cannot access Clinic A payment records

    read ECONNRESET

    [0m [90m 91 |[39m   ownerAdmin [33m=[39m [36mfalse[39m[33m,[39m
     [90m 92 |[39m )[33m:[39m [33mPromise[39m[33m<[39m[33mT[39m[33m>[39m {
    [31m[1m>[22m[39m[90m 93 |[39m   [36mconst[39m client [33m=[39m [36mawait[39m pool[33m.[39mconnect()[33m;[39m
     [90m    |[39m                  [31m[1m^[22m[39m
     [90m 94 |[39m   [36mtry[39m {
     [90m 95 |[39m     [36mawait[39m client[33m.[39mquery([32m"BEGIN"[39m)[33m;[39m
     [90m 96 |[39m     [36mawait[39m client[33m.[39mquery([0m

      at ../node_modules/pg-pool/index.js:45:11
      at withTenantContext (src/db/tenantContext.ts:93:18)
      at Object.<anonymous> (tests/rlsHardening.test.ts:480:5)

  ΓùÅ RLS hardening ΓÇö roster_entry_audit is append-only ΓÇ║ SELECT is allowed in the correct clinic context

    error: SSL/TLS required

    [0m [90m 91 |[39m   ownerAdmin [33m=[39m [36mfalse[39m[33m,[39m
     [90m 92 |[39m )[33m:[39m [33mPromise[39m[33m<[39m[33mT[39m[33m>[39m {
    [31m[1m>[22m[39m[90m 93 |[39m   [36mconst[39m client [33m=[39m [36mawait[39m pool[33m.[39mconnect()[33m;[39m
     [90m    |[39m                  [31m[1m^[22m[39m
     [90m 94 |[39m   [36mtry[39m {
     [90m 95 |[39m     [36mawait[39m client[33m.[39mquery([32m"BEGIN"[39m)[33m;[39m
     [90m 96 |[39m     [36mawait[39m client[33m.[39mquery([0m

      at ../node_modules/pg-pool/index.js:45:11
      at withTenantContext (src/db/tenantContext.ts:93:18)
      at Object.<anonymous> (tests/rlsHardening.test.ts:569:5)

  ΓùÅ RLS hardening ΓÇö roster_entry_audit is append-only ΓÇ║ DELETE is blocked at RLS layer (no DELETE policy on roster_entry_audit)

    error: SSL/TLS required

    [0m [90m 91 |[39m   ownerAdmin [33m=[39m [36mfalse[39m[33m,[39m
     [90m 92 |[39m )[33m:[39m [33mPromise[39m[33m<[39m[33mT[39m[33m>[39m {
    [31m[1m>[22m[39m[90m 93 |[39m   [36mconst[39m client [33m=[39m [36mawait[39m pool[33m.[39mconnect()[33m;[39m
     [90m    |[39m                  [31m[1m^[22m[39m
     [90m 94 |[39m   [36mtry[39m {
     [90m 95 |[39m     [36mawait[39m client[33m.[39mquery([32m"BEGIN"[39m)[33m;[39m
     [90m 96 |[39m     [36mawait[39m client[33m.[39mquery([0m

      at ../node_modules/pg-pool/index.js:45:11
      at withTenantContext (src/db/tenantContext.ts:93:18)
      at Object.<anonymous> (tests/rlsHardening.test.ts:569:5)

  ΓùÅ RLS hardening ΓÇö roster_entry_audit is append-only ΓÇ║ UPDATE is blocked at RLS layer (no UPDATE policy on roster_entry_audit)

    error: SSL/TLS required

    [0m [90m 91 |[39m   ownerAdmin [33m=[39m [36mfalse[39m[33m,[39m
     [90m 92 |[39m )[33m:[39m [33mPromise[39m[33m<[39m[33mT[39m[33m>[39m {
    [31m[1m>[22m[39m[90m 93 |[39m   [36mconst[39m client [33m=[39m [36mawait[39m pool[33m.[39mconnect()[33m;[39m
     [90m    |[39m                  [31m[1m^[22m[39m
     [90m 94 |[39m   [36mtry[39m {
     [90m 95 |[39m     [36mawait[39m client[33m.[39mquery([32m"BEGIN"[39m)[33m;[39m
     [90m 96 |[39m     [36mawait[39m client[33m.[39mquery([0m

      at ../node_modules/pg-pool/index.js:45:11
      at withTenantContext (src/db/tenantContext.ts:93:18)
      at Object.<anonymous> (tests/rlsHardening.test.ts:569:5)

  ΓùÅ RLS hardening ΓÇö roster_entry_audit is append-only ΓÇ║ Clinic B cannot access Clinic A roster audit rows

    error: SSL/TLS required

    [0m [90m 91 |[39m   ownerAdmin [33m=[39m [36mfalse[39m[33m,[39m
     [90m 92 |[39m )[33m:[39m [33mPromise[39m[33m<[39m[33mT[39m[33m>[39m {
    [31m[1m>[22m[39m[90m 93 |[39m   [36mconst[39m client [33m=[39m [36mawait[39m pool[33m.[39mconnect()[33m;[39m
     [90m    |[39m                  [31m[1m^[22m[39m
     [90m 94 |[39m   [36mtry[39m {
     [90m 95 |[39m     [36mawait[39m client[33m.[39mquery([32m"BEGIN"[39m)[33m;[39m
     [90m 96 |[39m     [36mawait[39m client[33m.[39mquery([0m

      at ../node_modules/pg-pool/index.js:45:11
      at withTenantContext (src/db/tenantContext.ts:93:18)
      at Object.<anonymous> (tests/rlsHardening.test.ts:569:5)

FAIL src/repositories/__tests__/redisIntegration.test.ts (15.425 s)
  ΓùÅ Redis ΓÇö connection path ΓÇ║ connects and can SET / GET / DEL a key

    Connection is closed.

      at EventEmitter.connectionCloseHandler (../node_modules/ioredis/built/Redis.js:220:28)

  ΓùÅ Redis ΓÇö connection path ΓÇ║ GET on a non-existent key returns null

    Connection is closed.

      at EventEmitter.connectionCloseHandler (../node_modules/ioredis/built/Redis.js:220:28)

  ΓùÅ Redis ΓÇö refresh token storage ΓÇ║ pipeline SET+SADD+EXPIRE stores userId under refresh:{jti}

    Connection is closed.

      at EventEmitter.connectionCloseHandler (../node_modules/ioredis/built/Redis.js:220:28)

  ΓùÅ Redis ΓÇö refresh token storage ΓÇ║ pipeline SET+SADD+EXPIRE stores userId under refresh:{jti}

    MaxRetriesPerRequestError: Reached the max retries per request limit (which is 1). Refer to "maxRetriesPerRequest" option for details.

      at Socket.<anonymous> (../node_modules/ioredis/built/redis/event_handler.js:207:37)

  ΓùÅ Redis ΓÇö refresh token storage ΓÇ║ user_tokens:{userId} set contains the JTI after storage

    Connection is closed.

      at EventEmitter.connectionCloseHandler (../node_modules/ioredis/built/Redis.js:220:28)

  ΓùÅ Redis ΓÇö refresh token storage ΓÇ║ user_tokens:{userId} set contains the JTI after storage

    MaxRetriesPerRequestError: Reached the max retries per request limit (which is 1). Refer to "maxRetriesPerRequest" option for details.

      at Socket.<anonymous> (../node_modules/ioredis/built/redis/event_handler.js:207:37)

  ΓùÅ Redis ΓÇö token deletion and replay prevention ΓÇ║ GET on a deleted JTI returns null (replay attack rejected)

    Connection is closed.

      at EventEmitter.connectionCloseHandler (../node_modules/ioredis/built/Redis.js:220:28)

  ΓùÅ Redis ΓÇö token rotation (real session scenario) ΓÇ║ rotated token (JTI_2) is retrievable; original token (JTI_1) is gone

    Connection is closed.

      at EventEmitter.connectionCloseHandler (../node_modules/ioredis/built/Redis.js:220:28)

  ΓùÅ Redis ΓÇö revokeAllUserTokens ΓÇ║ all tokens for a user are gone after revokeAllUserTokens

    Connection is closed.

      at EventEmitter.connectionCloseHandler (../node_modules/ioredis/built/Redis.js:220:28)

  ΓùÅ Redis ΓÇö cross-user token isolation ΓÇ║ revoking USER_A tokens does not affect USER_B tokens

    Connection is closed.

      at EventEmitter.connectionCloseHandler (../node_modules/ioredis/built/Redis.js:220:28)


  ΓùÅ Test suite failed to run

    MaxRetriesPerRequestError: Reached the max retries per request limit (which is 1). Refer to "maxRetriesPerRequest" option for details.

      at Socket.<anonymous> (../node_modules/ioredis/built/redis/event_handler.js:207:37)

  ΓùÅ Test suite failed to run

    MaxRetriesPerRequestError: Reached the max retries per request limit (which is 1). Refer to "maxRetriesPerRequest" option for details.

      at Socket.<anonymous> (../node_modules/ioredis/built/redis/event_handler.js:207:37)

  ΓùÅ Test suite failed to run

    MaxRetriesPerRequestError: Reached the max retries per request limit (which is 1). Refer to "maxRetriesPerRequest" option for details.

      at Socket.<anonymous> (../node_modules/ioredis/built/redis/event_handler.js:207:37)

  ΓùÅ Test suite failed to run

    MaxRetriesPerRequestError: Reached the max retries per request limit (which is 1). Refer to "maxRetriesPerRequest" option for details.

      at Socket.<anonymous> (../node_modules/ioredis/built/redis/event_handler.js:207:37)


Test Suites: 3 failed, 47 passed, 50 total
Tests:       52 failed, 881 passed, 933 total
Snapshots:   0 total
Time:        25.65 s
Ran all test suites.
npm error Lifecycle script `test` failed with error:
npm error code 1
npm error path C:\Users\danie\OneDrive\Documents\JD Group\JD Group - Clinics\12.- App & Website Development\01.- App Development\Verve Operational 
Suite - App\Backend
npm error workspace @verve/backend@0.1.0
npm error location C:\Users\danie\OneDrive\Documents\JD Group\JD Group - Clinics\12.- App & Website Development\01.- App Development\Verve 
Operational Suite - App\Backend
npm error command failed
npm error command C:\WINDOWS\system32\cmd.exe /d /s /c node --experimental-vm-modules ../node_modules/jest/bin/jest.js


> @verve/frontend-web@0.1.0 test
> node ../node_modules/vitest/vitest.mjs run


[1m[46m RUN [49m[22m [36mv3.2.6 [39m[90mC:/Users/danie/OneDrive/Documents/JD Group/JD Group - Clinics/12.- App & Website Development/01.- App Development/Verve Operational Suite - App/Frontend-Web[39m

[90mstderr[2m | tests/SecurityPage.test.tsx[2m > [22m[2mSecurityPage ΓÇö idle state[2m > [22m[2mrenders the Enable MFA button
[22m[39m`ReactDOMTestUtils.act` is deprecated in favor of `React.act`. Import `act` from `react` instead of `react-dom/test-utils`. See 
https://react.dev/warnings/react-dom-test-utils for more info.

 [31mΓ¥»[39m tests/SecurityPage.test.tsx [2m([22m[2m15 tests[22m[2m | [22m[31m15 failed[39m[2m)[22m[32m 32[2mms[22m[39m
[31m   [31m├ù[31m SecurityPage ΓÇö idle state[2m > [22mrenders the Enable MFA button[39m[32m 13[2mms[22m[39m
[31m     ΓåÆ React.act is not a function[39m
[31m     ΓåÆ React.act is not a function[39m
[31m   [31m├ù[31m SecurityPage ΓÇö idle state[2m > [22mrenders the Security heading[39m[32m 2[2mms[22m[39m
[31m     ΓåÆ React.act is not a function[39m
[31m     ΓåÆ React.act is not a function[39m
[31m   [31m├ù[31m SecurityPage ΓÇö MFA enrollment flow[2m > [22mcalls setupMfa when Enable MFA is clicked[39m[32m 1[2mms[22m[39m
[31m     ΓåÆ React.act is not a function[39m
[31m     ΓåÆ React.act is not a function[39m
[31m   [31m├ù[31m SecurityPage ΓÇö MFA enrollment flow[2m > [22mshows the enrollment panel after setup succeeds[39m[32m 1[2mms[22m[39m
[31m     ΓåÆ React.act is not a function[39m
[31m     ΓåÆ React.act is not a function[39m
[31m   [31m├ù[31m SecurityPage ΓÇö MFA enrollment flow[2m > [22mrenders a QR image once the data URL is available[39m[32m 1[2mms[22m[39m
[31m     ΓåÆ React.act is not a function[39m
[31m     ΓåÆ React.act is not a function[39m
[31m   [31m├ù[31m SecurityPage ΓÇö MFA enrollment flow[2m > [22mhides the secret by default (not in plain text)[39m[32m 1[2mms[22m[39m
[31m     ΓåÆ React.act is not a function[39m
[31m     ΓåÆ React.act is not a function[39m
[31m   [31m├ù[31m SecurityPage ΓÇö MFA enrollment flow[2m > [22mreveals the secret when Show is clicked[39m[32m 1[2mms[22m[39m
[31m     ΓåÆ React.act is not a function[39m
[31m     ΓåÆ React.act is not a function[39m
[31m   [31m├ù[31m SecurityPage ΓÇö confirmation[2m > [22mcalls confirmMfaEnrollment with the entered code[39m[32m 1[2mms[22m[39m
[31m     ΓåÆ React.act is not a function[39m
[31m     ΓåÆ React.act is not a function[39m
[31m   [31m├ù[31m SecurityPage ΓÇö confirmation[2m > [22mtransitions to success state after confirmation[39m[32m 1[2mms[22m[39m
[31m     ΓåÆ React.act is not a function[39m
[31m     ΓåÆ React.act is not a function[39m
[31m   [31m├ù[31m SecurityPage ΓÇö confirmation[2m > [22mshows an error for a non-6-digit code without calling the API[39m[32m 1[2mms[22m[39m
[31m     ΓåÆ React.act is not a function[39m
[31m     ΓåÆ React.act is not a function[39m
[31m   [31m├ù[31m SecurityPage ΓÇö confirmation[2m > [22mshows an error when the API returns INVALID_MFA_CODE[39m[32m 2[2mms[22m[39m
[31m     ΓåÆ React.act is not a function[39m
[31m     ΓåÆ React.act is not a function[39m
[31m   [31m├ù[31m SecurityPage ΓÇö confirmation[2m > [22mallows retry after a failed confirmation[39m[32m 2[2mms[22m[39m
[31m     ΓåÆ React.act is not a function[39m
[31m     ΓåÆ React.act is not a function[39m
[31m   [31m├ù[31m SecurityPage ΓÇö setup failure[2m > [22mshows an error when setupMfa throws[39m[32m 2[2mms[22m[39m
[31m     ΓåÆ React.act is not a function[39m
[31m     ΓåÆ React.act is not a function[39m
[31m   [31m├ù[31m SecurityPage ΓÇö setup failure[2m > [22mshows a Try again button after setup failure[39m[32m 1[2mms[22m[39m
[31m     ΓåÆ React.act is not a function[39m
[31m     ΓåÆ React.act is not a function[39m
[31m   [31m├ù[31m SecurityPage ΓÇö setup failure[2m > [22mresets to idle state when Try again is clicked[39m[32m 1[2mms[22m[39m
[31m     ΓåÆ React.act is not a function[39m
[31m     ΓåÆ React.act is not a function[39m
[90mstderr[2m | tests/ClinicSettingsPage.test.tsx[2m > [22m[2mClinicSettingsPage ΓÇö /settings/clinic (home-clinic route)[2m > 
[22m[2mowner_admin[2m > [22m[2mrenders the page heading
[22m[39m`ReactDOMTestUtils.act` is deprecated in favor of `React.act`. Import `act` from `react` instead of `react-dom/test-utils`. See 
https://react.dev/warnings/react-dom-test-utils for more info.

[90mstderr[2m | tests/ClinicsListPage.test.tsx[2m > [22m[2mClinicsListPage ΓÇö loading state[2m > [22m[2mshows the loading message while 
the request is in flight
[22m[39m`ReactDOMTestUtils.act` is deprecated in favor of `React.act`. Import `act` from `react` instead of `react-dom/test-utils`. See 
https://react.dev/warnings/react-dom-test-utils for more info.

 [31mΓ¥»[39m tests/ClinicSettingsPage.test.tsx [2m([22m[2m16 tests[22m[2m | [22m[31m16 failed[39m[2m)[22m[32m 29[2mms[22m[39m
[31m   [31m├ù[31m ClinicSettingsPage ΓÇö /settings/clinic (home-clinic route)[2m > [22mowner_admin[2m > [22mrenders the page heading[39m[32m 12[2mms[22m[39m
[31m     ΓåÆ React.act is not a function[39m
[31m     ΓåÆ React.act is not a function[39m
[31m   [31m├ù[31m ClinicSettingsPage ΓÇö /settings/clinic (home-clinic route)[2m > [22mowner_admin[2m > [22mloads the home clinic and populates the clinic name[39m[32m 2[2mms[22m[39m
[31m     ΓåÆ React.act is not a function[39m
[31m     ΓåÆ React.act is not a function[39m
[31m   [31m├ù[31m ClinicSettingsPage ΓÇö /settings/clinic (home-clinic route)[2m > [22mowner_admin[2m > [22mform inputs are enabled for owner_admin[39m[32m 1[2mms[22m[39m
[31m     ΓåÆ React.act is not a function[39m
[31m     ΓåÆ React.act is not a function[39m
[31m   [31m├ù[31m ClinicSettingsPage ΓÇö /settings/clinic (home-clinic route)[2m > [22mowner_admin[2m > [22mcalls updateClinicSettings with the correct clinic id on save[39m[32m 1[2mms[22m[39m
[31m     ΓåÆ React.act is not a function[39m
[31m     ΓåÆ React.act is not a function[39m
[31m   [31m├ù[31m ClinicSettingsPage ΓÇö /settings/clinic (home-clinic route)[2m > [22mgroup_practice_manager[2m > [22mrenders the page (not redirected)[39m[32m 2[2mms[22m[39m
[31m     ΓåÆ React.act is not a function[39m
[31m     ΓåÆ React.act is not a function[39m
[31m   [31m├ù[31m ClinicSettingsPage ΓÇö /settings/clinic (home-clinic route)[2m > [22mgroup_practice_manager[2m > [22mform inputs are disabled (read-only mode)[39m[32m 1[2mms[22m[39m
[31m     ΓåÆ React.act is not a function[39m
[31m     ΓåÆ React.act is not a function[39m
[31m   [31m├ù[31m ClinicSettingsPage ΓÇö /settings/clinic (home-clinic route)[2m > [22mgroup_practice_manager[2m > [22mshows the read-only notice[39m[32m 1[2mms[22m[39m
[31m     ΓåÆ React.act is not a function[39m
[31m     ΓåÆ React.act is not a function[39m
[31m   [31m├ù[31m ClinicSettingsPage ΓÇö /settings/clinic (home-clinic route)[2m > [22mgroup_practice_manager[2m > [22mdoes not show the Save settings button[39m[32m 1[2mms[22m[39m
[31m     ΓåÆ React.act is not a function[39m
[31m     ΓåÆ React.act is not a function[39m
[31m   [31m├ù[31m ClinicSettingsPage ΓÇö /settings/clinic (home-clinic route)[2m > [22mclinical_staff[2m > [22mredirects to /[39m[32m 1[2mms[22m[39m
[31m     ΓåÆ React.act is not a function[39m
[31m     ΓåÆ React.act is not a function[39m
[31m   [31m├ù[31m ClinicSettingsPage ΓÇö /settings/clinics/:clinicId/edit (parameterised route)[2m > [22mowner_admin editing a non-home clinic[2m > [22mloads the specified clinic (not home clinic)[39m[32m 1[2mms[22m[39m
[31m     ΓåÆ React.act is not a function[39m
[31m     ΓåÆ React.act is not a function[39m
[31m   [31m├ù[31m ClinicSettingsPage ΓÇö /settings/clinics/:clinicId/edit (parameterised route)[2m > [22mowner_admin editing a non-home clinic[2m > [22mdisplays the non-home clinic name in the form[39m[32m 1[2mms[22m[39m
[31m     ΓåÆ React.act is not a function[39m
[31m     ΓåÆ React.act is not a function[39m
[31m   [31m├ù[31m ClinicSettingsPage ΓÇö /settings/clinics/:clinicId/edit (parameterised route)[2m > [22mowner_admin editing a non-home clinic[2m > [22mform inputs are enabled for owner_admin[39m[32m 1[2mms[22m[39m
[31m     ΓåÆ React.act is not a function[39m
[31m     ΓåÆ React.act is not a function[39m
[31m   [31m├ù[31m ClinicSettingsPage ΓÇö /settings/clinics/:clinicId/edit (parameterised route)[2m > [22mowner_admin editing a non-home clinic[2m > [22mcalls updateClinicSettings with the correct non-home clinic id on save[39m[32m 1[2mms[22m[39m
[31m     ΓåÆ React.act is not a function[39m
[31m     ΓåÆ React.act is not a function[39m
[31m   [31m├ù[31m ClinicSettingsPage ΓÇö /settings/clinics/:clinicId/edit (parameterised route)[2m > [22mgroup_practice_manager[2m > [22mis redirected to / when accessing parameterised edit route[39m[32m 0[2mms[22m[39m
[31m     ΓåÆ React.act is not a function[39m
[31m     ΓåÆ React.act is not a function[39m
[31m   [31m├ù[31m ClinicSettingsPage ΓÇö /settings/clinics/:clinicId/edit (parameterised route)[2m > [22mclinical_staff[2m > [22mis redirected to / when accessing parameterised edit route[39m[32m 1[2mms[22m[39m
[31m     ΓåÆ React.act is not a function[39m
[31m     ΓåÆ React.act is not a function[39m
[31m   [31m├ù[31m ClinicSettingsPage ΓÇö /settings/clinics/:clinicId/edit (parameterised route)[2m > [22munauthenticated[2m > [22mrenders null when no user is authenticated[39m[32m 1[2mms[22m[39m
[31m     ΓåÆ React.act is not a function[39m
[31m     ΓåÆ React.act is not a function[39m
 [31mΓ¥»[39m tests/ClinicsListPage.test.tsx [2m([22m[2m16 tests[22m[2m | [22m[31m16 failed[39m[2m)[22m[32m 64[2mms[22m[39m
[31m   [31m├ù[31m ClinicsListPage ΓÇö loading state[2m > [22mshows the loading message while the request is in flight[39m[32m 22[2mms[22m[39m
[31m     ΓåÆ React.act is not a function[39m
[31m     ΓåÆ React.act is not a function[39m
[31m   [31m├ù[31m ClinicsListPage ΓÇö loading state[2m > [22mrenders the page heading immediately[39m[32m 3[2mms[22m[39m
[31m     ΓåÆ React.act is not a function[39m
[31m     ΓåÆ React.act is not a function[39m
[31m   [31m├ù[31m ClinicsListPage ΓÇö successful load[2m > [22mrenders a row for each clinic[39m[32m 4[2mms[22m[39m
[31m     ΓåÆ React.act is not a function[39m
[31m     ΓåÆ React.act is not a function[39m
[31m   [31m├ù[31m ClinicsListPage ΓÇö successful load[2m > [22mshows the timezone label for each clinic[39m[32m 2[2mms[22m[39m
[31m     ΓåÆ React.act is not a function[39m
[31m     ΓåÆ React.act is not a function[39m
[31m   [31m├ù[31m ClinicsListPage ΓÇö successful load[2m > [22mshows Active badge for active clinic and Inactive for inactive clinic[39m[32m 4[2mms[22m[39m
[31m     ΓåÆ React.act is not a function[39m
[31m     ΓåÆ React.act is not a function[39m
[31m   [31m├ù[31m ClinicsListPage ΓÇö successful load[2m > [22mshows a Manage link for every clinic (owner_admin can edit all)[39m[32m 4[2mms[22m[39m
[31m     ΓåÆ React.act is not a function[39m
[31m     ΓåÆ React.act is not a function[39m
[31m   [31m├ù[31m ClinicsListPage ΓÇö successful load[2m > [22mManage links point to /settings/clinics/:clinicId/edit[39m[32m 2[2mms[22m[39m
[31m     ΓåÆ React.act is not a function[39m
[31m     ΓåÆ React.act is not a function[39m
[31m   [31m├ù[31m ClinicsListPage ΓÇö successful load[2m > [22mdoes not show 'Home clinic only' for owner_admin[39m[32m 3[2mms[22m[39m
[31m     ΓåÆ React.act is not a function[39m
[31m     ΓåÆ React.act is not a function[39m
[31m   [31m├ù[31m ClinicsListPage ΓÇö successful load[2m > [22mshows the clinic count in the subtitle[39m[32m 2[2mms[22m[39m
[31m     ΓåÆ React.act is not a function[39m
[31m     ΓåÆ React.act is not a function[39m
[31m   [31m├ù[31m ClinicsListPage ΓÇö successful load[2m > [22mrenders the Add clinic button linking to /settings/clinics/new[39m[32m 2[2mms[22m[39m
[31m     ΓåÆ React.act is not a function[39m
[31m     ΓåÆ React.act is not a function[39m
[31m   [31m├ù[31m ClinicsListPage ΓÇö successful load[2m > [22mshows 'No clinics found' when listClinics returns an empty array[39m[32m 2[2mms[22m[39m
[31m     ΓåÆ React.act is not a function[39m
[31m     ΓåÆ React.act is not a function[39m
[31m   [31m├ù[31m ClinicsListPage ΓÇö error handling[2m > [22mshows the error message when listClinics() rejects[39m[32m 3[2mms[22m[39m
[31m     ΓåÆ React.act is not a function[39m
[31m     ΓåÆ React.act is not a function[39m
[31m   [31m├ù[31m ClinicsListPage ΓÇö error handling[2m > [22mshows a fallback message for a non-Error rejection[39m[32m 2[2mms[22m[39m
[31m     ΓåÆ React.act is not a function[39m
[31m     ΓåÆ React.act is not a function[39m
[31m   [31m├ù[31m ClinicsListPage ΓÇö access control[2m > [22mredirects group_practice_manager to /[39m[32m 2[2mms[22m[39m
[31m     ΓåÆ React.act is not a function[39m
[31m     ΓåÆ React.act is not a function[39m
[31m   [31m├ù[31m ClinicsListPage ΓÇö access control[2m > [22mredirects clinical_staff to /[39m[32m 1[2mms[22m[39m
[31m     ΓåÆ React.act is not a function[39m
[31m     ΓåÆ React.act is not a function[39m
[31m   [31m├ù[31m ClinicsListPage ΓÇö access control[2m > [22mrenders null when no user is authenticated[39m[32m 2[2mms[22m[39m
[31m     ΓåÆ React.act is not a function[39m
[31m     ΓåÆ React.act is not a function[39m
[90mstderr[2m | tests/CreateClinicPage.test.tsx[2m > [22m[2mCreateClinicPage ΓÇö render[2m > [22m[2mrenders the page heading
[22m[39m`ReactDOMTestUtils.act` is deprecated in favor of `React.act`. Import `act` from `react` instead of `react-dom/test-utils`. See 
https://react.dev/warnings/react-dom-test-utils for more info.

[90mstderr[2m | tests/InventoryAdjustPage.test.tsx[2m > [22m[2mInventoryAdjustPage ΓÇö RBAC[2m > [22m[2mredirects clinical_staff to 
/inventory
[22m[39m`ReactDOMTestUtils.act` is deprecated in favor of `React.act`. Import `act` from `react` instead of `react-dom/test-utils`. See 
https://react.dev/warnings/react-dom-test-utils for more info.

 [31mΓ¥»[39m tests/CreateClinicPage.test.tsx [2m([22m[2m20 tests[22m[2m | [22m[31m20 failed[39m[2m)[22m[32m 95[2mms[22m[39m
[31m   [31m├ù[31m CreateClinicPage ΓÇö render[2m > [22mrenders the page heading[39m[32m 33[2mms[22m[39m
[31m     ΓåÆ React.act is not a function[39m
[31m     ΓåÆ React.act is not a function[39m
[31m   [31m├ù[31m CreateClinicPage ΓÇö render[2m > [22mrenders all form fields[39m[32m 4[2mms[22m[39m
[31m     ΓåÆ React.act is not a function[39m
[31m     ΓåÆ React.act is not a function[39m
[31m   [31m├ù[31m CreateClinicPage ΓÇö render[2m > [22mrenders the Create clinic submit button[39m[32m 6[2mms[22m[39m
[31m     ΓåÆ React.act is not a function[39m
[31m     ΓåÆ React.act is not a function[39m
[31m   [31m├ù[31m CreateClinicPage ΓÇö render[2m > [22mrenders the Back to clinics link[39m[32m 4[2mms[22m[39m
[31m     ΓåÆ React.act is not a function[39m
[31m     ΓåÆ React.act is not a function[39m
[31m   [31m├ù[31m CreateClinicPage ΓÇö validation[2m > [22mshows a validation error when name is empty[39m[32m 3[2mms[22m[39m
[31m     ΓåÆ React.act is not a function[39m
[31m     ΓåÆ React.act is not a function[39m
[31m   [31m├ù[31m CreateClinicPage ΓÇö validation[2m > [22mshows a validation error when name is fewer than 3 characters[39m[32m 2[2mms[22m[39m
[31m     ΓåÆ React.act is not a function[39m
[31m     ΓåÆ React.act is not a function[39m
[31m   [31m├ù[31m CreateClinicPage ΓÇö validation[2m > [22mshows a validation error when ABN is invalid[39m[32m 2[2mms[22m[39m
[31m     ΓåÆ React.act is not a function[39m
[31m     ΓåÆ React.act is not a function[39m
[31m   [31m├ù[31m CreateClinicPage ΓÇö validation[2m > [22mshows a validation error when postcode is not 4 digits[39m[32m 2[2mms[22m[39m
[31m     ΓåÆ React.act is not a function[39m
[31m     ΓåÆ React.act is not a function[39m
[31m   [31m├ù[31m CreateClinicPage ΓÇö validation[2m > [22mclears a field error when the user starts typing[39m[32m 2[2mms[22m[39m
[31m     ΓåÆ React.act is not a function[39m
[31m     ΓåÆ React.act is not a function[39m
[31m   [31m├ù[31m CreateClinicPage ΓÇö successful create (name + timezone only)[2m > [22mcalls createClinic() with name and timezone when no optional fields are filled[39m[32m 2[2mms[22m[39m
[31m     ΓåÆ React.act is not a function[39m
[31m     ΓåÆ React.act is not a function[39m
[31m   [31m├ù[31m CreateClinicPage ΓÇö successful create (name + timezone only)[2m > [22mdoes NOT call updateClinicSettings() when no optional fields are provided[39m[32m 2[2mms[22m[39m
[31m     ΓåÆ React.act is not a function[39m
[31m     ΓåÆ React.act is not a function[39m
[31m   [31m├ù[31m CreateClinicPage ΓÇö successful create (name + timezone only)[2m > [22mnavigates to /settings/clinics after successful creation[39m[32m 2[2mms[22m[39m
[31m     ΓåÆ React.act is not a function[39m
[31m     ΓåÆ React.act is not a function[39m
[31m   [31m├ù[31m CreateClinicPage ΓÇö successful create (name + timezone only)[2m > [22mdisables the submit button while submitting[39m[32m 2[2mms[22m[39m
[31m     ΓåÆ React.act is not a function[39m
[31m     ΓåÆ React.act is not a function[39m
[31m   [31m├ù[31m CreateClinicPage ΓÇö successful create with optional fields[2m > [22mcalls updateClinicSettings() with optional fields when they are provided[39m[32m 4[2mms[22m[39m
[31m     ΓåÆ React.act is not a function[39m
[31m     ΓåÆ React.act is not a function[39m
[31m   [31m├ù[31m CreateClinicPage ΓÇö successful create with optional fields[2m > [22mstrips spaces from ABN before passing to updateClinicSettings()[39m[32m 5[2mms[22m[39m
[31m     ΓåÆ React.act is not a function[39m
[31m     ΓåÆ React.act is not a function[39m
[31m   [31m├ù[31m CreateClinicPage ΓÇö error handling[2m > [22mshows the error message when createClinic() rejects[39m[32m 4[2mms[22m[39m
[31m     ΓåÆ React.act is not a function[39m
[31m     ΓåÆ React.act is not a function[39m
[31m   [31m├ù[31m CreateClinicPage ΓÇö error handling[2m > [22mre-enables the submit button after a failed submission[39m[32m 3[2mms[22m[39m
[31m     ΓåÆ React.act is not a function[39m
[31m     ΓåÆ React.act is not a function[39m
[31m   [31m├ù[31m CreateClinicPage ΓÇö access control[2m > [22mredirects group_practice_manager to /[39m[32m 2[2mms[22m[39m
[31m     ΓåÆ React.act is not a function[39m
[31m     ΓåÆ React.act is not a function[39m
[31m   [31m├ù[31m CreateClinicPage ΓÇö access control[2m > [22mredirects clinical_staff to /[39m[32m 3[2mms[22m[39m
[31m     ΓåÆ React.act is not a function[39m
[31m     ΓåÆ React.act is not a function[39m
[31m   [31m├ù[31m CreateClinicPage ΓÇö access control[2m > [22mrenders null when no user is authenticated[39m[32m 2[2mms[22m[39m
[31m     ΓåÆ React.act is not a function[39m
[31m     ΓåÆ React.act is not a function[39m
[90mstderr[2m | tests/AdjustmentHistoryPage.test.tsx[2m > [22m[2mAdjustmentHistoryPage ΓÇö RBAC[2m > [22m[2mredirects clinical_staff away 
from the history page
[22m[39m`ReactDOMTestUtils.act` is deprecated in favor of `React.act`. Import `act` from `react` instead of `react-dom/test-utils`. See 
https://react.dev/warnings/react-dom-test-utils for more info.

 [31mΓ¥»[39m tests/InventoryAdjustPage.test.tsx [2m([22m[2m16 tests[22m[2m | [22m[31m16 failed[39m[2m)[22m[32m 75[2mms[22m[39m
[31m   [31m├ù[31m InventoryAdjustPage ΓÇö RBAC[2m > [22mredirects clinical_staff to /inventory[39m[32m 26[2mms[22m[39m
[31m     ΓåÆ React.act is not a function[39m
[31m     ΓåÆ React.act is not a function[39m
[31m   [31m├ù[31m InventoryAdjustPage ΓÇö RBAC[2m > [22mrenders the page for managers[39m[32m 5[2mms[22m[39m
[31m     ΓåÆ React.act is not a function[39m
[31m     ΓåÆ React.act is not a function[39m
[31m   [31m├ù[31m InventoryAdjustPage ΓÇö item selection[2m > [22mshows all items after inventory loads[39m[32m 5[2mms[22m[39m
[31m     ΓåÆ React.act is not a function[39m
[31m     ΓåÆ React.act is not a function[39m
[31m   [31m├ù[31m InventoryAdjustPage ΓÇö item selection[2m > [22mfilters items by search query[39m[32m 2[2mms[22m[39m
[31m     ΓåÆ React.act is not a function[39m
[31m     ΓåÆ React.act is not a function[39m
[31m   [31m├ù[31m InventoryAdjustPage ΓÇö item selection[2m > [22mshows empty state when no items match search[39m[32m 3[2mms[22m[39m
[31m     ΓåÆ React.act is not a function[39m
[31m     ΓåÆ React.act is not a function[39m
[31m   [31m├ù[31m InventoryAdjustPage ΓÇö item selection[2m > [22madvances to the form step on item click[39m[32m 3[2mms[22m[39m
[31m     ΓåÆ React.act is not a function[39m
[31m     ΓåÆ React.act is not a function[39m
[31m   [31m├ù[31m InventoryAdjustPage ΓÇö adjustment form[2m > [22mshows validation errors when submitting empty form[39m[32m 3[2mms[22m[39m
[31m     ΓåÆ React.act is not a function[39m
[31m     ΓåÆ React.act is not a function[39m
[31m   [31m├ù[31m InventoryAdjustPage ΓÇö adjustment form[2m > [22mshows stock preview when quantity is entered[39m[32m 2[2mms[22m[39m
[31m     ΓåÆ React.act is not a function[39m
[31m     ΓåÆ React.act is not a function[39m
[31m   [31m├ù[31m InventoryAdjustPage ΓÇö adjustment form[2m > [22mcalculates decrease delta correctly in preview[39m[32m 4[2mms[22m[39m
[31m     ΓåÆ React.act is not a function[39m
[31m     ΓåÆ React.act is not a function[39m
[31m   [31m├ù[31m InventoryAdjustPage ΓÇö adjustment form[2m > [22madvances to confirm step with valid form data[39m[32m 2[2mms[22m[39m
[31m     ΓåÆ React.act is not a function[39m
[31m     ΓåÆ React.act is not a function[39m
[31m   [31m├ù[31m InventoryAdjustPage ΓÇö confirm and submit[2m > [22mcalls adjustInventory with correct payload on confirm[39m[32m 3[2mms[22m[39m
[31m     ΓåÆ React.act is not a function[39m
[31m     ΓåÆ React.act is not a function[39m
[31m   [31m├ù[31m InventoryAdjustPage ΓÇö confirm and submit[2m > [22mshows success notice after successful adjustment[39m[32m 3[2mms[22m[39m
[31m     ΓåÆ React.act is not a function[39m
[31m     ΓåÆ React.act is not a function[39m
[31m   [31m├ù[31m InventoryAdjustPage ΓÇö confirm and submit[2m > [22mshows error message when adjustment API call fails[39m[32m 2[2mms[22m[39m
[31m     ΓåÆ React.act is not a function[39m
[31m     ΓåÆ React.act is not a function[39m
[31m   [31m├ù[31m InventoryAdjustPage ΓÇö confirm and submit[2m > [22mappends notes to reason string when notes are provided[39m[32m 2[2mms[22m[39m
[31m     ΓåÆ React.act is not a function[39m
[31m     ΓåÆ React.act is not a function[39m
[31m   [31m├ù[31m InventoryAdjustPage ΓÇö confirm and submit[2m > [22mcan go back from confirm to form step[39m[32m 2[2mms[22m[39m
[31m     ΓåÆ React.act is not a function[39m
[31m     ΓåÆ React.act is not a function[39m
[31m   [31m├ù[31m InventoryAdjustPage ΓÇö done step reset[2m > [22mresets to select step when 'Make another adjustment' is clicked[39m[32m 2[2mms[22m[39m
[31m     ΓåÆ React.act is not a function[39m
[31m     ΓåÆ React.act is not a function[39m
 [31mΓ¥»[39m tests/AdjustmentHistoryPage.test.tsx [2m([22m[2m16 tests[22m[2m | [22m[31m16 failed[39m[2m)[22m[32m 69[2mms[22m[39m
[31m   [31m├ù[31m AdjustmentHistoryPage ΓÇö RBAC[2m > [22mredirects clinical_staff away from the history page[39m[32m 28[2mms[22m[39m
[31m     ΓåÆ React.act is not a function[39m
[31m     ΓåÆ React.act is not a function[39m
[31m   [31m├ù[31m AdjustmentHistoryPage ΓÇö RBAC[2m > [22mrenders the page for managers[39m[32m 3[2mms[22m[39m
[31m     ΓåÆ React.act is not a function[39m
[31m     ΓåÆ React.act is not a function[39m
[31m   [31m├ù[31m AdjustmentHistoryPage ΓÇö loading and error states[2m > [22mshows a loading message while fetching[39m[32m 3[2mms[22m[39m
[31m     ΓåÆ React.act is not a function[39m
[31m     ΓåÆ React.act is not a function[39m
[31m   [31m├ù[31m AdjustmentHistoryPage ΓÇö loading and error states[2m > [22mshows an error message when the API fails[39m[32m 3[2mms[22m[39m
[31m     ΓåÆ React.act is not a function[39m
[31m     ΓåÆ React.act is not a function[39m
[31m   [31m├ù[31m AdjustmentHistoryPage ΓÇö loading and error states[2m > [22mshows empty state when no adjustments match filters[39m[32m 5[2mms[22m[39m
[31m     ΓåÆ React.act is not a function[39m
[31m     ΓåÆ React.act is not a function[39m
[31m   [31m├ù[31m AdjustmentHistoryPage ΓÇö data display[2m > [22mrenders all adjustments in the table[39m[32m 4[2mms[22m[39m
[31m     ΓåÆ React.act is not a function[39m
[31m     ΓåÆ React.act is not a function[39m
[31m   [31m├ù[31m AdjustmentHistoryPage ΓÇö data display[2m > [22mshows the adjustment type labels[39m[32m 2[2mms[22m[39m
[31m     ΓåÆ React.act is not a function[39m
[31m     ΓåÆ React.act is not a function[39m
[31m   [31m├ù[31m AdjustmentHistoryPage ΓÇö data display[2m > [22mshows positive delta for increases[39m[32m 3[2mms[22m[39m
[31m     ΓåÆ React.act is not a function[39m
[31m     ΓåÆ React.act is not a function[39m
[31m   [31m├ù[31m AdjustmentHistoryPage ΓÇö data display[2m > [22mshows negative delta for decreases[39m[32m 3[2mms[22m[39m
[31m     ΓåÆ React.act is not a function[39m
[31m     ΓåÆ React.act is not a function[39m
[31m   [31m├ù[31m AdjustmentHistoryPage ΓÇö data display[2m > [22mshows em-dash when reason is null[39m[32m 2[2mms[22m[39m
[31m     ΓåÆ React.act is not a function[39m
[31m     ΓåÆ React.act is not a function[39m
[31m   [31m├ù[31m AdjustmentHistoryPage ΓÇö data display[2m > [22mcalls listAdjustments with the correct clinic ID[39m[32m 2[2mms[22m[39m
[31m     ΓåÆ React.act is not a function[39m
[31m     ΓåÆ React.act is not a function[39m
[31m   [31m├ù[31m AdjustmentHistoryPage ΓÇö client-side filtering[2m > [22mfilters by search text[39m[32m 2[2mms[22m[39m
[31m     ΓåÆ React.act is not a function[39m
[31m     ΓåÆ React.act is not a function[39m
[31m   [31m├ù[31m AdjustmentHistoryPage ΓÇö client-side filtering[2m > [22mfilters by reason dropdown[39m[32m 2[2mms[22m[39m
[31m     ΓåÆ React.act is not a function[39m
[31m     ΓåÆ React.act is not a function[39m
[31m   [31m├ù[31m AdjustmentHistoryPage ΓÇö client-side filtering[2m > [22mclears filters on Clear button click[39m[32m 1[2mms[22m[39m
[31m     ΓåÆ React.act is not a function[39m
[31m     ΓåÆ React.act is not a function[39m
[31m   [31m├ù[31m AdjustmentHistoryPage ΓÇö pagination[2m > [22mshows pagination summary when records exist[39m[32m 1[2mms[22m[39m
[31m     ΓåÆ React.act is not a function[39m
[31m     ΓåÆ React.act is not a function[39m
[31m   [31m├ù[31m AdjustmentHistoryPage ΓÇö pagination[2m > [22mPrevious page button is disabled on first page[39m[32m 1[2mms[22m[39m
[31m     ΓåÆ React.act is not a function[39m
[31m     ΓåÆ React.act is not a function[39m
[90mstderr[2m | tests/MaterialsForecastPage.test.tsx[2m > [22m[2mMaterialsForecastPage[2m > [22m[2mrenders the page heading and clinic 
name for a manager
[22m[39m`ReactDOMTestUtils.act` is deprecated in favor of `React.act`. Import `act` from `react` instead of `react-dom/test-utils`. See 
https://react.dev/warnings/react-dom-test-utils for more info.

[90mstderr[2m | tests/ManageUsersPage.test.tsx[2m > [22m[2mManageUsersPage ΓÇö loading state[2m > [22m[2mshows the loading message while 
the request is in flight
[22m[39m`ReactDOMTestUtils.act` is deprecated in favor of `React.act`. Import `act` from `react` instead of `react-dom/test-utils`. See 
https://react.dev/warnings/react-dom-test-utils for more info.

[90mstderr[2m | tests/ManageUsersPageEdit.test.tsx[2m > [22m[2mManageUsersPage ΓÇö Edit button visibility[2m > [22m[2meach user row has an 
Edit button
[22m[39m`ReactDOMTestUtils.act` is deprecated in favor of `React.act`. Import `act` from `react` instead of `react-dom/test-utils`. See 
https://react.dev/warnings/react-dom-test-utils for more info.

 [31mΓ¥»[39m tests/MaterialsForecastPage.test.tsx [2m([22m[2m21 tests[22m[2m | [22m[31m21 failed[39m[2m)[22m[32m 52[2mms[22m[39m
[31m   [31m├ù[31m MaterialsForecastPage[2m > [22mrenders the page heading and clinic name for a manager[39m[32m 16[2mms[22m[39m
[31m     ΓåÆ React.act is not a function[39m
[31m     ΓåÆ React.act is not a function[39m
[31m   [31m├ù[31m MaterialsForecastPage[2m > [22mredirects clinical_staff away from the materials forecast page[39m[32m 2[2mms[22m[39m
[31m     ΓåÆ React.act is not a function[39m
[31m     ΓåÆ React.act is not a function[39m
[31m   [31m├ù[31m MaterialsForecastPage[2m > [22mdoes not render anything when there is no authenticated user[39m[32m 2[2mms[22m[39m
[31m     ΓåÆ React.act is not a function[39m
[31m     ΓåÆ React.act is not a function[39m
[31m   [31m├ù[31m MaterialsForecastPage[2m > [22mcalls the forecast and inventory APIs with the default 30-day horizon[39m[32m 2[2mms[22m[39m
[31m     ΓåÆ React.act is not a function[39m
[31m     ΓåÆ React.act is not a function[39m
[31m   [31m├ù[31m MaterialsForecastPage[2m > [22mrenders summary cards after data loads[39m[32m 2[2mms[22m[39m
[31m     ΓåÆ React.act is not a function[39m
[31m     ΓåÆ React.act is not a function[39m
[31m   [31m├ù[31m MaterialsForecastPage[2m > [22mrenders the forecast table with product rows[39m[32m 2[2mms[22m[39m
[31m     ΓåÆ React.act is not a function[39m
[31m     ΓåÆ React.act is not a function[39m
[31m   [31m├ù[31m MaterialsForecastPage[2m > [22mrenders alert cards with severity badges[39m[32m 2[2mms[22m[39m
[31m     ΓåÆ React.act is not a function[39m
[31m     ΓåÆ React.act is not a function[39m
[31m   [31m├ù[31m MaterialsForecastPage[2m > [22mshows daysUntilStockout when present in an alert[39m[32m 2[2mms[22m[39m
[31m     ΓåÆ React.act is not a function[39m
[31m     ΓåÆ React.act is not a function[39m
[31m   [31m├ù[31m MaterialsForecastPage[2m > [22mshows an empty alerts state when there are no alerts[39m[32m 2[2mms[22m[39m
[31m     ΓåÆ React.act is not a function[39m
[31m     ΓåÆ React.act is not a function[39m
[31m   [31m├ù[31m MaterialsForecastPage[2m > [22mshows supplier name in the reorder section for items with supplier preference[39m[32m 1[2mms[22m[39m
[31m     ΓåÆ React.act is not a function[39m
[31m     ΓåÆ React.act is not a function[39m
[31m   [31m├ù[31m MaterialsForecastPage[2m > [22mshows pricing unavailable for items with unitCostCents === 0[39m[32m 1[2mms[22m[39m
[31m     ΓåÆ React.act is not a function[39m
[31m     ΓåÆ React.act is not a function[39m
[31m   [31m├ù[31m MaterialsForecastPage[2m > [22mshows supplier pricing in reorder section for items with cost[39m[32m 1[2mms[22m[39m
[31m     ΓåÆ React.act is not a function[39m
[31m     ΓåÆ React.act is not a function[39m
[31m   [31m├ù[31m MaterialsForecastPage[2m > [22mshows the supplier section when at-risk items have supplier preferences[39m[32m 1[2mms[22m[39m
[31m     ΓåÆ React.act is not a function[39m
[31m     ΓåÆ React.act is not a function[39m
[31m   [31m├ù[31m MaterialsForecastPage[2m > [22mchanges the forecast horizon when a different option is selected[39m[32m 1[2mms[22m[39m
[31m     ΓåÆ React.act is not a function[39m
[31m     ΓåÆ React.act is not a function[39m
[31m   [31m├ù[31m MaterialsForecastPage[2m > [22mmarks the default 30-day horizon button as active on load[39m[32m 1[2mms[22m[39m
[31m     ΓåÆ React.act is not a function[39m
[31m     ΓåÆ React.act is not a function[39m
[31m   [31m├ù[31m MaterialsForecastPage[2m > [22mshows a loading message while data is being fetched[39m[32m 1[2mms[22m[39m
[31m     ΓåÆ React.act is not a function[39m
[31m     ΓåÆ React.act is not a function[39m
[31m   [31m├ù[31m MaterialsForecastPage[2m > [22mshows an error message and retry button when the API fails[39m[32m 2[2mms[22m[39m
[31m     ΓåÆ React.act is not a function[39m
[31m     ΓåÆ React.act is not a function[39m
[31m   [31m├ù[31m MaterialsForecastPage[2m > [22mdoes not call forecast APIs for clinical_staff[39m[32m 2[2mms[22m[39m
[31m     ΓåÆ React.act is not a function[39m
[31m     ΓåÆ React.act is not a function[39m
[31m   [31m├ù[31m MaterialsForecastPage[2m > [22mshows an empty state message when no inventory items exist[39m[32m 1[2mms[22m[39m
[31m     ΓåÆ React.act is not a function[39m
[31m     ΓåÆ React.act is not a function[39m
[31m   [31m├ù[31m MaterialsForecastPage[2m > [22mshows the Create Purchase Order button when reorder items exist[39m[32m 2[2mms[22m[39m
[31m     ΓåÆ React.act is not a function[39m
[31m     ΓåÆ React.act is not a function[39m
[31m   [31m├ù[31m MaterialsForecastPage[2m > [22mdoes not show the reorder section when all items are healthy[39m[32m 2[2mms[22m[39m
[31m     ΓåÆ React.act is not a function[39m
[31m     ΓåÆ React.act is not a function[39m
 [31mΓ¥»[39m tests/ManageUsersPageEdit.test.tsx [2m([22m[2m15 tests[22m[2m | [22m[31m15 failed[39m[2m)[22m[32m 48[2mms[22m[39m
[31m   [31m├ù[31m ManageUsersPage ΓÇö Edit button visibility[2m > [22meach user row has an Edit button[39m[32m 15[2mms[22m[39m
[31m     ΓåÆ React.act is not a function[39m
[31m     ΓåÆ React.act is not a function[39m
[31m   [31m├ù[31m ManageUsersPage ΓÇö Edit panel (owner_admin)[2m > [22mopens an inline edit panel when Edit is clicked[39m[32m 3[2mms[22m[39m
[31m     ΓåÆ React.act is not a function[39m
[31m     ΓåÆ React.act is not a function[39m
[31m   [31m├ù[31m ManageUsersPage ΓÇö Edit panel (owner_admin)[2m > [22medit panel pre-populates with the user's current values[39m[32m 2[2mms[22m[39m
[31m     ΓåÆ React.act is not a function[39m
[31m     ΓåÆ React.act is not a function[39m
[31m   [31m├ù[31m ManageUsersPage ΓÇö Edit panel (owner_admin)[2m > [22medit panel shows Role and Home clinic selectors for owner_admin[39m[32m 3[2mms[22m[39m
[31m     ΓåÆ React.act is not a function[39m
[31m     ΓåÆ React.act is not a function[39m
[31m   [31m├ù[31m ManageUsersPage ΓÇö Edit panel (owner_admin)[2m > [22medit panel shows Payroll track selector[39m[32m 3[2mms[22m[39m
[31m     ΓåÆ React.act is not a function[39m
[31m     ΓåÆ React.act is not a function[39m
[31m   [31m├ù[31m ManageUsersPage ΓÇö Edit panel (owner_admin)[2m > [22mclicking Cancel closes the edit panel[39m[32m 2[2mms[22m[39m
[31m     ΓåÆ React.act is not a function[39m
[31m     ΓåÆ React.act is not a function[39m
[31m   [31m├ù[31m ManageUsersPage ΓÇö Edit panel (owner_admin)[2m > [22mre-clicking Edit (now showing Cancel) closes the panel[39m[32m 2[2mms[22m[39m
[31m     ΓåÆ React.act is not a function[39m
[31m     ΓåÆ React.act is not a function[39m
[31m   [31m├ù[31m ManageUsersPage ΓÇö Edit panel (owner_admin)[2m > [22monly one edit panel is open at a time[39m[32m 2[2mms[22m[39m
[31m     ΓåÆ React.act is not a function[39m
[31m     ΓåÆ React.act is not a function[39m
[31m   [31m├ù[31m ManageUsersPage ΓÇö Edit panel (owner_admin)[2m > [22mcalls updateUser with the edited values on Save[39m[32m 2[2mms[22m[39m
[31m     ΓåÆ React.act is not a function[39m
[31m     ΓåÆ React.act is not a function[39m
[31m   [31m├ù[31m ManageUsersPage ΓÇö Edit panel (owner_admin)[2m > [22mupdates the table row after a successful save[39m[32m 2[2mms[22m[39m
[31m     ΓåÆ React.act is not a function[39m
[31m     ΓåÆ React.act is not a function[39m
[31m   [31m├ù[31m ManageUsersPage ΓÇö Edit panel (owner_admin)[2m > [22mshows an error message when updateUser rejects[39m[32m 2[2mms[22m[39m
[31m     ΓåÆ React.act is not a function[39m
[31m     ΓåÆ React.act is not a function[39m
[31m   [31m├ù[31m ManageUsersPage ΓÇö Edit panel (group_practice_manager)[2m > [22medit panel does NOT show Role selector for practice manager[39m[32m 2[2mms[22m[39m
[31m     ΓåÆ React.act is not a function[39m
[31m     ΓåÆ React.act is not a function[39m
[31m   [31m├ù[31m ManageUsersPage ΓÇö Edit panel (group_practice_manager)[2m > [22medit panel does NOT show Home clinic selector for practice manager[39m[32m 2[2mms[22m[39m
[31m     ΓåÆ React.act is not a function[39m
[31m     ΓåÆ React.act is not a function[39m
[31m   [31m├ù[31m ManageUsersPage ΓÇö Edit panel (group_practice_manager)[2m > [22medit panel still shows Payroll track for practice manager[39m[32m 2[2mms[22m[39m
[31m     ΓåÆ React.act is not a function[39m
[31m     ΓåÆ React.act is not a function[39m
[31m   [31m├ù[31m ManageUsersPage ΓÇö Edit panel (group_practice_manager)[2m > [22mcalls updateUser without role or homeClinicId for practice manager[39m[32m 2[2mms[22m[39m
[31m     ΓåÆ React.act is not a function[39m
[31m     ΓåÆ React.act is not a function[39m
[90mstderr[2m | tests/SupplierDetailPage.test.tsx[2m > [22m[2mSupplierDetailPage[2m > [22m[2mshows loading state then renders supplier 
name in heading
[22m[39m`ReactDOMTestUtils.act` is deprecated in favor of `React.act`. Import `act` from `react` instead of `react-dom/test-utils`. See 
https://react.dev/warnings/react-dom-test-utils for more info.

[90mstderr[2m | tests/SuppliersPage.test.tsx[2m > [22m[2mSuppliersPage[2m > [22m[2mshows loading state then renders the suppliers table
[22m[39m`ReactDOMTestUtils.act` is deprecated in favor of `React.act`. Import `act` from `react` instead of `react-dom/test-utils`. See 
https://react.dev/warnings/react-dom-test-utils for more info.

 [31mΓ¥»[39m tests/ManageUsersPage.test.tsx [2m([22m[2m16 tests[22m[2m | [22m[31m16 failed[39m[2m)[22m[32m 56[2mms[22m[39m
[31m   [31m├ù[31m ManageUsersPage ΓÇö loading state[2m > [22mshows the loading message while the request is in flight[39m[32m 16[2mms[22m[39m
[31m     ΓåÆ React.act is not a function[39m
[31m     ΓåÆ React.act is not a function[39m
[31m   [31m├ù[31m ManageUsersPage ΓÇö successful load[2m > [22mrenders Name, Email, Role, and Home clinic column headers[39m[32m 3[2mms[22m[39m
[31m     ΓåÆ React.act is not a function[39m
[31m     ΓåÆ React.act is not a function[39m
[31m   [31m├ù[31m ManageUsersPage ΓÇö successful load[2m > [22mdisplays 'First Last' when firstName and lastName are present[39m[32m 2[2mms[22m[39m
[31m     ΓåÆ React.act is not a function[39m
[31m     ΓåÆ React.act is not a function[39m
[31m   [31m├ù[31m ManageUsersPage ΓÇö successful load[2m > [22mdisplays 'ΓÇö' when name fields are null[39m[32m 3[2mms[22m[39m
[31m     ΓåÆ React.act is not a function[39m
[31m     ΓåÆ React.act is not a function[39m
[31m   [31m├ù[31m ManageUsersPage ΓÇö successful load[2m > [22mdisplays the correct account count in the subtitle[39m[32m 5[2mms[22m[39m
[31m     ΓåÆ React.act is not a function[39m
[31m     ΓåÆ React.act is not a function[39m
[31m   [31m├ù[31m ManageUsersPage ΓÇö successful load[2m > [22mshows 'No accounts found' when the clinic has no users[39m[32m 3[2mms[22m[39m
[31m     ΓåÆ React.act is not a function[39m
[31m     ΓåÆ React.act is not a function[39m
[31m   [31m├ù[31m ManageUsersPage ΓÇö error handling[2m > [22mdisplays the error message when listUsers() rejects[39m[32m 2[2mms[22m[39m
[31m     ΓåÆ React.act is not a function[39m
[31m     ΓåÆ React.act is not a function[39m
[31m   [31m├ù[31m ManageUsersPage ΓÇö error handling[2m > [22mdisplays a fallback message when the rejection has no message[39m[32m 2[2mms[22m[39m
[31m     ΓåÆ React.act is not a function[39m
[31m     ΓåÆ React.act is not a function[39m
[31m   [31m├ù[31m ManageUsersPage ΓÇö access control[2m > [22mredirects clinical_staff to home[39m[32m 2[2mms[22m[39m
[31m     ΓåÆ React.act is not a function[39m
[31m     ΓåÆ React.act is not a function[39m
[31m   [31m├ù[31m ManageUsersPage ΓÇö access control[2m > [22mrenders null when no user is authenticated[39m[32m 4[2mms[22m[39m
[31m     ΓåÆ React.act is not a function[39m
[31m     ΓåÆ React.act is not a function[39m
[31m   [31m├ù[31m ManageUsersPage ΓÇö create user form (owner_admin)[2m > [22mshows the create form when '+ Add user' is clicked[39m[32m 2[2mms[22m[39m
[31m     ΓåÆ React.act is not a function[39m
[31m     ΓåÆ React.act is not a function[39m
[31m   [31m├ù[31m ManageUsersPage ΓÇö create user form (owner_admin)[2m > [22mshows a Home clinic selector for owner_admin[39m[32m 2[2mms[22m[39m
[31m     ΓåÆ React.act is not a function[39m
[31m     ΓåÆ React.act is not a function[39m
[31m   [31m├ù[31m ManageUsersPage ΓÇö create user form (owner_admin)[2m > [22mlists all three role options for owner_admin[39m[32m 2[2mms[22m[39m
[31m     ΓåÆ React.act is not a function[39m
[31m     ΓåÆ React.act is not a function[39m
[31m   [31m├ù[31m ManageUsersPage ΓÇö create user form (owner_admin)[2m > [22mshows First name, Last name, Display name, Email, and Password fields[39m[32m 2[2mms[22m[39m
[31m     ΓåÆ React.act is not a function[39m
[31m     ΓåÆ React.act is not a function[39m
[31m   [31m├ù[31m ManageUsersPage ΓÇö create user form (group_practice_manager)[2m > [22mdoes NOT show a Home clinic selector for group_practice_manager[39m[32m 1[2mms[22m[39m
[31m     ΓåÆ React.act is not a function[39m
[31m     ΓåÆ React.act is not a function[39m
[31m   [31m├ù[31m ManageUsersPage ΓÇö create user form (group_practice_manager)[2m > [22monly shows Clinical Staff in the role selector for group_practice_manager[39m[32m 1[2mms[22m[39m
[31m     ΓåÆ React.act is not a function[39m
[31m     ΓåÆ React.act is not a function[39m
 [31mΓ¥»[39m tests/SuppliersPage.test.tsx [2m([22m[2m27 tests[22m[2m | [22m[31m27 failed[39m[2m)[22m[32m 78[2mms[22m[39m
[31m   [31m├ù[31m SuppliersPage[2m > [22mshows loading state then renders the suppliers table[39m[32m 19[2mms[22m[39m
[31m     ΓåÆ React.act is not a function[39m
[31m     ΓåÆ React.act is not a function[39m
[31m   [31m├ù[31m SuppliersPage[2m > [22mrenders KPI bar with correct totals[39m[32m 3[2mms[22m[39m
[31m     ΓåÆ React.act is not a function[39m
[31m     ΓåÆ React.act is not a function[39m
[31m   [31m├ù[31m SuppliersPage[2m > [22mdisplays supplier status badges[39m[32m 3[2mms[22m[39m
[31m     ΓåÆ React.act is not a function[39m
[31m     ΓåÆ React.act is not a function[39m
[31m   [31m├ù[31m SuppliersPage[2m > [22mfilters suppliers by search term[39m[32m 5[2mms[22m[39m
[31m     ΓåÆ React.act is not a function[39m
[31m     ΓåÆ React.act is not a function[39m
[31m   [31m├ù[31m SuppliersPage[2m > [22mfilters suppliers by active status[39m[32m 2[2mms[22m[39m
[31m     ΓåÆ React.act is not a function[39m
[31m     ΓåÆ React.act is not a function[39m
[31m   [31m├ù[31m SuppliersPage[2m > [22mshows empty state when no suppliers match search[39m[32m 2[2mms[22m[39m
[31m     ΓåÆ React.act is not a function[39m
[31m     ΓåÆ React.act is not a function[39m
[31m   [31m├ù[31m SuppliersPage[2m > [22mshows error message when API call fails[39m[32m 2[2mms[22m[39m
[31m     ΓåÆ React.act is not a function[39m
[31m     ΓåÆ React.act is not a function[39m
[31m   [31m├ù[31m SuppliersPage[2m > [22mdoes not call API when user is not authenticated[39m[32m 2[2mms[22m[39m
[31m     ΓåÆ React.act is not a function[39m
[31m     ΓåÆ React.act is not a function[39m
[31m   [31m├ù[31m SuppliersPage[2m > [22mshows View link for each supplier that navigates to detail page[39m[32m 2[2mms[22m[39m
[31m     ΓåÆ React.act is not a function[39m
[31m     ΓåÆ React.act is not a function[39m
[31m   [31m├ù[31m SuppliersPage[2m > [22mshows New Supplier button for manager role[39m[32m 2[2mms[22m[39m
[31m     ΓåÆ React.act is not a function[39m
[31m     ΓåÆ React.act is not a function[39m
[31m   [31m├ù[31m SuppliersPage[2m > [22mhides New Supplier button for clinical_staff role[39m[32m 1[2mms[22m[39m
[31m     ΓåÆ React.act is not a function[39m
[31m     ΓåÆ React.act is not a function[39m
[31m   [31m├ù[31m SuppliersPage[2m > [22mcreates a new supplier and adds it to the list[39m[32m 2[2mms[22m[39m
[31m     ΓåÆ React.act is not a function[39m
[31m     ΓåÆ React.act is not a function[39m
[31m   [31m├ù[31m SuppliersPage[2m > [22mshows admin user can also create suppliers[39m[32m 2[2mms[22m[39m
[31m     ΓåÆ React.act is not a function[39m
[31m     ΓåÆ React.act is not a function[39m
[31m   [31m├ù[31m SuppliersPage[2m > [22mshows Edit button for manager/admin but not for clinical_staff[39m[32m 1[2mms[22m[39m
[31m     ΓåÆ React.act is not a function[39m
[31m     ΓåÆ React.act is not a function[39m
[31m   [31m├ù[31m SuppliersPage[2m > [22mhides Edit buttons for clinical_staff[39m[32m 1[2mms[22m[39m
[31m     ΓåÆ React.act is not a function[39m
[31m     ΓåÆ React.act is not a function[39m
[31m   [31m├ù[31m SuppliersPage[2m > [22mopens the Edit modal when Edit button is clicked[39m[32m 2[2mms[22m[39m
[31m     ΓåÆ React.act is not a function[39m
[31m     ΓåÆ React.act is not a function[39m
[31m   [31m├ù[31m SuppliersPage[2m > [22mpre-populates the edit form with the supplier's current values[39m[32m 3[2mms[22m[39m
[31m     ΓåÆ React.act is not a function[39m
[31m     ΓåÆ React.act is not a function[39m
[31m   [31m├ù[31m SuppliersPage[2m > [22msubmits updated supplier values and updates the list[39m[32m 3[2mms[22m[39m
[31m     ΓåÆ React.act is not a function[39m
[31m     ΓåÆ React.act is not a function[39m
[31m   [31m├ù[31m SuppliersPage[2m > [22mshows validation error if supplier name is cleared in edit form[39m[32m 2[2mms[22m[39m
[31m     ΓåÆ React.act is not a function[39m
[31m     ΓåÆ React.act is not a function[39m
[31m   [31m├ù[31m SuppliersPage[2m > [22mshows Deactivate button for active suppliers (manager)[39m[32m 1[2mms[22m[39m
[31m     ΓåÆ React.act is not a function[39m
[31m     ΓåÆ React.act is not a function[39m
[31m   [31m├ù[31m SuppliersPage[2m > [22mshows Reactivate button for inactive suppliers (manager)[39m[32m 1[2mms[22m[39m
[31m     ΓåÆ React.act is not a function[39m
[31m     ΓåÆ React.act is not a function[39m
[31m   [31m├ù[31m SuppliersPage[2m > [22mhides Deactivate/Reactivate buttons for clinical_staff[39m[32m 1[2mms[22m[39m
[31m     ΓåÆ React.act is not a function[39m
[31m     ΓåÆ React.act is not a function[39m
[31m   [31m├ù[31m SuppliersPage[2m > [22mopens a confirmation dialog when Deactivate is clicked[39m[32m 2[2mms[22m[39m
[31m     ΓåÆ React.act is not a function[39m
[31m     ΓåÆ React.act is not a function[39m
[31m   [31m├ù[31m SuppliersPage[2m > [22mcalls updateSupplier with active=false and updates the list on confirm[39m[32m 2[2mms[22m[39m
[31m     ΓåÆ React.act is not a function[39m
[31m     ΓåÆ React.act is not a function[39m
[31m   [31m├ù[31m SuppliersPage[2m > [22mcalls updateSupplier with active=true on reactivate confirm[39m[32m 2[2mms[22m[39m
[31m     ΓåÆ React.act is not a function[39m
[31m     ΓåÆ React.act is not a function[39m
[31m   [31m├ù[31m SuppliersPage[2m > [22mdismisses confirmation dialog without calling API when Cancel is clicked[39m[32m 4[2mms[22m[39m
[31m     ΓåÆ React.act is not a function[39m
[31m     ΓåÆ React.act is not a function[39m
[31m   [31m├ù[31m SuppliersPage[2m > [22mnever shows a Delete button ΓÇö hard delete is not supported by the backend[39m[32m 2[2mms[22m[39m
[31m     ΓåÆ React.act is not a function[39m
[31m     ΓåÆ React.act is not a function[39m
 [31mΓ¥»[39m tests/SupplierDetailPage.test.tsx [2m([22m[2m24 tests[22m[2m | [22m[31m24 failed[39m[2m)[22m[32m 88[2mms[22m[39m
[31m   [31m├ù[31m SupplierDetailPage[2m > [22mshows loading state then renders supplier name in heading[39m[32m 21[2mms[22m[39m
[31m     ΓåÆ React.act is not a function[39m
[31m     ΓåÆ React.act is not a function[39m
[31m   [31m├ù[31m SupplierDetailPage[2m > [22mrenders Supplier Overview section with all fields[39m[32m 3[2mms[22m[39m
[31m     ΓåÆ React.act is not a function[39m
[31m     ΓåÆ React.act is not a function[39m
[31m   [31m├ù[31m SupplierDetailPage[2m > [22mrenders active status badge[39m[32m 3[2mms[22m[39m
[31m     ΓåÆ React.act is not a function[39m
[31m     ΓåÆ React.act is not a function[39m
[31m   [31m├ù[31m SupplierDetailPage[2m > [22mrenders Supplier Products section with catalogue items[39m[32m 3[2mms[22m[39m
[31m     ΓåÆ React.act is not a function[39m
[31m     ΓåÆ React.act is not a function[39m
[31m   [31m├ù[31m SupplierDetailPage[2m > [22mrenders Recent Invoices section with invoice data[39m[32m 2[2mms[22m[39m
[31m     ΓåÆ React.act is not a function[39m
[31m     ΓåÆ React.act is not a function[39m
[31m   [31m├ù[31m SupplierDetailPage[2m > [22mrenders Current Price Records placeholder section[39m[32m 2[2mms[22m[39m
[31m     ΓåÆ React.act is not a function[39m
[31m     ΓåÆ React.act is not a function[39m
[31m   [31m├ù[31m SupplierDetailPage[2m > [22mrenders Back to Suppliers navigation link[39m[32m 2[2mms[22m[39m
[31m     ΓåÆ React.act is not a function[39m
[31m     ΓåÆ React.act is not a function[39m
[31m   [31m├ù[31m SupplierDetailPage[2m > [22mshows empty state when catalogue has no products[39m[32m 2[2mms[22m[39m
[31m     ΓåÆ React.act is not a function[39m
[31m     ΓåÆ React.act is not a function[39m
[31m   [31m├ù[31m SupplierDetailPage[2m > [22mshows empty state when supplier has no invoices[39m[32m 2[2mms[22m[39m
[31m     ΓåÆ React.act is not a function[39m
[31m     ΓåÆ React.act is not a function[39m
[31m   [31m├ù[31m SupplierDetailPage[2m > [22mshows error state when supplier cannot be loaded[39m[32m 2[2mms[22m[39m
[31m     ΓåÆ React.act is not a function[39m
[31m     ΓåÆ React.act is not a function[39m
[31m   [31m├ù[31m SupplierDetailPage[2m > [22mcalls getSupplier with the correct supplierId from URL[39m[32m 2[2mms[22m[39m
[31m     ΓåÆ React.act is not a function[39m
[31m     ΓåÆ React.act is not a function[39m
[31m   [31m├ù[31m SupplierDetailPage[2m > [22mcalls getSupplierCatalogue and listClinicSupplierInvoices after supplier loads[39m[32m 6[2mms[22m[39m
[31m     ΓåÆ React.act is not a function[39m
[31m     ΓåÆ React.act is not a function[39m
[31m   [31m├ù[31m SupplierDetailPage[2m > [22mdoes not call APIs when user is not authenticated[39m[32m 1[2mms[22m[39m
[31m     ΓåÆ React.act is not a function[39m
[31m     ΓåÆ React.act is not a function[39m
[31m   [31m├ù[31m SupplierDetailPage[2m > [22mshows Edit Supplier button for manager role[39m[32m 3[2mms[22m[39m
[31m     ΓåÆ React.act is not a function[39m
[31m     ΓåÆ React.act is not a function[39m
[31m   [31m├ù[31m SupplierDetailPage[2m > [22mhides Edit Supplier button for clinical_staff[39m[32m 8[2mms[22m[39m
[31m     ΓåÆ React.act is not a function[39m
[31m     ΓåÆ React.act is not a function[39m
[31m   [31m├ù[31m SupplierDetailPage[2m > [22mopens the edit modal when Edit Supplier is clicked[39m[32m 8[2mms[22m[39m
[31m     ΓåÆ React.act is not a function[39m
[31m     ΓåÆ React.act is not a function[39m
[31m   [31m├ù[31m SupplierDetailPage[2m > [22mupdates the page heading after a successful edit[39m[32m 3[2mms[22m[39m
[31m     ΓåÆ React.act is not a function[39m
[31m     ΓåÆ React.act is not a function[39m
[31m   [31m├ù[31m SupplierDetailPage[2m > [22mshows Deactivate Supplier button for active supplier (manager)[39m[32m 1[2mms[22m[39m
[31m     ΓåÆ React.act is not a function[39m
[31m     ΓåÆ React.act is not a function[39m
[31m   [31m├ù[31m SupplierDetailPage[2m > [22mshows Reactivate Supplier button for inactive supplier (manager)[39m[32m 2[2mms[22m[39m
[31m     ΓåÆ React.act is not a function[39m
[31m     ΓåÆ React.act is not a function[39m
[31m   [31m├ù[31m SupplierDetailPage[2m > [22mhides deactivate/reactivate buttons for clinical_staff[39m[32m 1[2mms[22m[39m
[31m     ΓåÆ React.act is not a function[39m
[31m     ΓåÆ React.act is not a function[39m
[31m   [31m├ù[31m SupplierDetailPage[2m > [22mopens confirmation dialog when Deactivate Supplier is clicked[39m[32m 2[2mms[22m[39m
[31m     ΓåÆ React.act is not a function[39m
[31m     ΓåÆ React.act is not a function[39m
[31m   [31m├ù[31m SupplierDetailPage[2m > [22mcalls updateSupplier with active=false and the action button changes to Reactivate on confirm[39m[32m 2[2mms[22m[39m
[31m     ΓåÆ React.act is not a function[39m
[31m     ΓåÆ React.act is not a function[39m
[31m   [31m├ù[31m SupplierDetailPage[2m > [22mdismisses confirm dialog without API call when Cancel is clicked[39m[32m 1[2mms[22m[39m
[31m     ΓåÆ React.act is not a function[39m
[31m     ΓåÆ React.act is not a function[39m
[31m   [31m├ù[31m SupplierDetailPage[2m > [22mnever shows a Delete button ΓÇö hard delete is not supported by the backend[39m[32m 1[2mms[22m[39m
[31m     ΓåÆ React.act is not a function[39m
[31m     ΓåÆ React.act is not a function[39m
[90mstderr[2m | tests/LoginPage.test.tsx[2m > [22m[2mLoginPage ΓÇö credentials step[2m > [22m[2mrenders the sign-in form
[22m[39m`ReactDOMTestUtils.act` is deprecated in favor of `React.act`. Import `act` from `react` instead of `react-dom/test-utils`. See 
https://react.dev/warnings/react-dom-test-utils for more info.

 [31mΓ¥»[39m tests/LoginPage.test.tsx [2m([22m[2m9 tests[22m[2m | [22m[31m9 failed[39m[2m)[22m[32m 34[2mms[22m[39m
[31m   [31m├ù[31m LoginPage ΓÇö credentials step[2m > [22mrenders the sign-in form[39m[32m 11[2mms[22m[39m
[31m     ΓåÆ React.act is not a function[39m
[31m     ΓåÆ React.act is not a function[39m
[31m   [31m├ù[31m LoginPage ΓÇö requiresMfaEnrollment path[2m > [22mshows the MFA enrollment panel ΓÇö not the credentials form[39m[32m 2[2mms[22m[39m
[31m     ΓåÆ React.act is not a function[39m
[31m     ΓåÆ React.act is not a function[39m
[31m   [31m├ù[31m LoginPage ΓÇö requiresMfaEnrollment path[2m > [22mcalls setupMfa() with the enrollmentToken from the login response[39m[32m 3[2mms[22m[39m
[31m     ΓåÆ React.act is not a function[39m
[31m     ΓåÆ React.act is not a function[39m
[31m   [31m├ù[31m LoginPage ΓÇö requiresMfaEnrollment path[2m > [22mdoes NOT show the 'Authentication required' error (regression guard)[39m[32m 3[2mms[22m[39m
[31m     ΓåÆ React.act is not a function[39m
[31m     ΓåÆ React.act is not a function[39m
[31m   [31m├ù[31m LoginPage ΓÇö requiresMfaEnrollment path[2m > [22mcalls confirmMfaEnrollment with the entered code and shows success[39m[32m 3[2mms[22m[39m
[31m     ΓåÆ React.act is not a function[39m
[31m     ΓåÆ React.act is not a function[39m
[31m   [31m├ù[31m LoginPage ΓÇö requiresMfaEnrollment path[2m > [22mshows an error and resets to credentials when setupMfa throws[39m[32m 3[2mms[22m[39m
[31m     ΓåÆ React.act is not a function[39m
[31m     ΓåÆ React.act is not a function[39m
[31m   [31m├ù[31m LoginPage ΓÇö requiresMfa path[2m > [22mshows the MFA verify form when login returns requiresMfa: true[39m[32m 2[2mms[22m[39m
[31m     ΓåÆ React.act is not a function[39m
[31m     ΓåÆ React.act is not a function[39m
[31m   [31m├ù[31m LoginPage ΓÇö requiresMfa path[2m > [22mcalls verifyMfa with the mfaToken and code[39m[32m 3[2mms[22m[39m
[31m     ΓåÆ React.act is not a function[39m
[31m     ΓåÆ React.act is not a function[39m
[31m   [31m├ù[31m LoginPage ΓÇö login failure[2m > [22mshows an error message when login throws[39m[32m 2[2mms[22m[39m
[31m     ΓåÆ React.act is not a function[39m
[31m     ΓåÆ React.act is not a function[39m
[90mstderr[2m | tests/TimesheetsPage.test.tsx[2m > [22m[2museTimesheets ΓÇö API routing[2m > [22m[2mclinical_staff calls listMyTimesheets 
(not listTimesheets)
[22m[39m`ReactDOMTestUtils.act` is deprecated in favor of `React.act`. Import `act` from `react` instead of `react-dom/test-utils`. See 
https://react.dev/warnings/react-dom-test-utils for more info.

[90mstderr[2m | tests/RosterCalendarPage.test.tsx[2m > [22m[2mRosterCalendarPage ΓÇö staff dropdown (manager view)[2m > [22m[2mshows 
display name with email hint for a named staff member
[22m[39m`ReactDOMTestUtils.act` is deprecated in favor of `React.act`. Import `act` from `react` instead of `react-dom/test-utils`. See 
https://react.dev/warnings/react-dom-test-utils for more info.

 [31mΓ¥»[39m tests/TimesheetsPage.test.tsx [2m([22m[2m11 tests[22m[2m | [22m[31m11 failed[39m[2m)[22m[32m 48[2mms[22m[39m
[31m   [31m├ù[31m useTimesheets ΓÇö API routing[2m > [22mclinical_staff calls listMyTimesheets (not listTimesheets)[39m[32m 22[2mms[22m[39m
[31m     ΓåÆ React.act is not a function[39m
[31m     ΓåÆ React.act is not a function[39m
[31m   [31m├ù[31m useTimesheets ΓÇö API routing[2m > [22mgroup_practice_manager calls listTimesheets (not listMyTimesheets)[39m[32m 3[2mms[22m[39m
[31m     ΓåÆ React.act is not a function[39m
[31m     ΓåÆ React.act is not a function[39m
[31m   [31m├ù[31m useTimesheets ΓÇö API routing[2m > [22mowner_admin calls listTimesheets (not listMyTimesheets)[39m[32m 3[2mms[22m[39m
[31m     ΓåÆ React.act is not a function[39m
[31m     ΓåÆ React.act is not a function[39m
[31m   [31m├ù[31m TimesheetsPage ΓÇö UX states[2m > [22mshows a loading indicator while fetching[39m[32m 3[2mms[22m[39m
[31m     ΓåÆ React.act is not a function[39m
[31m     ΓåÆ React.act is not a function[39m
[31m   [31m├ù[31m TimesheetsPage ΓÇö UX states[2m > [22mshows the clock widget for clinical_staff[39m[32m 3[2mms[22m[39m
[31m     ΓåÆ React.act is not a function[39m
[31m     ΓåÆ React.act is not a function[39m
[31m   [31m├ù[31m TimesheetsPage ΓÇö UX states[2m > [22mshows an empty ledger message when staff has no entries[39m[32m 2[2mms[22m[39m
[31m     ΓåÆ React.act is not a function[39m
[31m     ΓåÆ React.act is not a function[39m
[31m   [31m├ù[31m TimesheetsPage ΓÇö UX states[2m > [22mshows the approval queue heading for managers[39m[32m 2[2mms[22m[39m
[31m     ΓåÆ React.act is not a function[39m
[31m     ΓåÆ React.act is not a function[39m
[31m   [31m├ù[31m TimesheetsPage ΓÇö UX states[2m > [22mshows an error alert when the fetch fails for staff[39m[32m 2[2mms[22m[39m
[31m     ΓåÆ React.act is not a function[39m
[31m     ΓåÆ React.act is not a function[39m
[31m   [31m├ù[31m TimesheetsPage ΓÇö UX states[2m > [22mshows an error alert when the fetch fails for managers[39m[32m 2[2mms[22m[39m
[31m     ΓåÆ React.act is not a function[39m
[31m     ΓåÆ React.act is not a function[39m
[31m   [31m├ù[31m TimesheetsPage ΓÇö RBAC enforcement[2m > [22mclinical_staff sees clock widget, not approval queue[39m[32m 2[2mms[22m[39m
[31m     ΓåÆ React.act is not a function[39m
[31m     ΓåÆ React.act is not a function[39m
[31m   [31m├ù[31m TimesheetsPage ΓÇö RBAC enforcement[2m > [22mmanager sees approval queue, not clock widget[39m[32m 2[2mms[22m[39m
[31m     ΓåÆ React.act is not a function[39m
[31m     ΓåÆ React.act is not a function[39m
 [31mΓ¥»[39m tests/RosterCalendarPage.test.tsx [2m([22m[2m10 tests[22m[2m | [22m[31m5 failed[39m[2m)[22m[32m 34[2mms[22m[39m
   [32mΓ£ô[39m staffDisplayName helper[2m > [22mreturns 'First Last' when both firstName and lastName are set[32m 2[2mms[22m[39m
   [32mΓ£ô[39m staffDisplayName helper[2m > [22mreturns displayName when firstName/lastName are null[32m 1[2mms[22m[39m
   [32mΓ£ô[39m staffDisplayName helper[2m > [22mfalls back to email when all name fields are null[32m 0[2mms[22m[39m
   [32mΓ£ô[39m staffLabelFromEmail helper[2m > [22mconverts dot-separated local part to title case[32m 0[2mms[22m[39m
   [32mΓ£ô[39m staffLabelFromEmail helper[2m > [22mhandles a plain local part with no separators[32m 0[2mms[22m[39m
[31m   [31m├ù[31m RosterCalendarPage ΓÇö staff dropdown (manager view)[2m > [22mshows display name with email hint for a named staff member[39m[32m 18[2mms[22m[39m
[31m     ΓåÆ React.act is not a function[39m
[31m     ΓåÆ React.act is not a function[39m
[31m   [31m├ù[31m RosterCalendarPage ΓÇö staff dropdown (manager view)[2m > [22mshows email only (no parenthetical hint) for unnamed staff[39m[32m 3[2mms[22m[39m
[31m     ΓåÆ React.act is not a function[39m
[31m     ΓåÆ React.act is not a function[39m
[31m   [31m├ù[31m RosterCalendarPage ΓÇö shift cards[2m > [22mshows the real display name on a shift card when staffUserId matches staffList[39m[32m 2[2mms[22m[39m
[31m     ΓåÆ React.act is not a function[39m
[31m     ΓåÆ React.act is not a function[39m
[31m   [31m├ù[31m RosterCalendarPage ΓÇö shift cards[2m > [22mfalls back to email-derived label on a shift card when staff is not in list[39m[32m 2[2mms[22m[39m
[31m     ΓåÆ React.act is not a function[39m
[31m     ΓåÆ React.act is not a function[39m
[31m   [31m├ù[31m RosterCalendarPage ΓÇö edit modal static staff display[2m > [22mshows resolved name and secondary email when an existing shift is opened[39m[32m 2[2mms[22m[39m
[31m     ΓåÆ React.act is not a function[39m
[31m     ΓåÆ React.act is not a function[39m
[90mstderr[2m | tests/authCookieMigration.test.tsx[2m > [22m[2mSprint 4B ΓÇö Cookie Migration[2m > [22m[2mlogin flow[2m > [22m[2mstores 
only the access token ΓÇö refresh token is never persisted
[22m[39m`ReactDOMTestUtils.act` is deprecated in favor of `React.act`. Import `act` from `react` instead of `react-dom/test-utils`. See 
https://react.dev/warnings/react-dom-test-utils for more info.

[90mstderr[2m | tests/InventoryPage.test.tsx[2m > [22m[2mInventoryPage[2m > [22m[2mclears the loading state immediately when no user is 
authenticated
[22m[39m`ReactDOMTestUtils.act` is deprecated in favor of `React.act`. Import `act` from `react` instead of `react-dom/test-utils`. See 
https://react.dev/warnings/react-dom-test-utils for more info.

 [31mΓ¥»[39m tests/authCookieMigration.test.tsx [2m([22m[2m7 tests[22m[2m | [22m[31m7 failed[39m[2m)[22m[32m 30[2mms[22m[39m
[31m   [31m├ù[31m Sprint 4B ΓÇö Cookie Migration[2m > [22mlogin flow[2m > [22mstores only the access token ΓÇö refresh token is never persisted[39m[32m 14[2mms[22m[39m
[31m     ΓåÆ React.act is not a function[39m
[31m     ΓåÆ React.act is not a function[39m
[31m   [31m├ù[31m Sprint 4B ΓÇö Cookie Migration[2m > [22mlogin flow[2m > [22mreturns requiresMfa:true without storing tokens when MFA is required[39m[32m 3[2mms[22m[39m
[31m     ΓåÆ React.act is not a function[39m
[31m     ΓåÆ React.act is not a function[39m
[31m   [31m├ù[31m Sprint 4B ΓÇö Cookie Migration[2m > [22mMFA verify flow[2m > [22mstores only the access token after MFA verification ΓÇö refresh token not persisted[39m[32m 2[2mms[22m[39m
[31m     ΓåÆ React.act is not a function[39m
[31m     ΓåÆ React.act is not a function[39m
[31m   [31m├ù[31m Sprint 4B ΓÇö Cookie Migration[2m > [22msession restore ΓÇö cookie-based refresh[2m > [22mrestores session via HttpOnly cookie when no access token is stored[39m[32m 2[2mms[22m[39m
[31m     ΓåÆ React.act is not a function[39m
[31m     ΓåÆ React.act is not a function[39m
[31m   [31m├ù[31m Sprint 4B ΓÇö Cookie Migration[2m > [22msession restore ΓÇö cookie-based refresh[2m > [22mleaves user as null when no access token and no valid cookie[39m[32m 2[2mms[22m[39m
[31m     ΓåÆ React.act is not a function[39m
[31m     ΓåÆ React.act is not a function[39m
[31m   [31m├ù[31m Sprint 4B ΓÇö Cookie Migration[2m > [22mlogout flow[2m > [22mclears only the access token and calls logout with no refreshToken argument[39m[32m 2[2mms[22m[39m
[31m     ΓåÆ React.act is not a function[39m
[31m     ΓåÆ React.act is not a function[39m
[31m   [31m├ù[31m Sprint 4B ΓÇö Cookie Migration[2m > [22mlogout flow[2m > [22mclears access token even when logout API call fails[39m[32m 2[2mms[22m[39m
[31m     ΓåÆ React.act is not a function[39m
[31m     ΓåÆ React.act is not a function[39m
 [31mΓ¥»[39m tests/InventoryPage.test.tsx [2m([22m[2m3 tests[22m[2m | [22m[31m3 failed[39m[2m)[22m[32m 24[2mms[22m[39m
[31m   [31m├ù[31m InventoryPage[2m > [22mclears the loading state immediately when no user is authenticated[39m[32m 16[2mms[22m[39m
[31m     ΓåÆ React.act is not a function[39m
[31m     ΓåÆ React.act is not a function[39m
[31m   [31m├ù[31m InventoryPage[2m > [22mrenders stock table and manual scan form when inventory loads[39m[32m 3[2mms[22m[39m
[31m     ΓåÆ React.act is not a function[39m
[31m     ΓåÆ React.act is not a function[39m
[31m   [31m├ù[31m InventoryPage[2m > [22msubmits a barcode scan and shows a success notice[39m[32m 3[2mms[22m[39m
[31m     ΓåÆ React.act is not a function[39m
[31m     ΓåÆ React.act is not a function[39m
[90mstderr[2m | tests/App.test.tsx[2m > [22m[2mLoginPage[2m > [22m[2mrenders the sign-in form
[22m[39m`ReactDOMTestUtils.act` is deprecated in favor of `React.act`. Import `act` from `react` instead of `react-dom/test-utils`. See 
https://react.dev/warnings/react-dom-test-utils for more info.

[90mstderr[2m | tests/AddProductPage.test.tsx[2m > [22m[2mAddProductPage[2m > [22m[2mrenders the add product form for managers
[22m[39m`ReactDOMTestUtils.act` is deprecated in favor of `React.act`. Import `act` from `react` instead of `react-dom/test-utils`. See 
https://react.dev/warnings/react-dom-test-utils for more info.

 [31mΓ¥»[39m tests/App.test.tsx [2m([22m[2m1 test[22m[2m | [22m[31m1 failed[39m[2m)[22m[32m 17[2mms[22m[39m
[31m   [31m├ù[31m LoginPage[2m > [22mrenders the sign-in form[39m[32m 15[2mms[22m[39m
[31m     ΓåÆ React.act is not a function[39m
[31m     ΓåÆ React.act is not a function[39m
 [31mΓ¥»[39m tests/AddProductPage.test.tsx [2m([22m[2m5 tests[22m[2m | [22m[31m5 failed[39m[2m)[22m[32m 25[2mms[22m[39m
[31m   [31m├ù[31m AddProductPage[2m > [22mrenders the add product form for managers[39m[32m 15[2mms[22m[39m
[31m     ΓåÆ React.act is not a function[39m
[31m     ΓåÆ React.act is not a function[39m
[31m   [31m├ù[31m AddProductPage[2m > [22mrenders an access denied panel for clinical staff[39m[32m 2[2mms[22m[39m
[31m     ΓåÆ React.act is not a function[39m
[31m     ΓåÆ React.act is not a function[39m
[31m   [31m├ù[31m AddProductPage[2m > [22mshows a field error when product name is whitespace-only[39m[32m 2[2mms[22m[39m
[31m     ΓåÆ React.act is not a function[39m
[31m     ΓåÆ React.act is not a function[39m
[31m   [31m├ù[31m AddProductPage[2m > [22mshows a field error when unit cost has more than two decimal places[39m[32m 2[2mms[22m[39m
[31m     ΓåÆ React.act is not a function[39m
[31m     ΓåÆ React.act is not a function[39m
[31m   [31m├ù[31m AddProductPage[2m > [22msubmits a new product to the API[39m[32m 1[2mms[22m[39m
[31m     ΓåÆ React.act is not a function[39m
[31m     ΓåÆ React.act is not a function[39m

[31mΓÄ»ΓÄ»ΓÄ»ΓÄ»ΓÄ»ΓÄ»[39m[1m[41m Failed Tests 243 [49m[22m[31mΓÄ»ΓÄ»ΓÄ»ΓÄ»ΓÄ»ΓÄ»[39m

[41m[1m FAIL [22m[49m tests/AddProductPage.test.tsx[2m > [22mAddProductPage[2m > [22mrenders the add product form for managers
[31m[1mTypeError[22m: React.act is not a function[39m
[90m [2mΓ¥»[22m exports.act ../node_modules/react-dom/cjs/react-dom-test-utils.production.js:[2m20:16[22m[39m
[90m [2mΓ¥»[22m ../node_modules/@testing-library/react/dist/act-compat.js:[2m46:25[22m[39m
[90m [2mΓ¥»[22m renderRoot ../node_modules/@testing-library/react/dist/pure.js:[2m189:26[22m[39m
[90m [2mΓ¥»[22m Proxy.render ../node_modules/@testing-library/react/dist/pure.js:[2m291:10[22m[39m
[36m [2mΓ¥»[22m tests/AddProductPage.test.tsx:[2m52:5[22m[39m
    [90m 50| [39m
    [90m 51| [39m  [34mit[39m([32m"renders the add product form for managers"[39m[33m,[39m () [33m=>[39m {
    [90m 52| [39m    [34mrender[39m(
    [90m   | [39m    [31m^[39m
    [90m 53| [39m      [33m<[39m[33mMemoryRouter[39m[33m>[39m
    [90m 54| [39m        [33m<[39m[33mAddProductPage[39m [33m/[39m[33m>[39m

[31m[2mΓÄ»ΓÄ»ΓÄ»ΓÄ»ΓÄ»ΓÄ»ΓÄ»ΓÄ»ΓÄ»ΓÄ»ΓÄ»ΓÄ»ΓÄ»ΓÄ»ΓÄ»ΓÄ»ΓÄ»ΓÄ»ΓÄ»ΓÄ»ΓÄ»ΓÄ»[1/486]ΓÄ»[22m[39m

[41m[1m FAIL [22m[49m tests/AddProductPage.test.tsx[2m > [22mAddProductPage[2m > [22mrenders the add product form for managers
[41m[1m FAIL [22m[49m tests/AddProductPage.test.tsx[2m > [22mAddProductPage[2m > [22mrenders an access denied panel for clinical staff
[41m[1m FAIL [22m[49m tests/AddProductPage.test.tsx[2m > [22mAddProductPage[2m > [22mshows a field error when product name is 
whitespace-only
[41m[1m FAIL [22m[49m tests/AddProductPage.test.tsx[2m > [22mAddProductPage[2m > [22mshows a field error when unit cost has more than two 
decimal places
[41m[1m FAIL [22m[49m tests/AddProductPage.test.tsx[2m > [22mAddProductPage[2m > [22msubmits a new product to the API
[41m[1m FAIL [22m[49m tests/AdjustmentHistoryPage.test.tsx[2m > [22mAdjustmentHistoryPage ΓÇö RBAC[2m > [22mredirects clinical_staff away 
from the history page
[41m[1m FAIL [22m[49m tests/AdjustmentHistoryPage.test.tsx[2m > [22mAdjustmentHistoryPage ΓÇö RBAC[2m > [22mrenders the page for managers
[41m[1m FAIL [22m[49m tests/AdjustmentHistoryPage.test.tsx[2m > [22mAdjustmentHistoryPage ΓÇö loading and error states[2m > [22mshows a 
loading message while fetching
[41m[1m FAIL [22m[49m tests/AdjustmentHistoryPage.test.tsx[2m > [22mAdjustmentHistoryPage ΓÇö loading and error states[2m > [22mshows an 
error message when the API fails
[41m[1m FAIL [22m[49m tests/AdjustmentHistoryPage.test.tsx[2m > [22mAdjustmentHistoryPage ΓÇö loading and error states[2m > [22mshows 
empty state when no adjustments match filters
[41m[1m FAIL [22m[49m tests/AdjustmentHistoryPage.test.tsx[2m > [22mAdjustmentHistoryPage ΓÇö data display[2m > [22mrenders all 
adjustments in the table
[41m[1m FAIL [22m[49m tests/AdjustmentHistoryPage.test.tsx[2m > [22mAdjustmentHistoryPage ΓÇö data display[2m > [22mshows the adjustment 
type labels
[41m[1m FAIL [22m[49m tests/AdjustmentHistoryPage.test.tsx[2m > [22mAdjustmentHistoryPage ΓÇö data display[2m > [22mshows positive delta 
for increases
[41m[1m FAIL [22m[49m tests/AdjustmentHistoryPage.test.tsx[2m > [22mAdjustmentHistoryPage ΓÇö data display[2m > [22mshows negative delta 
for decreases
[41m[1m FAIL [22m[49m tests/AdjustmentHistoryPage.test.tsx[2m > [22mAdjustmentHistoryPage ΓÇö data display[2m > [22mshows em-dash when 
reason is null
[41m[1m FAIL [22m[49m tests/AdjustmentHistoryPage.test.tsx[2m > [22mAdjustmentHistoryPage ΓÇö data display[2m > [22mcalls listAdjustments 
with the correct clinic ID
[41m[1m FAIL [22m[49m tests/AdjustmentHistoryPage.test.tsx[2m > [22mAdjustmentHistoryPage ΓÇö client-side filtering[2m > [22mfilters by 
search text
[41m[1m FAIL [22m[49m tests/AdjustmentHistoryPage.test.tsx[2m > [22mAdjustmentHistoryPage ΓÇö client-side filtering[2m > [22mfilters by 
reason dropdown
[41m[1m FAIL [22m[49m tests/AdjustmentHistoryPage.test.tsx[2m > [22mAdjustmentHistoryPage ΓÇö client-side filtering[2m > [22mclears 
filters on Clear button click
[41m[1m FAIL [22m[49m tests/AdjustmentHistoryPage.test.tsx[2m > [22mAdjustmentHistoryPage ΓÇö pagination[2m > [22mshows pagination summary 
when records exist
[41m[1m FAIL [22m[49m tests/AdjustmentHistoryPage.test.tsx[2m > [22mAdjustmentHistoryPage ΓÇö pagination[2m > [22mPrevious page button is 
disabled on first page
[41m[1m FAIL [22m[49m tests/App.test.tsx[2m > [22mLoginPage[2m > [22mrenders the sign-in form
[41m[1m FAIL [22m[49m tests/authCookieMigration.test.tsx[2m > [22mSprint 4B ΓÇö Cookie Migration[2m > [22mlogin flow[2m > [22mstores 
only the access token ΓÇö refresh token is never persisted
[41m[1m FAIL [22m[49m tests/authCookieMigration.test.tsx[2m > [22mSprint 4B ΓÇö Cookie Migration[2m > [22mlogin flow[2m > [22mreturns 
requiresMfa:true without storing tokens when MFA is required
[41m[1m FAIL [22m[49m tests/authCookieMigration.test.tsx[2m > [22mSprint 4B ΓÇö Cookie Migration[2m > [22mMFA verify flow[2m > 
[22mstores only the access token after MFA verification ΓÇö refresh token not persisted
[41m[1m FAIL [22m[49m tests/authCookieMigration.test.tsx[2m > [22mSprint 4B ΓÇö Cookie Migration[2m > [22msession restore ΓÇö cookie-based 
refresh[2m > [22mrestores session via HttpOnly cookie when no access token is stored
[41m[1m FAIL [22m[49m tests/authCookieMigration.test.tsx[2m > [22mSprint 4B ΓÇö Cookie Migration[2m > [22msession restore ΓÇö cookie-based 
refresh[2m > [22mleaves user as null when no access token and no valid cookie
[41m[1m FAIL [22m[49m tests/authCookieMigration.test.tsx[2m > [22mSprint 4B ΓÇö Cookie Migration[2m > [22mlogout flow[2m > [22mclears 
only the access token and calls logout with no refreshToken argument
[41m[1m FAIL [22m[49m tests/authCookieMigration.test.tsx[2m > [22mSprint 4B ΓÇö Cookie Migration[2m > [22mlogout flow[2m > [22mclears 
access token even when logout API call fails
[41m[1m FAIL [22m[49m tests/ClinicSettingsPage.test.tsx[2m > [22mClinicSettingsPage ΓÇö /settings/clinic (home-clinic route)[2m > 
[22mowner_admin[2m > [22mrenders the page heading
[41m[1m FAIL [22m[49m tests/ClinicSettingsPage.test.tsx[2m > [22mClinicSettingsPage ΓÇö /settings/clinic (home-clinic route)[2m > 
[22mowner_admin[2m > [22mloads the home clinic and populates the clinic name
[41m[1m FAIL [22m[49m tests/ClinicSettingsPage.test.tsx[2m > [22mClinicSettingsPage ΓÇö /settings/clinic (home-clinic route)[2m > 
[22mowner_admin[2m > [22mform inputs are enabled for owner_admin
[41m[1m FAIL [22m[49m tests/ClinicSettingsPage.test.tsx[2m > [22mClinicSettingsPage ΓÇö /settings/clinic (home-clinic route)[2m > 
[22mowner_admin[2m > [22mcalls updateClinicSettings with the correct clinic id on save
[41m[1m FAIL [22m[49m tests/ClinicSettingsPage.test.tsx[2m > [22mClinicSettingsPage ΓÇö /settings/clinic (home-clinic route)[2m > 
[22mgroup_practice_manager[2m > [22mrenders the page (not redirected)
[41m[1m FAIL [22m[49m tests/ClinicSettingsPage.test.tsx[2m > [22mClinicSettingsPage ΓÇö /settings/clinic (home-clinic route)[2m > 
[22mgroup_practice_manager[2m > [22mform inputs are disabled (read-only mode)
[41m[1m FAIL [22m[49m tests/ClinicSettingsPage.test.tsx[2m > [22mClinicSettingsPage ΓÇö /settings/clinic (home-clinic route)[2m > 
[22mgroup_practice_manager[2m > [22mshows the read-only notice
[41m[1m FAIL [22m[49m tests/ClinicSettingsPage.test.tsx[2m > [22mClinicSettingsPage ΓÇö /settings/clinic (home-clinic route)[2m > 
[22mgroup_practice_manager[2m > [22mdoes not show the Save settings button
[41m[1m FAIL [22m[49m tests/ClinicSettingsPage.test.tsx[2m > [22mClinicSettingsPage ΓÇö /settings/clinic (home-clinic route)[2m > 
[22mclinical_staff[2m > [22mredirects to /
[41m[1m FAIL [22m[49m tests/ClinicSettingsPage.test.tsx[2m > [22mClinicSettingsPage ΓÇö /settings/clinics/:clinicId/edit (parameterised 
route)[2m > [22mowner_admin editing a non-home clinic[2m > [22mloads the specified clinic (not home clinic)
[41m[1m FAIL [22m[49m tests/ClinicSettingsPage.test.tsx[2m > [22mClinicSettingsPage ΓÇö /settings/clinics/:clinicId/edit (parameterised 
route)[2m > [22mowner_admin editing a non-home clinic[2m > [22mdisplays the non-home clinic name in the form
[41m[1m FAIL [22m[49m tests/ClinicSettingsPage.test.tsx[2m > [22mClinicSettingsPage ΓÇö /settings/clinics/:clinicId/edit (parameterised 
route)[2m > [22mowner_admin editing a non-home clinic[2m > [22mform inputs are enabled for owner_admin
[41m[1m FAIL [22m[49m tests/ClinicSettingsPage.test.tsx[2m > [22mClinicSettingsPage ΓÇö /settings/clinics/:clinicId/edit (parameterised 
route)[2m > [22mowner_admin editing a non-home clinic[2m > [22mcalls updateClinicSettings with the correct non-home clinic id on save
[41m[1m FAIL [22m[49m tests/ClinicSettingsPage.test.tsx[2m > [22mClinicSettingsPage ΓÇö /settings/clinics/:clinicId/edit (parameterised 
route)[2m > [22mgroup_practice_manager[2m > [22mis redirected to / when accessing parameterised edit route
[41m[1m FAIL [22m[49m tests/ClinicSettingsPage.test.tsx[2m > [22mClinicSettingsPage ΓÇö /settings/clinics/:clinicId/edit (parameterised 
route)[2m > [22mclinical_staff[2m > [22mis redirected to / when accessing parameterised edit route
[41m[1m FAIL [22m[49m tests/ClinicSettingsPage.test.tsx[2m > [22mClinicSettingsPage ΓÇö /settings/clinics/:clinicId/edit (parameterised 
route)[2m > [22munauthenticated[2m > [22mrenders null when no user is authenticated
[41m[1m FAIL [22m[49m tests/ClinicsListPage.test.tsx[2m > [22mClinicsListPage ΓÇö loading state[2m > [22mshows the loading message while 
the request is in flight
[41m[1m FAIL [22m[49m tests/ClinicsListPage.test.tsx[2m > [22mClinicsListPage ΓÇö loading state[2m > [22mrenders the page heading 
immediately
[41m[1m FAIL [22m[49m tests/ClinicsListPage.test.tsx[2m > [22mClinicsListPage ΓÇö successful load[2m > [22mrenders a row for each clinic
[41m[1m FAIL [22m[49m tests/ClinicsListPage.test.tsx[2m > [22mClinicsListPage ΓÇö successful load[2m > [22mshows the timezone label for 
each clinic
[41m[1m FAIL [22m[49m tests/ClinicsListPage.test.tsx[2m > [22mClinicsListPage ΓÇö successful load[2m > [22mshows Active badge for active 
clinic and Inactive for inactive clinic
[41m[1m FAIL [22m[49m tests/ClinicsListPage.test.tsx[2m > [22mClinicsListPage ΓÇö successful load[2m > [22mshows a Manage link for every 
clinic (owner_admin can edit all)
[41m[1m FAIL [22m[49m tests/ClinicsListPage.test.tsx[2m > [22mClinicsListPage ΓÇö successful load[2m > [22mManage links point to 
/settings/clinics/:clinicId/edit
[41m[1m FAIL [22m[49m tests/ClinicsListPage.test.tsx[2m > [22mClinicsListPage ΓÇö successful load[2m > [22mdoes not show 'Home clinic 
only' for owner_admin
[41m[1m FAIL [22m[49m tests/ClinicsListPage.test.tsx[2m > [22mClinicsListPage ΓÇö successful load[2m > [22mshows the clinic count in the 
subtitle
[41m[1m FAIL [22m[49m tests/ClinicsListPage.test.tsx[2m > [22mClinicsListPage ΓÇö successful load[2m > [22mrenders the Add clinic button 
linking to /settings/clinics/new
[41m[1m FAIL [22m[49m tests/ClinicsListPage.test.tsx[2m > [22mClinicsListPage ΓÇö successful load[2m > [22mshows 'No clinics found' when 
listClinics returns an empty array
[41m[1m FAIL [22m[49m tests/ClinicsListPage.test.tsx[2m > [22mClinicsListPage ΓÇö error handling[2m > [22mshows the error message when 
listClinics() rejects
[41m[1m FAIL [22m[49m tests/ClinicsListPage.test.tsx[2m > [22mClinicsListPage ΓÇö error handling[2m > [22mshows a fallback message for a 
non-Error rejection
[41m[1m FAIL [22m[49m tests/ClinicsListPage.test.tsx[2m > [22mClinicsListPage ΓÇö access control[2m > [22mredirects group_practice_manager 
to /
[41m[1m FAIL [22m[49m tests/ClinicsListPage.test.tsx[2m > [22mClinicsListPage ΓÇö access control[2m > [22mredirects clinical_staff to /
[41m[1m FAIL [22m[49m tests/ClinicsListPage.test.tsx[2m > [22mClinicsListPage ΓÇö access control[2m > [22mrenders null when no user is 
authenticated
[41m[1m FAIL [22m[49m tests/CreateClinicPage.test.tsx[2m > [22mCreateClinicPage ΓÇö render[2m > [22mrenders the page heading
[41m[1m FAIL [22m[49m tests/CreateClinicPage.test.tsx[2m > [22mCreateClinicPage ΓÇö render[2m > [22mrenders all form fields
[41m[1m FAIL [22m[49m tests/CreateClinicPage.test.tsx[2m > [22mCreateClinicPage ΓÇö render[2m > [22mrenders the Create clinic submit button
[41m[1m FAIL [22m[49m tests/CreateClinicPage.test.tsx[2m > [22mCreateClinicPage ΓÇö render[2m > [22mrenders the Back to clinics link
[41m[1m FAIL [22m[49m tests/CreateClinicPage.test.tsx[2m > [22mCreateClinicPage ΓÇö validation[2m > [22mshows a validation error when name 
is empty
[41m[1m FAIL [22m[49m tests/CreateClinicPage.test.tsx[2m > [22mCreateClinicPage ΓÇö validation[2m > [22mshows a validation error when name 
is fewer than 3 characters
[41m[1m FAIL [22m[49m tests/CreateClinicPage.test.tsx[2m > [22mCreateClinicPage ΓÇö validation[2m > [22mshows a validation error when ABN 
is invalid
[41m[1m FAIL [22m[49m tests/CreateClinicPage.test.tsx[2m > [22mCreateClinicPage ΓÇö validation[2m > [22mshows a validation error when 
postcode is not 4 digits
[41m[1m FAIL [22m[49m tests/CreateClinicPage.test.tsx[2m > [22mCreateClinicPage ΓÇö validation[2m > [22mclears a field error when the user 
starts typing
[41m[1m FAIL [22m[49m tests/CreateClinicPage.test.tsx[2m > [22mCreateClinicPage ΓÇö successful create (name + timezone only)[2m > 
[22mcalls createClinic() with name and timezone when no optional fields are filled
[41m[1m FAIL [22m[49m tests/CreateClinicPage.test.tsx[2m > [22mCreateClinicPage ΓÇö successful create (name + timezone only)[2m > [22mdoes 
NOT call updateClinicSettings() when no optional fields are provided
[41m[1m FAIL [22m[49m tests/CreateClinicPage.test.tsx[2m > [22mCreateClinicPage ΓÇö successful create (name + timezone only)[2m > 
[22mnavigates to /settings/clinics after successful creation
[41m[1m FAIL [22m[49m tests/CreateClinicPage.test.tsx[2m > [22mCreateClinicPage ΓÇö successful create (name + timezone only)[2m > 
[22mdisables the submit button while submitting
[41m[1m FAIL [22m[49m tests/CreateClinicPage.test.tsx[2m > [22mCreateClinicPage ΓÇö successful create with optional fields[2m > [22mcalls 
updateClinicSettings() with optional fields when they are provided
[41m[1m FAIL [22m[49m tests/CreateClinicPage.test.tsx[2m > [22mCreateClinicPage ΓÇö successful create with optional fields[2m > [22mstrips 
spaces from ABN before passing to updateClinicSettings()
[41m[1m FAIL [22m[49m tests/CreateClinicPage.test.tsx[2m > [22mCreateClinicPage ΓÇö error handling[2m > [22mshows the error message when 
createClinic() rejects
[41m[1m FAIL [22m[49m tests/CreateClinicPage.test.tsx[2m > [22mCreateClinicPage ΓÇö error handling[2m > [22mre-enables the submit button 
after a failed submission
[41m[1m FAIL [22m[49m tests/CreateClinicPage.test.tsx[2m > [22mCreateClinicPage ΓÇö access control[2m > [22mredirects 
group_practice_manager to /
[41m[1m FAIL [22m[49m tests/CreateClinicPage.test.tsx[2m > [22mCreateClinicPage ΓÇö access control[2m > [22mredirects clinical_staff to /
[41m[1m FAIL [22m[49m tests/CreateClinicPage.test.tsx[2m > [22mCreateClinicPage ΓÇö access control[2m > [22mrenders null when no user is 
authenticated
[41m[1m FAIL [22m[49m tests/InventoryAdjustPage.test.tsx[2m > [22mInventoryAdjustPage ΓÇö RBAC[2m > [22mredirects clinical_staff to 
/inventory
[41m[1m FAIL [22m[49m tests/InventoryAdjustPage.test.tsx[2m > [22mInventoryAdjustPage ΓÇö RBAC[2m > [22mrenders the page for managers
[41m[1m FAIL [22m[49m tests/InventoryAdjustPage.test.tsx[2m > [22mInventoryAdjustPage ΓÇö item selection[2m > [22mshows all items after 
inventory loads
[41m[1m FAIL [22m[49m tests/InventoryAdjustPage.test.tsx[2m > [22mInventoryAdjustPage ΓÇö item selection[2m > [22mfilters items by search 
query
[41m[1m FAIL [22m[49m tests/InventoryAdjustPage.test.tsx[2m > [22mInventoryAdjustPage ΓÇö item selection[2m > [22mshows empty state when 
no items match search
[41m[1m FAIL [22m[49m tests/InventoryAdjustPage.test.tsx[2m > [22mInventoryAdjustPage ΓÇö item selection[2m > [22madvances to the form 
step on item click
[41m[1m FAIL [22m[49m tests/InventoryAdjustPage.test.tsx[2m > [22mInventoryAdjustPage ΓÇö adjustment form[2m > [22mshows validation errors 
when submitting empty form
[41m[1m FAIL [22m[49m tests/InventoryAdjustPage.test.tsx[2m > [22mInventoryAdjustPage ΓÇö adjustment form[2m > [22mshows stock preview 
when quantity is entered
[41m[1m FAIL [22m[49m tests/InventoryAdjustPage.test.tsx[2m > [22mInventoryAdjustPage ΓÇö adjustment form[2m > [22mcalculates decrease 
delta correctly in preview
[41m[1m FAIL [22m[49m tests/InventoryAdjustPage.test.tsx[2m > [22mInventoryAdjustPage ΓÇö adjustment form[2m > [22madvances to confirm 
step with valid form data
[41m[1m FAIL [22m[49m tests/InventoryAdjustPage.test.tsx[2m > [22mInventoryAdjustPage ΓÇö confirm and submit[2m > [22mcalls 
adjustInventory with correct payload on confirm
[41m[1m FAIL [22m[49m tests/InventoryAdjustPage.test.tsx[2m > [22mInventoryAdjustPage ΓÇö confirm and submit[2m > [22mshows success notice 
after successful adjustment
[41m[1m FAIL [22m[49m tests/InventoryAdjustPage.test.tsx[2m > [22mInventoryAdjustPage ΓÇö confirm and submit[2m > [22mshows error message 
when adjustment API call fails
[41m[1m FAIL [22m[49m tests/InventoryAdjustPage.test.tsx[2m > [22mInventoryAdjustPage ΓÇö confirm and submit[2m > [22mappends notes to 
reason string when notes are provided
[41m[1m FAIL [22m[49m tests/InventoryAdjustPage.test.tsx[2m > [22mInventoryAdjustPage ΓÇö confirm and submit[2m > [22mcan go back from 
confirm to form step
[41m[1m FAIL [22m[49m tests/InventoryAdjustPage.test.tsx[2m > [22mInventoryAdjustPage ΓÇö done step reset[2m > [22mresets to select step 
when 'Make another adjustment' is clicked
[41m[1m FAIL [22m[49m tests/InventoryPage.test.tsx[2m > [22mInventoryPage[2m > [22mclears the loading state immediately when no user is 
authenticated
[41m[1m FAIL [22m[49m tests/InventoryPage.test.tsx[2m > [22mInventoryPage[2m > [22mrenders stock table and manual scan form when inventory 
loads
[41m[1m FAIL [22m[49m tests/InventoryPage.test.tsx[2m > [22mInventoryPage[2m > [22msubmits a barcode scan and shows a success notice
[41m[1m FAIL [22m[49m tests/LoginPage.test.tsx[2m > [22mLoginPage ΓÇö credentials step[2m > [22mrenders the sign-in form
[41m[1m FAIL [22m[49m tests/LoginPage.test.tsx[2m > [22mLoginPage ΓÇö requiresMfaEnrollment path[2m > [22mshows the MFA enrollment panel 
ΓÇö not the credentials form
[41m[1m FAIL [22m[49m tests/LoginPage.test.tsx[2m > [22mLoginPage ΓÇö requiresMfaEnrollment path[2m > [22mcalls setupMfa() with the 
enrollmentToken from the login response
[41m[1m FAIL [22m[49m tests/LoginPage.test.tsx[2m > [22mLoginPage ΓÇö requiresMfaEnrollment path[2m > [22mdoes NOT show the 
'Authentication required' error (regression guard)
[41m[1m FAIL [22m[49m tests/LoginPage.test.tsx[2m > [22mLoginPage ΓÇö requiresMfaEnrollment path[2m > [22mcalls confirmMfaEnrollment with 
the entered code and shows success
[41m[1m FAIL [22m[49m tests/LoginPage.test.tsx[2m > [22mLoginPage ΓÇö requiresMfaEnrollment path[2m > [22mshows an error and resets to 
credentials when setupMfa throws
[41m[1m FAIL [22m[49m tests/LoginPage.test.tsx[2m > [22mLoginPage ΓÇö requiresMfa path[2m > [22mshows the MFA verify form when login 
returns requiresMfa: true
[41m[1m FAIL [22m[49m tests/LoginPage.test.tsx[2m > [22mLoginPage ΓÇö requiresMfa path[2m > [22mcalls verifyMfa with the mfaToken and code
[41m[1m FAIL [22m[49m tests/LoginPage.test.tsx[2m > [22mLoginPage ΓÇö login failure[2m > [22mshows an error message when login throws
[41m[1m FAIL [22m[49m tests/ManageUsersPage.test.tsx[2m > [22mManageUsersPage ΓÇö loading state[2m > [22mshows the loading message while 
the request is in flight
[41m[1m FAIL [22m[49m tests/ManageUsersPage.test.tsx[2m > [22mManageUsersPage ΓÇö successful load[2m > [22mrenders Name, Email, Role, and 
Home clinic column headers
[41m[1m FAIL [22m[49m tests/ManageUsersPage.test.tsx[2m > [22mManageUsersPage ΓÇö successful load[2m > [22mdisplays 'First Last' when 
firstName and lastName are present
[41m[1m FAIL [22m[49m tests/ManageUsersPage.test.tsx[2m > [22mManageUsersPage ΓÇö successful load[2m > [22mdisplays 'ΓÇö' when name fields 
are null
[41m[1m FAIL [22m[49m tests/ManageUsersPage.test.tsx[2m > [22mManageUsersPage ΓÇö successful load[2m > [22mdisplays the correct account 
count in the subtitle
[41m[1m FAIL [22m[49m tests/ManageUsersPage.test.tsx[2m > [22mManageUsersPage ΓÇö successful load[2m > [22mshows 'No accounts found' when 
the clinic has no users
[41m[1m FAIL [22m[49m tests/ManageUsersPage.test.tsx[2m > [22mManageUsersPage ΓÇö error handling[2m > [22mdisplays the error message when 
listUsers() rejects
[41m[1m FAIL [22m[49m tests/ManageUsersPage.test.tsx[2m > [22mManageUsersPage ΓÇö error handling[2m > [22mdisplays a fallback message when 
the rejection has no message
[41m[1m FAIL [22m[49m tests/ManageUsersPage.test.tsx[2m > [22mManageUsersPage ΓÇö access control[2m > [22mredirects clinical_staff to home
[41m[1m FAIL [22m[49m tests/ManageUsersPage.test.tsx[2m > [22mManageUsersPage ΓÇö access control[2m > [22mrenders null when no user is 
authenticated
[41m[1m FAIL [22m[49m tests/ManageUsersPage.test.tsx[2m > [22mManageUsersPage ΓÇö create user form (owner_admin)[2m > [22mshows the create 
form when '+ Add user' is clicked
[41m[1m FAIL [22m[49m tests/ManageUsersPage.test.tsx[2m > [22mManageUsersPage ΓÇö create user form (owner_admin)[2m > [22mshows a Home 
clinic selector for owner_admin
[41m[1m FAIL [22m[49m tests/ManageUsersPage.test.tsx[2m > [22mManageUsersPage ΓÇö create user form (owner_admin)[2m > [22mlists all three 
role options for owner_admin
[41m[1m FAIL [22m[49m tests/ManageUsersPage.test.tsx[2m > [22mManageUsersPage ΓÇö create user form (owner_admin)[2m > [22mshows First 
name, Last name, Display name, Email, and Password fields
[41m[1m FAIL [22m[49m tests/ManageUsersPage.test.tsx[2m > [22mManageUsersPage ΓÇö create user form (group_practice_manager)[2m > [22mdoes 
NOT show a Home clinic selector for group_practice_manager
[41m[1m FAIL [22m[49m tests/ManageUsersPage.test.tsx[2m > [22mManageUsersPage ΓÇö create user form (group_practice_manager)[2m > [22monly 
shows Clinical Staff in the role selector for group_practice_manager
[41m[1m FAIL [22m[49m tests/ManageUsersPageEdit.test.tsx[2m > [22mManageUsersPage ΓÇö Edit button visibility[2m > [22meach user row has an 
Edit button
[41m[1m FAIL [22m[49m tests/ManageUsersPageEdit.test.tsx[2m > [22mManageUsersPage ΓÇö Edit panel (owner_admin)[2m > [22mopens an inline 
edit panel when Edit is clicked
[41m[1m FAIL [22m[49m tests/ManageUsersPageEdit.test.tsx[2m > [22mManageUsersPage ΓÇö Edit panel (owner_admin)[2m > [22medit panel 
pre-populates with the user's current values
[41m[1m FAIL [22m[49m tests/ManageUsersPageEdit.test.tsx[2m > [22mManageUsersPage ΓÇö Edit panel (owner_admin)[2m > [22medit panel shows 
Role and Home clinic selectors for owner_admin
[41m[1m FAIL [22m[49m tests/ManageUsersPageEdit.test.tsx[2m > [22mManageUsersPage ΓÇö Edit panel (owner_admin)[2m > [22medit panel shows 
Payroll track selector
[41m[1m FAIL [22m[49m tests/ManageUsersPageEdit.test.tsx[2m > [22mManageUsersPage ΓÇö Edit panel (owner_admin)[2m > [22mclicking Cancel 
closes the edit panel
[41m[1m FAIL [22m[49m tests/ManageUsersPageEdit.test.tsx[2m > [22mManageUsersPage ΓÇö Edit panel (owner_admin)[2m > [22mre-clicking Edit 
(now showing Cancel) closes the panel
[41m[1m FAIL [22m[49m tests/ManageUsersPageEdit.test.tsx[2m > [22mManageUsersPage ΓÇö Edit panel (owner_admin)[2m > [22monly one edit 
panel is open at a time
[41m[1m FAIL [22m[49m tests/ManageUsersPageEdit.test.tsx[2m > [22mManageUsersPage ΓÇö Edit panel (owner_admin)[2m > [22mcalls updateUser 
with the edited values on Save
[41m[1m FAIL [22m[49m tests/ManageUsersPageEdit.test.tsx[2m > [22mManageUsersPage ΓÇö Edit panel (owner_admin)[2m > [22mupdates the table 
row after a successful save
[41m[1m FAIL [22m[49m tests/ManageUsersPageEdit.test.tsx[2m > [22mManageUsersPage ΓÇö Edit panel (owner_admin)[2m > [22mshows an error 
message when updateUser rejects
[41m[1m FAIL [22m[49m tests/ManageUsersPageEdit.test.tsx[2m > [22mManageUsersPage ΓÇö Edit panel (group_practice_manager)[2m > [22medit 
panel does NOT show Role selector for practice manager
[41m[1m FAIL [22m[49m tests/ManageUsersPageEdit.test.tsx[2m > [22mManageUsersPage ΓÇö Edit panel (group_practice_manager)[2m > [22medit 
panel does NOT show Home clinic selector for practice manager
[41m[1m FAIL [22m[49m tests/ManageUsersPageEdit.test.tsx[2m > [22mManageUsersPage ΓÇö Edit panel (group_practice_manager)[2m > [22medit 
panel still shows Payroll track for practice manager
[41m[1m FAIL [22m[49m tests/ManageUsersPageEdit.test.tsx[2m > [22mManageUsersPage ΓÇö Edit panel (group_practice_manager)[2m > [22mcalls 
updateUser without role or homeClinicId for practice manager
[41m[1m FAIL [22m[49m tests/MaterialsForecastPage.test.tsx[2m > [22mMaterialsForecastPage[2m > [22mrenders the page heading and clinic 
name for a manager
[41m[1m FAIL [22m[49m tests/MaterialsForecastPage.test.tsx[2m > [22mMaterialsForecastPage[2m > [22mredirects clinical_staff away from the 
materials forecast page
[41m[1m FAIL [22m[49m tests/MaterialsForecastPage.test.tsx[2m > [22mMaterialsForecastPage[2m > [22mdoes not render anything when there is 
no authenticated user
[41m[1m FAIL [22m[49m tests/MaterialsForecastPage.test.tsx[2m > [22mMaterialsForecastPage[2m > [22mcalls the forecast and inventory APIs 
with the default 30-day horizon
[41m[1m FAIL [22m[49m tests/MaterialsForecastPage.test.tsx[2m > [22mMaterialsForecastPage[2m > [22mrenders summary cards after data loads
[41m[1m FAIL [22m[49m tests/MaterialsForecastPage.test.tsx[2m > [22mMaterialsForecastPage[2m > [22mrenders the forecast table with product 
rows
[41m[1m FAIL [22m[49m tests/MaterialsForecastPage.test.tsx[2m > [22mMaterialsForecastPage[2m > [22mrenders alert cards with severity badges
[41m[1m FAIL [22m[49m tests/MaterialsForecastPage.test.tsx[2m > [22mMaterialsForecastPage[2m > [22mshows daysUntilStockout when present in 
an alert
[41m[1m FAIL [22m[49m tests/MaterialsForecastPage.test.tsx[2m > [22mMaterialsForecastPage[2m > [22mshows an empty alerts state when there 
are no alerts
[41m[1m FAIL [22m[49m tests/MaterialsForecastPage.test.tsx[2m > [22mMaterialsForecastPage[2m > [22mshows supplier name in the reorder 
section for items with supplier preference
[41m[1m FAIL [22m[49m tests/MaterialsForecastPage.test.tsx[2m > [22mMaterialsForecastPage[2m > [22mshows pricing unavailable for items 
with unitCostCents === 0
[41m[1m FAIL [22m[49m tests/MaterialsForecastPage.test.tsx[2m > [22mMaterialsForecastPage[2m > [22mshows supplier pricing in reorder 
section for items with cost
[41m[1m FAIL [22m[49m tests/MaterialsForecastPage.test.tsx[2m > [22mMaterialsForecastPage[2m > [22mshows the supplier section when at-risk 
items have supplier preferences
[41m[1m FAIL [22m[49m tests/MaterialsForecastPage.test.tsx[2m > [22mMaterialsForecastPage[2m > [22mchanges the forecast horizon when a 
different option is selected
[41m[1m FAIL [22m[49m tests/MaterialsForecastPage.test.tsx[2m > [22mMaterialsForecastPage[2m > [22mmarks the default 30-day horizon button 
as active on load
[41m[1m FAIL [22m[49m tests/MaterialsForecastPage.test.tsx[2m > [22mMaterialsForecastPage[2m > [22mshows a loading message while data is 
being fetched
[41m[1m FAIL [22m[49m tests/MaterialsForecastPage.test.tsx[2m > [22mMaterialsForecastPage[2m > [22mshows an error message and retry button 
when the API fails
[41m[1m FAIL [22m[49m tests/MaterialsForecastPage.test.tsx[2m > [22mMaterialsForecastPage[2m > [22mdoes not call forecast APIs for 
clinical_staff
[41m[1m FAIL [22m[49m tests/MaterialsForecastPage.test.tsx[2m > [22mMaterialsForecastPage[2m > [22mshows an empty state message when no 
inventory items exist
[41m[1m FAIL [22m[49m tests/MaterialsForecastPage.test.tsx[2m > [22mMaterialsForecastPage[2m > [22mshows the Create Purchase Order button 
when reorder items exist
[41m[1m FAIL [22m[49m tests/MaterialsForecastPage.test.tsx[2m > [22mMaterialsForecastPage[2m > [22mdoes not show the reorder section when 
all items are healthy
[41m[1m FAIL [22m[49m tests/RosterCalendarPage.test.tsx[2m > [22mRosterCalendarPage ΓÇö staff dropdown (manager view)[2m > [22mshows 
display name with email hint for a named staff member
[41m[1m FAIL [22m[49m tests/RosterCalendarPage.test.tsx[2m > [22mRosterCalendarPage ΓÇö staff dropdown (manager view)[2m > [22mshows email 
only (no parenthetical hint) for unnamed staff
[41m[1m FAIL [22m[49m tests/RosterCalendarPage.test.tsx[2m > [22mRosterCalendarPage ΓÇö shift cards[2m > [22mshows the real display name 
on a shift card when staffUserId matches staffList
[41m[1m FAIL [22m[49m tests/RosterCalendarPage.test.tsx[2m > [22mRosterCalendarPage ΓÇö shift cards[2m > [22mfalls back to email-derived 
label on a shift card when staff is not in list
[41m[1m FAIL [22m[49m tests/RosterCalendarPage.test.tsx[2m > [22mRosterCalendarPage ΓÇö edit modal static staff display[2m > [22mshows 
resolved name and secondary email when an existing shift is opened
[41m[1m FAIL [22m[49m tests/SecurityPage.test.tsx[2m > [22mSecurityPage ΓÇö idle state[2m > [22mrenders the Enable MFA button
[41m[1m FAIL [22m[49m tests/SecurityPage.test.tsx[2m > [22mSecurityPage ΓÇö idle state[2m > [22mrenders the Security heading
[41m[1m FAIL [22m[49m tests/SecurityPage.test.tsx[2m > [22mSecurityPage ΓÇö MFA enrollment flow[2m > [22mcalls setupMfa when Enable MFA is 
clicked
[41m[1m FAIL [22m[49m tests/SecurityPage.test.tsx[2m > [22mSecurityPage ΓÇö MFA enrollment flow[2m > [22mshows the enrollment panel after 
setup succeeds
[41m[1m FAIL [22m[49m tests/SecurityPage.test.tsx[2m > [22mSecurityPage ΓÇö MFA enrollment flow[2m > [22mrenders a QR image once the data 
URL is available
[41m[1m FAIL [22m[49m tests/SecurityPage.test.tsx[2m > [22mSecurityPage ΓÇö MFA enrollment flow[2m > [22mhides the secret by default (not 
in plain text)
[41m[1m FAIL [22m[49m tests/SecurityPage.test.tsx[2m > [22mSecurityPage ΓÇö MFA enrollment flow[2m > [22mreveals the secret when Show is 
clicked
[41m[1m FAIL [22m[49m tests/SecurityPage.test.tsx[2m > [22mSecurityPage ΓÇö confirmation[2m > [22mcalls confirmMfaEnrollment with the 
entered code
[41m[1m FAIL [22m[49m tests/SecurityPage.test.tsx[2m > [22mSecurityPage ΓÇö confirmation[2m > [22mtransitions to success state after 
confirmation
[41m[1m FAIL [22m[49m tests/SecurityPage.test.tsx[2m > [22mSecurityPage ΓÇö confirmation[2m > [22mshows an error for a non-6-digit code 
without calling the API
[41m[1m FAIL [22m[49m tests/SecurityPage.test.tsx[2m > [22mSecurityPage ΓÇö confirmation[2m > [22mshows an error when the API returns 
INVALID_MFA_CODE
[41m[1m FAIL [22m[49m tests/SecurityPage.test.tsx[2m > [22mSecurityPage ΓÇö confirmation[2m > [22mallows retry after a failed confirmation
[41m[1m FAIL [22m[49m tests/SecurityPage.test.tsx[2m > [22mSecurityPage ΓÇö setup failure[2m > [22mshows an error when setupMfa throws
[41m[1m FAIL [22m[49m tests/SecurityPage.test.tsx[2m > [22mSecurityPage ΓÇö setup failure[2m > [22mshows a Try again button after setup 
failure
[41m[1m FAIL [22m[49m tests/SecurityPage.test.tsx[2m > [22mSecurityPage ΓÇö setup failure[2m > [22mresets to idle state when Try again is 
clicked
[41m[1m FAIL [22m[49m tests/SupplierDetailPage.test.tsx[2m > [22mSupplierDetailPage[2m > [22mshows loading state then renders supplier 
name in heading
[41m[1m FAIL [22m[49m tests/SupplierDetailPage.test.tsx[2m > [22mSupplierDetailPage[2m > [22mrenders Supplier Overview section with all 
fields
[41m[1m FAIL [22m[49m tests/SupplierDetailPage.test.tsx[2m > [22mSupplierDetailPage[2m > [22mrenders active status badge
[41m[1m FAIL [22m[49m tests/SupplierDetailPage.test.tsx[2m > [22mSupplierDetailPage[2m > [22mrenders Supplier Products section with 
catalogue items
[41m[1m FAIL [22m[49m tests/SupplierDetailPage.test.tsx[2m > [22mSupplierDetailPage[2m > [22mrenders Recent Invoices section with invoice 
data
[41m[1m FAIL [22m[49m tests/SupplierDetailPage.test.tsx[2m > [22mSupplierDetailPage[2m > [22mrenders Current Price Records placeholder 
section
[41m[1m FAIL [22m[49m tests/SupplierDetailPage.test.tsx[2m > [22mSupplierDetailPage[2m > [22mrenders Back to Suppliers navigation link
[41m[1m FAIL [22m[49m tests/SupplierDetailPage.test.tsx[2m > [22mSupplierDetailPage[2m > [22mshows empty state when catalogue has no 
products
[41m[1m FAIL [22m[49m tests/SupplierDetailPage.test.tsx[2m > [22mSupplierDetailPage[2m > [22mshows empty state when supplier has no 
invoices
[41m[1m FAIL [22m[49m tests/SupplierDetailPage.test.tsx[2m > [22mSupplierDetailPage[2m > [22mshows error state when supplier cannot be 
loaded
[41m[1m FAIL [22m[49m tests/SupplierDetailPage.test.tsx[2m > [22mSupplierDetailPage[2m > [22mcalls getSupplier with the correct supplierId 
from URL
[41m[1m FAIL [22m[49m tests/SupplierDetailPage.test.tsx[2m > [22mSupplierDetailPage[2m > [22mcalls getSupplierCatalogue and 
listClinicSupplierInvoices after supplier loads
[41m[1m FAIL [22m[49m tests/SupplierDetailPage.test.tsx[2m > [22mSupplierDetailPage[2m > [22mdoes not call APIs when user is not 
authenticated
[41m[1m FAIL [22m[49m tests/SupplierDetailPage.test.tsx[2m > [22mSupplierDetailPage[2m > [22mshows Edit Supplier button for manager role
[41m[1m FAIL [22m[49m tests/SupplierDetailPage.test.tsx[2m > [22mSupplierDetailPage[2m > [22mhides Edit Supplier button for clinical_staff
[41m[1m FAIL [22m[49m tests/SupplierDetailPage.test.tsx[2m > [22mSupplierDetailPage[2m > [22mopens the edit modal when Edit Supplier is 
clicked
[41m[1m FAIL [22m[49m tests/SupplierDetailPage.test.tsx[2m > [22mSupplierDetailPage[2m > [22mupdates the page heading after a successful 
edit
[41m[1m FAIL [22m[49m tests/SupplierDetailPage.test.tsx[2m > [22mSupplierDetailPage[2m > [22mshows Deactivate Supplier button for active 
supplier (manager)
[41m[1m FAIL [22m[49m tests/SupplierDetailPage.test.tsx[2m > [22mSupplierDetailPage[2m > [22mshows Reactivate Supplier button for inactive 
supplier (manager)
[41m[1m FAIL [22m[49m tests/SupplierDetailPage.test.tsx[2m > [22mSupplierDetailPage[2m > [22mhides deactivate/reactivate buttons for 
clinical_staff
[41m[1m FAIL [22m[49m tests/SupplierDetailPage.test.tsx[2m > [22mSupplierDetailPage[2m > [22mopens confirmation dialog when Deactivate 
Supplier is clicked
[41m[1m FAIL [22m[49m tests/SupplierDetailPage.test.tsx[2m > [22mSupplierDetailPage[2m > [22mcalls updateSupplier with active=false and 
the action button changes to Reactivate on confirm
[41m[1m FAIL [22m[49m tests/SupplierDetailPage.test.tsx[2m > [22mSupplierDetailPage[2m > [22mdismisses confirm dialog without API call 
when Cancel is clicked
[41m[1m FAIL [22m[49m tests/SupplierDetailPage.test.tsx[2m > [22mSupplierDetailPage[2m > [22mnever shows a Delete button ΓÇö hard delete 
is not supported by the backend
[41m[1m FAIL [22m[49m tests/SuppliersPage.test.tsx[2m > [22mSuppliersPage[2m > [22mshows loading state then renders the suppliers table
[41m[1m FAIL [22m[49m tests/SuppliersPage.test.tsx[2m > [22mSuppliersPage[2m > [22mrenders KPI bar with correct totals
[41m[1m FAIL [22m[49m tests/SuppliersPage.test.tsx[2m > [22mSuppliersPage[2m > [22mdisplays supplier status badges
[41m[1m FAIL [22m[49m tests/SuppliersPage.test.tsx[2m > [22mSuppliersPage[2m > [22mfilters suppliers by search term
[41m[1m FAIL [22m[49m tests/SuppliersPage.test.tsx[2m > [22mSuppliersPage[2m > [22mfilters suppliers by active status
[41m[1m FAIL [22m[49m tests/SuppliersPage.test.tsx[2m > [22mSuppliersPage[2m > [22mshows empty state when no suppliers match search
[41m[1m FAIL [22m[49m tests/SuppliersPage.test.tsx[2m > [22mSuppliersPage[2m > [22mshows error message when API call fails
[41m[1m FAIL [22m[49m tests/SuppliersPage.test.tsx[2m > [22mSuppliersPage[2m > [22mdoes not call API when user is not authenticated
[41m[1m FAIL [22m[49m tests/SuppliersPage.test.tsx[2m > [22mSuppliersPage[2m > [22mshows View link for each supplier that navigates to 
detail page
[41m[1m FAIL [22m[49m tests/SuppliersPage.test.tsx[2m > [22mSuppliersPage[2m > [22mshows New Supplier button for manager role
[41m[1m FAIL [22m[49m tests/SuppliersPage.test.tsx[2m > [22mSuppliersPage[2m > [22mhides New Supplier button for clinical_staff role
[41m[1m FAIL [22m[49m tests/SuppliersPage.test.tsx[2m > [22mSuppliersPage[2m > [22mcreates a new supplier and adds it to the list
[41m[1m FAIL [22m[49m tests/SuppliersPage.test.tsx[2m > [22mSuppliersPage[2m > [22mshows admin user can also create suppliers
[41m[1m FAIL [22m[49m tests/SuppliersPage.test.tsx[2m > [22mSuppliersPage[2m > [22mshows Edit button for manager/admin but not for 
clinical_staff
[41m[1m FAIL [22m[49m tests/SuppliersPage.test.tsx[2m > [22mSuppliersPage[2m > [22mhides Edit buttons for clinical_staff
[41m[1m FAIL [22m[49m tests/SuppliersPage.test.tsx[2m > [22mSuppliersPage[2m > [22mopens the Edit modal when Edit button is clicked
[41m[1m FAIL [22m[49m tests/SuppliersPage.test.tsx[2m > [22mSuppliersPage[2m > [22mpre-populates the edit form with the supplier's current 
values
[41m[1m FAIL [22m[49m tests/SuppliersPage.test.tsx[2m > [22mSuppliersPage[2m > [22msubmits updated supplier values and updates the list
[41m[1m FAIL [22m[49m tests/SuppliersPage.test.tsx[2m > [22mSuppliersPage[2m > [22mshows validation error if supplier name is cleared in 
edit form
[41m[1m FAIL [22m[49m tests/SuppliersPage.test.tsx[2m > [22mSuppliersPage[2m > [22mshows Deactivate button for active suppliers (manager)
[41m[1m FAIL [22m[49m tests/SuppliersPage.test.tsx[2m > [22mSuppliersPage[2m > [22mshows Reactivate button for inactive suppliers (manager)
[41m[1m FAIL [22m[49m tests/SuppliersPage.test.tsx[2m > [22mSuppliersPage[2m > [22mhides Deactivate/Reactivate buttons for clinical_staff
[41m[1m FAIL [22m[49m tests/SuppliersPage.test.tsx[2m > [22mSuppliersPage[2m > [22mopens a confirmation dialog when Deactivate is clicked
[41m[1m FAIL [22m[49m tests/SuppliersPage.test.tsx[2m > [22mSuppliersPage[2m > [22mcalls updateSupplier with active=false and updates the 
list on confirm
[41m[1m FAIL [22m[49m tests/SuppliersPage.test.tsx[2m > [22mSuppliersPage[2m > [22mcalls updateSupplier with active=true on reactivate 
confirm
[41m[1m FAIL [22m[49m tests/SuppliersPage.test.tsx[2m > [22mSuppliersPage[2m > [22mdismisses confirmation dialog without calling API when 
Cancel is clicked
[41m[1m FAIL [22m[49m tests/SuppliersPage.test.tsx[2m > [22mSuppliersPage[2m > [22mnever shows a Delete button ΓÇö hard delete is not 
supported by the backend
[41m[1m FAIL [22m[49m tests/TimesheetsPage.test.tsx[2m > [22museTimesheets ΓÇö API routing[2m > [22mclinical_staff calls listMyTimesheets 
(not listTimesheets)
[41m[1m FAIL [22m[49m tests/TimesheetsPage.test.tsx[2m > [22museTimesheets ΓÇö API routing[2m > [22mgroup_practice_manager calls 
listTimesheets (not listMyTimesheets)
[41m[1m FAIL [22m[49m tests/TimesheetsPage.test.tsx[2m > [22museTimesheets ΓÇö API routing[2m > [22mowner_admin calls listTimesheets (not 
listMyTimesheets)
[41m[1m FAIL [22m[49m tests/TimesheetsPage.test.tsx[2m > [22mTimesheetsPage ΓÇö UX states[2m > [22mshows a loading indicator while fetching
[41m[1m FAIL [22m[49m tests/TimesheetsPage.test.tsx[2m > [22mTimesheetsPage ΓÇö UX states[2m > [22mshows the clock widget for 
clinical_staff
[41m[1m FAIL [22m[49m tests/TimesheetsPage.test.tsx[2m > [22mTimesheetsPage ΓÇö UX states[2m > [22mshows an empty ledger message when 
staff has no entries
[41m[1m FAIL [22m[49m tests/TimesheetsPage.test.tsx[2m > [22mTimesheetsPage ΓÇö UX states[2m > [22mshows the approval queue heading for 
managers
[41m[1m FAIL [22m[49m tests/TimesheetsPage.test.tsx[2m > [22mTimesheetsPage ΓÇö UX states[2m > [22mshows an error alert when the fetch 
fails for staff
[41m[1m FAIL [22m[49m tests/TimesheetsPage.test.tsx[2m > [22mTimesheetsPage ΓÇö UX states[2m > [22mshows an error alert when the fetch 
fails for managers
[41m[1m FAIL [22m[49m tests/TimesheetsPage.test.tsx[2m > [22mTimesheetsPage ΓÇö RBAC enforcement[2m > [22mclinical_staff sees clock 
widget, not approval queue
[41m[1m FAIL [22m[49m tests/TimesheetsPage.test.tsx[2m > [22mTimesheetsPage ΓÇö RBAC enforcement[2m > [22mmanager sees approval queue, not 
clock widget
[31m[1mTypeError[22m: React.act is not a function[39m
[90m [2mΓ¥»[22m exports.act ../node_modules/react-dom/cjs/react-dom-test-utils.production.js:[2m20:16[22m[39m
[90m [2mΓ¥»[22m ../node_modules/@testing-library/react/dist/act-compat.js:[2m46:25[22m[39m
[90m [2mΓ¥»[22m ../node_modules/@testing-library/react/dist/pure.js:[2m306:28[22m[39m
[90m [2mΓ¥»[22m cleanup ../node_modules/@testing-library/react/dist/pure.js:[2m302:22[22m[39m
[36m [2mΓ¥»[22m ../node_modules/@testing-library/react/dist/index.js:[2m28:25[22m[39m
    [90m 26| [39m  [35mif[39m ([35mtypeof[39m afterEach [33m===[39m [32m'function'[39m) {
    [90m 27| [39m    [34mafterEach[39m(() [33m=>[39m {
    [90m 28| [39m      ([34m0[39m[33m,[39m _pure[33m.[39mcleanup)()[33m;[39m
    [90m   | [39m                        [31m^[39m
    [90m 29| [39m    })[33m;[39m
    [90m 30| [39m  } [35melse[39m [35mif[39m ([35mtypeof[39m teardown [33m===[39m [32m'function'[39m) {

[31m[2mΓÄ»ΓÄ»ΓÄ»ΓÄ»ΓÄ»ΓÄ»ΓÄ»ΓÄ»ΓÄ»ΓÄ»ΓÄ»ΓÄ»ΓÄ»ΓÄ»ΓÄ»ΓÄ»ΓÄ»ΓÄ»ΓÄ»ΓÄ»ΓÄ»ΓÄ»[2/486]ΓÄ»[22m[39m

[41m[1m FAIL [22m[49m tests/AddProductPage.test.tsx[2m > [22mAddProductPage[2m > [22mrenders an access denied panel for clinical staff
[31m[1mTypeError[22m: React.act is not a function[39m
[90m [2mΓ¥»[22m exports.act ../node_modules/react-dom/cjs/react-dom-test-utils.production.js:[2m20:16[22m[39m
[90m [2mΓ¥»[22m ../node_modules/@testing-library/react/dist/act-compat.js:[2m46:25[22m[39m
[90m [2mΓ¥»[22m renderRoot ../node_modules/@testing-library/react/dist/pure.js:[2m189:26[22m[39m
[90m [2mΓ¥»[22m Proxy.render ../node_modules/@testing-library/react/dist/pure.js:[2m291:10[22m[39m
[36m [2mΓ¥»[22m tests/AddProductPage.test.tsx:[2m72:5[22m[39m
    [90m 70| [39m    [34msetAuthenticatedUser[39m(authTestState[33m,[39m [34mcreateStaffUser[39m())[33m;[39m
    [90m 71| [39m
    [90m 72| [39m    [34mrender[39m(
    [90m   | [39m    [31m^[39m
    [90m 73| [39m      [33m<[39m[33mMemoryRouter[39m[33m>[39m
    [90m 74| [39m        [33m<[39m[33mAddProductPage[39m [33m/[39m[33m>[39m

[31m[2mΓÄ»ΓÄ»ΓÄ»ΓÄ»ΓÄ»ΓÄ»ΓÄ»ΓÄ»ΓÄ»ΓÄ»ΓÄ»ΓÄ»ΓÄ»ΓÄ»ΓÄ»ΓÄ»ΓÄ»ΓÄ»ΓÄ»ΓÄ»ΓÄ»ΓÄ»[3/486]ΓÄ»[22m[39m

[41m[1m FAIL [22m[49m tests/AddProductPage.test.tsx[2m > [22mAddProductPage[2m > [22mshows a field error when product name is 
whitespace-only
[31m[1mTypeError[22m: React.act is not a function[39m
[90m [2mΓ¥»[22m exports.act ../node_modules/react-dom/cjs/react-dom-test-utils.production.js:[2m20:16[22m[39m
[90m [2mΓ¥»[22m ../node_modules/@testing-library/react/dist/act-compat.js:[2m46:25[22m[39m
[90m [2mΓ¥»[22m renderRoot ../node_modules/@testing-library/react/dist/pure.js:[2m189:26[22m[39m
[90m [2mΓ¥»[22m Proxy.render ../node_modules/@testing-library/react/dist/pure.js:[2m291:10[22m[39m
[36m [2mΓ¥»[22m tests/AddProductPage.test.tsx:[2m84:5[22m[39m
    [90m 82| [39m
    [90m 83| [39m  it("shows a field error when product name is whitespace-only", asyncΓÇª
    [90m 84| [39m    [34mrender[39m(
    [90m   | [39m    [31m^[39m
    [90m 85| [39m      [33m<[39m[33mMemoryRouter[39m[33m>[39m
    [90m 86| [39m        [33m<[39m[33mAddProductPage[39m [33m/[39m[33m>[39m

[31m[2mΓÄ»ΓÄ»ΓÄ»ΓÄ»ΓÄ»ΓÄ»ΓÄ»ΓÄ»ΓÄ»ΓÄ»ΓÄ»ΓÄ»ΓÄ»ΓÄ»ΓÄ»ΓÄ»ΓÄ»ΓÄ»ΓÄ»ΓÄ»ΓÄ»ΓÄ»[4/486]ΓÄ»[22m[39m

[41m[1m FAIL [22m[49m tests/AddProductPage.test.tsx[2m > [22mAddProductPage[2m > [22mshows a field error when unit cost has more than two 
decimal places
[31m[1mTypeError[22m: React.act is not a function[39m
[90m [2mΓ¥»[22m exports.act ../node_modules/react-dom/cjs/react-dom-test-utils.production.js:[2m20:16[22m[39m
[90m [2mΓ¥»[22m ../node_modules/@testing-library/react/dist/act-compat.js:[2m46:25[22m[39m
[90m [2mΓ¥»[22m renderRoot ../node_modules/@testing-library/react/dist/pure.js:[2m189:26[22m[39m
[90m [2mΓ¥»[22m Proxy.render ../node_modules/@testing-library/react/dist/pure.js:[2m291:10[22m[39m
[36m [2mΓ¥»[22m tests/AddProductPage.test.tsx:[2m104:5[22m[39m
    [90m102| [39m
    [90m103| [39m  it("shows a field error when unit cost has more than two decimal plaΓÇª
    [90m104| [39m    [34mrender[39m(
    [90m   | [39m    [31m^[39m
    [90m105| [39m      [33m<[39m[33mMemoryRouter[39m[33m>[39m
    [90m106| [39m        [33m<[39m[33mAddProductPage[39m [33m/[39m[33m>[39m

[31m[2mΓÄ»ΓÄ»ΓÄ»ΓÄ»ΓÄ»ΓÄ»ΓÄ»ΓÄ»ΓÄ»ΓÄ»ΓÄ»ΓÄ»ΓÄ»ΓÄ»ΓÄ»ΓÄ»ΓÄ»ΓÄ»ΓÄ»ΓÄ»ΓÄ»ΓÄ»[5/486]ΓÄ»[22m[39m

[41m[1m FAIL [22m[49m tests/AddProductPage.test.tsx[2m > [22mAddProductPage[2m > [22msubmits a new product to the API
[31m[1mTypeError[22m: React.act is not a function[39m
[90m [2mΓ¥»[22m exports.act ../node_modules/react-dom/cjs/react-dom-test-utils.production.js:[2m20:16[22m[39m
[90m [2mΓ¥»[22m ../node_modules/@testing-library/react/dist/act-compat.js:[2m46:25[22m[39m
[90m [2mΓ¥»[22m renderRoot ../node_modules/@testing-library/react/dist/pure.js:[2m189:26[22m[39m
[90m [2mΓ¥»[22m Proxy.render ../node_modules/@testing-library/react/dist/pure.js:[2m291:10[22m[39m
[36m [2mΓ¥»[22m tests/AddProductPage.test.tsx:[2m132:5[22m[39m
    [90m130| [39m    })[33m;[39m
    [90m131| [39m
    [90m132| [39m    [34mrender[39m(
    [90m   | [39m    [31m^[39m
    [90m133| [39m      [33m<[39m[33mMemoryRouter[39m[33m>[39m
    [90m134| [39m        [33m<[39m[33mAddProductPage[39m [33m/[39m[33m>[39m

[31m[2mΓÄ»ΓÄ»ΓÄ»ΓÄ»ΓÄ»ΓÄ»ΓÄ»ΓÄ»ΓÄ»ΓÄ»ΓÄ»ΓÄ»ΓÄ»ΓÄ»ΓÄ»ΓÄ»ΓÄ»ΓÄ»ΓÄ»ΓÄ»ΓÄ»ΓÄ»[6/486]ΓÄ»[22m[39m

[41m[1m FAIL [22m[49m tests/AdjustmentHistoryPage.test.tsx[2m > [22mAdjustmentHistoryPage ΓÇö RBAC[2m > [22mredirects clinical_staff away 
from the history page
[31m[1mTypeError[22m: React.act is not a function[39m
[90m [2mΓ¥»[22m exports.act ../node_modules/react-dom/cjs/react-dom-test-utils.production.js:[2m20:16[22m[39m
[90m [2mΓ¥»[22m ../node_modules/@testing-library/react/dist/act-compat.js:[2m46:25[22m[39m
[90m [2mΓ¥»[22m renderRoot ../node_modules/@testing-library/react/dist/pure.js:[2m189:26[22m[39m
[90m [2mΓ¥»[22m Proxy.render ../node_modules/@testing-library/react/dist/pure.js:[2m291:10[22m[39m
[36m [2mΓ¥»[22m renderPage tests/AdjustmentHistoryPage.test.tsx:[2m108:10[22m[39m
    [90m106| [39m
    [90m107| [39m[35mfunction[39m [34mrenderPage[39m() {
    [90m108| [39m  [35mreturn[39m [34mrender[39m(
    [90m   | [39m         [31m^[39m
    [90m109| [39m    [33m<[39m[33mMemoryRouter[39m[33m>[39m
    [90m110| [39m      [33m<[39m[33mAdjustmentHistoryPage[39m [33m/[39m[33m>[39m
[90m [2mΓ¥»[22m tests/AdjustmentHistoryPage.test.tsx:[2m125:5[22m[39m

[31m[2mΓÄ»ΓÄ»ΓÄ»ΓÄ»ΓÄ»ΓÄ»ΓÄ»ΓÄ»ΓÄ»ΓÄ»ΓÄ»ΓÄ»ΓÄ»ΓÄ»ΓÄ»ΓÄ»ΓÄ»ΓÄ»ΓÄ»ΓÄ»ΓÄ»ΓÄ»[7/486]ΓÄ»[22m[39m

[41m[1m FAIL [22m[49m tests/AdjustmentHistoryPage.test.tsx[2m > [22mAdjustmentHistoryPage ΓÇö RBAC[2m > [22mrenders the page for managers
[31m[1mTypeError[22m: React.act is not a function[39m
[90m [2mΓ¥»[22m exports.act ../node_modules/react-dom/cjs/react-dom-test-utils.production.js:[2m20:16[22m[39m
[90m [2mΓ¥»[22m ../node_modules/@testing-library/react/dist/act-compat.js:[2m46:25[22m[39m
[90m [2mΓ¥»[22m renderRoot ../node_modules/@testing-library/react/dist/pure.js:[2m189:26[22m[39m
[90m [2mΓ¥»[22m Proxy.render ../node_modules/@testing-library/react/dist/pure.js:[2m291:10[22m[39m
[36m [2mΓ¥»[22m renderPage tests/AdjustmentHistoryPage.test.tsx:[2m108:10[22m[39m
    [90m106| [39m
    [90m107| [39m[35mfunction[39m [34mrenderPage[39m() {
    [90m108| [39m  [35mreturn[39m [34mrender[39m(
    [90m   | [39m         [31m^[39m
    [90m109| [39m    [33m<[39m[33mMemoryRouter[39m[33m>[39m
    [90m110| [39m      [33m<[39m[33mAdjustmentHistoryPage[39m [33m/[39m[33m>[39m
[90m [2mΓ¥»[22m tests/AdjustmentHistoryPage.test.tsx:[2m134:5[22m[39m

[31m[2mΓÄ»ΓÄ»ΓÄ»ΓÄ»ΓÄ»ΓÄ»ΓÄ»ΓÄ»ΓÄ»ΓÄ»ΓÄ»ΓÄ»ΓÄ»ΓÄ»ΓÄ»ΓÄ»ΓÄ»ΓÄ»ΓÄ»ΓÄ»ΓÄ»ΓÄ»[8/486]ΓÄ»[22m[39m

[41m[1m FAIL [22m[49m tests/AdjustmentHistoryPage.test.tsx[2m > [22mAdjustmentHistoryPage ΓÇö loading and error states[2m > [22mshows a 
loading message while fetching
[31m[1mTypeError[22m: React.act is not a function[39m
[90m [2mΓ¥»[22m exports.act ../node_modules/react-dom/cjs/react-dom-test-utils.production.js:[2m20:16[22m[39m
[90m [2mΓ¥»[22m ../node_modules/@testing-library/react/dist/act-compat.js:[2m46:25[22m[39m
[90m [2mΓ¥»[22m renderRoot ../node_modules/@testing-library/react/dist/pure.js:[2m189:26[22m[39m
[90m [2mΓ¥»[22m Proxy.render ../node_modules/@testing-library/react/dist/pure.js:[2m291:10[22m[39m
[36m [2mΓ¥»[22m renderPage tests/AdjustmentHistoryPage.test.tsx:[2m108:10[22m[39m
    [90m106| [39m
    [90m107| [39m[35mfunction[39m [34mrenderPage[39m() {
    [90m108| [39m  [35mreturn[39m [34mrender[39m(
    [90m   | [39m         [31m^[39m
    [90m109| [39m    [33m<[39m[33mMemoryRouter[39m[33m>[39m
    [90m110| [39m      [33m<[39m[33mAdjustmentHistoryPage[39m [33m/[39m[33m>[39m
[90m [2mΓ¥»[22m tests/AdjustmentHistoryPage.test.tsx:[2m148:5[22m[39m

[31m[2mΓÄ»ΓÄ»ΓÄ»ΓÄ»ΓÄ»ΓÄ»ΓÄ»ΓÄ»ΓÄ»ΓÄ»ΓÄ»ΓÄ»ΓÄ»ΓÄ»ΓÄ»ΓÄ»ΓÄ»ΓÄ»ΓÄ»ΓÄ»ΓÄ»ΓÄ»[9/486]ΓÄ»[22m[39m

[41m[1m FAIL [22m[49m tests/AdjustmentHistoryPage.test.tsx[2m > [22mAdjustmentHistoryPage ΓÇö loading and error states[2m > [22mshows an 
error message when the API fails
[31m[1mTypeError[22m: React.act is not a function[39m
[90m [2mΓ¥»[22m exports.act ../node_modules/react-dom/cjs/react-dom-test-utils.production.js:[2m20:16[22m[39m
[90m [2mΓ¥»[22m ../node_modules/@testing-library/react/dist/act-compat.js:[2m46:25[22m[39m
[90m [2mΓ¥»[22m renderRoot ../node_modules/@testing-library/react/dist/pure.js:[2m189:26[22m[39m
[90m [2mΓ¥»[22m Proxy.render ../node_modules/@testing-library/react/dist/pure.js:[2m291:10[22m[39m
[36m [2mΓ¥»[22m renderPage tests/AdjustmentHistoryPage.test.tsx:[2m108:10[22m[39m
    [90m106| [39m
    [90m107| [39m[35mfunction[39m [34mrenderPage[39m() {
    [90m108| [39m  [35mreturn[39m [34mrender[39m(
    [90m   | [39m         [31m^[39m
    [90m109| [39m    [33m<[39m[33mMemoryRouter[39m[33m>[39m
    [90m110| [39m      [33m<[39m[33mAdjustmentHistoryPage[39m [33m/[39m[33m>[39m
[90m [2mΓ¥»[22m tests/AdjustmentHistoryPage.test.tsx:[2m155:5[22m[39m

[31m[2mΓÄ»ΓÄ»ΓÄ»ΓÄ»ΓÄ»ΓÄ»ΓÄ»ΓÄ»ΓÄ»ΓÄ»ΓÄ»ΓÄ»ΓÄ»ΓÄ»ΓÄ»ΓÄ»ΓÄ»ΓÄ»ΓÄ»ΓÄ»ΓÄ»[10/486]ΓÄ»[22m[39m

[41m[1m FAIL [22m[49m tests/AdjustmentHistoryPage.test.tsx[2m > [22mAdjustmentHistoryPage ΓÇö loading and error states[2m > [22mshows 
empty state when no adjustments match filters
[31m[1mTypeError[22m: React.act is not a function[39m
[90m [2mΓ¥»[22m exports.act ../node_modules/react-dom/cjs/react-dom-test-utils.production.js:[2m20:16[22m[39m
[90m [2mΓ¥»[22m ../node_modules/@testing-library/react/dist/act-compat.js:[2m46:25[22m[39m
[90m [2mΓ¥»[22m renderRoot ../node_modules/@testing-library/react/dist/pure.js:[2m189:26[22m[39m
[90m [2mΓ¥»[22m Proxy.render ../node_modules/@testing-library/react/dist/pure.js:[2m291:10[22m[39m
[36m [2mΓ¥»[22m renderPage tests/AdjustmentHistoryPage.test.tsx:[2m108:10[22m[39m
    [90m106| [39m
    [90m107| [39m[35mfunction[39m [34mrenderPage[39m() {
    [90m108| [39m  [35mreturn[39m [34mrender[39m(
    [90m   | [39m         [31m^[39m
    [90m109| [39m    [33m<[39m[33mMemoryRouter[39m[33m>[39m
    [90m110| [39m      [33m<[39m[33mAdjustmentHistoryPage[39m [33m/[39m[33m>[39m
[90m [2mΓ¥»[22m tests/AdjustmentHistoryPage.test.tsx:[2m163:5[22m[39m

[31m[2mΓÄ»ΓÄ»ΓÄ»ΓÄ»ΓÄ»ΓÄ»ΓÄ»ΓÄ»ΓÄ»ΓÄ»ΓÄ»ΓÄ»ΓÄ»ΓÄ»ΓÄ»ΓÄ»ΓÄ»ΓÄ»ΓÄ»ΓÄ»ΓÄ»[11/486]ΓÄ»[22m[39m

[41m[1m FAIL [22m[49m tests/AdjustmentHistoryPage.test.tsx[2m > [22mAdjustmentHistoryPage ΓÇö data display[2m > [22mrenders all 
adjustments in the table
[31m[1mTypeError[22m: React.act is not a function[39m
[90m [2mΓ¥»[22m exports.act ../node_modules/react-dom/cjs/react-dom-test-utils.production.js:[2m20:16[22m[39m
[90m [2mΓ¥»[22m ../node_modules/@testing-library/react/dist/act-compat.js:[2m46:25[22m[39m
[90m [2mΓ¥»[22m renderRoot ../node_modules/@testing-library/react/dist/pure.js:[2m189:26[22m[39m
[90m [2mΓ¥»[22m Proxy.render ../node_modules/@testing-library/react/dist/pure.js:[2m291:10[22m[39m
[36m [2mΓ¥»[22m renderPage tests/AdjustmentHistoryPage.test.tsx:[2m108:10[22m[39m
    [90m106| [39m
    [90m107| [39m[35mfunction[39m [34mrenderPage[39m() {
    [90m108| [39m  [35mreturn[39m [34mrender[39m(
    [90m   | [39m         [31m^[39m
    [90m109| [39m    [33m<[39m[33mMemoryRouter[39m[33m>[39m
    [90m110| [39m      [33m<[39m[33mAdjustmentHistoryPage[39m [33m/[39m[33m>[39m
[90m [2mΓ¥»[22m tests/AdjustmentHistoryPage.test.tsx:[2m176:5[22m[39m

[31m[2mΓÄ»ΓÄ»ΓÄ»ΓÄ»ΓÄ»ΓÄ»ΓÄ»ΓÄ»ΓÄ»ΓÄ»ΓÄ»ΓÄ»ΓÄ»ΓÄ»ΓÄ»ΓÄ»ΓÄ»ΓÄ»ΓÄ»ΓÄ»ΓÄ»[12/486]ΓÄ»[22m[39m

[41m[1m FAIL [22m[49m tests/AdjustmentHistoryPage.test.tsx[2m > [22mAdjustmentHistoryPage ΓÇö data display[2m > [22mshows the adjustment 
type labels
[31m[1mTypeError[22m: React.act is not a function[39m
[90m [2mΓ¥»[22m exports.act ../node_modules/react-dom/cjs/react-dom-test-utils.production.js:[2m20:16[22m[39m
[90m [2mΓ¥»[22m ../node_modules/@testing-library/react/dist/act-compat.js:[2m46:25[22m[39m
[90m [2mΓ¥»[22m renderRoot ../node_modules/@testing-library/react/dist/pure.js:[2m189:26[22m[39m
[90m [2mΓ¥»[22m Proxy.render ../node_modules/@testing-library/react/dist/pure.js:[2m291:10[22m[39m
[36m [2mΓ¥»[22m renderPage tests/AdjustmentHistoryPage.test.tsx:[2m108:10[22m[39m
    [90m106| [39m
    [90m107| [39m[35mfunction[39m [34mrenderPage[39m() {
    [90m108| [39m  [35mreturn[39m [34mrender[39m(
    [90m   | [39m         [31m^[39m
    [90m109| [39m    [33m<[39m[33mMemoryRouter[39m[33m>[39m
    [90m110| [39m      [33m<[39m[33mAdjustmentHistoryPage[39m [33m/[39m[33m>[39m
[90m [2mΓ¥»[22m tests/AdjustmentHistoryPage.test.tsx:[2m185:5[22m[39m

[31m[2mΓÄ»ΓÄ»ΓÄ»ΓÄ»ΓÄ»ΓÄ»ΓÄ»ΓÄ»ΓÄ»ΓÄ»ΓÄ»ΓÄ»ΓÄ»ΓÄ»ΓÄ»ΓÄ»ΓÄ»ΓÄ»ΓÄ»ΓÄ»ΓÄ»[13/486]ΓÄ»[22m[39m

[41m[1m FAIL [22m[49m tests/AdjustmentHistoryPage.test.tsx[2m > [22mAdjustmentHistoryPage ΓÇö data display[2m > [22mshows positive delta 
for increases
[31m[1mTypeError[22m: React.act is not a function[39m
[90m [2mΓ¥»[22m exports.act ../node_modules/react-dom/cjs/react-dom-test-utils.production.js:[2m20:16[22m[39m
[90m [2mΓ¥»[22m ../node_modules/@testing-library/react/dist/act-compat.js:[2m46:25[22m[39m
[90m [2mΓ¥»[22m renderRoot ../node_modules/@testing-library/react/dist/pure.js:[2m189:26[22m[39m
[90m [2mΓ¥»[22m Proxy.render ../node_modules/@testing-library/react/dist/pure.js:[2m291:10[22m[39m
[36m [2mΓ¥»[22m renderPage tests/AdjustmentHistoryPage.test.tsx:[2m108:10[22m[39m
    [90m106| [39m
    [90m107| [39m[35mfunction[39m [34mrenderPage[39m() {
    [90m108| [39m  [35mreturn[39m [34mrender[39m(
    [90m   | [39m         [31m^[39m
    [90m109| [39m    [33m<[39m[33mMemoryRouter[39m[33m>[39m
    [90m110| [39m      [33m<[39m[33mAdjustmentHistoryPage[39m [33m/[39m[33m>[39m
[90m [2mΓ¥»[22m tests/AdjustmentHistoryPage.test.tsx:[2m193:5[22m[39m

[31m[2mΓÄ»ΓÄ»ΓÄ»ΓÄ»ΓÄ»ΓÄ»ΓÄ»ΓÄ»ΓÄ»ΓÄ»ΓÄ»ΓÄ»ΓÄ»ΓÄ»ΓÄ»ΓÄ»ΓÄ»ΓÄ»ΓÄ»ΓÄ»ΓÄ»[14/486]ΓÄ»[22m[39m

[41m[1m FAIL [22m[49m tests/AdjustmentHistoryPage.test.tsx[2m > [22mAdjustmentHistoryPage ΓÇö data display[2m > [22mshows negative delta 
for decreases
[31m[1mTypeError[22m: React.act is not a function[39m
[90m [2mΓ¥»[22m exports.act ../node_modules/react-dom/cjs/react-dom-test-utils.production.js:[2m20:16[22m[39m
[90m [2mΓ¥»[22m ../node_modules/@testing-library/react/dist/act-compat.js:[2m46:25[22m[39m
[90m [2mΓ¥»[22m renderRoot ../node_modules/@testing-library/react/dist/pure.js:[2m189:26[22m[39m
[90m [2mΓ¥»[22m Proxy.render ../node_modules/@testing-library/react/dist/pure.js:[2m291:10[22m[39m
[36m [2mΓ¥»[22m renderPage tests/AdjustmentHistoryPage.test.tsx:[2m108:10[22m[39m
    [90m106| [39m
    [90m107| [39m[35mfunction[39m [34mrenderPage[39m() {
    [90m108| [39m  [35mreturn[39m [34mrender[39m(
    [90m   | [39m         [31m^[39m
    [90m109| [39m    [33m<[39m[33mMemoryRouter[39m[33m>[39m
    [90m110| [39m      [33m<[39m[33mAdjustmentHistoryPage[39m [33m/[39m[33m>[39m
[90m [2mΓ¥»[22m tests/AdjustmentHistoryPage.test.tsx:[2m200:5[22m[39m

[31m[2mΓÄ»ΓÄ»ΓÄ»ΓÄ»ΓÄ»ΓÄ»ΓÄ»ΓÄ»ΓÄ»ΓÄ»ΓÄ»ΓÄ»ΓÄ»ΓÄ»ΓÄ»ΓÄ»ΓÄ»ΓÄ»ΓÄ»ΓÄ»ΓÄ»[15/486]ΓÄ»[22m[39m

[41m[1m FAIL [22m[49m tests/AdjustmentHistoryPage.test.tsx[2m > [22mAdjustmentHistoryPage ΓÇö data display[2m > [22mshows em-dash when 
reason is null
[31m[1mTypeError[22m: React.act is not a function[39m
[90m [2mΓ¥»[22m exports.act ../node_modules/react-dom/cjs/react-dom-test-utils.production.js:[2m20:16[22m[39m
[90m [2mΓ¥»[22m ../node_modules/@testing-library/react/dist/act-compat.js:[2m46:25[22m[39m
[90m [2mΓ¥»[22m renderRoot ../node_modules/@testing-library/react/dist/pure.js:[2m189:26[22m[39m
[90m [2mΓ¥»[22m Proxy.render ../node_modules/@testing-library/react/dist/pure.js:[2m291:10[22m[39m
[36m [2mΓ¥»[22m renderPage tests/AdjustmentHistoryPage.test.tsx:[2m108:10[22m[39m
    [90m106| [39m
    [90m107| [39m[35mfunction[39m [34mrenderPage[39m() {
    [90m108| [39m  [35mreturn[39m [34mrender[39m(
    [90m   | [39m         [31m^[39m
    [90m109| [39m    [33m<[39m[33mMemoryRouter[39m[33m>[39m
    [90m110| [39m      [33m<[39m[33mAdjustmentHistoryPage[39m [33m/[39m[33m>[39m
[90m [2mΓ¥»[22m tests/AdjustmentHistoryPage.test.tsx:[2m207:5[22m[39m

[31m[2mΓÄ»ΓÄ»ΓÄ»ΓÄ»ΓÄ»ΓÄ»ΓÄ»ΓÄ»ΓÄ»ΓÄ»ΓÄ»ΓÄ»ΓÄ»ΓÄ»ΓÄ»ΓÄ»ΓÄ»ΓÄ»ΓÄ»ΓÄ»ΓÄ»[16/486]ΓÄ»[22m[39m

[41m[1m FAIL [22m[49m tests/AdjustmentHistoryPage.test.tsx[2m > [22mAdjustmentHistoryPage ΓÇö data display[2m > [22mcalls listAdjustments 
with the correct clinic ID
[31m[1mTypeError[22m: React.act is not a function[39m
[90m [2mΓ¥»[22m exports.act ../node_modules/react-dom/cjs/react-dom-test-utils.production.js:[2m20:16[22m[39m
[90m [2mΓ¥»[22m ../node_modules/@testing-library/react/dist/act-compat.js:[2m46:25[22m[39m
[90m [2mΓ¥»[22m renderRoot ../node_modules/@testing-library/react/dist/pure.js:[2m189:26[22m[39m
[90m [2mΓ¥»[22m Proxy.render ../node_modules/@testing-library/react/dist/pure.js:[2m291:10[22m[39m
[36m [2mΓ¥»[22m renderPage tests/AdjustmentHistoryPage.test.tsx:[2m108:10[22m[39m
    [90m106| [39m
    [90m107| [39m[35mfunction[39m [34mrenderPage[39m() {
    [90m108| [39m  [35mreturn[39m [34mrender[39m(
    [90m   | [39m         [31m^[39m
    [90m109| [39m    [33m<[39m[33mMemoryRouter[39m[33m>[39m
    [90m110| [39m      [33m<[39m[33mAdjustmentHistoryPage[39m [33m/[39m[33m>[39m
[90m [2mΓ¥»[22m tests/AdjustmentHistoryPage.test.tsx:[2m217:5[22m[39m

[31m[2mΓÄ»ΓÄ»ΓÄ»ΓÄ»ΓÄ»ΓÄ»ΓÄ»ΓÄ»ΓÄ»ΓÄ»ΓÄ»ΓÄ»ΓÄ»ΓÄ»ΓÄ»ΓÄ»ΓÄ»ΓÄ»ΓÄ»ΓÄ»ΓÄ»[17/486]ΓÄ»[22m[39m

[41m[1m FAIL [22m[49m tests/AdjustmentHistoryPage.test.tsx[2m > [22mAdjustmentHistoryPage ΓÇö client-side filtering[2m > [22mfilters by 
search text
[31m[1mTypeError[22m: React.act is not a function[39m
[90m [2mΓ¥»[22m exports.act ../node_modules/react-dom/cjs/react-dom-test-utils.production.js:[2m20:16[22m[39m
[90m [2mΓ¥»[22m ../node_modules/@testing-library/react/dist/act-compat.js:[2m46:25[22m[39m
[90m [2mΓ¥»[22m renderRoot ../node_modules/@testing-library/react/dist/pure.js:[2m189:26[22m[39m
[90m [2mΓ¥»[22m Proxy.render ../node_modules/@testing-library/react/dist/pure.js:[2m291:10[22m[39m
[36m [2mΓ¥»[22m renderPage tests/AdjustmentHistoryPage.test.tsx:[2m108:10[22m[39m
    [90m106| [39m
    [90m107| [39m[35mfunction[39m [34mrenderPage[39m() {
    [90m108| [39m  [35mreturn[39m [34mrender[39m(
    [90m   | [39m         [31m^[39m
    [90m109| [39m    [33m<[39m[33mMemoryRouter[39m[33m>[39m
    [90m110| [39m      [33m<[39m[33mAdjustmentHistoryPage[39m [33m/[39m[33m>[39m
[90m [2mΓ¥»[22m tests/AdjustmentHistoryPage.test.tsx:[2m234:5[22m[39m

[31m[2mΓÄ»ΓÄ»ΓÄ»ΓÄ»ΓÄ»ΓÄ»ΓÄ»ΓÄ»ΓÄ»ΓÄ»ΓÄ»ΓÄ»ΓÄ»ΓÄ»ΓÄ»ΓÄ»ΓÄ»ΓÄ»ΓÄ»ΓÄ»ΓÄ»[18/486]ΓÄ»[22m[39m

[41m[1m FAIL [22m[49m tests/AdjustmentHistoryPage.test.tsx[2m > [22mAdjustmentHistoryPage ΓÇö client-side filtering[2m > [22mfilters by 
reason dropdown
[31m[1mTypeError[22m: React.act is not a function[39m
[90m [2mΓ¥»[22m exports.act ../node_modules/react-dom/cjs/react-dom-test-utils.production.js:[2m20:16[22m[39m
[90m [2mΓ¥»[22m ../node_modules/@testing-library/react/dist/act-compat.js:[2m46:25[22m[39m
[90m [2mΓ¥»[22m renderRoot ../node_modules/@testing-library/react/dist/pure.js:[2m189:26[22m[39m
[90m [2mΓ¥»[22m Proxy.render ../node_modules/@testing-library/react/dist/pure.js:[2m291:10[22m[39m
[36m [2mΓ¥»[22m renderPage tests/AdjustmentHistoryPage.test.tsx:[2m108:10[22m[39m
    [90m106| [39m
    [90m107| [39m[35mfunction[39m [34mrenderPage[39m() {
    [90m108| [39m  [35mreturn[39m [34mrender[39m(
    [90m   | [39m         [31m^[39m
    [90m109| [39m    [33m<[39m[33mMemoryRouter[39m[33m>[39m
    [90m110| [39m      [33m<[39m[33mAdjustmentHistoryPage[39m [33m/[39m[33m>[39m
[90m [2mΓ¥»[22m tests/AdjustmentHistoryPage.test.tsx:[2m251:5[22m[39m

[31m[2mΓÄ»ΓÄ»ΓÄ»ΓÄ»ΓÄ»ΓÄ»ΓÄ»ΓÄ»ΓÄ»ΓÄ»ΓÄ»ΓÄ»ΓÄ»ΓÄ»ΓÄ»ΓÄ»ΓÄ»ΓÄ»ΓÄ»ΓÄ»ΓÄ»[19/486]ΓÄ»[22m[39m

[41m[1m FAIL [22m[49m tests/AdjustmentHistoryPage.test.tsx[2m > [22mAdjustmentHistoryPage ΓÇö client-side filtering[2m > [22mclears 
filters on Clear button click
[31m[1mTypeError[22m: React.act is not a function[39m
[90m [2mΓ¥»[22m exports.act ../node_modules/react-dom/cjs/react-dom-test-utils.production.js:[2m20:16[22m[39m
[90m [2mΓ¥»[22m ../node_modules/@testing-library/react/dist/act-compat.js:[2m46:25[22m[39m
[90m [2mΓ¥»[22m renderRoot ../node_modules/@testing-library/react/dist/pure.js:[2m189:26[22m[39m
[90m [2mΓ¥»[22m Proxy.render ../node_modules/@testing-library/react/dist/pure.js:[2m291:10[22m[39m
[36m [2mΓ¥»[22m renderPage tests/AdjustmentHistoryPage.test.tsx:[2m108:10[22m[39m
    [90m106| [39m
    [90m107| [39m[35mfunction[39m [34mrenderPage[39m() {
    [90m108| [39m  [35mreturn[39m [34mrender[39m(
    [90m   | [39m         [31m^[39m
    [90m109| [39m    [33m<[39m[33mMemoryRouter[39m[33m>[39m
    [90m110| [39m      [33m<[39m[33mAdjustmentHistoryPage[39m [33m/[39m[33m>[39m
[90m [2mΓ¥»[22m tests/AdjustmentHistoryPage.test.tsx:[2m264:5[22m[39m

[31m[2mΓÄ»ΓÄ»ΓÄ»ΓÄ»ΓÄ»ΓÄ»ΓÄ»ΓÄ»ΓÄ»ΓÄ»ΓÄ»ΓÄ»ΓÄ»ΓÄ»ΓÄ»ΓÄ»ΓÄ»ΓÄ»ΓÄ»ΓÄ»ΓÄ»[20/486]ΓÄ»[22m[39m

[41m[1m FAIL [22m[49m tests/AdjustmentHistoryPage.test.tsx[2m > [22mAdjustmentHistoryPage ΓÇö pagination[2m > [22mshows pagination summary 
when records exist
[31m[1mTypeError[22m: React.act is not a function[39m
[90m [2mΓ¥»[22m exports.act ../node_modules/react-dom/cjs/react-dom-test-utils.production.js:[2m20:16[22m[39m
[90m [2mΓ¥»[22m ../node_modules/@testing-library/react/dist/act-compat.js:[2m46:25[22m[39m
[90m [2mΓ¥»[22m renderRoot ../node_modules/@testing-library/react/dist/pure.js:[2m189:26[22m[39m
[90m [2mΓ¥»[22m Proxy.render ../node_modules/@testing-library/react/dist/pure.js:[2m291:10[22m[39m
[36m [2mΓ¥»[22m renderPage tests/AdjustmentHistoryPage.test.tsx:[2m108:10[22m[39m
    [90m106| [39m
    [90m107| [39m[35mfunction[39m [34mrenderPage[39m() {
    [90m108| [39m  [35mreturn[39m [34mrender[39m(
    [90m   | [39m         [31m^[39m
    [90m109| [39m    [33m<[39m[33mMemoryRouter[39m[33m>[39m
    [90m110| [39m      [33m<[39m[33mAdjustmentHistoryPage[39m [33m/[39m[33m>[39m
[90m [2mΓ¥»[22m tests/AdjustmentHistoryPage.test.tsx:[2m288:5[22m[39m

[31m[2mΓÄ»ΓÄ»ΓÄ»ΓÄ»ΓÄ»ΓÄ»ΓÄ»ΓÄ»ΓÄ»ΓÄ»ΓÄ»ΓÄ»ΓÄ»ΓÄ»ΓÄ»ΓÄ»ΓÄ»ΓÄ»ΓÄ»ΓÄ»ΓÄ»[21/486]ΓÄ»[22m[39m

[41m[1m FAIL [22m[49m tests/AdjustmentHistoryPage.test.tsx[2m > [22mAdjustmentHistoryPage ΓÇö pagination[2m > [22mPrevious page button is 
disabled on first page
[31m[1mTypeError[22m: React.act is not a function[39m
[90m [2mΓ¥»[22m exports.act ../node_modules/react-dom/cjs/react-dom-test-utils.production.js:[2m20:16[22m[39m
[90m [2mΓ¥»[22m ../node_modules/@testing-library/react/dist/act-compat.js:[2m46:25[22m[39m
[90m [2mΓ¥»[22m renderRoot ../node_modules/@testing-library/react/dist/pure.js:[2m189:26[22m[39m
[90m [2mΓ¥»[22m Proxy.render ../node_modules/@testing-library/react/dist/pure.js:[2m291:10[22m[39m
[36m [2mΓ¥»[22m renderPage tests/AdjustmentHistoryPage.test.tsx:[2m108:10[22m[39m
    [90m106| [39m
    [90m107| [39m[35mfunction[39m [34mrenderPage[39m() {
    [90m108| [39m  [35mreturn[39m [34mrender[39m(
    [90m   | [39m         [31m^[39m
    [90m109| [39m    [33m<[39m[33mMemoryRouter[39m[33m>[39m
    [90m110| [39m      [33m<[39m[33mAdjustmentHistoryPage[39m [33m/[39m[33m>[39m
[90m [2mΓ¥»[22m tests/AdjustmentHistoryPage.test.tsx:[2m298:5[22m[39m

[31m[2mΓÄ»ΓÄ»ΓÄ»ΓÄ»ΓÄ»ΓÄ»ΓÄ»ΓÄ»ΓÄ»ΓÄ»ΓÄ»ΓÄ»ΓÄ»ΓÄ»ΓÄ»ΓÄ»ΓÄ»ΓÄ»ΓÄ»ΓÄ»ΓÄ»[22/486]ΓÄ»[22m[39m

[41m[1m FAIL [22m[49m tests/App.test.tsx[2m > [22mLoginPage[2m > [22mrenders the sign-in form
[31m[1mTypeError[22m: React.act is not a function[39m
[90m [2mΓ¥»[22m exports.act ../node_modules/react-dom/cjs/react-dom-test-utils.production.js:[2m20:16[22m[39m
[90m [2mΓ¥»[22m ../node_modules/@testing-library/react/dist/act-compat.js:[2m46:25[22m[39m
[90m [2mΓ¥»[22m renderRoot ../node_modules/@testing-library/react/dist/pure.js:[2m189:26[22m[39m
[90m [2mΓ¥»[22m Proxy.render ../node_modules/@testing-library/react/dist/pure.js:[2m291:10[22m[39m
[36m [2mΓ¥»[22m tests/App.test.tsx:[2m27:5[22m[39m
    [90m 25| [39m[34mdescribe[39m([32m"LoginPage"[39m[33m,[39m () [33m=>[39m {
    [90m 26| [39m  [34mit[39m([32m"renders the sign-in form"[39m[33m,[39m () [33m=>[39m {
    [90m 27| [39m    [34mrender[39m(
    [90m   | [39m    [31m^[39m
    [90m 28| [39m      [33m<[39m[33mAuthProvider[39m[33m>[39m
    [90m 29| [39m        [33m<[39m[33mMemoryRouter[39m[33m>[39m

[31m[2mΓÄ»ΓÄ»ΓÄ»ΓÄ»ΓÄ»ΓÄ»ΓÄ»ΓÄ»ΓÄ»ΓÄ»ΓÄ»ΓÄ»ΓÄ»ΓÄ»ΓÄ»ΓÄ»ΓÄ»ΓÄ»ΓÄ»ΓÄ»ΓÄ»[23/486]ΓÄ»[22m[39m

[41m[1m FAIL [22m[49m tests/authCookieMigration.test.tsx[2m > [22mSprint 4B ΓÇö Cookie Migration[2m > [22mlogin flow[2m > [22mstores 
only the access token ΓÇö refresh token is never persisted
[31m[1mTypeError[22m: React.act is not a function[39m
[90m [2mΓ¥»[22m exports.act ../node_modules/react-dom/cjs/react-dom-test-utils.production.js:[2m20:16[22m[39m
[90m [2mΓ¥»[22m ../node_modules/@testing-library/react/dist/act-compat.js:[2m46:25[22m[39m
[90m [2mΓ¥»[22m renderRoot ../node_modules/@testing-library/react/dist/pure.js:[2m189:26[22m[39m
[90m [2mΓ¥»[22m Proxy.render ../node_modules/@testing-library/react/dist/pure.js:[2m291:10[22m[39m
[36m [2mΓ¥»[22m renderWithAuth tests/authCookieMigration.test.tsx:[2m97:10[22m[39m
    [90m 95| [39m
    [90m 96| [39m[35mfunction[39m [34mrenderWithAuth[39m() {
    [90m 97| [39m  [35mreturn[39m [34mrender[39m(
    [90m   | [39m         [31m^[39m
    [90m 98| [39m    [33m<[39m[33mAuthProvider[39m[33m>[39m
    [90m 99| [39m      [33m<[39m[33mContextCapture[39m [33m/[39m[33m>[39m
[90m [2mΓ¥»[22m tests/authCookieMigration.test.tsx:[2m127:7[22m[39m

[31m[2mΓÄ»ΓÄ»ΓÄ»ΓÄ»ΓÄ»ΓÄ»ΓÄ»ΓÄ»ΓÄ»ΓÄ»ΓÄ»ΓÄ»ΓÄ»ΓÄ»ΓÄ»ΓÄ»ΓÄ»ΓÄ»ΓÄ»ΓÄ»ΓÄ»[24/486]ΓÄ»[22m[39m

[41m[1m FAIL [22m[49m tests/authCookieMigration.test.tsx[2m > [22mSprint 4B ΓÇö Cookie Migration[2m > [22mlogin flow[2m > [22mreturns 
requiresMfa:true without storing tokens when MFA is required
[31m[1mTypeError[22m: React.act is not a function[39m
[90m [2mΓ¥»[22m exports.act ../node_modules/react-dom/cjs/react-dom-test-utils.production.js:[2m20:16[22m[39m
[90m [2mΓ¥»[22m ../node_modules/@testing-library/react/dist/act-compat.js:[2m46:25[22m[39m
[90m [2mΓ¥»[22m renderRoot ../node_modules/@testing-library/react/dist/pure.js:[2m189:26[22m[39m
[90m [2mΓ¥»[22m Proxy.render ../node_modules/@testing-library/react/dist/pure.js:[2m291:10[22m[39m
[36m [2mΓ¥»[22m renderWithAuth tests/authCookieMigration.test.tsx:[2m97:10[22m[39m
    [90m 95| [39m
    [90m 96| [39m[35mfunction[39m [34mrenderWithAuth[39m() {
    [90m 97| [39m  [35mreturn[39m [34mrender[39m(
    [90m   | [39m         [31m^[39m
    [90m 98| [39m    [33m<[39m[33mAuthProvider[39m[33m>[39m
    [90m 99| [39m      [33m<[39m[33mContextCapture[39m [33m/[39m[33m>[39m
[90m [2mΓ¥»[22m tests/authCookieMigration.test.tsx:[2m152:7[22m[39m

[31m[2mΓÄ»ΓÄ»ΓÄ»ΓÄ»ΓÄ»ΓÄ»ΓÄ»ΓÄ»ΓÄ»ΓÄ»ΓÄ»ΓÄ»ΓÄ»ΓÄ»ΓÄ»ΓÄ»ΓÄ»ΓÄ»ΓÄ»ΓÄ»ΓÄ»[25/486]ΓÄ»[22m[39m

[41m[1m FAIL [22m[49m tests/authCookieMigration.test.tsx[2m > [22mSprint 4B ΓÇö Cookie Migration[2m > [22mMFA verify flow[2m > 
[22mstores only the access token after MFA verification ΓÇö refresh token not persisted
[31m[1mTypeError[22m: React.act is not a function[39m
[90m [2mΓ¥»[22m exports.act ../node_modules/react-dom/cjs/react-dom-test-utils.production.js:[2m20:16[22m[39m
[90m [2mΓ¥»[22m ../node_modules/@testing-library/react/dist/act-compat.js:[2m46:25[22m[39m
[90m [2mΓ¥»[22m renderRoot ../node_modules/@testing-library/react/dist/pure.js:[2m189:26[22m[39m
[90m [2mΓ¥»[22m Proxy.render ../node_modules/@testing-library/react/dist/pure.js:[2m291:10[22m[39m
[36m [2mΓ¥»[22m renderWithAuth tests/authCookieMigration.test.tsx:[2m97:10[22m[39m
    [90m 95| [39m
    [90m 96| [39m[35mfunction[39m [34mrenderWithAuth[39m() {
    [90m 97| [39m  [35mreturn[39m [34mrender[39m(
    [90m   | [39m         [31m^[39m
    [90m 98| [39m    [33m<[39m[33mAuthProvider[39m[33m>[39m
    [90m 99| [39m      [33m<[39m[33mContextCapture[39m [33m/[39m[33m>[39m
[90m [2mΓ¥»[22m tests/authCookieMigration.test.tsx:[2m174:7[22m[39m

[31m[2mΓÄ»ΓÄ»ΓÄ»ΓÄ»ΓÄ»ΓÄ»ΓÄ»ΓÄ»ΓÄ»ΓÄ»ΓÄ»ΓÄ»ΓÄ»ΓÄ»ΓÄ»ΓÄ»ΓÄ»ΓÄ»ΓÄ»ΓÄ»ΓÄ»[26/486]ΓÄ»[22m[39m

[41m[1m FAIL [22m[49m tests/authCookieMigration.test.tsx[2m > [22mSprint 4B ΓÇö Cookie Migration[2m > [22msession restore ΓÇö cookie-based 
refresh[2m > [22mrestores session via HttpOnly cookie when no access token is stored
[31m[1mTypeError[22m: React.act is not a function[39m
[90m [2mΓ¥»[22m exports.act ../node_modules/react-dom/cjs/react-dom-test-utils.production.js:[2m20:16[22m[39m
[90m [2mΓ¥»[22m ../node_modules/@testing-library/react/dist/act-compat.js:[2m46:25[22m[39m
[90m [2mΓ¥»[22m renderRoot ../node_modules/@testing-library/react/dist/pure.js:[2m189:26[22m[39m
[90m [2mΓ¥»[22m Proxy.render ../node_modules/@testing-library/react/dist/pure.js:[2m291:10[22m[39m
[36m [2mΓ¥»[22m renderWithAuth tests/authCookieMigration.test.tsx:[2m97:10[22m[39m
    [90m 95| [39m
    [90m 96| [39m[35mfunction[39m [34mrenderWithAuth[39m() {
    [90m 97| [39m  [35mreturn[39m [34mrender[39m(
    [90m   | [39m         [31m^[39m
    [90m 98| [39m    [33m<[39m[33mAuthProvider[39m[33m>[39m
    [90m 99| [39m      [33m<[39m[33mContextCapture[39m [33m/[39m[33m>[39m
[90m [2mΓ¥»[22m tests/authCookieMigration.test.tsx:[2m193:7[22m[39m

[31m[2mΓÄ»ΓÄ»ΓÄ»ΓÄ»ΓÄ»ΓÄ»ΓÄ»ΓÄ»ΓÄ»ΓÄ»ΓÄ»ΓÄ»ΓÄ»ΓÄ»ΓÄ»ΓÄ»ΓÄ»ΓÄ»ΓÄ»ΓÄ»ΓÄ»[27/486]ΓÄ»[22m[39m

[41m[1m FAIL [22m[49m tests/authCookieMigration.test.tsx[2m > [22mSprint 4B ΓÇö Cookie Migration[2m > [22msession restore ΓÇö cookie-based 
refresh[2m > [22mleaves user as null when no access token and no valid cookie
[31m[1mTypeError[22m: React.act is not a function[39m
[90m [2mΓ¥»[22m exports.act ../node_modules/react-dom/cjs/react-dom-test-utils.production.js:[2m20:16[22m[39m
[90m [2mΓ¥»[22m ../node_modules/@testing-library/react/dist/act-compat.js:[2m46:25[22m[39m
[90m [2mΓ¥»[22m renderRoot ../node_modules/@testing-library/react/dist/pure.js:[2m189:26[22m[39m
[90m [2mΓ¥»[22m Proxy.render ../node_modules/@testing-library/react/dist/pure.js:[2m291:10[22m[39m
[36m [2mΓ¥»[22m renderWithAuth tests/authCookieMigration.test.tsx:[2m97:10[22m[39m
    [90m 95| [39m
    [90m 96| [39m[35mfunction[39m [34mrenderWithAuth[39m() {
    [90m 97| [39m  [35mreturn[39m [34mrender[39m(
    [90m   | [39m         [31m^[39m
    [90m 98| [39m    [33m<[39m[33mAuthProvider[39m[33m>[39m
    [90m 99| [39m      [33m<[39m[33mContextCapture[39m [33m/[39m[33m>[39m
[90m [2mΓ¥»[22m tests/authCookieMigration.test.tsx:[2m211:7[22m[39m

[31m[2mΓÄ»ΓÄ»ΓÄ»ΓÄ»ΓÄ»ΓÄ»ΓÄ»ΓÄ»ΓÄ»ΓÄ»ΓÄ»ΓÄ»ΓÄ»ΓÄ»ΓÄ»ΓÄ»ΓÄ»ΓÄ»ΓÄ»ΓÄ»ΓÄ»[28/486]ΓÄ»[22m[39m

[41m[1m FAIL [22m[49m tests/authCookieMigration.test.tsx[2m > [22mSprint 4B ΓÇö Cookie Migration[2m > [22mlogout flow[2m > [22mclears 
only the access token and calls logout with no refreshToken argument
[31m[1mTypeError[22m: React.act is not a function[39m
[90m [2mΓ¥»[22m exports.act ../node_modules/react-dom/cjs/react-dom-test-utils.production.js:[2m20:16[22m[39m
[90m [2mΓ¥»[22m ../node_modules/@testing-library/react/dist/act-compat.js:[2m46:25[22m[39m
[90m [2mΓ¥»[22m renderRoot ../node_modules/@testing-library/react/dist/pure.js:[2m189:26[22m[39m
[90m [2mΓ¥»[22m Proxy.render ../node_modules/@testing-library/react/dist/pure.js:[2m291:10[22m[39m
[36m [2mΓ¥»[22m renderWithAuth tests/authCookieMigration.test.tsx:[2m97:10[22m[39m
    [90m 95| [39m
    [90m 96| [39m[35mfunction[39m [34mrenderWithAuth[39m() {
    [90m 97| [39m  [35mreturn[39m [34mrender[39m(
    [90m   | [39m         [31m^[39m
    [90m 98| [39m    [33m<[39m[33mAuthProvider[39m[33m>[39m
    [90m 99| [39m      [33m<[39m[33mContextCapture[39m [33m/[39m[33m>[39m
[90m [2mΓ¥»[22m tests/authCookieMigration.test.tsx:[2m226:7[22m[39m

[31m[2mΓÄ»ΓÄ»ΓÄ»ΓÄ»ΓÄ»ΓÄ»ΓÄ»ΓÄ»ΓÄ»ΓÄ»ΓÄ»ΓÄ»ΓÄ»ΓÄ»ΓÄ»ΓÄ»ΓÄ»ΓÄ»ΓÄ»ΓÄ»ΓÄ»[29/486]ΓÄ»[22m[39m

[41m[1m FAIL [22m[49m tests/authCookieMigration.test.tsx[2m > [22mSprint 4B ΓÇö Cookie Migration[2m > [22mlogout flow[2m > [22mclears 
access token even when logout API call fails
[31m[1mTypeError[22m: React.act is not a function[39m
[90m [2mΓ¥»[22m exports.act ../node_modules/react-dom/cjs/react-dom-test-utils.production.js:[2m20:16[22m[39m
[90m [2mΓ¥»[22m ../node_modules/@testing-library/react/dist/act-compat.js:[2m46:25[22m[39m
[90m [2mΓ¥»[22m renderRoot ../node_modules/@testing-library/react/dist/pure.js:[2m189:26[22m[39m
[90m [2mΓ¥»[22m Proxy.render ../node_modules/@testing-library/react/dist/pure.js:[2m291:10[22m[39m
[36m [2mΓ¥»[22m renderWithAuth tests/authCookieMigration.test.tsx:[2m97:10[22m[39m
    [90m 95| [39m
    [90m 96| [39m[35mfunction[39m [34mrenderWithAuth[39m() {
    [90m 97| [39m  [35mreturn[39m [34mrender[39m(
    [90m   | [39m         [31m^[39m
    [90m 98| [39m    [33m<[39m[33mAuthProvider[39m[33m>[39m
    [90m 99| [39m      [33m<[39m[33mContextCapture[39m [33m/[39m[33m>[39m
[90m [2mΓ¥»[22m tests/authCookieMigration.test.tsx:[2m248:7[22m[39m

[31m[2mΓÄ»ΓÄ»ΓÄ»ΓÄ»ΓÄ»ΓÄ»ΓÄ»ΓÄ»ΓÄ»ΓÄ»ΓÄ»ΓÄ»ΓÄ»ΓÄ»ΓÄ»ΓÄ»ΓÄ»ΓÄ»ΓÄ»ΓÄ»ΓÄ»[30/486]ΓÄ»[22m[39m

[41m[1m FAIL [22m[49m tests/ClinicSettingsPage.test.tsx[2m > [22mClinicSettingsPage ΓÇö /settings/clinic (home-clinic route)[2m > 
[22mowner_admin[2m > [22mrenders the page heading
[31m[1mTypeError[22m: React.act is not a function[39m
[90m [2mΓ¥»[22m exports.act ../node_modules/react-dom/cjs/react-dom-test-utils.production.js:[2m20:16[22m[39m
[90m [2mΓ¥»[22m ../node_modules/@testing-library/react/dist/act-compat.js:[2m46:25[22m[39m
[90m [2mΓ¥»[22m renderRoot ../node_modules/@testing-library/react/dist/pure.js:[2m189:26[22m[39m
[90m [2mΓ¥»[22m Proxy.render ../node_modules/@testing-library/react/dist/pure.js:[2m291:10[22m[39m
[36m [2mΓ¥»[22m renderHomeClinicRoute tests/ClinicSettingsPage.test.tsx:[2m102:10[22m[39m
    [90m100| [39m/** Renders the page at /settings/clinic (no URL param ΓÇö home clinic rΓÇª
    [90m101| [39m[35mfunction[39m [34mrenderHomeClinicRoute[39m() {
    [90m102| [39m  [35mreturn[39m [34mrender[39m(
    [90m   | [39m         [31m^[39m
    [90m103| [39m    [33m<[39m[33mMemoryRouter[39m 
[33minitialEntries[39m[33m=[39m[33m{[39m[[32m"/settings/clinic"[39m][33m}[39m[33m>[39m
    [90m104| [39m      [33m<[39m[33mRoutes[39m[33m>[39m
[90m [2mΓ¥»[22m tests/ClinicSettingsPage.test.tsx:[2m134:7[22m[39m

[31m[2mΓÄ»ΓÄ»ΓÄ»ΓÄ»ΓÄ»ΓÄ»ΓÄ»ΓÄ»ΓÄ»ΓÄ»ΓÄ»ΓÄ»ΓÄ»ΓÄ»ΓÄ»ΓÄ»ΓÄ»ΓÄ»ΓÄ»ΓÄ»ΓÄ»[31/486]ΓÄ»[22m[39m

[41m[1m FAIL [22m[49m tests/ClinicSettingsPage.test.tsx[2m > [22mClinicSettingsPage ΓÇö /settings/clinic (home-clinic route)[2m > 
[22mowner_admin[2m > [22mloads the home clinic and populates the clinic name
[31m[1mTypeError[22m: React.act is not a function[39m
[90m [2mΓ¥»[22m exports.act ../node_modules/react-dom/cjs/react-dom-test-utils.production.js:[2m20:16[22m[39m
[90m [2mΓ¥»[22m ../node_modules/@testing-library/react/dist/act-compat.js:[2m46:25[22m[39m
[90m [2mΓ¥»[22m renderRoot ../node_modules/@testing-library/react/dist/pure.js:[2m189:26[22m[39m
[90m [2mΓ¥»[22m Proxy.render ../node_modules/@testing-library/react/dist/pure.js:[2m291:10[22m[39m
[36m [2mΓ¥»[22m renderHomeClinicRoute tests/ClinicSettingsPage.test.tsx:[2m102:10[22m[39m
    [90m100| [39m/** Renders the page at /settings/clinic (no URL param ΓÇö home clinic rΓÇª
    [90m101| [39m[35mfunction[39m [34mrenderHomeClinicRoute[39m() {
    [90m102| [39m  [35mreturn[39m [34mrender[39m(
    [90m   | [39m         [31m^[39m
    [90m103| [39m    [33m<[39m[33mMemoryRouter[39m 
[33minitialEntries[39m[33m=[39m[33m{[39m[[32m"/settings/clinic"[39m][33m}[39m[33m>[39m
    [90m104| [39m      [33m<[39m[33mRoutes[39m[33m>[39m
[90m [2mΓ¥»[22m tests/ClinicSettingsPage.test.tsx:[2m141:7[22m[39m

[31m[2mΓÄ»ΓÄ»ΓÄ»ΓÄ»ΓÄ»ΓÄ»ΓÄ»ΓÄ»ΓÄ»ΓÄ»ΓÄ»ΓÄ»ΓÄ»ΓÄ»ΓÄ»ΓÄ»ΓÄ»ΓÄ»ΓÄ»ΓÄ»ΓÄ»[32/486]ΓÄ»[22m[39m

[41m[1m FAIL [22m[49m tests/ClinicSettingsPage.test.tsx[2m > [22mClinicSettingsPage ΓÇö /settings/clinic (home-clinic route)[2m > 
[22mowner_admin[2m > [22mform inputs are enabled for owner_admin
[31m[1mTypeError[22m: React.act is not a function[39m
[90m [2mΓ¥»[22m exports.act ../node_modules/react-dom/cjs/react-dom-test-utils.production.js:[2m20:16[22m[39m
[90m [2mΓ¥»[22m ../node_modules/@testing-library/react/dist/act-compat.js:[2m46:25[22m[39m
[90m [2mΓ¥»[22m renderRoot ../node_modules/@testing-library/react/dist/pure.js:[2m189:26[22m[39m
[90m [2mΓ¥»[22m Proxy.render ../node_modules/@testing-library/react/dist/pure.js:[2m291:10[22m[39m
[36m [2mΓ¥»[22m renderHomeClinicRoute tests/ClinicSettingsPage.test.tsx:[2m102:10[22m[39m
    [90m100| [39m/** Renders the page at /settings/clinic (no URL param ΓÇö home clinic rΓÇª
    [90m101| [39m[35mfunction[39m [34mrenderHomeClinicRoute[39m() {
    [90m102| [39m  [35mreturn[39m [34mrender[39m(
    [90m   | [39m         [31m^[39m
    [90m103| [39m    [33m<[39m[33mMemoryRouter[39m 
[33minitialEntries[39m[33m=[39m[33m{[39m[[32m"/settings/clinic"[39m][33m}[39m[33m>[39m
    [90m104| [39m      [33m<[39m[33mRoutes[39m[33m>[39m
[90m [2mΓ¥»[22m tests/ClinicSettingsPage.test.tsx:[2m151:7[22m[39m

[31m[2mΓÄ»ΓÄ»ΓÄ»ΓÄ»ΓÄ»ΓÄ»ΓÄ»ΓÄ»ΓÄ»ΓÄ»ΓÄ»ΓÄ»ΓÄ»ΓÄ»ΓÄ»ΓÄ»ΓÄ»ΓÄ»ΓÄ»ΓÄ»ΓÄ»[33/486]ΓÄ»[22m[39m

[41m[1m FAIL [22m[49m tests/ClinicSettingsPage.test.tsx[2m > [22mClinicSettingsPage ΓÇö /settings/clinic (home-clinic route)[2m > 
[22mowner_admin[2m > [22mcalls updateClinicSettings with the correct clinic id on save
[31m[1mTypeError[22m: React.act is not a function[39m
[90m [2mΓ¥»[22m exports.act ../node_modules/react-dom/cjs/react-dom-test-utils.production.js:[2m20:16[22m[39m
[90m [2mΓ¥»[22m ../node_modules/@testing-library/react/dist/act-compat.js:[2m46:25[22m[39m
[90m [2mΓ¥»[22m renderRoot ../node_modules/@testing-library/react/dist/pure.js:[2m189:26[22m[39m
[90m [2mΓ¥»[22m Proxy.render ../node_modules/@testing-library/react/dist/pure.js:[2m291:10[22m[39m
[36m [2mΓ¥»[22m renderHomeClinicRoute tests/ClinicSettingsPage.test.tsx:[2m102:10[22m[39m
    [90m100| [39m/** Renders the page at /settings/clinic (no URL param ΓÇö home clinic rΓÇª
    [90m101| [39m[35mfunction[39m [34mrenderHomeClinicRoute[39m() {
    [90m102| [39m  [35mreturn[39m [34mrender[39m(
    [90m   | [39m         [31m^[39m
    [90m103| [39m    [33m<[39m[33mMemoryRouter[39m 
[33minitialEntries[39m[33m=[39m[33m{[39m[[32m"/settings/clinic"[39m][33m}[39m[33m>[39m
    [90m104| [39m      [33m<[39m[33mRoutes[39m[33m>[39m
[90m [2mΓ¥»[22m tests/ClinicSettingsPage.test.tsx:[2m159:7[22m[39m

[31m[2mΓÄ»ΓÄ»ΓÄ»ΓÄ»ΓÄ»ΓÄ»ΓÄ»ΓÄ»ΓÄ»ΓÄ»ΓÄ»ΓÄ»ΓÄ»ΓÄ»ΓÄ»ΓÄ»ΓÄ»ΓÄ»ΓÄ»ΓÄ»ΓÄ»[34/486]ΓÄ»[22m[39m

[41m[1m FAIL [22m[49m tests/ClinicSettingsPage.test.tsx[2m > [22mClinicSettingsPage ΓÇö /settings/clinic (home-clinic route)[2m > 
[22mgroup_practice_manager[2m > [22mrenders the page (not redirected)
[31m[1mTypeError[22m: React.act is not a function[39m
[90m [2mΓ¥»[22m exports.act ../node_modules/react-dom/cjs/react-dom-test-utils.production.js:[2m20:16[22m[39m
[90m [2mΓ¥»[22m ../node_modules/@testing-library/react/dist/act-compat.js:[2m46:25[22m[39m
[90m [2mΓ¥»[22m renderRoot ../node_modules/@testing-library/react/dist/pure.js:[2m189:26[22m[39m
[90m [2mΓ¥»[22m Proxy.render ../node_modules/@testing-library/react/dist/pure.js:[2m291:10[22m[39m
[36m [2mΓ¥»[22m renderHomeClinicRoute tests/ClinicSettingsPage.test.tsx:[2m102:10[22m[39m
    [90m100| [39m/** Renders the page at /settings/clinic (no URL param ΓÇö home clinic rΓÇª
    [90m101| [39m[35mfunction[39m [34mrenderHomeClinicRoute[39m() {
    [90m102| [39m  [35mreturn[39m [34mrender[39m(
    [90m   | [39m         [31m^[39m
    [90m103| [39m    [33m<[39m[33mMemoryRouter[39m 
[33minitialEntries[39m[33m=[39m[33m{[39m[[32m"/settings/clinic"[39m][33m}[39m[33m>[39m
    [90m104| [39m      [33m<[39m[33mRoutes[39m[33m>[39m
[90m [2mΓ¥»[22m tests/ClinicSettingsPage.test.tsx:[2m183:7[22m[39m

[31m[2mΓÄ»ΓÄ»ΓÄ»ΓÄ»ΓÄ»ΓÄ»ΓÄ»ΓÄ»ΓÄ»ΓÄ»ΓÄ»ΓÄ»ΓÄ»ΓÄ»ΓÄ»ΓÄ»ΓÄ»ΓÄ»ΓÄ»ΓÄ»ΓÄ»[35/486]ΓÄ»[22m[39m

[41m[1m FAIL [22m[49m tests/ClinicSettingsPage.test.tsx[2m > [22mClinicSettingsPage ΓÇö /settings/clinic (home-clinic route)[2m > 
[22mgroup_practice_manager[2m > [22mform inputs are disabled (read-only mode)
[31m[1mTypeError[22m: React.act is not a function[39m
[90m [2mΓ¥»[22m exports.act ../node_modules/react-dom/cjs/react-dom-test-utils.production.js:[2m20:16[22m[39m
[90m [2mΓ¥»[22m ../node_modules/@testing-library/react/dist/act-compat.js:[2m46:25[22m[39m
[90m [2mΓ¥»[22m renderRoot ../node_modules/@testing-library/react/dist/pure.js:[2m189:26[22m[39m
[90m [2mΓ¥»[22m Proxy.render ../node_modules/@testing-library/react/dist/pure.js:[2m291:10[22m[39m
[36m [2mΓ¥»[22m renderHomeClinicRoute tests/ClinicSettingsPage.test.tsx:[2m102:10[22m[39m
    [90m100| [39m/** Renders the page at /settings/clinic (no URL param ΓÇö home clinic rΓÇª
    [90m101| [39m[35mfunction[39m [34mrenderHomeClinicRoute[39m() {
    [90m102| [39m  [35mreturn[39m [34mrender[39m(
    [90m   | [39m         [31m^[39m
    [90m103| [39m    [33m<[39m[33mMemoryRouter[39m 
[33minitialEntries[39m[33m=[39m[33m{[39m[[32m"/settings/clinic"[39m][33m}[39m[33m>[39m
    [90m104| [39m      [33m<[39m[33mRoutes[39m[33m>[39m
[90m [2mΓ¥»[22m tests/ClinicSettingsPage.test.tsx:[2m190:7[22m[39m

[31m[2mΓÄ»ΓÄ»ΓÄ»ΓÄ»ΓÄ»ΓÄ»ΓÄ»ΓÄ»ΓÄ»ΓÄ»ΓÄ»ΓÄ»ΓÄ»ΓÄ»ΓÄ»ΓÄ»ΓÄ»ΓÄ»ΓÄ»ΓÄ»ΓÄ»[36/486]ΓÄ»[22m[39m

[41m[1m FAIL [22m[49m tests/ClinicSettingsPage.test.tsx[2m > [22mClinicSettingsPage ΓÇö /settings/clinic (home-clinic route)[2m > 
[22mgroup_practice_manager[2m > [22mshows the read-only notice
[31m[1mTypeError[22m: React.act is not a function[39m
[90m [2mΓ¥»[22m exports.act ../node_modules/react-dom/cjs/react-dom-test-utils.production.js:[2m20:16[22m[39m
[90m [2mΓ¥»[22m ../node_modules/@testing-library/react/dist/act-compat.js:[2m46:25[22m[39m
[90m [2mΓ¥»[22m renderRoot ../node_modules/@testing-library/react/dist/pure.js:[2m189:26[22m[39m
[90m [2mΓ¥»[22m Proxy.render ../node_modules/@testing-library/react/dist/pure.js:[2m291:10[22m[39m
[36m [2mΓ¥»[22m renderHomeClinicRoute tests/ClinicSettingsPage.test.tsx:[2m102:10[22m[39m
    [90m100| [39m/** Renders the page at /settings/clinic (no URL param ΓÇö home clinic rΓÇª
    [90m101| [39m[35mfunction[39m [34mrenderHomeClinicRoute[39m() {
    [90m102| [39m  [35mreturn[39m [34mrender[39m(
    [90m   | [39m         [31m^[39m
    [90m103| [39m    [33m<[39m[33mMemoryRouter[39m 
[33minitialEntries[39m[33m=[39m[33m{[39m[[32m"/settings/clinic"[39m][33m}[39m[33m>[39m
    [90m104| [39m      [33m<[39m[33mRoutes[39m[33m>[39m
[90m [2mΓ¥»[22m tests/ClinicSettingsPage.test.tsx:[2m197:7[22m[39m

[31m[2mΓÄ»ΓÄ»ΓÄ»ΓÄ»ΓÄ»ΓÄ»ΓÄ»ΓÄ»ΓÄ»ΓÄ»ΓÄ»ΓÄ»ΓÄ»ΓÄ»ΓÄ»ΓÄ»ΓÄ»ΓÄ»ΓÄ»ΓÄ»ΓÄ»[37/486]ΓÄ»[22m[39m

[41m[1m FAIL [22m[49m tests/ClinicSettingsPage.test.tsx[2m > [22mClinicSettingsPage ΓÇö /settings/clinic (home-clinic route)[2m > 
[22mgroup_practice_manager[2m > [22mdoes not show the Save settings button
[31m[1mTypeError[22m: React.act is not a function[39m
[90m [2mΓ¥»[22m exports.act ../node_modules/react-dom/cjs/react-dom-test-utils.production.js:[2m20:16[22m[39m
[90m [2mΓ¥»[22m ../node_modules/@testing-library/react/dist/act-compat.js:[2m46:25[22m[39m
[90m [2mΓ¥»[22m renderRoot ../node_modules/@testing-library/react/dist/pure.js:[2m189:26[22m[39m
[90m [2mΓ¥»[22m Proxy.render ../node_modules/@testing-library/react/dist/pure.js:[2m291:10[22m[39m
[36m [2mΓ¥»[22m renderHomeClinicRoute tests/ClinicSettingsPage.test.tsx:[2m102:10[22m[39m
    [90m100| [39m/** Renders the page at /settings/clinic (no URL param ΓÇö home clinic rΓÇª
    [90m101| [39m[35mfunction[39m [34mrenderHomeClinicRoute[39m() {
    [90m102| [39m  [35mreturn[39m [34mrender[39m(
    [90m   | [39m         [31m^[39m
    [90m103| [39m    [33m<[39m[33mMemoryRouter[39m 
[33minitialEntries[39m[33m=[39m[33m{[39m[[32m"/settings/clinic"[39m][33m}[39m[33m>[39m
    [90m104| [39m      [33m<[39m[33mRoutes[39m[33m>[39m
[90m [2mΓ¥»[22m tests/ClinicSettingsPage.test.tsx:[2m204:7[22m[39m

[31m[2mΓÄ»ΓÄ»ΓÄ»ΓÄ»ΓÄ»ΓÄ»ΓÄ»ΓÄ»ΓÄ»ΓÄ»ΓÄ»ΓÄ»ΓÄ»ΓÄ»ΓÄ»ΓÄ»ΓÄ»ΓÄ»ΓÄ»ΓÄ»ΓÄ»[38/486]ΓÄ»[22m[39m

[41m[1m FAIL [22m[49m tests/ClinicSettingsPage.test.tsx[2m > [22mClinicSettingsPage ΓÇö /settings/clinic (home-clinic route)[2m > 
[22mclinical_staff[2m > [22mredirects to /
[31m[1mTypeError[22m: React.act is not a function[39m
[90m [2mΓ¥»[22m exports.act ../node_modules/react-dom/cjs/react-dom-test-utils.production.js:[2m20:16[22m[39m
[90m [2mΓ¥»[22m ../node_modules/@testing-library/react/dist/act-compat.js:[2m46:25[22m[39m
[90m [2mΓ¥»[22m renderRoot ../node_modules/@testing-library/react/dist/pure.js:[2m189:26[22m[39m
[90m [2mΓ¥»[22m Proxy.render ../node_modules/@testing-library/react/dist/pure.js:[2m291:10[22m[39m
[36m [2mΓ¥»[22m renderHomeClinicRoute tests/ClinicSettingsPage.test.tsx:[2m102:10[22m[39m
    [90m100| [39m/** Renders the page at /settings/clinic (no URL param ΓÇö home clinic rΓÇª
    [90m101| [39m[35mfunction[39m [34mrenderHomeClinicRoute[39m() {
    [90m102| [39m  [35mreturn[39m [34mrender[39m(
    [90m   | [39m         [31m^[39m
    [90m103| [39m    [33m<[39m[33mMemoryRouter[39m 
[33minitialEntries[39m[33m=[39m[33m{[39m[[32m"/settings/clinic"[39m][33m}[39m[33m>[39m
    [90m104| [39m      [33m<[39m[33mRoutes[39m[33m>[39m
[90m [2mΓ¥»[22m tests/ClinicSettingsPage.test.tsx:[2m216:7[22m[39m

[31m[2mΓÄ»ΓÄ»ΓÄ»ΓÄ»ΓÄ»ΓÄ»ΓÄ»ΓÄ»ΓÄ»ΓÄ»ΓÄ»ΓÄ»ΓÄ»ΓÄ»ΓÄ»ΓÄ»ΓÄ»ΓÄ»ΓÄ»ΓÄ»ΓÄ»[39/486]ΓÄ»[22m[39m

[41m[1m FAIL [22m[49m tests/ClinicSettingsPage.test.tsx[2m > [22mClinicSettingsPage ΓÇö /settings/clinics/:clinicId/edit (parameterised 
route)[2m > [22mowner_admin editing a non-home clinic[2m > [22mloads the specified clinic (not home clinic)
[31m[1mTypeError[22m: React.act is not a function[39m
[90m [2mΓ¥»[22m exports.act ../node_modules/react-dom/cjs/react-dom-test-utils.production.js:[2m20:16[22m[39m
[90m [2mΓ¥»[22m ../node_modules/@testing-library/react/dist/act-compat.js:[2m46:25[22m[39m
[90m [2mΓ¥»[22m renderRoot ../node_modules/@testing-library/react/dist/pure.js:[2m189:26[22m[39m
[90m [2mΓ¥»[22m Proxy.render ../node_modules/@testing-library/react/dist/pure.js:[2m291:10[22m[39m
[36m [2mΓ¥»[22m renderEditClinicRoute tests/ClinicSettingsPage.test.tsx:[2m114:10[22m[39m
    [90m112| [39m/** Renders the page at /settings/clinics/:clinicId/edit for the givenΓÇª
    [90m113| [39m[35mfunction[39m [34mrenderEditClinicRoute[39m(clinicId[33m:[39m string) {
    [90m114| [39m  [35mreturn[39m [34mrender[39m(
    [90m   | [39m         [31m^[39m
    [90m115| [39m    <MemoryRouter initialEntries={[`/settings/clinics/${clinicId}/editΓÇª
    [90m116| [39m      [33m<[39m[33mRoutes[39m[33m>[39m
[90m [2mΓ¥»[22m tests/ClinicSettingsPage.test.tsx:[2m236:7[22m[39m

[31m[2mΓÄ»ΓÄ»ΓÄ»ΓÄ»ΓÄ»ΓÄ»ΓÄ»ΓÄ»ΓÄ»ΓÄ»ΓÄ»ΓÄ»ΓÄ»ΓÄ»ΓÄ»ΓÄ»ΓÄ»ΓÄ»ΓÄ»ΓÄ»ΓÄ»[40/486]ΓÄ»[22m[39m

[41m[1m FAIL [22m[49m tests/ClinicSettingsPage.test.tsx[2m > [22mClinicSettingsPage ΓÇö /settings/clinics/:clinicId/edit (parameterised 
route)[2m > [22mowner_admin editing a non-home clinic[2m > [22mdisplays the non-home clinic name in the form
[31m[1mTypeError[22m: React.act is not a function[39m
[90m [2mΓ¥»[22m exports.act ../node_modules/react-dom/cjs/react-dom-test-utils.production.js:[2m20:16[22m[39m
[90m [2mΓ¥»[22m ../node_modules/@testing-library/react/dist/act-compat.js:[2m46:25[22m[39m
[90m [2mΓ¥»[22m renderRoot ../node_modules/@testing-library/react/dist/pure.js:[2m189:26[22m[39m
[90m [2mΓ¥»[22m Proxy.render ../node_modules/@testing-library/react/dist/pure.js:[2m291:10[22m[39m
[36m [2mΓ¥»[22m renderEditClinicRoute tests/ClinicSettingsPage.test.tsx:[2m114:10[22m[39m
    [90m112| [39m/** Renders the page at /settings/clinics/:clinicId/edit for the givenΓÇª
    [90m113| [39m[35mfunction[39m [34mrenderEditClinicRoute[39m(clinicId[33m:[39m string) {
    [90m114| [39m  [35mreturn[39m [34mrender[39m(
    [90m   | [39m         [31m^[39m
    [90m115| [39m    <MemoryRouter initialEntries={[`/settings/clinics/${clinicId}/editΓÇª
    [90m116| [39m      [33m<[39m[33mRoutes[39m[33m>[39m
[90m [2mΓ¥»[22m tests/ClinicSettingsPage.test.tsx:[2m243:7[22m[39m

[31m[2mΓÄ»ΓÄ»ΓÄ»ΓÄ»ΓÄ»ΓÄ»ΓÄ»ΓÄ»ΓÄ»ΓÄ»ΓÄ»ΓÄ»ΓÄ»ΓÄ»ΓÄ»ΓÄ»ΓÄ»ΓÄ»ΓÄ»ΓÄ»ΓÄ»[41/486]ΓÄ»[22m[39m

[41m[1m FAIL [22m[49m tests/ClinicSettingsPage.test.tsx[2m > [22mClinicSettingsPage ΓÇö /settings/clinics/:clinicId/edit (parameterised 
route)[2m > [22mowner_admin editing a non-home clinic[2m > [22mform inputs are enabled for owner_admin
[31m[1mTypeError[22m: React.act is not a function[39m
[90m [2mΓ¥»[22m exports.act ../node_modules/react-dom/cjs/react-dom-test-utils.production.js:[2m20:16[22m[39m
[90m [2mΓ¥»[22m ../node_modules/@testing-library/react/dist/act-compat.js:[2m46:25[22m[39m
[90m [2mΓ¥»[22m renderRoot ../node_modules/@testing-library/react/dist/pure.js:[2m189:26[22m[39m
[90m [2mΓ¥»[22m Proxy.render ../node_modules/@testing-library/react/dist/pure.js:[2m291:10[22m[39m
[36m [2mΓ¥»[22m renderEditClinicRoute tests/ClinicSettingsPage.test.tsx:[2m114:10[22m[39m
    [90m112| [39m/** Renders the page at /settings/clinics/:clinicId/edit for the givenΓÇª
    [90m113| [39m[35mfunction[39m [34mrenderEditClinicRoute[39m(clinicId[33m:[39m string) {
    [90m114| [39m  [35mreturn[39m [34mrender[39m(
    [90m   | [39m         [31m^[39m
    [90m115| [39m    <MemoryRouter initialEntries={[`/settings/clinics/${clinicId}/editΓÇª
    [90m116| [39m      [33m<[39m[33mRoutes[39m[33m>[39m
[90m [2mΓ¥»[22m tests/ClinicSettingsPage.test.tsx:[2m250:7[22m[39m

[31m[2mΓÄ»ΓÄ»ΓÄ»ΓÄ»ΓÄ»ΓÄ»ΓÄ»ΓÄ»ΓÄ»ΓÄ»ΓÄ»ΓÄ»ΓÄ»ΓÄ»ΓÄ»ΓÄ»ΓÄ»ΓÄ»ΓÄ»ΓÄ»ΓÄ»[42/486]ΓÄ»[22m[39m

[41m[1m FAIL [22m[49m tests/ClinicSettingsPage.test.tsx[2m > [22mClinicSettingsPage ΓÇö /settings/clinics/:clinicId/edit (parameterised 
route)[2m > [22mowner_admin editing a non-home clinic[2m > [22mcalls updateClinicSettings with the correct non-home clinic id on save
[31m[1mTypeError[22m: React.act is not a function[39m
[90m [2mΓ¥»[22m exports.act ../node_modules/react-dom/cjs/react-dom-test-utils.production.js:[2m20:16[22m[39m
[90m [2mΓ¥»[22m ../node_modules/@testing-library/react/dist/act-compat.js:[2m46:25[22m[39m
[90m [2mΓ¥»[22m renderRoot ../node_modules/@testing-library/react/dist/pure.js:[2m189:26[22m[39m
[90m [2mΓ¥»[22m Proxy.render ../node_modules/@testing-library/react/dist/pure.js:[2m291:10[22m[39m
[36m [2mΓ¥»[22m renderEditClinicRoute tests/ClinicSettingsPage.test.tsx:[2m114:10[22m[39m
    [90m112| [39m/** Renders the page at /settings/clinics/:clinicId/edit for the givenΓÇª
    [90m113| [39m[35mfunction[39m [34mrenderEditClinicRoute[39m(clinicId[33m:[39m string) {
    [90m114| [39m  [35mreturn[39m [34mrender[39m(
    [90m   | [39m         [31m^[39m
    [90m115| [39m    <MemoryRouter initialEntries={[`/settings/clinics/${clinicId}/editΓÇª
    [90m116| [39m      [33m<[39m[33mRoutes[39m[33m>[39m
[90m [2mΓ¥»[22m tests/ClinicSettingsPage.test.tsx:[2m258:7[22m[39m

[31m[2mΓÄ»ΓÄ»ΓÄ»ΓÄ»ΓÄ»ΓÄ»ΓÄ»ΓÄ»ΓÄ»ΓÄ»ΓÄ»ΓÄ»ΓÄ»ΓÄ»ΓÄ»ΓÄ»ΓÄ»ΓÄ»ΓÄ»ΓÄ»ΓÄ»[43/486]ΓÄ»[22m[39m

[41m[1m FAIL [22m[49m tests/ClinicSettingsPage.test.tsx[2m > [22mClinicSettingsPage ΓÇö /settings/clinics/:clinicId/edit (parameterised 
route)[2m > [22mgroup_practice_manager[2m > [22mis redirected to / when accessing parameterised edit route
[31m[1mTypeError[22m: React.act is not a function[39m
[90m [2mΓ¥»[22m exports.act ../node_modules/react-dom/cjs/react-dom-test-utils.production.js:[2m20:16[22m[39m
[90m [2mΓ¥»[22m ../node_modules/@testing-library/react/dist/act-compat.js:[2m46:25[22m[39m
[90m [2mΓ¥»[22m renderRoot ../node_modules/@testing-library/react/dist/pure.js:[2m189:26[22m[39m
[90m [2mΓ¥»[22m Proxy.render ../node_modules/@testing-library/react/dist/pure.js:[2m291:10[22m[39m
[36m [2mΓ¥»[22m renderEditClinicRoute tests/ClinicSettingsPage.test.tsx:[2m114:10[22m[39m
    [90m112| [39m/** Renders the page at /settings/clinics/:clinicId/edit for the givenΓÇª
    [90m113| [39m[35mfunction[39m [34mrenderEditClinicRoute[39m(clinicId[33m:[39m string) {
    [90m114| [39m  [35mreturn[39m [34mrender[39m(
    [90m   | [39m         [31m^[39m
    [90m115| [39m    <MemoryRouter initialEntries={[`/settings/clinics/${clinicId}/editΓÇª
    [90m116| [39m      [33m<[39m[33mRoutes[39m[33m>[39m
[90m [2mΓ¥»[22m tests/ClinicSettingsPage.test.tsx:[2m280:7[22m[39m

[31m[2mΓÄ»ΓÄ»ΓÄ»ΓÄ»ΓÄ»ΓÄ»ΓÄ»ΓÄ»ΓÄ»ΓÄ»ΓÄ»ΓÄ»ΓÄ»ΓÄ»ΓÄ»ΓÄ»ΓÄ»ΓÄ»ΓÄ»ΓÄ»ΓÄ»[44/486]ΓÄ»[22m[39m

[41m[1m FAIL [22m[49m tests/ClinicSettingsPage.test.tsx[2m > [22mClinicSettingsPage ΓÇö /settings/clinics/:clinicId/edit (parameterised 
route)[2m > [22mclinical_staff[2m > [22mis redirected to / when accessing parameterised edit route
[31m[1mTypeError[22m: React.act is not a function[39m
[90m [2mΓ¥»[22m exports.act ../node_modules/react-dom/cjs/react-dom-test-utils.production.js:[2m20:16[22m[39m
[90m [2mΓ¥»[22m ../node_modules/@testing-library/react/dist/act-compat.js:[2m46:25[22m[39m
[90m [2mΓ¥»[22m renderRoot ../node_modules/@testing-library/react/dist/pure.js:[2m189:26[22m[39m
[90m [2mΓ¥»[22m Proxy.render ../node_modules/@testing-library/react/dist/pure.js:[2m291:10[22m[39m
[36m [2mΓ¥»[22m renderEditClinicRoute tests/ClinicSettingsPage.test.tsx:[2m114:10[22m[39m
    [90m112| [39m/** Renders the page at /settings/clinics/:clinicId/edit for the givenΓÇª
    [90m113| [39m[35mfunction[39m [34mrenderEditClinicRoute[39m(clinicId[33m:[39m string) {
    [90m114| [39m  [35mreturn[39m [34mrender[39m(
    [90m   | [39m         [31m^[39m
    [90m115| [39m    <MemoryRouter initialEntries={[`/settings/clinics/${clinicId}/editΓÇª
    [90m116| [39m      [33m<[39m[33mRoutes[39m[33m>[39m
[90m [2mΓ¥»[22m tests/ClinicSettingsPage.test.tsx:[2m294:7[22m[39m

[31m[2mΓÄ»ΓÄ»ΓÄ»ΓÄ»ΓÄ»ΓÄ»ΓÄ»ΓÄ»ΓÄ»ΓÄ»ΓÄ»ΓÄ»ΓÄ»ΓÄ»ΓÄ»ΓÄ»ΓÄ»ΓÄ»ΓÄ»ΓÄ»ΓÄ»[45/486]ΓÄ»[22m[39m

[41m[1m FAIL [22m[49m tests/ClinicSettingsPage.test.tsx[2m > [22mClinicSettingsPage ΓÇö /settings/clinics/:clinicId/edit (parameterised 
route)[2m > [22munauthenticated[2m > [22mrenders null when no user is authenticated
[31m[1mTypeError[22m: React.act is not a function[39m
[90m [2mΓ¥»[22m exports.act ../node_modules/react-dom/cjs/react-dom-test-utils.production.js:[2m20:16[22m[39m
[90m [2mΓ¥»[22m ../node_modules/@testing-library/react/dist/act-compat.js:[2m46:25[22m[39m
[90m [2mΓ¥»[22m renderRoot ../node_modules/@testing-library/react/dist/pure.js:[2m189:26[22m[39m
[90m [2mΓ¥»[22m Proxy.render ../node_modules/@testing-library/react/dist/pure.js:[2m291:10[22m[39m
[36m [2mΓ¥»[22m renderEditClinicRoute tests/ClinicSettingsPage.test.tsx:[2m114:10[22m[39m
    [90m112| [39m/** Renders the page at /settings/clinics/:clinicId/edit for the givenΓÇª
    [90m113| [39m[35mfunction[39m [34mrenderEditClinicRoute[39m(clinicId[33m:[39m string) {
    [90m114| [39m  [35mreturn[39m [34mrender[39m(
    [90m   | [39m         [31m^[39m
    [90m115| [39m    <MemoryRouter initialEntries={[`/settings/clinics/${clinicId}/editΓÇª
    [90m116| [39m      [33m<[39m[33mRoutes[39m[33m>[39m
[90m [2mΓ¥»[22m tests/ClinicSettingsPage.test.tsx:[2m308:29[22m[39m

[31m[2mΓÄ»ΓÄ»ΓÄ»ΓÄ»ΓÄ»ΓÄ»ΓÄ»ΓÄ»ΓÄ»ΓÄ»ΓÄ»ΓÄ»ΓÄ»ΓÄ»ΓÄ»ΓÄ»ΓÄ»ΓÄ»ΓÄ»ΓÄ»ΓÄ»[46/486]ΓÄ»[22m[39m

[41m[1m FAIL [22m[49m tests/ClinicsListPage.test.tsx[2m > [22mClinicsListPage ΓÇö loading state[2m > [22mshows the loading message while 
the request is in flight
[31m[1mTypeError[22m: React.act is not a function[39m
[90m [2mΓ¥»[22m exports.act ../node_modules/react-dom/cjs/react-dom-test-utils.production.js:[2m20:16[22m[39m
[90m [2mΓ¥»[22m ../node_modules/@testing-library/react/dist/act-compat.js:[2m46:25[22m[39m
[90m [2mΓ¥»[22m renderRoot ../node_modules/@testing-library/react/dist/pure.js:[2m189:26[22m[39m
[90m [2mΓ¥»[22m Proxy.render ../node_modules/@testing-library/react/dist/pure.js:[2m291:10[22m[39m
[36m [2mΓ¥»[22m renderPage tests/ClinicsListPage.test.tsx:[2m104:10[22m[39m
    [90m102| [39m
    [90m103| [39m[35mfunction[39m [34mrenderPage[39m() {
    [90m104| [39m  [35mreturn[39m [34mrender[39m(
    [90m   | [39m         [31m^[39m
    [90m105| [39m    [33m<[39m[33mMemoryRouter[39m[33m>[39m
    [90m106| [39m      [33m<[39m[33mClinicsListPage[39m [33m/[39m[33m>[39m
[90m [2mΓ¥»[22m tests/ClinicsListPage.test.tsx:[2m120:5[22m[39m

[31m[2mΓÄ»ΓÄ»ΓÄ»ΓÄ»ΓÄ»ΓÄ»ΓÄ»ΓÄ»ΓÄ»ΓÄ»ΓÄ»ΓÄ»ΓÄ»ΓÄ»ΓÄ»ΓÄ»ΓÄ»ΓÄ»ΓÄ»ΓÄ»ΓÄ»[47/486]ΓÄ»[22m[39m

[41m[1m FAIL [22m[49m tests/ClinicsListPage.test.tsx[2m > [22mClinicsListPage ΓÇö loading state[2m > [22mrenders the page heading 
immediately
[31m[1mTypeError[22m: React.act is not a function[39m
[90m [2mΓ¥»[22m exports.act ../node_modules/react-dom/cjs/react-dom-test-utils.production.js:[2m20:16[22m[39m
[90m [2mΓ¥»[22m ../node_modules/@testing-library/react/dist/act-compat.js:[2m46:25[22m[39m
[90m [2mΓ¥»[22m renderRoot ../node_modules/@testing-library/react/dist/pure.js:[2m189:26[22m[39m
[90m [2mΓ¥»[22m Proxy.render ../node_modules/@testing-library/react/dist/pure.js:[2m291:10[22m[39m
[36m [2mΓ¥»[22m renderPage tests/ClinicsListPage.test.tsx:[2m104:10[22m[39m
    [90m102| [39m
    [90m103| [39m[35mfunction[39m [34mrenderPage[39m() {
    [90m104| [39m  [35mreturn[39m [34mrender[39m(
    [90m   | [39m         [31m^[39m
    [90m105| [39m    [33m<[39m[33mMemoryRouter[39m[33m>[39m
    [90m106| [39m      [33m<[39m[33mClinicsListPage[39m [33m/[39m[33m>[39m
[90m [2mΓ¥»[22m tests/ClinicsListPage.test.tsx:[2m125:5[22m[39m

[31m[2mΓÄ»ΓÄ»ΓÄ»ΓÄ»ΓÄ»ΓÄ»ΓÄ»ΓÄ»ΓÄ»ΓÄ»ΓÄ»ΓÄ»ΓÄ»ΓÄ»ΓÄ»ΓÄ»ΓÄ»ΓÄ»ΓÄ»ΓÄ»ΓÄ»[48/486]ΓÄ»[22m[39m

[41m[1m FAIL [22m[49m tests/ClinicsListPage.test.tsx[2m > [22mClinicsListPage ΓÇö successful load[2m > [22mrenders a row for each clinic
[31m[1mTypeError[22m: React.act is not a function[39m
[90m [2mΓ¥»[22m exports.act ../node_modules/react-dom/cjs/react-dom-test-utils.production.js:[2m20:16[22m[39m
[90m [2mΓ¥»[22m ../node_modules/@testing-library/react/dist/act-compat.js:[2m46:25[22m[39m
[90m [2mΓ¥»[22m renderRoot ../node_modules/@testing-library/react/dist/pure.js:[2m189:26[22m[39m
[90m [2mΓ¥»[22m Proxy.render ../node_modules/@testing-library/react/dist/pure.js:[2m291:10[22m[39m
[36m [2mΓ¥»[22m renderPage tests/ClinicsListPage.test.tsx:[2m104:10[22m[39m
    [90m102| [39m
    [90m103| [39m[35mfunction[39m [34mrenderPage[39m() {
    [90m104| [39m  [35mreturn[39m [34mrender[39m(
    [90m   | [39m         [31m^[39m
    [90m105| [39m    [33m<[39m[33mMemoryRouter[39m[33m>[39m
    [90m106| [39m      [33m<[39m[33mClinicsListPage[39m [33m/[39m[33m>[39m
[90m [2mΓ¥»[22m tests/ClinicsListPage.test.tsx:[2m139:5[22m[39m

[31m[2mΓÄ»ΓÄ»ΓÄ»ΓÄ»ΓÄ»ΓÄ»ΓÄ»ΓÄ»ΓÄ»ΓÄ»ΓÄ»ΓÄ»ΓÄ»ΓÄ»ΓÄ»ΓÄ»ΓÄ»ΓÄ»ΓÄ»ΓÄ»ΓÄ»[49/486]ΓÄ»[22m[39m

[41m[1m FAIL [22m[49m tests/ClinicsListPage.test.tsx[2m > [22mClinicsListPage ΓÇö successful load[2m > [22mshows the timezone label for 
each clinic
[31m[1mTypeError[22m: React.act is not a function[39m
[90m [2mΓ¥»[22m exports.act ../node_modules/react-dom/cjs/react-dom-test-utils.production.js:[2m20:16[22m[39m
[90m [2mΓ¥»[22m ../node_modules/@testing-library/react/dist/act-compat.js:[2m46:25[22m[39m
[90m [2mΓ¥»[22m renderRoot ../node_modules/@testing-library/react/dist/pure.js:[2m189:26[22m[39m
[90m [2mΓ¥»[22m Proxy.render ../node_modules/@testing-library/react/dist/pure.js:[2m291:10[22m[39m
[36m [2mΓ¥»[22m renderPage tests/ClinicsListPage.test.tsx:[2m104:10[22m[39m
    [90m102| [39m
    [90m103| [39m[35mfunction[39m [34mrenderPage[39m() {
    [90m104| [39m  [35mreturn[39m [34mrender[39m(
    [90m   | [39m         [31m^[39m
    [90m105| [39m    [33m<[39m[33mMemoryRouter[39m[33m>[39m
    [90m106| [39m      [33m<[39m[33mClinicsListPage[39m [33m/[39m[33m>[39m
[90m [2mΓ¥»[22m tests/ClinicsListPage.test.tsx:[2m149:5[22m[39m

[31m[2mΓÄ»ΓÄ»ΓÄ»ΓÄ»ΓÄ»ΓÄ»ΓÄ»ΓÄ»ΓÄ»ΓÄ»ΓÄ»ΓÄ»ΓÄ»ΓÄ»ΓÄ»ΓÄ»ΓÄ»ΓÄ»ΓÄ»ΓÄ»ΓÄ»[50/486]ΓÄ»[22m[39m

[41m[1m FAIL [22m[49m tests/ClinicsListPage.test.tsx[2m > [22mClinicsListPage ΓÇö successful load[2m > [22mshows Active badge for active 
clinic and Inactive for inactive clinic
[31m[1mTypeError[22m: React.act is not a function[39m
[90m [2mΓ¥»[22m exports.act ../node_modules/react-dom/cjs/react-dom-test-utils.production.js:[2m20:16[22m[39m
[90m [2mΓ¥»[22m ../node_modules/@testing-library/react/dist/act-compat.js:[2m46:25[22m[39m
[90m [2mΓ¥»[22m renderRoot ../node_modules/@testing-library/react/dist/pure.js:[2m189:26[22m[39m
[90m [2mΓ¥»[22m Proxy.render ../node_modules/@testing-library/react/dist/pure.js:[2m291:10[22m[39m
[36m [2mΓ¥»[22m renderPage tests/ClinicsListPage.test.tsx:[2m104:10[22m[39m
    [90m102| [39m
    [90m103| [39m[35mfunction[39m [34mrenderPage[39m() {
    [90m104| [39m  [35mreturn[39m [34mrender[39m(
    [90m   | [39m         [31m^[39m
    [90m105| [39m    [33m<[39m[33mMemoryRouter[39m[33m>[39m
    [90m106| [39m      [33m<[39m[33mClinicsListPage[39m [33m/[39m[33m>[39m
[90m [2mΓ¥»[22m tests/ClinicsListPage.test.tsx:[2m161:5[22m[39m

[31m[2mΓÄ»ΓÄ»ΓÄ»ΓÄ»ΓÄ»ΓÄ»ΓÄ»ΓÄ»ΓÄ»ΓÄ»ΓÄ»ΓÄ»ΓÄ»ΓÄ»ΓÄ»ΓÄ»ΓÄ»ΓÄ»ΓÄ»ΓÄ»ΓÄ»[51/486]ΓÄ»[22m[39m

[41m[1m FAIL [22m[49m tests/ClinicsListPage.test.tsx[2m > [22mClinicsListPage ΓÇö successful load[2m > [22mshows a Manage link for every 
clinic (owner_admin can edit all)
[31m[1mTypeError[22m: React.act is not a function[39m
[90m [2mΓ¥»[22m exports.act ../node_modules/react-dom/cjs/react-dom-test-utils.production.js:[2m20:16[22m[39m
[90m [2mΓ¥»[22m ../node_modules/@testing-library/react/dist/act-compat.js:[2m46:25[22m[39m
[90m [2mΓ¥»[22m renderRoot ../node_modules/@testing-library/react/dist/pure.js:[2m189:26[22m[39m
[90m [2mΓ¥»[22m Proxy.render ../node_modules/@testing-library/react/dist/pure.js:[2m291:10[22m[39m
[36m [2mΓ¥»[22m renderPage tests/ClinicsListPage.test.tsx:[2m104:10[22m[39m
    [90m102| [39m
    [90m103| [39m[35mfunction[39m [34mrenderPage[39m() {
    [90m104| [39m  [35mreturn[39m [34mrender[39m(
    [90m   | [39m         [31m^[39m
    [90m105| [39m    [33m<[39m[33mMemoryRouter[39m[33m>[39m
    [90m106| [39m      [33m<[39m[33mClinicsListPage[39m [33m/[39m[33m>[39m
[90m [2mΓ¥»[22m tests/ClinicsListPage.test.tsx:[2m171:5[22m[39m

[31m[2mΓÄ»ΓÄ»ΓÄ»ΓÄ»ΓÄ»ΓÄ»ΓÄ»ΓÄ»ΓÄ»ΓÄ»ΓÄ»ΓÄ»ΓÄ»ΓÄ»ΓÄ»ΓÄ»ΓÄ»ΓÄ»ΓÄ»ΓÄ»ΓÄ»[52/486]ΓÄ»[22m[39m

[41m[1m FAIL [22m[49m tests/ClinicsListPage.test.tsx[2m > [22mClinicsListPage ΓÇö successful load[2m > [22mManage links point to 
/settings/clinics/:clinicId/edit
[31m[1mTypeError[22m: React.act is not a function[39m
[90m [2mΓ¥»[22m exports.act ../node_modules/react-dom/cjs/react-dom-test-utils.production.js:[2m20:16[22m[39m
[90m [2mΓ¥»[22m ../node_modules/@testing-library/react/dist/act-compat.js:[2m46:25[22m[39m
[90m [2mΓ¥»[22m renderRoot ../node_modules/@testing-library/react/dist/pure.js:[2m189:26[22m[39m
[90m [2mΓ¥»[22m Proxy.render ../node_modules/@testing-library/react/dist/pure.js:[2m291:10[22m[39m
[36m [2mΓ¥»[22m renderPage tests/ClinicsListPage.test.tsx:[2m104:10[22m[39m
    [90m102| [39m
    [90m103| [39m[35mfunction[39m [34mrenderPage[39m() {
    [90m104| [39m  [35mreturn[39m [34mrender[39m(
    [90m   | [39m         [31m^[39m
    [90m105| [39m    [33m<[39m[33mMemoryRouter[39m[33m>[39m
    [90m106| [39m      [33m<[39m[33mClinicsListPage[39m [33m/[39m[33m>[39m
[90m [2mΓ¥»[22m tests/ClinicsListPage.test.tsx:[2m180:5[22m[39m

[31m[2mΓÄ»ΓÄ»ΓÄ»ΓÄ»ΓÄ»ΓÄ»ΓÄ»ΓÄ»ΓÄ»ΓÄ»ΓÄ»ΓÄ»ΓÄ»ΓÄ»ΓÄ»ΓÄ»ΓÄ»ΓÄ»ΓÄ»ΓÄ»ΓÄ»[53/486]ΓÄ»[22m[39m

[41m[1m FAIL [22m[49m tests/ClinicsListPage.test.tsx[2m > [22mClinicsListPage ΓÇö successful load[2m > [22mdoes not show 'Home clinic 
only' for owner_admin
[31m[1mTypeError[22m: React.act is not a function[39m
[90m [2mΓ¥»[22m exports.act ../node_modules/react-dom/cjs/react-dom-test-utils.production.js:[2m20:16[22m[39m
[90m [2mΓ¥»[22m ../node_modules/@testing-library/react/dist/act-compat.js:[2m46:25[22m[39m
[90m [2mΓ¥»[22m renderRoot ../node_modules/@testing-library/react/dist/pure.js:[2m189:26[22m[39m
[90m [2mΓ¥»[22m Proxy.render ../node_modules/@testing-library/react/dist/pure.js:[2m291:10[22m[39m
[36m [2mΓ¥»[22m renderPage tests/ClinicsListPage.test.tsx:[2m104:10[22m[39m
    [90m102| [39m
    [90m103| [39m[35mfunction[39m [34mrenderPage[39m() {
    [90m104| [39m  [35mreturn[39m [34mrender[39m(
    [90m   | [39m         [31m^[39m
    [90m105| [39m    [33m<[39m[33mMemoryRouter[39m[33m>[39m
    [90m106| [39m      [33m<[39m[33mClinicsListPage[39m [33m/[39m[33m>[39m
[90m [2mΓ¥»[22m tests/ClinicsListPage.test.tsx:[2m196:5[22m[39m

[31m[2mΓÄ»ΓÄ»ΓÄ»ΓÄ»ΓÄ»ΓÄ»ΓÄ»ΓÄ»ΓÄ»ΓÄ»ΓÄ»ΓÄ»ΓÄ»ΓÄ»ΓÄ»ΓÄ»ΓÄ»ΓÄ»ΓÄ»ΓÄ»ΓÄ»[54/486]ΓÄ»[22m[39m

[41m[1m FAIL [22m[49m tests/ClinicsListPage.test.tsx[2m > [22mClinicsListPage ΓÇö successful load[2m > [22mshows the clinic count in the 
subtitle
[31m[1mTypeError[22m: React.act is not a function[39m
[90m [2mΓ¥»[22m exports.act ../node_modules/react-dom/cjs/react-dom-test-utils.production.js:[2m20:16[22m[39m
[90m [2mΓ¥»[22m ../node_modules/@testing-library/react/dist/act-compat.js:[2m46:25[22m[39m
[90m [2mΓ¥»[22m renderRoot ../node_modules/@testing-library/react/dist/pure.js:[2m189:26[22m[39m
[90m [2mΓ¥»[22m Proxy.render ../node_modules/@testing-library/react/dist/pure.js:[2m291:10[22m[39m
[36m [2mΓ¥»[22m renderPage tests/ClinicsListPage.test.tsx:[2m104:10[22m[39m
    [90m102| [39m
    [90m103| [39m[35mfunction[39m [34mrenderPage[39m() {
    [90m104| [39m  [35mreturn[39m [34mrender[39m(
    [90m   | [39m         [31m^[39m
    [90m105| [39m    [33m<[39m[33mMemoryRouter[39m[33m>[39m
    [90m106| [39m      [33m<[39m[33mClinicsListPage[39m [33m/[39m[33m>[39m
[90m [2mΓ¥»[22m tests/ClinicsListPage.test.tsx:[2m204:5[22m[39m

[31m[2mΓÄ»ΓÄ»ΓÄ»ΓÄ»ΓÄ»ΓÄ»ΓÄ»ΓÄ»ΓÄ»ΓÄ»ΓÄ»ΓÄ»ΓÄ»ΓÄ»ΓÄ»ΓÄ»ΓÄ»ΓÄ»ΓÄ»ΓÄ»ΓÄ»[55/486]ΓÄ»[22m[39m

[41m[1m FAIL [22m[49m tests/ClinicsListPage.test.tsx[2m > [22mClinicsListPage ΓÇö successful load[2m > [22mrenders the Add clinic button 
linking to /settings/clinics/new
[31m[1mTypeError[22m: React.act is not a function[39m
[90m [2mΓ¥»[22m exports.act ../node_modules/react-dom/cjs/react-dom-test-utils.production.js:[2m20:16[22m[39m
[90m [2mΓ¥»[22m ../node_modules/@testing-library/react/dist/act-compat.js:[2m46:25[22m[39m
[90m [2mΓ¥»[22m renderRoot ../node_modules/@testing-library/react/dist/pure.js:[2m189:26[22m[39m
[90m [2mΓ¥»[22m Proxy.render ../node_modules/@testing-library/react/dist/pure.js:[2m291:10[22m[39m
[36m [2mΓ¥»[22m renderPage tests/ClinicsListPage.test.tsx:[2m104:10[22m[39m
    [90m102| [39m
    [90m103| [39m[35mfunction[39m [34mrenderPage[39m() {
    [90m104| [39m  [35mreturn[39m [34mrender[39m(
    [90m   | [39m         [31m^[39m
    [90m105| [39m    [33m<[39m[33mMemoryRouter[39m[33m>[39m
    [90m106| [39m      [33m<[39m[33mClinicsListPage[39m [33m/[39m[33m>[39m
[90m [2mΓ¥»[22m tests/ClinicsListPage.test.tsx:[2m212:5[22m[39m

[31m[2mΓÄ»ΓÄ»ΓÄ»ΓÄ»ΓÄ»ΓÄ»ΓÄ»ΓÄ»ΓÄ»ΓÄ»ΓÄ»ΓÄ»ΓÄ»ΓÄ»ΓÄ»ΓÄ»ΓÄ»ΓÄ»ΓÄ»ΓÄ»ΓÄ»[56/486]ΓÄ»[22m[39m

[41m[1m FAIL [22m[49m tests/ClinicsListPage.test.tsx[2m > [22mClinicsListPage ΓÇö successful load[2m > [22mshows 'No clinics found' when 
listClinics returns an empty array
[31m[1mTypeError[22m: React.act is not a function[39m
[90m [2mΓ¥»[22m exports.act ../node_modules/react-dom/cjs/react-dom-test-utils.production.js:[2m20:16[22m[39m
[90m [2mΓ¥»[22m ../node_modules/@testing-library/react/dist/act-compat.js:[2m46:25[22m[39m
[90m [2mΓ¥»[22m renderRoot ../node_modules/@testing-library/react/dist/pure.js:[2m189:26[22m[39m
[90m [2mΓ¥»[22m Proxy.render ../node_modules/@testing-library/react/dist/pure.js:[2m291:10[22m[39m
[36m [2mΓ¥»[22m renderPage tests/ClinicsListPage.test.tsx:[2m104:10[22m[39m
    [90m102| [39m
    [90m103| [39m[35mfunction[39m [34mrenderPage[39m() {
    [90m104| [39m  [35mreturn[39m [34mrender[39m(
    [90m   | [39m         [31m^[39m
    [90m105| [39m    [33m<[39m[33mMemoryRouter[39m[33m>[39m
    [90m106| [39m      [33m<[39m[33mClinicsListPage[39m [33m/[39m[33m>[39m
[90m [2mΓ¥»[22m tests/ClinicsListPage.test.tsx:[2m223:5[22m[39m

[31m[2mΓÄ»ΓÄ»ΓÄ»ΓÄ»ΓÄ»ΓÄ»ΓÄ»ΓÄ»ΓÄ»ΓÄ»ΓÄ»ΓÄ»ΓÄ»ΓÄ»ΓÄ»ΓÄ»ΓÄ»ΓÄ»ΓÄ»ΓÄ»ΓÄ»[57/486]ΓÄ»[22m[39m

[41m[1m FAIL [22m[49m tests/ClinicsListPage.test.tsx[2m > [22mClinicsListPage ΓÇö error handling[2m > [22mshows the error message when 
listClinics() rejects
[31m[1mTypeError[22m: React.act is not a function[39m
[90m [2mΓ¥»[22m exports.act ../node_modules/react-dom/cjs/react-dom-test-utils.production.js:[2m20:16[22m[39m
[90m [2mΓ¥»[22m ../node_modules/@testing-library/react/dist/act-compat.js:[2m46:25[22m[39m
[90m [2mΓ¥»[22m renderRoot ../node_modules/@testing-library/react/dist/pure.js:[2m189:26[22m[39m
[90m [2mΓ¥»[22m Proxy.render ../node_modules/@testing-library/react/dist/pure.js:[2m291:10[22m[39m
[36m [2mΓ¥»[22m renderPage tests/ClinicsListPage.test.tsx:[2m104:10[22m[39m
    [90m102| [39m
    [90m103| [39m[35mfunction[39m [34mrenderPage[39m() {
    [90m104| [39m  [35mreturn[39m [34mrender[39m(
    [90m   | [39m         [31m^[39m
    [90m105| [39m    [33m<[39m[33mMemoryRouter[39m[33m>[39m
    [90m106| [39m      [33m<[39m[33mClinicsListPage[39m [33m/[39m[33m>[39m
[90m [2mΓ¥»[22m tests/ClinicsListPage.test.tsx:[2m240:5[22m[39m

[31m[2mΓÄ»ΓÄ»ΓÄ»ΓÄ»ΓÄ»ΓÄ»ΓÄ»ΓÄ»ΓÄ»ΓÄ»ΓÄ»ΓÄ»ΓÄ»ΓÄ»ΓÄ»ΓÄ»ΓÄ»ΓÄ»ΓÄ»ΓÄ»ΓÄ»[58/486]ΓÄ»[22m[39m

[41m[1m FAIL [22m[49m tests/ClinicsListPage.test.tsx[2m > [22mClinicsListPage ΓÇö error handling[2m > [22mshows a fallback message for a 
non-Error rejection
[31m[1mTypeError[22m: React.act is not a function[39m
[90m [2mΓ¥»[22m exports.act ../node_modules/react-dom/cjs/react-dom-test-utils.production.js:[2m20:16[22m[39m
[90m [2mΓ¥»[22m ../node_modules/@testing-library/react/dist/act-compat.js:[2m46:25[22m[39m
[90m [2mΓ¥»[22m renderRoot ../node_modules/@testing-library/react/dist/pure.js:[2m189:26[22m[39m
[90m [2mΓ¥»[22m Proxy.render ../node_modules/@testing-library/react/dist/pure.js:[2m291:10[22m[39m
[36m [2mΓ¥»[22m renderPage tests/ClinicsListPage.test.tsx:[2m104:10[22m[39m
    [90m102| [39m
    [90m103| [39m[35mfunction[39m [34mrenderPage[39m() {
    [90m104| [39m  [35mreturn[39m [34mrender[39m(
    [90m   | [39m         [31m^[39m
    [90m105| [39m    [33m<[39m[33mMemoryRouter[39m[33m>[39m
    [90m106| [39m      [33m<[39m[33mClinicsListPage[39m [33m/[39m[33m>[39m
[90m [2mΓ¥»[22m tests/ClinicsListPage.test.tsx:[2m249:5[22m[39m

[31m[2mΓÄ»ΓÄ»ΓÄ»ΓÄ»ΓÄ»ΓÄ»ΓÄ»ΓÄ»ΓÄ»ΓÄ»ΓÄ»ΓÄ»ΓÄ»ΓÄ»ΓÄ»ΓÄ»ΓÄ»ΓÄ»ΓÄ»ΓÄ»ΓÄ»[59/486]ΓÄ»[22m[39m

[41m[1m FAIL [22m[49m tests/ClinicsListPage.test.tsx[2m > [22mClinicsListPage ΓÇö access control[2m > [22mredirects group_practice_manager 
to /
[31m[1mTypeError[22m: React.act is not a function[39m
[90m [2mΓ¥»[22m exports.act ../node_modules/react-dom/cjs/react-dom-test-utils.production.js:[2m20:16[22m[39m
[90m [2mΓ¥»[22m ../node_modules/@testing-library/react/dist/act-compat.js:[2m46:25[22m[39m
[90m [2mΓ¥»[22m renderRoot ../node_modules/@testing-library/react/dist/pure.js:[2m189:26[22m[39m
[90m [2mΓ¥»[22m Proxy.render ../node_modules/@testing-library/react/dist/pure.js:[2m291:10[22m[39m
[36m [2mΓ¥»[22m renderPage tests/ClinicsListPage.test.tsx:[2m104:10[22m[39m
    [90m102| [39m
    [90m103| [39m[35mfunction[39m [34mrenderPage[39m() {
    [90m104| [39m  [35mreturn[39m [34mrender[39m(
    [90m   | [39m         [31m^[39m
    [90m105| [39m    [33m<[39m[33mMemoryRouter[39m[33m>[39m
    [90m106| [39m      [33m<[39m[33mClinicsListPage[39m [33m/[39m[33m>[39m
[90m [2mΓ¥»[22m tests/ClinicsListPage.test.tsx:[2m264:5[22m[39m

[31m[2mΓÄ»ΓÄ»ΓÄ»ΓÄ»ΓÄ»ΓÄ»ΓÄ»ΓÄ»ΓÄ»ΓÄ»ΓÄ»ΓÄ»ΓÄ»ΓÄ»ΓÄ»ΓÄ»ΓÄ»ΓÄ»ΓÄ»ΓÄ»ΓÄ»[60/486]ΓÄ»[22m[39m

[41m[1m FAIL [22m[49m tests/ClinicsListPage.test.tsx[2m > [22mClinicsListPage ΓÇö access control[2m > [22mredirects clinical_staff to /
[31m[1mTypeError[22m: React.act is not a function[39m
[90m [2mΓ¥»[22m exports.act ../node_modules/react-dom/cjs/react-dom-test-utils.production.js:[2m20:16[22m[39m
[90m [2mΓ¥»[22m ../node_modules/@testing-library/react/dist/act-compat.js:[2m46:25[22m[39m
[90m [2mΓ¥»[22m renderRoot ../node_modules/@testing-library/react/dist/pure.js:[2m189:26[22m[39m
[90m [2mΓ¥»[22m Proxy.render ../node_modules/@testing-library/react/dist/pure.js:[2m291:10[22m[39m
[36m [2mΓ¥»[22m renderPage tests/ClinicsListPage.test.tsx:[2m104:10[22m[39m
    [90m102| [39m
    [90m103| [39m[35mfunction[39m [34mrenderPage[39m() {
    [90m104| [39m  [35mreturn[39m [34mrender[39m(
    [90m   | [39m         [31m^[39m
    [90m105| [39m    [33m<[39m[33mMemoryRouter[39m[33m>[39m
    [90m106| [39m      [33m<[39m[33mClinicsListPage[39m [33m/[39m[33m>[39m
[90m [2mΓ¥»[22m tests/ClinicsListPage.test.tsx:[2m275:5[22m[39m

[31m[2mΓÄ»ΓÄ»ΓÄ»ΓÄ»ΓÄ»ΓÄ»ΓÄ»ΓÄ»ΓÄ»ΓÄ»ΓÄ»ΓÄ»ΓÄ»ΓÄ»ΓÄ»ΓÄ»ΓÄ»ΓÄ»ΓÄ»ΓÄ»ΓÄ»[61/486]ΓÄ»[22m[39m

[41m[1m FAIL [22m[49m tests/ClinicsListPage.test.tsx[2m > [22mClinicsListPage ΓÇö access control[2m > [22mrenders null when no user is 
authenticated
[31m[1mTypeError[22m: React.act is not a function[39m
[90m [2mΓ¥»[22m exports.act ../node_modules/react-dom/cjs/react-dom-test-utils.production.js:[2m20:16[22m[39m
[90m [2mΓ¥»[22m ../node_modules/@testing-library/react/dist/act-compat.js:[2m46:25[22m[39m
[90m [2mΓ¥»[22m renderRoot ../node_modules/@testing-library/react/dist/pure.js:[2m189:26[22m[39m
[90m [2mΓ¥»[22m Proxy.render ../node_modules/@testing-library/react/dist/pure.js:[2m291:10[22m[39m
[36m [2mΓ¥»[22m renderPage tests/ClinicsListPage.test.tsx:[2m104:10[22m[39m
    [90m102| [39m
    [90m103| [39m[35mfunction[39m [34mrenderPage[39m() {
    [90m104| [39m  [35mreturn[39m [34mrender[39m(
    [90m   | [39m         [31m^[39m
    [90m105| [39m    [33m<[39m[33mMemoryRouter[39m[33m>[39m
    [90m106| [39m      [33m<[39m[33mClinicsListPage[39m [33m/[39m[33m>[39m
[90m [2mΓ¥»[22m tests/ClinicsListPage.test.tsx:[2m286:27[22m[39m

[31m[2mΓÄ»ΓÄ»ΓÄ»ΓÄ»ΓÄ»ΓÄ»ΓÄ»ΓÄ»ΓÄ»ΓÄ»ΓÄ»ΓÄ»ΓÄ»ΓÄ»ΓÄ»ΓÄ»ΓÄ»ΓÄ»ΓÄ»ΓÄ»ΓÄ»[62/486]ΓÄ»[22m[39m

[41m[1m FAIL [22m[49m tests/CreateClinicPage.test.tsx[2m > [22mCreateClinicPage ΓÇö render[2m > [22mrenders the page heading
[31m[1mTypeError[22m: React.act is not a function[39m
[90m [2mΓ¥»[22m exports.act ../node_modules/react-dom/cjs/react-dom-test-utils.production.js:[2m20:16[22m[39m
[90m [2mΓ¥»[22m ../node_modules/@testing-library/react/dist/act-compat.js:[2m46:25[22m[39m
[90m [2mΓ¥»[22m renderRoot ../node_modules/@testing-library/react/dist/pure.js:[2m189:26[22m[39m
[90m [2mΓ¥»[22m Proxy.render ../node_modules/@testing-library/react/dist/pure.js:[2m291:10[22m[39m
[36m [2mΓ¥»[22m renderPage tests/CreateClinicPage.test.tsx:[2m102:10[22m[39m
    [90m100| [39m
    [90m101| [39m[35mfunction[39m [34mrenderPage[39m() {
    [90m102| [39m  [35mreturn[39m [34mrender[39m(
    [90m   | [39m         [31m^[39m
    [90m103| [39m    [33m<[39m[33mMemoryRouter[39m[33m>[39m
    [90m104| [39m      [33m<[39m[33mCreateClinicPage[39m [33m/[39m[33m>[39m
[90m [2mΓ¥»[22m tests/CreateClinicPage.test.tsx:[2m132:5[22m[39m

[31m[2mΓÄ»ΓÄ»ΓÄ»ΓÄ»ΓÄ»ΓÄ»ΓÄ»ΓÄ»ΓÄ»ΓÄ»ΓÄ»ΓÄ»ΓÄ»ΓÄ»ΓÄ»ΓÄ»ΓÄ»ΓÄ»ΓÄ»ΓÄ»ΓÄ»[63/486]ΓÄ»[22m[39m

[41m[1m FAIL [22m[49m tests/CreateClinicPage.test.tsx[2m > [22mCreateClinicPage ΓÇö render[2m > [22mrenders all form fields
[31m[1mTypeError[22m: React.act is not a function[39m
[90m [2mΓ¥»[22m exports.act ../node_modules/react-dom/cjs/react-dom-test-utils.production.js:[2m20:16[22m[39m
[90m [2mΓ¥»[22m ../node_modules/@testing-library/react/dist/act-compat.js:[2m46:25[22m[39m
[90m [2mΓ¥»[22m renderRoot ../node_modules/@testing-library/react/dist/pure.js:[2m189:26[22m[39m
[90m [2mΓ¥»[22m Proxy.render ../node_modules/@testing-library/react/dist/pure.js:[2m291:10[22m[39m
[36m [2mΓ¥»[22m renderPage tests/CreateClinicPage.test.tsx:[2m102:10[22m[39m
    [90m100| [39m
    [90m101| [39m[35mfunction[39m [34mrenderPage[39m() {
    [90m102| [39m  [35mreturn[39m [34mrender[39m(
    [90m   | [39m         [31m^[39m
    [90m103| [39m    [33m<[39m[33mMemoryRouter[39m[33m>[39m
    [90m104| [39m      [33m<[39m[33mCreateClinicPage[39m [33m/[39m[33m>[39m
[90m [2mΓ¥»[22m tests/CreateClinicPage.test.tsx:[2m137:5[22m[39m

[31m[2mΓÄ»ΓÄ»ΓÄ»ΓÄ»ΓÄ»ΓÄ»ΓÄ»ΓÄ»ΓÄ»ΓÄ»ΓÄ»ΓÄ»ΓÄ»ΓÄ»ΓÄ»ΓÄ»ΓÄ»ΓÄ»ΓÄ»ΓÄ»ΓÄ»[64/486]ΓÄ»[22m[39m

[41m[1m FAIL [22m[49m tests/CreateClinicPage.test.tsx[2m > [22mCreateClinicPage ΓÇö render[2m > [22mrenders the Create clinic submit button
[31m[1mTypeError[22m: React.act is not a function[39m
[90m [2mΓ¥»[22m exports.act ../node_modules/react-dom/cjs/react-dom-test-utils.production.js:[2m20:16[22m[39m
[90m [2mΓ¥»[22m ../node_modules/@testing-library/react/dist/act-compat.js:[2m46:25[22m[39m
[90m [2mΓ¥»[22m renderRoot ../node_modules/@testing-library/react/dist/pure.js:[2m189:26[22m[39m
[90m [2mΓ¥»[22m Proxy.render ../node_modules/@testing-library/react/dist/pure.js:[2m291:10[22m[39m
[36m [2mΓ¥»[22m renderPage tests/CreateClinicPage.test.tsx:[2m102:10[22m[39m
    [90m100| [39m
    [90m101| [39m[35mfunction[39m [34mrenderPage[39m() {
    [90m102| [39m  [35mreturn[39m [34mrender[39m(
    [90m   | [39m         [31m^[39m
    [90m103| [39m    [33m<[39m[33mMemoryRouter[39m[33m>[39m
    [90m104| [39m      [33m<[39m[33mCreateClinicPage[39m [33m/[39m[33m>[39m
[90m [2mΓ¥»[22m tests/CreateClinicPage.test.tsx:[2m148:5[22m[39m

[31m[2mΓÄ»ΓÄ»ΓÄ»ΓÄ»ΓÄ»ΓÄ»ΓÄ»ΓÄ»ΓÄ»ΓÄ»ΓÄ»ΓÄ»ΓÄ»ΓÄ»ΓÄ»ΓÄ»ΓÄ»ΓÄ»ΓÄ»ΓÄ»ΓÄ»[65/486]ΓÄ»[22m[39m

[41m[1m FAIL [22m[49m tests/CreateClinicPage.test.tsx[2m > [22mCreateClinicPage ΓÇö render[2m > [22mrenders the Back to clinics link
[31m[1mTypeError[22m: React.act is not a function[39m
[90m [2mΓ¥»[22m exports.act ../node_modules/react-dom/cjs/react-dom-test-utils.production.js:[2m20:16[22m[39m
[90m [2mΓ¥»[22m ../node_modules/@testing-library/react/dist/act-compat.js:[2m46:25[22m[39m
[90m [2mΓ¥»[22m renderRoot ../node_modules/@testing-library/react/dist/pure.js:[2m189:26[22m[39m
[90m [2mΓ¥»[22m Proxy.render ../node_modules/@testing-library/react/dist/pure.js:[2m291:10[22m[39m
[36m [2mΓ¥»[22m renderPage tests/CreateClinicPage.test.tsx:[2m102:10[22m[39m
    [90m100| [39m
    [90m101| [39m[35mfunction[39m [34mrenderPage[39m() {
    [90m102| [39m  [35mreturn[39m [34mrender[39m(
    [90m   | [39m         [31m^[39m
    [90m103| [39m    [33m<[39m[33mMemoryRouter[39m[33m>[39m
    [90m104| [39m      [33m<[39m[33mCreateClinicPage[39m [33m/[39m[33m>[39m
[90m [2mΓ¥»[22m tests/CreateClinicPage.test.tsx:[2m153:5[22m[39m

[31m[2mΓÄ»ΓÄ»ΓÄ»ΓÄ»ΓÄ»ΓÄ»ΓÄ»ΓÄ»ΓÄ»ΓÄ»ΓÄ»ΓÄ»ΓÄ»ΓÄ»ΓÄ»ΓÄ»ΓÄ»ΓÄ»ΓÄ»ΓÄ»ΓÄ»[66/486]ΓÄ»[22m[39m

[41m[1m FAIL [22m[49m tests/CreateClinicPage.test.tsx[2m > [22mCreateClinicPage ΓÇö validation[2m > [22mshows a validation error when name 
is empty
[31m[1mTypeError[22m: React.act is not a function[39m
[90m [2mΓ¥»[22m exports.act ../node_modules/react-dom/cjs/react-dom-test-utils.production.js:[2m20:16[22m[39m
[90m [2mΓ¥»[22m ../node_modules/@testing-library/react/dist/act-compat.js:[2m46:25[22m[39m
[90m [2mΓ¥»[22m renderRoot ../node_modules/@testing-library/react/dist/pure.js:[2m189:26[22m[39m
[90m [2mΓ¥»[22m Proxy.render ../node_modules/@testing-library/react/dist/pure.js:[2m291:10[22m[39m
[36m [2mΓ¥»[22m renderPage tests/CreateClinicPage.test.tsx:[2m102:10[22m[39m
    [90m100| [39m
    [90m101| [39m[35mfunction[39m [34mrenderPage[39m() {
    [90m102| [39m  [35mreturn[39m [34mrender[39m(
    [90m   | [39m         [31m^[39m
    [90m103| [39m    [33m<[39m[33mMemoryRouter[39m[33m>[39m
    [90m104| [39m      [33m<[39m[33mCreateClinicPage[39m [33m/[39m[33m>[39m
[90m [2mΓ¥»[22m tests/CreateClinicPage.test.tsx:[2m167:5[22m[39m

[31m[2mΓÄ»ΓÄ»ΓÄ»ΓÄ»ΓÄ»ΓÄ»ΓÄ»ΓÄ»ΓÄ»ΓÄ»ΓÄ»ΓÄ»ΓÄ»ΓÄ»ΓÄ»ΓÄ»ΓÄ»ΓÄ»ΓÄ»ΓÄ»ΓÄ»[67/486]ΓÄ»[22m[39m

[41m[1m FAIL [22m[49m tests/CreateClinicPage.test.tsx[2m > [22mCreateClinicPage ΓÇö validation[2m > [22mshows a validation error when name 
is fewer than 3 characters
[31m[1mTypeError[22m: React.act is not a function[39m
[90m [2mΓ¥»[22m exports.act ../node_modules/react-dom/cjs/react-dom-test-utils.production.js:[2m20:16[22m[39m
[90m [2mΓ¥»[22m ../node_modules/@testing-library/react/dist/act-compat.js:[2m46:25[22m[39m
[90m [2mΓ¥»[22m renderRoot ../node_modules/@testing-library/react/dist/pure.js:[2m189:26[22m[39m
[90m [2mΓ¥»[22m Proxy.render ../node_modules/@testing-library/react/dist/pure.js:[2m291:10[22m[39m
[36m [2mΓ¥»[22m renderPage tests/CreateClinicPage.test.tsx:[2m102:10[22m[39m
    [90m100| [39m
    [90m101| [39m[35mfunction[39m [34mrenderPage[39m() {
    [90m102| [39m  [35mreturn[39m [34mrender[39m(
    [90m   | [39m         [31m^[39m
    [90m103| [39m    [33m<[39m[33mMemoryRouter[39m[33m>[39m
    [90m104| [39m      [33m<[39m[33mCreateClinicPage[39m [33m/[39m[33m>[39m
[90m [2mΓ¥»[22m tests/CreateClinicPage.test.tsx:[2m178:5[22m[39m

[31m[2mΓÄ»ΓÄ»ΓÄ»ΓÄ»ΓÄ»ΓÄ»ΓÄ»ΓÄ»ΓÄ»ΓÄ»ΓÄ»ΓÄ»ΓÄ»ΓÄ»ΓÄ»ΓÄ»ΓÄ»ΓÄ»ΓÄ»ΓÄ»ΓÄ»[68/486]ΓÄ»[22m[39m

[41m[1m FAIL [22m[49m tests/CreateClinicPage.test.tsx[2m > [22mCreateClinicPage ΓÇö validation[2m > [22mshows a validation error when ABN 
is invalid
[31m[1mTypeError[22m: React.act is not a function[39m
[90m [2mΓ¥»[22m exports.act ../node_modules/react-dom/cjs/react-dom-test-utils.production.js:[2m20:16[22m[39m
[90m [2mΓ¥»[22m ../node_modules/@testing-library/react/dist/act-compat.js:[2m46:25[22m[39m
[90m [2mΓ¥»[22m renderRoot ../node_modules/@testing-library/react/dist/pure.js:[2m189:26[22m[39m
[90m [2mΓ¥»[22m Proxy.render ../node_modules/@testing-library/react/dist/pure.js:[2m291:10[22m[39m
[36m [2mΓ¥»[22m renderPage tests/CreateClinicPage.test.tsx:[2m102:10[22m[39m
    [90m100| [39m
    [90m101| [39m[35mfunction[39m [34mrenderPage[39m() {
    [90m102| [39m  [35mreturn[39m [34mrender[39m(
    [90m   | [39m         [31m^[39m
    [90m103| [39m    [33m<[39m[33mMemoryRouter[39m[33m>[39m
    [90m104| [39m      [33m<[39m[33mCreateClinicPage[39m [33m/[39m[33m>[39m
[90m [2mΓ¥»[22m tests/CreateClinicPage.test.tsx:[2m188:5[22m[39m

[31m[2mΓÄ»ΓÄ»ΓÄ»ΓÄ»ΓÄ»ΓÄ»ΓÄ»ΓÄ»ΓÄ»ΓÄ»ΓÄ»ΓÄ»ΓÄ»ΓÄ»ΓÄ»ΓÄ»ΓÄ»ΓÄ»ΓÄ»ΓÄ»ΓÄ»[69/486]ΓÄ»[22m[39m

[41m[1m FAIL [22m[49m tests/CreateClinicPage.test.tsx[2m > [22mCreateClinicPage ΓÇö validation[2m > [22mshows a validation error when 
postcode is not 4 digits
[31m[1mTypeError[22m: React.act is not a function[39m
[90m [2mΓ¥»[22m exports.act ../node_modules/react-dom/cjs/react-dom-test-utils.production.js:[2m20:16[22m[39m
[90m [2mΓ¥»[22m ../node_modules/@testing-library/react/dist/act-compat.js:[2m46:25[22m[39m
[90m [2mΓ¥»[22m renderRoot ../node_modules/@testing-library/react/dist/pure.js:[2m189:26[22m[39m
[90m [2mΓ¥»[22m Proxy.render ../node_modules/@testing-library/react/dist/pure.js:[2m291:10[22m[39m
[36m [2mΓ¥»[22m renderPage tests/CreateClinicPage.test.tsx:[2m102:10[22m[39m
    [90m100| [39m
    [90m101| [39m[35mfunction[39m [34mrenderPage[39m() {
    [90m102| [39m  [35mreturn[39m [34mrender[39m(
    [90m   | [39m         [31m^[39m
    [90m103| [39m    [33m<[39m[33mMemoryRouter[39m[33m>[39m
    [90m104| [39m      [33m<[39m[33mCreateClinicPage[39m [33m/[39m[33m>[39m
[90m [2mΓ¥»[22m tests/CreateClinicPage.test.tsx:[2m202:5[22m[39m

[31m[2mΓÄ»ΓÄ»ΓÄ»ΓÄ»ΓÄ»ΓÄ»ΓÄ»ΓÄ»ΓÄ»ΓÄ»ΓÄ»ΓÄ»ΓÄ»ΓÄ»ΓÄ»ΓÄ»ΓÄ»ΓÄ»ΓÄ»ΓÄ»ΓÄ»[70/486]ΓÄ»[22m[39m

[41m[1m FAIL [22m[49m tests/CreateClinicPage.test.tsx[2m > [22mCreateClinicPage ΓÇö validation[2m > [22mclears a field error when the user 
starts typing
[31m[1mTypeError[22m: React.act is not a function[39m
[90m [2mΓ¥»[22m exports.act ../node_modules/react-dom/cjs/react-dom-test-utils.production.js:[2m20:16[22m[39m
[90m [2mΓ¥»[22m ../node_modules/@testing-library/react/dist/act-compat.js:[2m46:25[22m[39m
[90m [2mΓ¥»[22m renderRoot ../node_modules/@testing-library/react/dist/pure.js:[2m189:26[22m[39m
[90m [2mΓ¥»[22m Proxy.render ../node_modules/@testing-library/react/dist/pure.js:[2m291:10[22m[39m
[36m [2mΓ¥»[22m renderPage tests/CreateClinicPage.test.tsx:[2m102:10[22m[39m
    [90m100| [39m
    [90m101| [39m[35mfunction[39m [34mrenderPage[39m() {
    [90m102| [39m  [35mreturn[39m [34mrender[39m(
    [90m   | [39m         [31m^[39m
    [90m103| [39m    [33m<[39m[33mMemoryRouter[39m[33m>[39m
    [90m104| [39m      [33m<[39m[33mCreateClinicPage[39m [33m/[39m[33m>[39m
[90m [2mΓ¥»[22m tests/CreateClinicPage.test.tsx:[2m216:5[22m[39m

[31m[2mΓÄ»ΓÄ»ΓÄ»ΓÄ»ΓÄ»ΓÄ»ΓÄ»ΓÄ»ΓÄ»ΓÄ»ΓÄ»ΓÄ»ΓÄ»ΓÄ»ΓÄ»ΓÄ»ΓÄ»ΓÄ»ΓÄ»ΓÄ»ΓÄ»[71/486]ΓÄ»[22m[39m

[41m[1m FAIL [22m[49m tests/CreateClinicPage.test.tsx[2m > [22mCreateClinicPage ΓÇö successful create (name + timezone only)[2m > 
[22mcalls createClinic() with name and timezone when no optional fields are filled
[31m[1mTypeError[22m: React.act is not a function[39m
[90m [2mΓ¥»[22m exports.act ../node_modules/react-dom/cjs/react-dom-test-utils.production.js:[2m20:16[22m[39m
[90m [2mΓ¥»[22m ../node_modules/@testing-library/react/dist/act-compat.js:[2m46:25[22m[39m
[90m [2mΓ¥»[22m renderRoot ../node_modules/@testing-library/react/dist/pure.js:[2m189:26[22m[39m
[90m [2mΓ¥»[22m Proxy.render ../node_modules/@testing-library/react/dist/pure.js:[2m291:10[22m[39m
[36m [2mΓ¥»[22m renderPage tests/CreateClinicPage.test.tsx:[2m102:10[22m[39m
    [90m100| [39m
    [90m101| [39m[35mfunction[39m [34mrenderPage[39m() {
    [90m102| [39m  [35mreturn[39m [34mrender[39m(
    [90m   | [39m         [31m^[39m
    [90m103| [39m    [33m<[39m[33mMemoryRouter[39m[33m>[39m
    [90m104| [39m      [33m<[39m[33mCreateClinicPage[39m [33m/[39m[33m>[39m
[90m [2mΓ¥»[22m tests/CreateClinicPage.test.tsx:[2m245:5[22m[39m

[31m[2mΓÄ»ΓÄ»ΓÄ»ΓÄ»ΓÄ»ΓÄ»ΓÄ»ΓÄ»ΓÄ»ΓÄ»ΓÄ»ΓÄ»ΓÄ»ΓÄ»ΓÄ»ΓÄ»ΓÄ»ΓÄ»ΓÄ»ΓÄ»ΓÄ»[72/486]ΓÄ»[22m[39m

[41m[1m FAIL [22m[49m tests/CreateClinicPage.test.tsx[2m > [22mCreateClinicPage ΓÇö successful create (name + timezone only)[2m > [22mdoes 
NOT call updateClinicSettings() when no optional fields are provided
[31m[1mTypeError[22m: React.act is not a function[39m
[90m [2mΓ¥»[22m exports.act ../node_modules/react-dom/cjs/react-dom-test-utils.production.js:[2m20:16[22m[39m
[90m [2mΓ¥»[22m ../node_modules/@testing-library/react/dist/act-compat.js:[2m46:25[22m[39m
[90m [2mΓ¥»[22m renderRoot ../node_modules/@testing-library/react/dist/pure.js:[2m189:26[22m[39m
[90m [2mΓ¥»[22m Proxy.render ../node_modules/@testing-library/react/dist/pure.js:[2m291:10[22m[39m
[36m [2mΓ¥»[22m renderPage tests/CreateClinicPage.test.tsx:[2m102:10[22m[39m
    [90m100| [39m
    [90m101| [39m[35mfunction[39m [34mrenderPage[39m() {
    [90m102| [39m  [35mreturn[39m [34mrender[39m(
    [90m   | [39m         [31m^[39m
    [90m103| [39m    [33m<[39m[33mMemoryRouter[39m[33m>[39m
    [90m104| [39m      [33m<[39m[33mCreateClinicPage[39m [33m/[39m[33m>[39m
[90m [2mΓ¥»[22m tests/CreateClinicPage.test.tsx:[2m258:5[22m[39m

[31m[2mΓÄ»ΓÄ»ΓÄ»ΓÄ»ΓÄ»ΓÄ»ΓÄ»ΓÄ»ΓÄ»ΓÄ»ΓÄ»ΓÄ»ΓÄ»ΓÄ»ΓÄ»ΓÄ»ΓÄ»ΓÄ»ΓÄ»ΓÄ»ΓÄ»[73/486]ΓÄ»[22m[39m

[41m[1m FAIL [22m[49m tests/CreateClinicPage.test.tsx[2m > [22mCreateClinicPage ΓÇö successful create (name + timezone only)[2m > 
[22mnavigates to /settings/clinics after successful creation
[31m[1mTypeError[22m: React.act is not a function[39m
[90m [2mΓ¥»[22m exports.act ../node_modules/react-dom/cjs/react-dom-test-utils.production.js:[2m20:16[22m[39m
[90m [2mΓ¥»[22m ../node_modules/@testing-library/react/dist/act-compat.js:[2m46:25[22m[39m
[90m [2mΓ¥»[22m renderRoot ../node_modules/@testing-library/react/dist/pure.js:[2m189:26[22m[39m
[90m [2mΓ¥»[22m Proxy.render ../node_modules/@testing-library/react/dist/pure.js:[2m291:10[22m[39m
[36m [2mΓ¥»[22m renderPage tests/CreateClinicPage.test.tsx:[2m102:10[22m[39m
    [90m100| [39m
    [90m101| [39m[35mfunction[39m [34mrenderPage[39m() {
    [90m102| [39m  [35mreturn[39m [34mrender[39m(
    [90m   | [39m         [31m^[39m
    [90m103| [39m    [33m<[39m[33mMemoryRouter[39m[33m>[39m
    [90m104| [39m      [33m<[39m[33mCreateClinicPage[39m [33m/[39m[33m>[39m
[90m [2mΓ¥»[22m tests/CreateClinicPage.test.tsx:[2m270:5[22m[39m

[31m[2mΓÄ»ΓÄ»ΓÄ»ΓÄ»ΓÄ»ΓÄ»ΓÄ»ΓÄ»ΓÄ»ΓÄ»ΓÄ»ΓÄ»ΓÄ»ΓÄ»ΓÄ»ΓÄ»ΓÄ»ΓÄ»ΓÄ»ΓÄ»ΓÄ»[74/486]ΓÄ»[22m[39m

[41m[1m FAIL [22m[49m tests/CreateClinicPage.test.tsx[2m > [22mCreateClinicPage ΓÇö successful create (name + timezone only)[2m > 
[22mdisables the submit button while submitting
[31m[1mTypeError[22m: React.act is not a function[39m
[90m [2mΓ¥»[22m exports.act ../node_modules/react-dom/cjs/react-dom-test-utils.production.js:[2m20:16[22m[39m
[90m [2mΓ¥»[22m ../node_modules/@testing-library/react/dist/act-compat.js:[2m46:25[22m[39m
[90m [2mΓ¥»[22m renderRoot ../node_modules/@testing-library/react/dist/pure.js:[2m189:26[22m[39m
[90m [2mΓ¥»[22m Proxy.render ../node_modules/@testing-library/react/dist/pure.js:[2m291:10[22m[39m
[36m [2mΓ¥»[22m renderPage tests/CreateClinicPage.test.tsx:[2m102:10[22m[39m
    [90m100| [39m
    [90m101| [39m[35mfunction[39m [34mrenderPage[39m() {
    [90m102| [39m  [35mreturn[39m [34mrender[39m(
    [90m   | [39m         [31m^[39m
    [90m103| [39m    [33m<[39m[33mMemoryRouter[39m[33m>[39m
    [90m104| [39m      [33m<[39m[33mCreateClinicPage[39m [33m/[39m[33m>[39m
[90m [2mΓ¥»[22m tests/CreateClinicPage.test.tsx:[2m282:5[22m[39m

[31m[2mΓÄ»ΓÄ»ΓÄ»ΓÄ»ΓÄ»ΓÄ»ΓÄ»ΓÄ»ΓÄ»ΓÄ»ΓÄ»ΓÄ»ΓÄ»ΓÄ»ΓÄ»ΓÄ»ΓÄ»ΓÄ»ΓÄ»ΓÄ»ΓÄ»[75/486]ΓÄ»[22m[39m

[41m[1m FAIL [22m[49m tests/CreateClinicPage.test.tsx[2m > [22mCreateClinicPage ΓÇö successful create with optional fields[2m > [22mcalls 
updateClinicSettings() with optional fields when they are provided
[31m[1mTypeError[22m: React.act is not a function[39m
[90m [2mΓ¥»[22m exports.act ../node_modules/react-dom/cjs/react-dom-test-utils.production.js:[2m20:16[22m[39m
[90m [2mΓ¥»[22m ../node_modules/@testing-library/react/dist/act-compat.js:[2m46:25[22m[39m
[90m [2mΓ¥»[22m renderRoot ../node_modules/@testing-library/react/dist/pure.js:[2m189:26[22m[39m
[90m [2mΓ¥»[22m Proxy.render ../node_modules/@testing-library/react/dist/pure.js:[2m291:10[22m[39m
[36m [2mΓ¥»[22m renderPage tests/CreateClinicPage.test.tsx:[2m102:10[22m[39m
    [90m100| [39m
    [90m101| [39m[35mfunction[39m [34mrenderPage[39m() {
    [90m102| [39m  [35mreturn[39m [34mrender[39m(
    [90m   | [39m         [31m^[39m
    [90m103| [39m    [33m<[39m[33mMemoryRouter[39m[33m>[39m
    [90m104| [39m      [33m<[39m[33mCreateClinicPage[39m [33m/[39m[33m>[39m
[90m [2mΓ¥»[22m tests/CreateClinicPage.test.tsx:[2m306:5[22m[39m

[31m[2mΓÄ»ΓÄ»ΓÄ»ΓÄ»ΓÄ»ΓÄ»ΓÄ»ΓÄ»ΓÄ»ΓÄ»ΓÄ»ΓÄ»ΓÄ»ΓÄ»ΓÄ»ΓÄ»ΓÄ»ΓÄ»ΓÄ»ΓÄ»ΓÄ»[76/486]ΓÄ»[22m[39m

[41m[1m FAIL [22m[49m tests/CreateClinicPage.test.tsx[2m > [22mCreateClinicPage ΓÇö successful create with optional fields[2m > [22mstrips 
spaces from ABN before passing to updateClinicSettings()
[31m[1mTypeError[22m: React.act is not a function[39m
[90m [2mΓ¥»[22m exports.act ../node_modules/react-dom/cjs/react-dom-test-utils.production.js:[2m20:16[22m[39m
[90m [2mΓ¥»[22m ../node_modules/@testing-library/react/dist/act-compat.js:[2m46:25[22m[39m
[90m [2mΓ¥»[22m renderRoot ../node_modules/@testing-library/react/dist/pure.js:[2m189:26[22m[39m
[90m [2mΓ¥»[22m Proxy.render ../node_modules/@testing-library/react/dist/pure.js:[2m291:10[22m[39m
[36m [2mΓ¥»[22m renderPage tests/CreateClinicPage.test.tsx:[2m102:10[22m[39m
    [90m100| [39m
    [90m101| [39m[35mfunction[39m [34mrenderPage[39m() {
    [90m102| [39m  [35mreturn[39m [34mrender[39m(
    [90m   | [39m         [31m^[39m
    [90m103| [39m    [33m<[39m[33mMemoryRouter[39m[33m>[39m
    [90m104| [39m      [33m<[39m[33mCreateClinicPage[39m [33m/[39m[33m>[39m
[90m [2mΓ¥»[22m tests/CreateClinicPage.test.tsx:[2m337:5[22m[39m

[31m[2mΓÄ»ΓÄ»ΓÄ»ΓÄ»ΓÄ»ΓÄ»ΓÄ»ΓÄ»ΓÄ»ΓÄ»ΓÄ»ΓÄ»ΓÄ»ΓÄ»ΓÄ»ΓÄ»ΓÄ»ΓÄ»ΓÄ»ΓÄ»ΓÄ»[77/486]ΓÄ»[22m[39m

[41m[1m FAIL [22m[49m tests/CreateClinicPage.test.tsx[2m > [22mCreateClinicPage ΓÇö error handling[2m > [22mshows the error message when 
createClinic() rejects
[31m[1mTypeError[22m: React.act is not a function[39m
[90m [2mΓ¥»[22m exports.act ../node_modules/react-dom/cjs/react-dom-test-utils.production.js:[2m20:16[22m[39m
[90m [2mΓ¥»[22m ../node_modules/@testing-library/react/dist/act-compat.js:[2m46:25[22m[39m
[90m [2mΓ¥»[22m renderRoot ../node_modules/@testing-library/react/dist/pure.js:[2m189:26[22m[39m
[90m [2mΓ¥»[22m Proxy.render ../node_modules/@testing-library/react/dist/pure.js:[2m291:10[22m[39m
[36m [2mΓ¥»[22m renderPage tests/CreateClinicPage.test.tsx:[2m102:10[22m[39m
    [90m100| [39m
    [90m101| [39m[35mfunction[39m [34mrenderPage[39m() {
    [90m102| [39m  [35mreturn[39m [34mrender[39m(
    [90m   | [39m         [31m^[39m
    [90m103| [39m    [33m<[39m[33mMemoryRouter[39m[33m>[39m
    [90m104| [39m      [33m<[39m[33mCreateClinicPage[39m [33m/[39m[33m>[39m
[90m [2mΓ¥»[22m tests/CreateClinicPage.test.tsx:[2m365:5[22m[39m

[31m[2mΓÄ»ΓÄ»ΓÄ»ΓÄ»ΓÄ»ΓÄ»ΓÄ»ΓÄ»ΓÄ»ΓÄ»ΓÄ»ΓÄ»ΓÄ»ΓÄ»ΓÄ»ΓÄ»ΓÄ»ΓÄ»ΓÄ»ΓÄ»ΓÄ»[78/486]ΓÄ»[22m[39m

[41m[1m FAIL [22m[49m tests/CreateClinicPage.test.tsx[2m > [22mCreateClinicPage ΓÇö error handling[2m > [22mre-enables the submit button 
after a failed submission
[31m[1mTypeError[22m: React.act is not a function[39m
[90m [2mΓ¥»[22m exports.act ../node_modules/react-dom/cjs/react-dom-test-utils.production.js:[2m20:16[22m[39m
[90m [2mΓ¥»[22m ../node_modules/@testing-library/react/dist/act-compat.js:[2m46:25[22m[39m
[90m [2mΓ¥»[22m renderRoot ../node_modules/@testing-library/react/dist/pure.js:[2m189:26[22m[39m
[90m [2mΓ¥»[22m Proxy.render ../node_modules/@testing-library/react/dist/pure.js:[2m291:10[22m[39m
[36m [2mΓ¥»[22m renderPage tests/CreateClinicPage.test.tsx:[2m102:10[22m[39m
    [90m100| [39m
    [90m101| [39m[35mfunction[39m [34mrenderPage[39m() {
    [90m102| [39m  [35mreturn[39m [34mrender[39m(
    [90m   | [39m         [31m^[39m
    [90m103| [39m    [33m<[39m[33mMemoryRouter[39m[33m>[39m
    [90m104| [39m      [33m<[39m[33mCreateClinicPage[39m [33m/[39m[33m>[39m
[90m [2mΓ¥»[22m tests/CreateClinicPage.test.tsx:[2m378:5[22m[39m

[31m[2mΓÄ»ΓÄ»ΓÄ»ΓÄ»ΓÄ»ΓÄ»ΓÄ»ΓÄ»ΓÄ»ΓÄ»ΓÄ»ΓÄ»ΓÄ»ΓÄ»ΓÄ»ΓÄ»ΓÄ»ΓÄ»ΓÄ»ΓÄ»ΓÄ»[79/486]ΓÄ»[22m[39m

[41m[1m FAIL [22m[49m tests/CreateClinicPage.test.tsx[2m > [22mCreateClinicPage ΓÇö access control[2m > [22mredirects 
group_practice_manager to /
[31m[1mTypeError[22m: React.act is not a function[39m
[90m [2mΓ¥»[22m exports.act ../node_modules/react-dom/cjs/react-dom-test-utils.production.js:[2m20:16[22m[39m
[90m [2mΓ¥»[22m ../node_modules/@testing-library/react/dist/act-compat.js:[2m46:25[22m[39m
[90m [2mΓ¥»[22m renderRoot ../node_modules/@testing-library/react/dist/pure.js:[2m189:26[22m[39m
[90m [2mΓ¥»[22m Proxy.render ../node_modules/@testing-library/react/dist/pure.js:[2m291:10[22m[39m
[36m [2mΓ¥»[22m renderPage tests/CreateClinicPage.test.tsx:[2m102:10[22m[39m
    [90m100| [39m
    [90m101| [39m[35mfunction[39m [34mrenderPage[39m() {
    [90m102| [39m  [35mreturn[39m [34mrender[39m(
    [90m   | [39m         [31m^[39m
    [90m103| [39m    [33m<[39m[33mMemoryRouter[39m[33m>[39m
    [90m104| [39m      [33m<[39m[33mCreateClinicPage[39m [33m/[39m[33m>[39m
[90m [2mΓ¥»[22m tests/CreateClinicPage.test.tsx:[2m393:5[22m[39m

[31m[2mΓÄ»ΓÄ»ΓÄ»ΓÄ»ΓÄ»ΓÄ»ΓÄ»ΓÄ»ΓÄ»ΓÄ»ΓÄ»ΓÄ»ΓÄ»ΓÄ»ΓÄ»ΓÄ»ΓÄ»ΓÄ»ΓÄ»ΓÄ»ΓÄ»[80/486]ΓÄ»[22m[39m

[41m[1m FAIL [22m[49m tests/CreateClinicPage.test.tsx[2m > [22mCreateClinicPage ΓÇö access control[2m > [22mredirects clinical_staff to /
[31m[1mTypeError[22m: React.act is not a function[39m
[90m [2mΓ¥»[22m exports.act ../node_modules/react-dom/cjs/react-dom-test-utils.production.js:[2m20:16[22m[39m
[90m [2mΓ¥»[22m ../node_modules/@testing-library/react/dist/act-compat.js:[2m46:25[22m[39m
[90m [2mΓ¥»[22m renderRoot ../node_modules/@testing-library/react/dist/pure.js:[2m189:26[22m[39m
[90m [2mΓ¥»[22m Proxy.render ../node_modules/@testing-library/react/dist/pure.js:[2m291:10[22m[39m
[36m [2mΓ¥»[22m renderPage tests/CreateClinicPage.test.tsx:[2m102:10[22m[39m
    [90m100| [39m
    [90m101| [39m[35mfunction[39m [34mrenderPage[39m() {
    [90m102| [39m  [35mreturn[39m [34mrender[39m(
    [90m   | [39m         [31m^[39m
    [90m103| [39m    [33m<[39m[33mMemoryRouter[39m[33m>[39m
    [90m104| [39m      [33m<[39m[33mCreateClinicPage[39m [33m/[39m[33m>[39m
[90m [2mΓ¥»[22m tests/CreateClinicPage.test.tsx:[2m402:5[22m[39m

[31m[2mΓÄ»ΓÄ»ΓÄ»ΓÄ»ΓÄ»ΓÄ»ΓÄ»ΓÄ»ΓÄ»ΓÄ»ΓÄ»ΓÄ»ΓÄ»ΓÄ»ΓÄ»ΓÄ»ΓÄ»ΓÄ»ΓÄ»ΓÄ»ΓÄ»[81/486]ΓÄ»[22m[39m

[41m[1m FAIL [22m[49m tests/CreateClinicPage.test.tsx[2m > [22mCreateClinicPage ΓÇö access control[2m > [22mrenders null when no user is 
authenticated
[31m[1mTypeError[22m: React.act is not a function[39m
[90m [2mΓ¥»[22m exports.act ../node_modules/react-dom/cjs/react-dom-test-utils.production.js:[2m20:16[22m[39m
[90m [2mΓ¥»[22m ../node_modules/@testing-library/react/dist/act-compat.js:[2m46:25[22m[39m
[90m [2mΓ¥»[22m renderRoot ../node_modules/@testing-library/react/dist/pure.js:[2m189:26[22m[39m
[90m [2mΓ¥»[22m Proxy.render ../node_modules/@testing-library/react/dist/pure.js:[2m291:10[22m[39m
[36m [2mΓ¥»[22m renderPage tests/CreateClinicPage.test.tsx:[2m102:10[22m[39m
    [90m100| [39m
    [90m101| [39m[35mfunction[39m [34mrenderPage[39m() {
    [90m102| [39m  [35mreturn[39m [34mrender[39m(
    [90m   | [39m         [31m^[39m
    [90m103| [39m    [33m<[39m[33mMemoryRouter[39m[33m>[39m
    [90m104| [39m      [33m<[39m[33mCreateClinicPage[39m [33m/[39m[33m>[39m
[90m [2mΓ¥»[22m tests/CreateClinicPage.test.tsx:[2m412:27[22m[39m

[31m[2mΓÄ»ΓÄ»ΓÄ»ΓÄ»ΓÄ»ΓÄ»ΓÄ»ΓÄ»ΓÄ»ΓÄ»ΓÄ»ΓÄ»ΓÄ»ΓÄ»ΓÄ»ΓÄ»ΓÄ»ΓÄ»ΓÄ»ΓÄ»ΓÄ»[82/486]ΓÄ»[22m[39m

[41m[1m FAIL [22m[49m tests/InventoryAdjustPage.test.tsx[2m > [22mInventoryAdjustPage ΓÇö RBAC[2m > [22mredirects clinical_staff to 
/inventory
[31m[1mTypeError[22m: React.act is not a function[39m
[90m [2mΓ¥»[22m exports.act ../node_modules/react-dom/cjs/react-dom-test-utils.production.js:[2m20:16[22m[39m
[90m [2mΓ¥»[22m ../node_modules/@testing-library/react/dist/act-compat.js:[2m46:25[22m[39m
[90m [2mΓ¥»[22m renderRoot ../node_modules/@testing-library/react/dist/pure.js:[2m189:26[22m[39m
[90m [2mΓ¥»[22m Proxy.render ../node_modules/@testing-library/react/dist/pure.js:[2m291:10[22m[39m
[36m [2mΓ¥»[22m renderPage tests/InventoryAdjustPage.test.tsx:[2m91:10[22m[39m
    [90m 89| [39m
    [90m 90| [39m[35mfunction[39m [34mrenderPage[39m(initialPath [33m=[39m [32m"/inventory/adjust"[39m) {
    [90m 91| [39m  [35mreturn[39m [34mrender[39m(
    [90m   | [39m         [31m^[39m
    [90m 92| [39m    [33m<[39m[33mMemoryRouter[39m [33minitialEntries[39m[33m=[39m[33m{[39m[initialPath][33m}[39m[33m>[39m
    [90m 93| [39m      [33m<[39m[33mInventoryAdjustPage[39m [33m/[39m[33m>[39m
[90m [2mΓ¥»[22m tests/InventoryAdjustPage.test.tsx:[2m109:5[22m[39m

[31m[2mΓÄ»ΓÄ»ΓÄ»ΓÄ»ΓÄ»ΓÄ»ΓÄ»ΓÄ»ΓÄ»ΓÄ»ΓÄ»ΓÄ»ΓÄ»ΓÄ»ΓÄ»ΓÄ»ΓÄ»ΓÄ»ΓÄ»ΓÄ»ΓÄ»[83/486]ΓÄ»[22m[39m

[41m[1m FAIL [22m[49m tests/InventoryAdjustPage.test.tsx[2m > [22mInventoryAdjustPage ΓÇö RBAC[2m > [22mrenders the page for managers
[31m[1mTypeError[22m: React.act is not a function[39m
[90m [2mΓ¥»[22m exports.act ../node_modules/react-dom/cjs/react-dom-test-utils.production.js:[2m20:16[22m[39m
[90m [2mΓ¥»[22m ../node_modules/@testing-library/react/dist/act-compat.js:[2m46:25[22m[39m
[90m [2mΓ¥»[22m renderRoot ../node_modules/@testing-library/react/dist/pure.js:[2m189:26[22m[39m
[90m [2mΓ¥»[22m Proxy.render ../node_modules/@testing-library/react/dist/pure.js:[2m291:10[22m[39m
[36m [2mΓ¥»[22m renderPage tests/InventoryAdjustPage.test.tsx:[2m91:10[22m[39m
    [90m 89| [39m
    [90m 90| [39m[35mfunction[39m [34mrenderPage[39m(initialPath [33m=[39m [32m"/inventory/adjust"[39m) {
    [90m 91| [39m  [35mreturn[39m [34mrender[39m(
    [90m   | [39m         [31m^[39m
    [90m 92| [39m    [33m<[39m[33mMemoryRouter[39m [33minitialEntries[39m[33m=[39m[33m{[39m[initialPath][33m}[39m[33m>[39m
    [90m 93| [39m      [33m<[39m[33mInventoryAdjustPage[39m [33m/[39m[33m>[39m
[90m [2mΓ¥»[22m tests/InventoryAdjustPage.test.tsx:[2m118:5[22m[39m

[31m[2mΓÄ»ΓÄ»ΓÄ»ΓÄ»ΓÄ»ΓÄ»ΓÄ»ΓÄ»ΓÄ»ΓÄ»ΓÄ»ΓÄ»ΓÄ»ΓÄ»ΓÄ»ΓÄ»ΓÄ»ΓÄ»ΓÄ»ΓÄ»ΓÄ»[84/486]ΓÄ»[22m[39m

[41m[1m FAIL [22m[49m tests/InventoryAdjustPage.test.tsx[2m > [22mInventoryAdjustPage ΓÇö item selection[2m > [22mshows all items after 
inventory loads
[31m[1mTypeError[22m: React.act is not a function[39m
[90m [2mΓ¥»[22m exports.act ../node_modules/react-dom/cjs/react-dom-test-utils.production.js:[2m20:16[22m[39m
[90m [2mΓ¥»[22m ../node_modules/@testing-library/react/dist/act-compat.js:[2m46:25[22m[39m
[90m [2mΓ¥»[22m renderRoot ../node_modules/@testing-library/react/dist/pure.js:[2m189:26[22m[39m
[90m [2mΓ¥»[22m Proxy.render ../node_modules/@testing-library/react/dist/pure.js:[2m291:10[22m[39m
[36m [2mΓ¥»[22m renderPage tests/InventoryAdjustPage.test.tsx:[2m91:10[22m[39m
    [90m 89| [39m
    [90m 90| [39m[35mfunction[39m [34mrenderPage[39m(initialPath [33m=[39m [32m"/inventory/adjust"[39m) {
    [90m 91| [39m  [35mreturn[39m [34mrender[39m(
    [90m   | [39m         [31m^[39m
    [90m 92| [39m    [33m<[39m[33mMemoryRouter[39m [33minitialEntries[39m[33m=[39m[33m{[39m[initialPath][33m}[39m[33m>[39m
    [90m 93| [39m      [33m<[39m[33mInventoryAdjustPage[39m [33m/[39m[33m>[39m
[90m [2mΓ¥»[22m tests/InventoryAdjustPage.test.tsx:[2m133:5[22m[39m

[31m[2mΓÄ»ΓÄ»ΓÄ»ΓÄ»ΓÄ»ΓÄ»ΓÄ»ΓÄ»ΓÄ»ΓÄ»ΓÄ»ΓÄ»ΓÄ»ΓÄ»ΓÄ»ΓÄ»ΓÄ»ΓÄ»ΓÄ»ΓÄ»ΓÄ»[85/486]ΓÄ»[22m[39m

[41m[1m FAIL [22m[49m tests/InventoryAdjustPage.test.tsx[2m > [22mInventoryAdjustPage ΓÇö item selection[2m > [22mfilters items by search 
query
[31m[1mTypeError[22m: React.act is not a function[39m
[90m [2mΓ¥»[22m exports.act ../node_modules/react-dom/cjs/react-dom-test-utils.production.js:[2m20:16[22m[39m
[90m [2mΓ¥»[22m ../node_modules/@testing-library/react/dist/act-compat.js:[2m46:25[22m[39m
[90m [2mΓ¥»[22m renderRoot ../node_modules/@testing-library/react/dist/pure.js:[2m189:26[22m[39m
[90m [2mΓ¥»[22m Proxy.render ../node_modules/@testing-library/react/dist/pure.js:[2m291:10[22m[39m
[36m [2mΓ¥»[22m renderPage tests/InventoryAdjustPage.test.tsx:[2m91:10[22m[39m
    [90m 89| [39m
    [90m 90| [39m[35mfunction[39m [34mrenderPage[39m(initialPath [33m=[39m [32m"/inventory/adjust"[39m) {
    [90m 91| [39m  [35mreturn[39m [34mrender[39m(
    [90m   | [39m         [31m^[39m
    [90m 92| [39m    [33m<[39m[33mMemoryRouter[39m [33minitialEntries[39m[33m=[39m[33m{[39m[initialPath][33m}[39m[33m>[39m
    [90m 93| [39m      [33m<[39m[33mInventoryAdjustPage[39m [33m/[39m[33m>[39m
[90m [2mΓ¥»[22m tests/InventoryAdjustPage.test.tsx:[2m140:5[22m[39m

[31m[2mΓÄ»ΓÄ»ΓÄ»ΓÄ»ΓÄ»ΓÄ»ΓÄ»ΓÄ»ΓÄ»ΓÄ»ΓÄ»ΓÄ»ΓÄ»ΓÄ»ΓÄ»ΓÄ»ΓÄ»ΓÄ»ΓÄ»ΓÄ»ΓÄ»[86/486]ΓÄ»[22m[39m

[41m[1m FAIL [22m[49m tests/InventoryAdjustPage.test.tsx[2m > [22mInventoryAdjustPage ΓÇö item selection[2m > [22mshows empty state when 
no items match search
[31m[1mTypeError[22m: React.act is not a function[39m
[90m [2mΓ¥»[22m exports.act ../node_modules/react-dom/cjs/react-dom-test-utils.production.js:[2m20:16[22m[39m
[90m [2mΓ¥»[22m ../node_modules/@testing-library/react/dist/act-compat.js:[2m46:25[22m[39m
[90m [2mΓ¥»[22m renderRoot ../node_modules/@testing-library/react/dist/pure.js:[2m189:26[22m[39m
[90m [2mΓ¥»[22m Proxy.render ../node_modules/@testing-library/react/dist/pure.js:[2m291:10[22m[39m
[36m [2mΓ¥»[22m renderPage tests/InventoryAdjustPage.test.tsx:[2m91:10[22m[39m
    [90m 89| [39m
    [90m 90| [39m[35mfunction[39m [34mrenderPage[39m(initialPath [33m=[39m [32m"/inventory/adjust"[39m) {
    [90m 91| [39m  [35mreturn[39m [34mrender[39m(
    [90m   | [39m         [31m^[39m
    [90m 92| [39m    [33m<[39m[33mMemoryRouter[39m [33minitialEntries[39m[33m=[39m[33m{[39m[initialPath][33m}[39m[33m>[39m
    [90m 93| [39m      [33m<[39m[33mInventoryAdjustPage[39m [33m/[39m[33m>[39m
[90m [2mΓ¥»[22m tests/InventoryAdjustPage.test.tsx:[2m152:5[22m[39m

[31m[2mΓÄ»ΓÄ»ΓÄ»ΓÄ»ΓÄ»ΓÄ»ΓÄ»ΓÄ»ΓÄ»ΓÄ»ΓÄ»ΓÄ»ΓÄ»ΓÄ»ΓÄ»ΓÄ»ΓÄ»ΓÄ»ΓÄ»ΓÄ»ΓÄ»[87/486]ΓÄ»[22m[39m

[41m[1m FAIL [22m[49m tests/InventoryAdjustPage.test.tsx[2m > [22mInventoryAdjustPage ΓÇö item selection[2m > [22madvances to the form 
step on item click
[31m[1mTypeError[22m: React.act is not a function[39m
[90m [2mΓ¥»[22m exports.act ../node_modules/react-dom/cjs/react-dom-test-utils.production.js:[2m20:16[22m[39m
[90m [2mΓ¥»[22m ../node_modules/@testing-library/react/dist/act-compat.js:[2m46:25[22m[39m
[90m [2mΓ¥»[22m renderRoot ../node_modules/@testing-library/react/dist/pure.js:[2m189:26[22m[39m
[90m [2mΓ¥»[22m Proxy.render ../node_modules/@testing-library/react/dist/pure.js:[2m291:10[22m[39m
[36m [2mΓ¥»[22m renderPage tests/InventoryAdjustPage.test.tsx:[2m91:10[22m[39m
    [90m 89| [39m
    [90m 90| [39m[35mfunction[39m [34mrenderPage[39m(initialPath [33m=[39m [32m"/inventory/adjust"[39m) {
    [90m 91| [39m  [35mreturn[39m [34mrender[39m(
    [90m   | [39m         [31m^[39m
    [90m 92| [39m    [33m<[39m[33mMemoryRouter[39m [33minitialEntries[39m[33m=[39m[33m{[39m[initialPath][33m}[39m[33m>[39m
    [90m 93| [39m      [33m<[39m[33mInventoryAdjustPage[39m [33m/[39m[33m>[39m
[90m [2mΓ¥»[22m tests/InventoryAdjustPage.test.tsx:[2m163:5[22m[39m

[31m[2mΓÄ»ΓÄ»ΓÄ»ΓÄ»ΓÄ»ΓÄ»ΓÄ»ΓÄ»ΓÄ»ΓÄ»ΓÄ»ΓÄ»ΓÄ»ΓÄ»ΓÄ»ΓÄ»ΓÄ»ΓÄ»ΓÄ»ΓÄ»ΓÄ»[88/486]ΓÄ»[22m[39m

[41m[1m FAIL [22m[49m tests/InventoryAdjustPage.test.tsx[2m > [22mInventoryAdjustPage ΓÇö adjustment form[2m > [22mshows validation errors 
when submitting empty form
[31m[1mTypeError[22m: React.act is not a function[39m
[90m [2mΓ¥»[22m exports.act ../node_modules/react-dom/cjs/react-dom-test-utils.production.js:[2m20:16[22m[39m
[90m [2mΓ¥»[22m ../node_modules/@testing-library/react/dist/act-compat.js:[2m46:25[22m[39m
[90m [2mΓ¥»[22m renderRoot ../node_modules/@testing-library/react/dist/pure.js:[2m189:26[22m[39m
[90m [2mΓ¥»[22m Proxy.render ../node_modules/@testing-library/react/dist/pure.js:[2m291:10[22m[39m
[36m [2mΓ¥»[22m renderPage tests/InventoryAdjustPage.test.tsx:[2m91:10[22m[39m
    [90m 89| [39m
    [90m 90| [39m[35mfunction[39m [34mrenderPage[39m(initialPath [33m=[39m [32m"/inventory/adjust"[39m) {
    [90m 91| [39m  [35mreturn[39m [34mrender[39m(
    [90m   | [39m         [31m^[39m
    [90m 92| [39m    [33m<[39m[33mMemoryRouter[39m [33minitialEntries[39m[33m=[39m[33m{[39m[initialPath][33m}[39m[33m>[39m
    [90m 93| [39m      [33m<[39m[33mInventoryAdjustPage[39m [33m/[39m[33m>[39m
[90m [2mΓ¥»[22m advanceToForm tests/InventoryAdjustPage.test.tsx:[2m181:5[22m[39m
[90m [2mΓ¥»[22m tests/InventoryAdjustPage.test.tsx:[2m188:11[22m[39m

[31m[2mΓÄ»ΓÄ»ΓÄ»ΓÄ»ΓÄ»ΓÄ»ΓÄ»ΓÄ»ΓÄ»ΓÄ»ΓÄ»ΓÄ»ΓÄ»ΓÄ»ΓÄ»ΓÄ»ΓÄ»ΓÄ»ΓÄ»ΓÄ»ΓÄ»[89/486]ΓÄ»[22m[39m

[41m[1m FAIL [22m[49m tests/InventoryAdjustPage.test.tsx[2m > [22mInventoryAdjustPage ΓÇö adjustment form[2m > [22mshows stock preview 
when quantity is entered
[31m[1mTypeError[22m: React.act is not a function[39m
[90m [2mΓ¥»[22m exports.act ../node_modules/react-dom/cjs/react-dom-test-utils.production.js:[2m20:16[22m[39m
[90m [2mΓ¥»[22m ../node_modules/@testing-library/react/dist/act-compat.js:[2m46:25[22m[39m
[90m [2mΓ¥»[22m renderRoot ../node_modules/@testing-library/react/dist/pure.js:[2m189:26[22m[39m
[90m [2mΓ¥»[22m Proxy.render ../node_modules/@testing-library/react/dist/pure.js:[2m291:10[22m[39m
[36m [2mΓ¥»[22m renderPage tests/InventoryAdjustPage.test.tsx:[2m91:10[22m[39m
    [90m 89| [39m
    [90m 90| [39m[35mfunction[39m [34mrenderPage[39m(initialPath [33m=[39m [32m"/inventory/adjust"[39m) {
    [90m 91| [39m  [35mreturn[39m [34mrender[39m(
    [90m   | [39m         [31m^[39m
    [90m 92| [39m    [33m<[39m[33mMemoryRouter[39m [33minitialEntries[39m[33m=[39m[33m{[39m[initialPath][33m}[39m[33m>[39m
    [90m 93| [39m      [33m<[39m[33mInventoryAdjustPage[39m [33m/[39m[33m>[39m
[90m [2mΓ¥»[22m advanceToForm tests/InventoryAdjustPage.test.tsx:[2m181:5[22m[39m
[90m [2mΓ¥»[22m tests/InventoryAdjustPage.test.tsx:[2m201:11[22m[39m

[31m[2mΓÄ»ΓÄ»ΓÄ»ΓÄ»ΓÄ»ΓÄ»ΓÄ»ΓÄ»ΓÄ»ΓÄ»ΓÄ»ΓÄ»ΓÄ»ΓÄ»ΓÄ»ΓÄ»ΓÄ»ΓÄ»ΓÄ»ΓÄ»ΓÄ»[90/486]ΓÄ»[22m[39m

[41m[1m FAIL [22m[49m tests/InventoryAdjustPage.test.tsx[2m > [22mInventoryAdjustPage ΓÇö adjustment form[2m > [22mcalculates decrease 
delta correctly in preview
[31m[1mTypeError[22m: React.act is not a function[39m
[90m [2mΓ¥»[22m exports.act ../node_modules/react-dom/cjs/react-dom-test-utils.production.js:[2m20:16[22m[39m
[90m [2mΓ¥»[22m ../node_modules/@testing-library/react/dist/act-compat.js:[2m46:25[22m[39m
[90m [2mΓ¥»[22m renderRoot ../node_modules/@testing-library/react/dist/pure.js:[2m189:26[22m[39m
[90m [2mΓ¥»[22m Proxy.render ../node_modules/@testing-library/react/dist/pure.js:[2m291:10[22m[39m
[36m [2mΓ¥»[22m renderPage tests/InventoryAdjustPage.test.tsx:[2m91:10[22m[39m
    [90m 89| [39m
    [90m 90| [39m[35mfunction[39m [34mrenderPage[39m(initialPath [33m=[39m [32m"/inventory/adjust"[39m) {
    [90m 91| [39m  [35mreturn[39m [34mrender[39m(
    [90m   | [39m         [31m^[39m
    [90m 92| [39m    [33m<[39m[33mMemoryRouter[39m [33minitialEntries[39m[33m=[39m[33m{[39m[initialPath][33m}[39m[33m>[39m
    [90m 93| [39m      [33m<[39m[33mInventoryAdjustPage[39m [33m/[39m[33m>[39m
[90m [2mΓ¥»[22m advanceToForm tests/InventoryAdjustPage.test.tsx:[2m181:5[22m[39m
[90m [2mΓ¥»[22m tests/InventoryAdjustPage.test.tsx:[2m211:11[22m[39m

[31m[2mΓÄ»ΓÄ»ΓÄ»ΓÄ»ΓÄ»ΓÄ»ΓÄ»ΓÄ»ΓÄ»ΓÄ»ΓÄ»ΓÄ»ΓÄ»ΓÄ»ΓÄ»ΓÄ»ΓÄ»ΓÄ»ΓÄ»ΓÄ»ΓÄ»[91/486]ΓÄ»[22m[39m

[41m[1m FAIL [22m[49m tests/InventoryAdjustPage.test.tsx[2m > [22mInventoryAdjustPage ΓÇö adjustment form[2m > [22madvances to confirm 
step with valid form data
[31m[1mTypeError[22m: React.act is not a function[39m
[90m [2mΓ¥»[22m exports.act ../node_modules/react-dom/cjs/react-dom-test-utils.production.js:[2m20:16[22m[39m
[90m [2mΓ¥»[22m ../node_modules/@testing-library/react/dist/act-compat.js:[2m46:25[22m[39m
[90m [2mΓ¥»[22m renderRoot ../node_modules/@testing-library/react/dist/pure.js:[2m189:26[22m[39m
[90m [2mΓ¥»[22m Proxy.render ../node_modules/@testing-library/react/dist/pure.js:[2m291:10[22m[39m
[36m [2mΓ¥»[22m renderPage tests/InventoryAdjustPage.test.tsx:[2m91:10[22m[39m
    [90m 89| [39m
    [90m 90| [39m[35mfunction[39m [34mrenderPage[39m(initialPath [33m=[39m [32m"/inventory/adjust"[39m) {
    [90m 91| [39m  [35mreturn[39m [34mrender[39m(
    [90m   | [39m         [31m^[39m
    [90m 92| [39m    [33m<[39m[33mMemoryRouter[39m [33minitialEntries[39m[33m=[39m[33m{[39m[initialPath][33m}[39m[33m>[39m
    [90m 93| [39m      [33m<[39m[33mInventoryAdjustPage[39m [33m/[39m[33m>[39m
[90m [2mΓ¥»[22m advanceToForm tests/InventoryAdjustPage.test.tsx:[2m181:5[22m[39m
[90m [2mΓ¥»[22m tests/InventoryAdjustPage.test.tsx:[2m221:11[22m[39m

[31m[2mΓÄ»ΓÄ»ΓÄ»ΓÄ»ΓÄ»ΓÄ»ΓÄ»ΓÄ»ΓÄ»ΓÄ»ΓÄ»ΓÄ»ΓÄ»ΓÄ»ΓÄ»ΓÄ»ΓÄ»ΓÄ»ΓÄ»ΓÄ»ΓÄ»[92/486]ΓÄ»[22m[39m

[41m[1m FAIL [22m[49m tests/InventoryAdjustPage.test.tsx[2m > [22mInventoryAdjustPage ΓÇö confirm and submit[2m > [22mcalls 
adjustInventory with correct payload on confirm
[31m[1mTypeError[22m: React.act is not a function[39m
[90m [2mΓ¥»[22m exports.act ../node_modules/react-dom/cjs/react-dom-test-utils.production.js:[2m20:16[22m[39m
[90m [2mΓ¥»[22m ../node_modules/@testing-library/react/dist/act-compat.js:[2m46:25[22m[39m
[90m [2mΓ¥»[22m renderRoot ../node_modules/@testing-library/react/dist/pure.js:[2m189:26[22m[39m
[90m [2mΓ¥»[22m Proxy.render ../node_modules/@testing-library/react/dist/pure.js:[2m291:10[22m[39m
[36m [2mΓ¥»[22m renderPage tests/InventoryAdjustPage.test.tsx:[2m91:10[22m[39m
    [90m 89| [39m
    [90m 90| [39m[35mfunction[39m [34mrenderPage[39m(initialPath [33m=[39m [32m"/inventory/adjust"[39m) {
    [90m 91| [39m  [35mreturn[39m [34mrender[39m(
    [90m   | [39m         [31m^[39m
    [90m 92| [39m    [33m<[39m[33mMemoryRouter[39m [33minitialEntries[39m[33m=[39m[33m{[39m[initialPath][33m}[39m[33m>[39m
    [90m 93| [39m      [33m<[39m[33mInventoryAdjustPage[39m [33m/[39m[33m>[39m
[90m [2mΓ¥»[22m advanceToConfirm tests/InventoryAdjustPage.test.tsx:[2m243:5[22m[39m
[90m [2mΓ¥»[22m tests/InventoryAdjustPage.test.tsx:[2m276:11[22m[39m

[31m[2mΓÄ»ΓÄ»ΓÄ»ΓÄ»ΓÄ»ΓÄ»ΓÄ»ΓÄ»ΓÄ»ΓÄ»ΓÄ»ΓÄ»ΓÄ»ΓÄ»ΓÄ»ΓÄ»ΓÄ»ΓÄ»ΓÄ»ΓÄ»ΓÄ»[93/486]ΓÄ»[22m[39m

[41m[1m FAIL [22m[49m tests/InventoryAdjustPage.test.tsx[2m > [22mInventoryAdjustPage ΓÇö confirm and submit[2m > [22mshows success notice 
after successful adjustment
[31m[1mTypeError[22m: React.act is not a function[39m
[90m [2mΓ¥»[22m exports.act ../node_modules/react-dom/cjs/react-dom-test-utils.production.js:[2m20:16[22m[39m
[90m [2mΓ¥»[22m ../node_modules/@testing-library/react/dist/act-compat.js:[2m46:25[22m[39m
[90m [2mΓ¥»[22m renderRoot ../node_modules/@testing-library/react/dist/pure.js:[2m189:26[22m[39m
[90m [2mΓ¥»[22m Proxy.render ../node_modules/@testing-library/react/dist/pure.js:[2m291:10[22m[39m
[36m [2mΓ¥»[22m renderPage tests/InventoryAdjustPage.test.tsx:[2m91:10[22m[39m
    [90m 89| [39m
    [90m 90| [39m[35mfunction[39m [34mrenderPage[39m(initialPath [33m=[39m [32m"/inventory/adjust"[39m) {
    [90m 91| [39m  [35mreturn[39m [34mrender[39m(
    [90m   | [39m         [31m^[39m
    [90m 92| [39m    [33m<[39m[33mMemoryRouter[39m [33minitialEntries[39m[33m=[39m[33m{[39m[initialPath][33m}[39m[33m>[39m
    [90m 93| [39m      [33m<[39m[33mInventoryAdjustPage[39m [33m/[39m[33m>[39m
[90m [2mΓ¥»[22m advanceToConfirm tests/InventoryAdjustPage.test.tsx:[2m243:5[22m[39m
[90m [2mΓ¥»[22m tests/InventoryAdjustPage.test.tsx:[2m308:11[22m[39m

[31m[2mΓÄ»ΓÄ»ΓÄ»ΓÄ»ΓÄ»ΓÄ»ΓÄ»ΓÄ»ΓÄ»ΓÄ»ΓÄ»ΓÄ»ΓÄ»ΓÄ»ΓÄ»ΓÄ»ΓÄ»ΓÄ»ΓÄ»ΓÄ»ΓÄ»[94/486]ΓÄ»[22m[39m

[41m[1m FAIL [22m[49m tests/InventoryAdjustPage.test.tsx[2m > [22mInventoryAdjustPage ΓÇö confirm and submit[2m > [22mshows error message 
when adjustment API call fails
[31m[1mTypeError[22m: React.act is not a function[39m
[90m [2mΓ¥»[22m exports.act ../node_modules/react-dom/cjs/react-dom-test-utils.production.js:[2m20:16[22m[39m
[90m [2mΓ¥»[22m ../node_modules/@testing-library/react/dist/act-compat.js:[2m46:25[22m[39m
[90m [2mΓ¥»[22m renderRoot ../node_modules/@testing-library/react/dist/pure.js:[2m189:26[22m[39m
[90m [2mΓ¥»[22m Proxy.render ../node_modules/@testing-library/react/dist/pure.js:[2m291:10[22m[39m
[36m [2mΓ¥»[22m renderPage tests/InventoryAdjustPage.test.tsx:[2m91:10[22m[39m
    [90m 89| [39m
    [90m 90| [39m[35mfunction[39m [34mrenderPage[39m(initialPath [33m=[39m [32m"/inventory/adjust"[39m) {
    [90m 91| [39m  [35mreturn[39m [34mrender[39m(
    [90m   | [39m         [31m^[39m
    [90m 92| [39m    [33m<[39m[33mMemoryRouter[39m [33minitialEntries[39m[33m=[39m[33m{[39m[initialPath][33m}[39m[33m>[39m
    [90m 93| [39m      [33m<[39m[33mInventoryAdjustPage[39m [33m/[39m[33m>[39m
[90m [2mΓ¥»[22m advanceToConfirm tests/InventoryAdjustPage.test.tsx:[2m243:5[22m[39m
[90m [2mΓ¥»[22m tests/InventoryAdjustPage.test.tsx:[2m320:11[22m[39m

[31m[2mΓÄ»ΓÄ»ΓÄ»ΓÄ»ΓÄ»ΓÄ»ΓÄ»ΓÄ»ΓÄ»ΓÄ»ΓÄ»ΓÄ»ΓÄ»ΓÄ»ΓÄ»ΓÄ»ΓÄ»ΓÄ»ΓÄ»ΓÄ»ΓÄ»[95/486]ΓÄ»[22m[39m

[41m[1m FAIL [22m[49m tests/InventoryAdjustPage.test.tsx[2m > [22mInventoryAdjustPage ΓÇö confirm and submit[2m > [22mappends notes to 
reason string when notes are provided
[31m[1mTypeError[22m: React.act is not a function[39m
[90m [2mΓ¥»[22m exports.act ../node_modules/react-dom/cjs/react-dom-test-utils.production.js:[2m20:16[22m[39m
[90m [2mΓ¥»[22m ../node_modules/@testing-library/react/dist/act-compat.js:[2m46:25[22m[39m
[90m [2mΓ¥»[22m renderRoot ../node_modules/@testing-library/react/dist/pure.js:[2m189:26[22m[39m
[90m [2mΓ¥»[22m Proxy.render ../node_modules/@testing-library/react/dist/pure.js:[2m291:10[22m[39m
[36m [2mΓ¥»[22m renderPage tests/InventoryAdjustPage.test.tsx:[2m91:10[22m[39m
    [90m 89| [39m
    [90m 90| [39m[35mfunction[39m [34mrenderPage[39m(initialPath [33m=[39m [32m"/inventory/adjust"[39m) {
    [90m 91| [39m  [35mreturn[39m [34mrender[39m(
    [90m   | [39m         [31m^[39m
    [90m 92| [39m    [33m<[39m[33mMemoryRouter[39m [33minitialEntries[39m[33m=[39m[33m{[39m[initialPath][33m}[39m[33m>[39m
    [90m 93| [39m      [33m<[39m[33mInventoryAdjustPage[39m [33m/[39m[33m>[39m
[90m [2mΓ¥»[22m tests/InventoryAdjustPage.test.tsx:[2m347:5[22m[39m

[31m[2mΓÄ»ΓÄ»ΓÄ»ΓÄ»ΓÄ»ΓÄ»ΓÄ»ΓÄ»ΓÄ»ΓÄ»ΓÄ»ΓÄ»ΓÄ»ΓÄ»ΓÄ»ΓÄ»ΓÄ»ΓÄ»ΓÄ»ΓÄ»ΓÄ»[96/486]ΓÄ»[22m[39m

[41m[1m FAIL [22m[49m tests/InventoryAdjustPage.test.tsx[2m > [22mInventoryAdjustPage ΓÇö confirm and submit[2m > [22mcan go back from 
confirm to form step
[31m[1mTypeError[22m: React.act is not a function[39m
[90m [2mΓ¥»[22m exports.act ../node_modules/react-dom/cjs/react-dom-test-utils.production.js:[2m20:16[22m[39m
[90m [2mΓ¥»[22m ../node_modules/@testing-library/react/dist/act-compat.js:[2m46:25[22m[39m
[90m [2mΓ¥»[22m renderRoot ../node_modules/@testing-library/react/dist/pure.js:[2m189:26[22m[39m
[90m [2mΓ¥»[22m Proxy.render ../node_modules/@testing-library/react/dist/pure.js:[2m291:10[22m[39m
[36m [2mΓ¥»[22m renderPage tests/InventoryAdjustPage.test.tsx:[2m91:10[22m[39m
    [90m 89| [39m
    [90m 90| [39m[35mfunction[39m [34mrenderPage[39m(initialPath [33m=[39m [32m"/inventory/adjust"[39m) {
    [90m 91| [39m  [35mreturn[39m [34mrender[39m(
    [90m   | [39m         [31m^[39m
    [90m 92| [39m    [33m<[39m[33mMemoryRouter[39m [33minitialEntries[39m[33m=[39m[33m{[39m[initialPath][33m}[39m[33m>[39m
    [90m 93| [39m      [33m<[39m[33mInventoryAdjustPage[39m [33m/[39m[33m>[39m
[90m [2mΓ¥»[22m advanceToConfirm tests/InventoryAdjustPage.test.tsx:[2m243:5[22m[39m
[90m [2mΓ¥»[22m tests/InventoryAdjustPage.test.tsx:[2m373:11[22m[39m

[31m[2mΓÄ»ΓÄ»ΓÄ»ΓÄ»ΓÄ»ΓÄ»ΓÄ»ΓÄ»ΓÄ»ΓÄ»ΓÄ»ΓÄ»ΓÄ»ΓÄ»ΓÄ»ΓÄ»ΓÄ»ΓÄ»ΓÄ»ΓÄ»ΓÄ»[97/486]ΓÄ»[22m[39m

[41m[1m FAIL [22m[49m tests/InventoryAdjustPage.test.tsx[2m > [22mInventoryAdjustPage ΓÇö done step reset[2m > [22mresets to select step 
when 'Make another adjustment' is clicked
[31m[1mTypeError[22m: React.act is not a function[39m
[90m [2mΓ¥»[22m exports.act ../node_modules/react-dom/cjs/react-dom-test-utils.production.js:[2m20:16[22m[39m
[90m [2mΓ¥»[22m ../node_modules/@testing-library/react/dist/act-compat.js:[2m46:25[22m[39m
[90m [2mΓ¥»[22m renderRoot ../node_modules/@testing-library/react/dist/pure.js:[2m189:26[22m[39m
[90m [2mΓ¥»[22m Proxy.render ../node_modules/@testing-library/react/dist/pure.js:[2m291:10[22m[39m
[36m [2mΓ¥»[22m renderPage tests/InventoryAdjustPage.test.tsx:[2m91:10[22m[39m
    [90m 89| [39m
    [90m 90| [39m[35mfunction[39m [34mrenderPage[39m(initialPath [33m=[39m [32m"/inventory/adjust"[39m) {
    [90m 91| [39m  [35mreturn[39m [34mrender[39m(
    [90m   | [39m         [31m^[39m
    [90m 92| [39m    [33m<[39m[33mMemoryRouter[39m [33minitialEntries[39m[33m=[39m[33m{[39m[initialPath][33m}[39m[33m>[39m
    [90m 93| [39m      [33m<[39m[33mInventoryAdjustPage[39m [33m/[39m[33m>[39m
[90m [2mΓ¥»[22m tests/InventoryAdjustPage.test.tsx:[2m404:5[22m[39m

[31m[2mΓÄ»ΓÄ»ΓÄ»ΓÄ»ΓÄ»ΓÄ»ΓÄ»ΓÄ»ΓÄ»ΓÄ»ΓÄ»ΓÄ»ΓÄ»ΓÄ»ΓÄ»ΓÄ»ΓÄ»ΓÄ»ΓÄ»ΓÄ»ΓÄ»[98/486]ΓÄ»[22m[39m

[41m[1m FAIL [22m[49m tests/InventoryPage.test.tsx[2m > [22mInventoryPage[2m > [22mclears the loading state immediately when no user is 
authenticated
[31m[1mTypeError[22m: React.act is not a function[39m
[90m [2mΓ¥»[22m exports.act ../node_modules/react-dom/cjs/react-dom-test-utils.production.js:[2m20:16[22m[39m
[90m [2mΓ¥»[22m ../node_modules/@testing-library/react/dist/act-compat.js:[2m46:25[22m[39m
[90m [2mΓ¥»[22m renderRoot ../node_modules/@testing-library/react/dist/pure.js:[2m189:26[22m[39m
[90m [2mΓ¥»[22m Proxy.render ../node_modules/@testing-library/react/dist/pure.js:[2m291:10[22m[39m
[36m [2mΓ¥»[22m renderInventoryPage tests/InventoryPage.test.tsx:[2m83:10[22m[39m
    [90m 81| [39m
    [90m 82| [39m[35mfunction[39m [34mrenderInventoryPage[39m() {
    [90m 83| [39m  [35mreturn[39m [34mrender[39m(
    [90m   | [39m         [31m^[39m
    [90m 84| [39m    [33m<[39m[33mMemoryRouter[39m[33m>[39m
    [90m 85| [39m      [33m<[39m[33mInventoryPage[39m [33m/[39m[33m>[39m
[90m [2mΓ¥»[22m tests/InventoryPage.test.tsx:[2m103:5[22m[39m

[31m[2mΓÄ»ΓÄ»ΓÄ»ΓÄ»ΓÄ»ΓÄ»ΓÄ»ΓÄ»ΓÄ»ΓÄ»ΓÄ»ΓÄ»ΓÄ»ΓÄ»ΓÄ»ΓÄ»ΓÄ»ΓÄ»ΓÄ»ΓÄ»ΓÄ»[99/486]ΓÄ»[22m[39m

[41m[1m FAIL [22m[49m tests/InventoryPage.test.tsx[2m > [22mInventoryPage[2m > [22mrenders stock table and manual scan form when inventory 
loads
[31m[1mTypeError[22m: React.act is not a function[39m
[90m [2mΓ¥»[22m exports.act ../node_modules/react-dom/cjs/react-dom-test-utils.production.js:[2m20:16[22m[39m
[90m [2mΓ¥»[22m ../node_modules/@testing-library/react/dist/act-compat.js:[2m46:25[22m[39m
[90m [2mΓ¥»[22m renderRoot ../node_modules/@testing-library/react/dist/pure.js:[2m189:26[22m[39m
[90m [2mΓ¥»[22m Proxy.render ../node_modules/@testing-library/react/dist/pure.js:[2m291:10[22m[39m
[36m [2mΓ¥»[22m renderInventoryPage tests/InventoryPage.test.tsx:[2m83:10[22m[39m
    [90m 81| [39m
    [90m 82| [39m[35mfunction[39m [34mrenderInventoryPage[39m() {
    [90m 83| [39m  [35mreturn[39m [34mrender[39m(
    [90m   | [39m         [31m^[39m
    [90m 84| [39m    [33m<[39m[33mMemoryRouter[39m[33m>[39m
    [90m 85| [39m      [33m<[39m[33mInventoryPage[39m [33m/[39m[33m>[39m
[90m [2mΓ¥»[22m tests/InventoryPage.test.tsx:[2m116:5[22m[39m

[31m[2mΓÄ»ΓÄ»ΓÄ»ΓÄ»ΓÄ»ΓÄ»ΓÄ»ΓÄ»ΓÄ»ΓÄ»ΓÄ»ΓÄ»ΓÄ»ΓÄ»ΓÄ»ΓÄ»ΓÄ»ΓÄ»ΓÄ»ΓÄ»[100/486]ΓÄ»[22m[39m

[41m[1m FAIL [22m[49m tests/InventoryPage.test.tsx[2m > [22mInventoryPage[2m > [22msubmits a barcode scan and shows a success notice
[31m[1mTypeError[22m: React.act is not a function[39m
[90m [2mΓ¥»[22m exports.act ../node_modules/react-dom/cjs/react-dom-test-utils.production.js:[2m20:16[22m[39m
[90m [2mΓ¥»[22m ../node_modules/@testing-library/react/dist/act-compat.js:[2m46:25[22m[39m
[90m [2mΓ¥»[22m renderRoot ../node_modules/@testing-library/react/dist/pure.js:[2m189:26[22m[39m
[90m [2mΓ¥»[22m Proxy.render ../node_modules/@testing-library/react/dist/pure.js:[2m291:10[22m[39m
[36m [2mΓ¥»[22m renderInventoryPage tests/InventoryPage.test.tsx:[2m83:10[22m[39m
    [90m 81| [39m
    [90m 82| [39m[35mfunction[39m [34mrenderInventoryPage[39m() {
    [90m 83| [39m  [35mreturn[39m [34mrender[39m(
    [90m   | [39m         [31m^[39m
    [90m 84| [39m    [33m<[39m[33mMemoryRouter[39m[33m>[39m
    [90m 85| [39m      [33m<[39m[33mInventoryPage[39m [33m/[39m[33m>[39m
[90m [2mΓ¥»[22m tests/InventoryPage.test.tsx:[2m156:5[22m[39m

[31m[2mΓÄ»ΓÄ»ΓÄ»ΓÄ»ΓÄ»ΓÄ»ΓÄ»ΓÄ»ΓÄ»ΓÄ»ΓÄ»ΓÄ»ΓÄ»ΓÄ»ΓÄ»ΓÄ»ΓÄ»ΓÄ»ΓÄ»ΓÄ»[101/486]ΓÄ»[22m[39m

[41m[1m FAIL [22m[49m tests/LoginPage.test.tsx[2m > [22mLoginPage ΓÇö credentials step[2m > [22mrenders the sign-in form
[31m[1mTypeError[22m: React.act is not a function[39m
[90m [2mΓ¥»[22m exports.act ../node_modules/react-dom/cjs/react-dom-test-utils.production.js:[2m20:16[22m[39m
[90m [2mΓ¥»[22m ../node_modules/@testing-library/react/dist/act-compat.js:[2m46:25[22m[39m
[90m [2mΓ¥»[22m renderRoot ../node_modules/@testing-library/react/dist/pure.js:[2m189:26[22m[39m
[90m [2mΓ¥»[22m Proxy.render ../node_modules/@testing-library/react/dist/pure.js:[2m291:10[22m[39m
[36m [2mΓ¥»[22m renderLoginPage tests/LoginPage.test.tsx:[2m76:10[22m[39m
    [90m 74| [39m
    [90m 75| [39m[35mfunction[39m [34mrenderLoginPage[39m(ctx[33m:[39m [33mAuthContextValue[39m [33m=[39m [34mmakeAuthContext[39m()) 
{
    [90m 76| [39m  [35mreturn[39m [34mrender[39m(
    [90m   | [39m         [31m^[39m
    [90m 77| [39m    [33m<[39m[33mAuthContext[39m[33m.[39m[33mProvider[39m [33mvalue[39m[33m=[39m[33m{[39mctx[33m}[39m[33m>[39m
    [90m 78| [39m      [33m<[39m[33mMemoryRouter[39m[33m>[39m
[90m [2mΓ¥»[22m tests/LoginPage.test.tsx:[2m104:5[22m[39m

[31m[2mΓÄ»ΓÄ»ΓÄ»ΓÄ»ΓÄ»ΓÄ»ΓÄ»ΓÄ»ΓÄ»ΓÄ»ΓÄ»ΓÄ»ΓÄ»ΓÄ»ΓÄ»ΓÄ»ΓÄ»ΓÄ»ΓÄ»ΓÄ»[102/486]ΓÄ»[22m[39m

[41m[1m FAIL [22m[49m tests/LoginPage.test.tsx[2m > [22mLoginPage ΓÇö requiresMfaEnrollment path[2m > [22mshows the MFA enrollment panel 
ΓÇö not the credentials form
[31m[1mTypeError[22m: React.act is not a function[39m
[90m [2mΓ¥»[22m exports.act ../node_modules/react-dom/cjs/react-dom-test-utils.production.js:[2m20:16[22m[39m
[90m [2mΓ¥»[22m ../node_modules/@testing-library/react/dist/act-compat.js:[2m46:25[22m[39m
[90m [2mΓ¥»[22m renderRoot ../node_modules/@testing-library/react/dist/pure.js:[2m189:26[22m[39m
[90m [2mΓ¥»[22m Proxy.render ../node_modules/@testing-library/react/dist/pure.js:[2m291:10[22m[39m
[36m [2mΓ¥»[22m renderLoginPage tests/LoginPage.test.tsx:[2m76:10[22m[39m
    [90m 74| [39m
    [90m 75| [39m[35mfunction[39m [34mrenderLoginPage[39m(ctx[33m:[39m [33mAuthContextValue[39m [33m=[39m [34mmakeAuthContext[39m()) 
{
    [90m 76| [39m  [35mreturn[39m [34mrender[39m(
    [90m   | [39m         [31m^[39m
    [90m 77| [39m    [33m<[39m[33mAuthContext[39m[33m.[39m[33mProvider[39m [33mvalue[39m[33m=[39m[33m{[39mctx[33m}[39m[33m>[39m
    [90m 78| [39m      [33m<[39m[33mMemoryRouter[39m[33m>[39m
[90m [2mΓ¥»[22m tests/LoginPage.test.tsx:[2m131:5[22m[39m

[31m[2mΓÄ»ΓÄ»ΓÄ»ΓÄ»ΓÄ»ΓÄ»ΓÄ»ΓÄ»ΓÄ»ΓÄ»ΓÄ»ΓÄ»ΓÄ»ΓÄ»ΓÄ»ΓÄ»ΓÄ»ΓÄ»ΓÄ»ΓÄ»[103/486]ΓÄ»[22m[39m

[41m[1m FAIL [22m[49m tests/LoginPage.test.tsx[2m > [22mLoginPage ΓÇö requiresMfaEnrollment path[2m > [22mcalls setupMfa() with the 
enrollmentToken from the login response
[31m[1mTypeError[22m: React.act is not a function[39m
[90m [2mΓ¥»[22m exports.act ../node_modules/react-dom/cjs/react-dom-test-utils.production.js:[2m20:16[22m[39m
[90m [2mΓ¥»[22m ../node_modules/@testing-library/react/dist/act-compat.js:[2m46:25[22m[39m
[90m [2mΓ¥»[22m renderRoot ../node_modules/@testing-library/react/dist/pure.js:[2m189:26[22m[39m
[90m [2mΓ¥»[22m Proxy.render ../node_modules/@testing-library/react/dist/pure.js:[2m291:10[22m[39m
[36m [2mΓ¥»[22m renderLoginPage tests/LoginPage.test.tsx:[2m76:10[22m[39m
    [90m 74| [39m
    [90m 75| [39m[35mfunction[39m [34mrenderLoginPage[39m(ctx[33m:[39m [33mAuthContextValue[39m [33m=[39m [34mmakeAuthContext[39m()) 
{
    [90m 76| [39m  [35mreturn[39m [34mrender[39m(
    [90m   | [39m         [31m^[39m
    [90m 77| [39m    [33m<[39m[33mAuthContext[39m[33m.[39m[33mProvider[39m [33mvalue[39m[33m=[39m[33m{[39mctx[33m}[39m[33m>[39m
    [90m 78| [39m      [33m<[39m[33mMemoryRouter[39m[33m>[39m
[90m [2mΓ¥»[22m tests/LoginPage.test.tsx:[2m146:5[22m[39m

[31m[2mΓÄ»ΓÄ»ΓÄ»ΓÄ»ΓÄ»ΓÄ»ΓÄ»ΓÄ»ΓÄ»ΓÄ»ΓÄ»ΓÄ»ΓÄ»ΓÄ»ΓÄ»ΓÄ»ΓÄ»ΓÄ»ΓÄ»ΓÄ»[104/486]ΓÄ»[22m[39m

[41m[1m FAIL [22m[49m tests/LoginPage.test.tsx[2m > [22mLoginPage ΓÇö requiresMfaEnrollment path[2m > [22mdoes NOT show the 
'Authentication required' error (regression guard)
[31m[1mTypeError[22m: React.act is not a function[39m
[90m [2mΓ¥»[22m exports.act ../node_modules/react-dom/cjs/react-dom-test-utils.production.js:[2m20:16[22m[39m
[90m [2mΓ¥»[22m ../node_modules/@testing-library/react/dist/act-compat.js:[2m46:25[22m[39m
[90m [2mΓ¥»[22m renderRoot ../node_modules/@testing-library/react/dist/pure.js:[2m189:26[22m[39m
[90m [2mΓ¥»[22m Proxy.render ../node_modules/@testing-library/react/dist/pure.js:[2m291:10[22m[39m
[36m [2mΓ¥»[22m renderLoginPage tests/LoginPage.test.tsx:[2m76:10[22m[39m
    [90m 74| [39m
    [90m 75| [39m[35mfunction[39m [34mrenderLoginPage[39m(ctx[33m:[39m [33mAuthContextValue[39m [33m=[39m [34mmakeAuthContext[39m()) 
{
    [90m 76| [39m  [35mreturn[39m [34mrender[39m(
    [90m   | [39m         [31m^[39m
    [90m 77| [39m    [33m<[39m[33mAuthContext[39m[33m.[39m[33mProvider[39m [33mvalue[39m[33m=[39m[33m{[39mctx[33m}[39m[33m>[39m
    [90m 78| [39m      [33m<[39m[33mMemoryRouter[39m[33m>[39m
[90m [2mΓ¥»[22m tests/LoginPage.test.tsx:[2m159:5[22m[39m

[31m[2mΓÄ»ΓÄ»ΓÄ»ΓÄ»ΓÄ»ΓÄ»ΓÄ»ΓÄ»ΓÄ»ΓÄ»ΓÄ»ΓÄ»ΓÄ»ΓÄ»ΓÄ»ΓÄ»ΓÄ»ΓÄ»ΓÄ»ΓÄ»[105/486]ΓÄ»[22m[39m

[41m[1m FAIL [22m[49m tests/LoginPage.test.tsx[2m > [22mLoginPage ΓÇö requiresMfaEnrollment path[2m > [22mcalls confirmMfaEnrollment with 
the entered code and shows success
[31m[1mTypeError[22m: React.act is not a function[39m
[90m [2mΓ¥»[22m exports.act ../node_modules/react-dom/cjs/react-dom-test-utils.production.js:[2m20:16[22m[39m
[90m [2mΓ¥»[22m ../node_modules/@testing-library/react/dist/act-compat.js:[2m46:25[22m[39m
[90m [2mΓ¥»[22m renderRoot ../node_modules/@testing-library/react/dist/pure.js:[2m189:26[22m[39m
[90m [2mΓ¥»[22m Proxy.render ../node_modules/@testing-library/react/dist/pure.js:[2m291:10[22m[39m
[36m [2mΓ¥»[22m renderLoginPage tests/LoginPage.test.tsx:[2m76:10[22m[39m
    [90m 74| [39m
    [90m 75| [39m[35mfunction[39m [34mrenderLoginPage[39m(ctx[33m:[39m [33mAuthContextValue[39m [33m=[39m [34mmakeAuthContext[39m()) 
{
    [90m 76| [39m  [35mreturn[39m [34mrender[39m(
    [90m   | [39m         [31m^[39m
    [90m 77| [39m    [33m<[39m[33mAuthContext[39m[33m.[39m[33mProvider[39m [33mvalue[39m[33m=[39m[33m{[39mctx[33m}[39m[33m>[39m
    [90m 78| [39m      [33m<[39m[33mMemoryRouter[39m[33m>[39m
[90m [2mΓ¥»[22m tests/LoginPage.test.tsx:[2m174:5[22m[39m

[31m[2mΓÄ»ΓÄ»ΓÄ»ΓÄ»ΓÄ»ΓÄ»ΓÄ»ΓÄ»ΓÄ»ΓÄ»ΓÄ»ΓÄ»ΓÄ»ΓÄ»ΓÄ»ΓÄ»ΓÄ»ΓÄ»ΓÄ»ΓÄ»[106/486]ΓÄ»[22m[39m

[41m[1m FAIL [22m[49m tests/LoginPage.test.tsx[2m > [22mLoginPage ΓÇö requiresMfaEnrollment path[2m > [22mshows an error and resets to 
credentials when setupMfa throws
[31m[1mTypeError[22m: React.act is not a function[39m
[90m [2mΓ¥»[22m exports.act ../node_modules/react-dom/cjs/react-dom-test-utils.production.js:[2m20:16[22m[39m
[90m [2mΓ¥»[22m ../node_modules/@testing-library/react/dist/act-compat.js:[2m46:25[22m[39m
[90m [2mΓ¥»[22m renderRoot ../node_modules/@testing-library/react/dist/pure.js:[2m189:26[22m[39m
[90m [2mΓ¥»[22m Proxy.render ../node_modules/@testing-library/react/dist/pure.js:[2m291:10[22m[39m
[36m [2mΓ¥»[22m renderLoginPage tests/LoginPage.test.tsx:[2m76:10[22m[39m
    [90m 74| [39m
    [90m 75| [39m[35mfunction[39m [34mrenderLoginPage[39m(ctx[33m:[39m [33mAuthContextValue[39m [33m=[39m [34mmakeAuthContext[39m()) 
{
    [90m 76| [39m  [35mreturn[39m [34mrender[39m(
    [90m   | [39m         [31m^[39m
    [90m 77| [39m    [33m<[39m[33mAuthContext[39m[33m.[39m[33mProvider[39m [33mvalue[39m[33m=[39m[33m{[39mctx[33m}[39m[33m>[39m
    [90m 78| [39m      [33m<[39m[33mMemoryRouter[39m[33m>[39m
[90m [2mΓ¥»[22m tests/LoginPage.test.tsx:[2m200:5[22m[39m

[31m[2mΓÄ»ΓÄ»ΓÄ»ΓÄ»ΓÄ»ΓÄ»ΓÄ»ΓÄ»ΓÄ»ΓÄ»ΓÄ»ΓÄ»ΓÄ»ΓÄ»ΓÄ»ΓÄ»ΓÄ»ΓÄ»ΓÄ»ΓÄ»[107/486]ΓÄ»[22m[39m

[41m[1m FAIL [22m[49m tests/LoginPage.test.tsx[2m > [22mLoginPage ΓÇö requiresMfa path[2m > [22mshows the MFA verify form when login 
returns requiresMfa: true
[31m[1mTypeError[22m: React.act is not a function[39m
[90m [2mΓ¥»[22m exports.act ../node_modules/react-dom/cjs/react-dom-test-utils.production.js:[2m20:16[22m[39m
[90m [2mΓ¥»[22m ../node_modules/@testing-library/react/dist/act-compat.js:[2m46:25[22m[39m
[90m [2mΓ¥»[22m renderRoot ../node_modules/@testing-library/react/dist/pure.js:[2m189:26[22m[39m
[90m [2mΓ¥»[22m Proxy.render ../node_modules/@testing-library/react/dist/pure.js:[2m291:10[22m[39m
[36m [2mΓ¥»[22m renderLoginPage tests/LoginPage.test.tsx:[2m76:10[22m[39m
    [90m 74| [39m
    [90m 75| [39m[35mfunction[39m [34mrenderLoginPage[39m(ctx[33m:[39m [33mAuthContextValue[39m [33m=[39m [34mmakeAuthContext[39m()) 
{
    [90m 76| [39m  [35mreturn[39m [34mrender[39m(
    [90m   | [39m         [31m^[39m
    [90m 77| [39m    [33m<[39m[33mAuthContext[39m[33m.[39m[33mProvider[39m [33mvalue[39m[33m=[39m[33m{[39mctx[33m}[39m[33m>[39m
    [90m 78| [39m      [33m<[39m[33mMemoryRouter[39m[33m>[39m
[90m [2mΓ¥»[22m tests/LoginPage.test.tsx:[2m226:5[22m[39m

[31m[2mΓÄ»ΓÄ»ΓÄ»ΓÄ»ΓÄ»ΓÄ»ΓÄ»ΓÄ»ΓÄ»ΓÄ»ΓÄ»ΓÄ»ΓÄ»ΓÄ»ΓÄ»ΓÄ»ΓÄ»ΓÄ»ΓÄ»ΓÄ»[108/486]ΓÄ»[22m[39m

[41m[1m FAIL [22m[49m tests/LoginPage.test.tsx[2m > [22mLoginPage ΓÇö requiresMfa path[2m > [22mcalls verifyMfa with the mfaToken and code
[31m[1mTypeError[22m: React.act is not a function[39m
[90m [2mΓ¥»[22m exports.act ../node_modules/react-dom/cjs/react-dom-test-utils.production.js:[2m20:16[22m[39m
[90m [2mΓ¥»[22m ../node_modules/@testing-library/react/dist/act-compat.js:[2m46:25[22m[39m
[90m [2mΓ¥»[22m renderRoot ../node_modules/@testing-library/react/dist/pure.js:[2m189:26[22m[39m
[90m [2mΓ¥»[22m Proxy.render ../node_modules/@testing-library/react/dist/pure.js:[2m291:10[22m[39m
[36m [2mΓ¥»[22m renderLoginPage tests/LoginPage.test.tsx:[2m76:10[22m[39m
    [90m 74| [39m
    [90m 75| [39m[35mfunction[39m [34mrenderLoginPage[39m(ctx[33m:[39m [33mAuthContextValue[39m [33m=[39m [34mmakeAuthContext[39m()) 
{
    [90m 76| [39m  [35mreturn[39m [34mrender[39m(
    [90m   | [39m         [31m^[39m
    [90m 77| [39m    [33m<[39m[33mAuthContext[39m[33m.[39m[33mProvider[39m [33mvalue[39m[33m=[39m[33m{[39mctx[33m}[39m[33m>[39m
    [90m 78| [39m      [33m<[39m[33mMemoryRouter[39m[33m>[39m
[90m [2mΓ¥»[22m tests/LoginPage.test.tsx:[2m244:5[22m[39m

[31m[2mΓÄ»ΓÄ»ΓÄ»ΓÄ»ΓÄ»ΓÄ»ΓÄ»ΓÄ»ΓÄ»ΓÄ»ΓÄ»ΓÄ»ΓÄ»ΓÄ»ΓÄ»ΓÄ»ΓÄ»ΓÄ»ΓÄ»ΓÄ»[109/486]ΓÄ»[22m[39m

[41m[1m FAIL [22m[49m tests/LoginPage.test.tsx[2m > [22mLoginPage ΓÇö login failure[2m > [22mshows an error message when login throws
[31m[1mTypeError[22m: React.act is not a function[39m
[90m [2mΓ¥»[22m exports.act ../node_modules/react-dom/cjs/react-dom-test-utils.production.js:[2m20:16[22m[39m
[90m [2mΓ¥»[22m ../node_modules/@testing-library/react/dist/act-compat.js:[2m46:25[22m[39m
[90m [2mΓ¥»[22m renderRoot ../node_modules/@testing-library/react/dist/pure.js:[2m189:26[22m[39m
[90m [2mΓ¥»[22m Proxy.render ../node_modules/@testing-library/react/dist/pure.js:[2m291:10[22m[39m
[36m [2mΓ¥»[22m renderLoginPage tests/LoginPage.test.tsx:[2m76:10[22m[39m
    [90m 74| [39m
    [90m 75| [39m[35mfunction[39m [34mrenderLoginPage[39m(ctx[33m:[39m [33mAuthContextValue[39m [33m=[39m [34mmakeAuthContext[39m()) 
{
    [90m 76| [39m  [35mreturn[39m [34mrender[39m(
    [90m   | [39m         [31m^[39m
    [90m 77| [39m    [33m<[39m[33mAuthContext[39m[33m.[39m[33mProvider[39m [33mvalue[39m[33m=[39m[33m{[39mctx[33m}[39m[33m>[39m
    [90m 78| [39m      [33m<[39m[33mMemoryRouter[39m[33m>[39m
[90m [2mΓ¥»[22m tests/LoginPage.test.tsx:[2m272:5[22m[39m

[31m[2mΓÄ»ΓÄ»ΓÄ»ΓÄ»ΓÄ»ΓÄ»ΓÄ»ΓÄ»ΓÄ»ΓÄ»ΓÄ»ΓÄ»ΓÄ»ΓÄ»ΓÄ»ΓÄ»ΓÄ»ΓÄ»ΓÄ»ΓÄ»[110/486]ΓÄ»[22m[39m

[41m[1m FAIL [22m[49m tests/ManageUsersPage.test.tsx[2m > [22mManageUsersPage ΓÇö loading state[2m > [22mshows the loading message while 
the request is in flight
[31m[1mTypeError[22m: React.act is not a function[39m
[90m [2mΓ¥»[22m exports.act ../node_modules/react-dom/cjs/react-dom-test-utils.production.js:[2m20:16[22m[39m
[90m [2mΓ¥»[22m ../node_modules/@testing-library/react/dist/act-compat.js:[2m46:25[22m[39m
[90m [2mΓ¥»[22m renderRoot ../node_modules/@testing-library/react/dist/pure.js:[2m189:26[22m[39m
[90m [2mΓ¥»[22m Proxy.render ../node_modules/@testing-library/react/dist/pure.js:[2m291:10[22m[39m
[36m [2mΓ¥»[22m renderPage tests/ManageUsersPage.test.tsx:[2m138:10[22m[39m
    [90m136| [39m
    [90m137| [39m[35mfunction[39m [34mrenderPage[39m() {
    [90m138| [39m  [35mreturn[39m [34mrender[39m(
    [90m   | [39m         [31m^[39m
    [90m139| [39m    [33m<[39m[33mMemoryRouter[39m[33m>[39m
    [90m140| [39m      [33m<[39m[33mManageUsersPage[39m [33m/[39m[33m>[39m
[90m [2mΓ¥»[22m tests/ManageUsersPage.test.tsx:[2m155:5[22m[39m

[31m[2mΓÄ»ΓÄ»ΓÄ»ΓÄ»ΓÄ»ΓÄ»ΓÄ»ΓÄ»ΓÄ»ΓÄ»ΓÄ»ΓÄ»ΓÄ»ΓÄ»ΓÄ»ΓÄ»ΓÄ»ΓÄ»ΓÄ»ΓÄ»[111/486]ΓÄ»[22m[39m

[41m[1m FAIL [22m[49m tests/ManageUsersPage.test.tsx[2m > [22mManageUsersPage ΓÇö successful load[2m > [22mrenders Name, Email, Role, and 
Home clinic column headers
[31m[1mTypeError[22m: React.act is not a function[39m
[90m [2mΓ¥»[22m exports.act ../node_modules/react-dom/cjs/react-dom-test-utils.production.js:[2m20:16[22m[39m
[90m [2mΓ¥»[22m ../node_modules/@testing-library/react/dist/act-compat.js:[2m46:25[22m[39m
[90m [2mΓ¥»[22m renderRoot ../node_modules/@testing-library/react/dist/pure.js:[2m189:26[22m[39m
[90m [2mΓ¥»[22m Proxy.render ../node_modules/@testing-library/react/dist/pure.js:[2m291:10[22m[39m
[36m [2mΓ¥»[22m renderPage tests/ManageUsersPage.test.tsx:[2m138:10[22m[39m
    [90m136| [39m
    [90m137| [39m[35mfunction[39m [34mrenderPage[39m() {
    [90m138| [39m  [35mreturn[39m [34mrender[39m(
    [90m   | [39m         [31m^[39m
    [90m139| [39m    [33m<[39m[33mMemoryRouter[39m[33m>[39m
    [90m140| [39m      [33m<[39m[33mManageUsersPage[39m [33m/[39m[33m>[39m
[90m [2mΓ¥»[22m tests/ManageUsersPage.test.tsx:[2m170:5[22m[39m

[31m[2mΓÄ»ΓÄ»ΓÄ»ΓÄ»ΓÄ»ΓÄ»ΓÄ»ΓÄ»ΓÄ»ΓÄ»ΓÄ»ΓÄ»ΓÄ»ΓÄ»ΓÄ»ΓÄ»ΓÄ»ΓÄ»ΓÄ»ΓÄ»[112/486]ΓÄ»[22m[39m

[41m[1m FAIL [22m[49m tests/ManageUsersPage.test.tsx[2m > [22mManageUsersPage ΓÇö successful load[2m > [22mdisplays 'First Last' when 
firstName and lastName are present
[31m[1mTypeError[22m: React.act is not a function[39m
[90m [2mΓ¥»[22m exports.act ../node_modules/react-dom/cjs/react-dom-test-utils.production.js:[2m20:16[22m[39m
[90m [2mΓ¥»[22m ../node_modules/@testing-library/react/dist/act-compat.js:[2m46:25[22m[39m
[90m [2mΓ¥»[22m renderRoot ../node_modules/@testing-library/react/dist/pure.js:[2m189:26[22m[39m
[90m [2mΓ¥»[22m Proxy.render ../node_modules/@testing-library/react/dist/pure.js:[2m291:10[22m[39m
[36m [2mΓ¥»[22m renderPage tests/ManageUsersPage.test.tsx:[2m138:10[22m[39m
    [90m136| [39m
    [90m137| [39m[35mfunction[39m [34mrenderPage[39m() {
    [90m138| [39m  [35mreturn[39m [34mrender[39m(
    [90m   | [39m         [31m^[39m
    [90m139| [39m    [33m<[39m[33mMemoryRouter[39m[33m>[39m
    [90m140| [39m      [33m<[39m[33mManageUsersPage[39m [33m/[39m[33m>[39m
[90m [2mΓ¥»[22m tests/ManageUsersPage.test.tsx:[2m180:5[22m[39m

[31m[2mΓÄ»ΓÄ»ΓÄ»ΓÄ»ΓÄ»ΓÄ»ΓÄ»ΓÄ»ΓÄ»ΓÄ»ΓÄ»ΓÄ»ΓÄ»ΓÄ»ΓÄ»ΓÄ»ΓÄ»ΓÄ»ΓÄ»ΓÄ»[113/486]ΓÄ»[22m[39m

[41m[1m FAIL [22m[49m tests/ManageUsersPage.test.tsx[2m > [22mManageUsersPage ΓÇö successful load[2m > [22mdisplays 'ΓÇö' when name fields 
are null
[31m[1mTypeError[22m: React.act is not a function[39m
[90m [2mΓ¥»[22m exports.act ../node_modules/react-dom/cjs/react-dom-test-utils.production.js:[2m20:16[22m[39m
[90m [2mΓ¥»[22m ../node_modules/@testing-library/react/dist/act-compat.js:[2m46:25[22m[39m
[90m [2mΓ¥»[22m renderRoot ../node_modules/@testing-library/react/dist/pure.js:[2m189:26[22m[39m
[90m [2mΓ¥»[22m Proxy.render ../node_modules/@testing-library/react/dist/pure.js:[2m291:10[22m[39m
[36m [2mΓ¥»[22m renderPage tests/ManageUsersPage.test.tsx:[2m138:10[22m[39m
    [90m136| [39m
    [90m137| [39m[35mfunction[39m [34mrenderPage[39m() {
    [90m138| [39m  [35mreturn[39m [34mrender[39m(
    [90m   | [39m         [31m^[39m
    [90m139| [39m    [33m<[39m[33mMemoryRouter[39m[33m>[39m
    [90m140| [39m      [33m<[39m[33mManageUsersPage[39m [33m/[39m[33m>[39m
[90m [2mΓ¥»[22m tests/ManageUsersPage.test.tsx:[2m185:5[22m[39m

[31m[2mΓÄ»ΓÄ»ΓÄ»ΓÄ»ΓÄ»ΓÄ»ΓÄ»ΓÄ»ΓÄ»ΓÄ»ΓÄ»ΓÄ»ΓÄ»ΓÄ»ΓÄ»ΓÄ»ΓÄ»ΓÄ»ΓÄ»ΓÄ»[114/486]ΓÄ»[22m[39m

[41m[1m FAIL [22m[49m tests/ManageUsersPage.test.tsx[2m > [22mManageUsersPage ΓÇö successful load[2m > [22mdisplays the correct account 
count in the subtitle
[31m[1mTypeError[22m: React.act is not a function[39m
[90m [2mΓ¥»[22m exports.act ../node_modules/react-dom/cjs/react-dom-test-utils.production.js:[2m20:16[22m[39m
[90m [2mΓ¥»[22m ../node_modules/@testing-library/react/dist/act-compat.js:[2m46:25[22m[39m
[90m [2mΓ¥»[22m renderRoot ../node_modules/@testing-library/react/dist/pure.js:[2m189:26[22m[39m
[90m [2mΓ¥»[22m Proxy.render ../node_modules/@testing-library/react/dist/pure.js:[2m291:10[22m[39m
[36m [2mΓ¥»[22m renderPage tests/ManageUsersPage.test.tsx:[2m138:10[22m[39m
    [90m136| [39m
    [90m137| [39m[35mfunction[39m [34mrenderPage[39m() {
    [90m138| [39m  [35mreturn[39m [34mrender[39m(
    [90m   | [39m         [31m^[39m
    [90m139| [39m    [33m<[39m[33mMemoryRouter[39m[33m>[39m
    [90m140| [39m      [33m<[39m[33mManageUsersPage[39m [33m/[39m[33m>[39m
[90m [2mΓ¥»[22m tests/ManageUsersPage.test.tsx:[2m191:5[22m[39m

[31m[2mΓÄ»ΓÄ»ΓÄ»ΓÄ»ΓÄ»ΓÄ»ΓÄ»ΓÄ»ΓÄ»ΓÄ»ΓÄ»ΓÄ»ΓÄ»ΓÄ»ΓÄ»ΓÄ»ΓÄ»ΓÄ»ΓÄ»ΓÄ»[115/486]ΓÄ»[22m[39m

[41m[1m FAIL [22m[49m tests/ManageUsersPage.test.tsx[2m > [22mManageUsersPage ΓÇö successful load[2m > [22mshows 'No accounts found' when 
the clinic has no users
[31m[1mTypeError[22m: React.act is not a function[39m
[90m [2mΓ¥»[22m exports.act ../node_modules/react-dom/cjs/react-dom-test-utils.production.js:[2m20:16[22m[39m
[90m [2mΓ¥»[22m ../node_modules/@testing-library/react/dist/act-compat.js:[2m46:25[22m[39m
[90m [2mΓ¥»[22m renderRoot ../node_modules/@testing-library/react/dist/pure.js:[2m189:26[22m[39m
[90m [2mΓ¥»[22m Proxy.render ../node_modules/@testing-library/react/dist/pure.js:[2m291:10[22m[39m
[36m [2mΓ¥»[22m renderPage tests/ManageUsersPage.test.tsx:[2m138:10[22m[39m
    [90m136| [39m
    [90m137| [39m[35mfunction[39m [34mrenderPage[39m() {
    [90m138| [39m  [35mreturn[39m [34mrender[39m(
    [90m   | [39m         [31m^[39m
    [90m139| [39m    [33m<[39m[33mMemoryRouter[39m[33m>[39m
    [90m140| [39m      [33m<[39m[33mManageUsersPage[39m [33m/[39m[33m>[39m
[90m [2mΓ¥»[22m tests/ManageUsersPage.test.tsx:[2m199:5[22m[39m

[31m[2mΓÄ»ΓÄ»ΓÄ»ΓÄ»ΓÄ»ΓÄ»ΓÄ»ΓÄ»ΓÄ»ΓÄ»ΓÄ»ΓÄ»ΓÄ»ΓÄ»ΓÄ»ΓÄ»ΓÄ»ΓÄ»ΓÄ»ΓÄ»[116/486]ΓÄ»[22m[39m

[41m[1m FAIL [22m[49m tests/ManageUsersPage.test.tsx[2m > [22mManageUsersPage ΓÇö error handling[2m > [22mdisplays the error message when 
listUsers() rejects
[31m[1mTypeError[22m: React.act is not a function[39m
[90m [2mΓ¥»[22m exports.act ../node_modules/react-dom/cjs/react-dom-test-utils.production.js:[2m20:16[22m[39m
[90m [2mΓ¥»[22m ../node_modules/@testing-library/react/dist/act-compat.js:[2m46:25[22m[39m
[90m [2mΓ¥»[22m renderRoot ../node_modules/@testing-library/react/dist/pure.js:[2m189:26[22m[39m
[90m [2mΓ¥»[22m Proxy.render ../node_modules/@testing-library/react/dist/pure.js:[2m291:10[22m[39m
[36m [2mΓ¥»[22m renderPage tests/ManageUsersPage.test.tsx:[2m138:10[22m[39m
    [90m136| [39m
    [90m137| [39m[35mfunction[39m [34mrenderPage[39m() {
    [90m138| [39m  [35mreturn[39m [34mrender[39m(
    [90m   | [39m         [31m^[39m
    [90m139| [39m    [33m<[39m[33mMemoryRouter[39m[33m>[39m
    [90m140| [39m      [33m<[39m[33mManageUsersPage[39m [33m/[39m[33m>[39m
[90m [2mΓ¥»[22m tests/ManageUsersPage.test.tsx:[2m216:5[22m[39m

[31m[2mΓÄ»ΓÄ»ΓÄ»ΓÄ»ΓÄ»ΓÄ»ΓÄ»ΓÄ»ΓÄ»ΓÄ»ΓÄ»ΓÄ»ΓÄ»ΓÄ»ΓÄ»ΓÄ»ΓÄ»ΓÄ»ΓÄ»ΓÄ»[117/486]ΓÄ»[22m[39m

[41m[1m FAIL [22m[49m tests/ManageUsersPage.test.tsx[2m > [22mManageUsersPage ΓÇö error handling[2m > [22mdisplays a fallback message when 
the rejection has no message
[31m[1mTypeError[22m: React.act is not a function[39m
[90m [2mΓ¥»[22m exports.act ../node_modules/react-dom/cjs/react-dom-test-utils.production.js:[2m20:16[22m[39m
[90m [2mΓ¥»[22m ../node_modules/@testing-library/react/dist/act-compat.js:[2m46:25[22m[39m
[90m [2mΓ¥»[22m renderRoot ../node_modules/@testing-library/react/dist/pure.js:[2m189:26[22m[39m
[90m [2mΓ¥»[22m Proxy.render ../node_modules/@testing-library/react/dist/pure.js:[2m291:10[22m[39m
[36m [2mΓ¥»[22m renderPage tests/ManageUsersPage.test.tsx:[2m138:10[22m[39m
    [90m136| [39m
    [90m137| [39m[35mfunction[39m [34mrenderPage[39m() {
    [90m138| [39m  [35mreturn[39m [34mrender[39m(
    [90m   | [39m         [31m^[39m
    [90m139| [39m    [33m<[39m[33mMemoryRouter[39m[33m>[39m
    [90m140| [39m      [33m<[39m[33mManageUsersPage[39m [33m/[39m[33m>[39m
[90m [2mΓ¥»[22m tests/ManageUsersPage.test.tsx:[2m226:5[22m[39m

[31m[2mΓÄ»ΓÄ»ΓÄ»ΓÄ»ΓÄ»ΓÄ»ΓÄ»ΓÄ»ΓÄ»ΓÄ»ΓÄ»ΓÄ»ΓÄ»ΓÄ»ΓÄ»ΓÄ»ΓÄ»ΓÄ»ΓÄ»ΓÄ»[118/486]ΓÄ»[22m[39m

[41m[1m FAIL [22m[49m tests/ManageUsersPage.test.tsx[2m > [22mManageUsersPage ΓÇö access control[2m > [22mredirects clinical_staff to home
[31m[1mTypeError[22m: React.act is not a function[39m
[90m [2mΓ¥»[22m exports.act ../node_modules/react-dom/cjs/react-dom-test-utils.production.js:[2m20:16[22m[39m
[90m [2mΓ¥»[22m ../node_modules/@testing-library/react/dist/act-compat.js:[2m46:25[22m[39m
[90m [2mΓ¥»[22m renderRoot ../node_modules/@testing-library/react/dist/pure.js:[2m189:26[22m[39m
[90m [2mΓ¥»[22m Proxy.render ../node_modules/@testing-library/react/dist/pure.js:[2m291:10[22m[39m
[36m [2mΓ¥»[22m renderPage tests/ManageUsersPage.test.tsx:[2m138:10[22m[39m
    [90m136| [39m
    [90m137| [39m[35mfunction[39m [34mrenderPage[39m() {
    [90m138| [39m  [35mreturn[39m [34mrender[39m(
    [90m   | [39m         [31m^[39m
    [90m139| [39m    [33m<[39m[33mMemoryRouter[39m[33m>[39m
    [90m140| [39m      [33m<[39m[33mManageUsersPage[39m [33m/[39m[33m>[39m
[90m [2mΓ¥»[22m tests/ManageUsersPage.test.tsx:[2m245:5[22m[39m

[31m[2mΓÄ»ΓÄ»ΓÄ»ΓÄ»ΓÄ»ΓÄ»ΓÄ»ΓÄ»ΓÄ»ΓÄ»ΓÄ»ΓÄ»ΓÄ»ΓÄ»ΓÄ»ΓÄ»ΓÄ»ΓÄ»ΓÄ»ΓÄ»[119/486]ΓÄ»[22m[39m

[41m[1m FAIL [22m[49m tests/ManageUsersPage.test.tsx[2m > [22mManageUsersPage ΓÇö access control[2m > [22mrenders null when no user is 
authenticated
[31m[1mTypeError[22m: React.act is not a function[39m
[90m [2mΓ¥»[22m exports.act ../node_modules/react-dom/cjs/react-dom-test-utils.production.js:[2m20:16[22m[39m
[90m [2mΓ¥»[22m ../node_modules/@testing-library/react/dist/act-compat.js:[2m46:25[22m[39m
[90m [2mΓ¥»[22m renderRoot ../node_modules/@testing-library/react/dist/pure.js:[2m189:26[22m[39m
[90m [2mΓ¥»[22m Proxy.render ../node_modules/@testing-library/react/dist/pure.js:[2m291:10[22m[39m
[36m [2mΓ¥»[22m renderPage tests/ManageUsersPage.test.tsx:[2m138:10[22m[39m
    [90m136| [39m
    [90m137| [39m[35mfunction[39m [34mrenderPage[39m() {
    [90m138| [39m  [35mreturn[39m [34mrender[39m(
    [90m   | [39m         [31m^[39m
    [90m139| [39m    [33m<[39m[33mMemoryRouter[39m[33m>[39m
    [90m140| [39m      [33m<[39m[33mManageUsersPage[39m [33m/[39m[33m>[39m
[90m [2mΓ¥»[22m tests/ManageUsersPage.test.tsx:[2m256:27[22m[39m

[31m[2mΓÄ»ΓÄ»ΓÄ»ΓÄ»ΓÄ»ΓÄ»ΓÄ»ΓÄ»ΓÄ»ΓÄ»ΓÄ»ΓÄ»ΓÄ»ΓÄ»ΓÄ»ΓÄ»ΓÄ»ΓÄ»ΓÄ»ΓÄ»[120/486]ΓÄ»[22m[39m

[41m[1m FAIL [22m[49m tests/ManageUsersPage.test.tsx[2m > [22mManageUsersPage ΓÇö create user form (owner_admin)[2m > [22mshows the create 
form when '+ Add user' is clicked
[31m[1mTypeError[22m: React.act is not a function[39m
[90m [2mΓ¥»[22m exports.act ../node_modules/react-dom/cjs/react-dom-test-utils.production.js:[2m20:16[22m[39m
[90m [2mΓ¥»[22m ../node_modules/@testing-library/react/dist/act-compat.js:[2m46:25[22m[39m
[90m [2mΓ¥»[22m renderRoot ../node_modules/@testing-library/react/dist/pure.js:[2m189:26[22m[39m
[90m [2mΓ¥»[22m Proxy.render ../node_modules/@testing-library/react/dist/pure.js:[2m291:10[22m[39m
[36m [2mΓ¥»[22m renderPage tests/ManageUsersPage.test.tsx:[2m138:10[22m[39m
    [90m136| [39m
    [90m137| [39m[35mfunction[39m [34mrenderPage[39m() {
    [90m138| [39m  [35mreturn[39m [34mrender[39m(
    [90m   | [39m         [31m^[39m
    [90m139| [39m    [33m<[39m[33mMemoryRouter[39m[33m>[39m
    [90m140| [39m      [33m<[39m[33mManageUsersPage[39m [33m/[39m[33m>[39m
[90m [2mΓ¥»[22m tests/ManageUsersPage.test.tsx:[2m271:5[22m[39m

[31m[2mΓÄ»ΓÄ»ΓÄ»ΓÄ»ΓÄ»ΓÄ»ΓÄ»ΓÄ»ΓÄ»ΓÄ»ΓÄ»ΓÄ»ΓÄ»ΓÄ»ΓÄ»ΓÄ»ΓÄ»ΓÄ»ΓÄ»ΓÄ»[121/486]ΓÄ»[22m[39m

[41m[1m FAIL [22m[49m tests/ManageUsersPage.test.tsx[2m > [22mManageUsersPage ΓÇö create user form (owner_admin)[2m > [22mshows a Home 
clinic selector for owner_admin
[31m[1mTypeError[22m: React.act is not a function[39m
[90m [2mΓ¥»[22m exports.act ../node_modules/react-dom/cjs/react-dom-test-utils.production.js:[2m20:16[22m[39m
[90m [2mΓ¥»[22m ../node_modules/@testing-library/react/dist/act-compat.js:[2m46:25[22m[39m
[90m [2mΓ¥»[22m renderRoot ../node_modules/@testing-library/react/dist/pure.js:[2m189:26[22m[39m
[90m [2mΓ¥»[22m Proxy.render ../node_modules/@testing-library/react/dist/pure.js:[2m291:10[22m[39m
[36m [2mΓ¥»[22m renderPage tests/ManageUsersPage.test.tsx:[2m138:10[22m[39m
    [90m136| [39m
    [90m137| [39m[35mfunction[39m [34mrenderPage[39m() {
    [90m138| [39m  [35mreturn[39m [34mrender[39m(
    [90m   | [39m         [31m^[39m
    [90m139| [39m    [33m<[39m[33mMemoryRouter[39m[33m>[39m
    [90m140| [39m      [33m<[39m[33mManageUsersPage[39m [33m/[39m[33m>[39m
[90m [2mΓ¥»[22m tests/ManageUsersPage.test.tsx:[2m282:5[22m[39m

[31m[2mΓÄ»ΓÄ»ΓÄ»ΓÄ»ΓÄ»ΓÄ»ΓÄ»ΓÄ»ΓÄ»ΓÄ»ΓÄ»ΓÄ»ΓÄ»ΓÄ»ΓÄ»ΓÄ»ΓÄ»ΓÄ»ΓÄ»ΓÄ»[122/486]ΓÄ»[22m[39m

[41m[1m FAIL [22m[49m tests/ManageUsersPage.test.tsx[2m > [22mManageUsersPage ΓÇö create user form (owner_admin)[2m > [22mlists all three 
role options for owner_admin
[31m[1mTypeError[22m: React.act is not a function[39m
[90m [2mΓ¥»[22m exports.act ../node_modules/react-dom/cjs/react-dom-test-utils.production.js:[2m20:16[22m[39m
[90m [2mΓ¥»[22m ../node_modules/@testing-library/react/dist/act-compat.js:[2m46:25[22m[39m
[90m [2mΓ¥»[22m renderRoot ../node_modules/@testing-library/react/dist/pure.js:[2m189:26[22m[39m
[90m [2mΓ¥»[22m Proxy.render ../node_modules/@testing-library/react/dist/pure.js:[2m291:10[22m[39m
[36m [2mΓ¥»[22m renderPage tests/ManageUsersPage.test.tsx:[2m138:10[22m[39m
    [90m136| [39m
    [90m137| [39m[35mfunction[39m [34mrenderPage[39m() {
    [90m138| [39m  [35mreturn[39m [34mrender[39m(
    [90m   | [39m         [31m^[39m
    [90m139| [39m    [33m<[39m[33mMemoryRouter[39m[33m>[39m
    [90m140| [39m      [33m<[39m[33mManageUsersPage[39m [33m/[39m[33m>[39m
[90m [2mΓ¥»[22m tests/ManageUsersPage.test.tsx:[2m291:5[22m[39m

[31m[2mΓÄ»ΓÄ»ΓÄ»ΓÄ»ΓÄ»ΓÄ»ΓÄ»ΓÄ»ΓÄ»ΓÄ»ΓÄ»ΓÄ»ΓÄ»ΓÄ»ΓÄ»ΓÄ»ΓÄ»ΓÄ»ΓÄ»ΓÄ»[123/486]ΓÄ»[22m[39m

[41m[1m FAIL [22m[49m tests/ManageUsersPage.test.tsx[2m > [22mManageUsersPage ΓÇö create user form (owner_admin)[2m > [22mshows First 
name, Last name, Display name, Email, and Password fields
[31m[1mTypeError[22m: React.act is not a function[39m
[90m [2mΓ¥»[22m exports.act ../node_modules/react-dom/cjs/react-dom-test-utils.production.js:[2m20:16[22m[39m
[90m [2mΓ¥»[22m ../node_modules/@testing-library/react/dist/act-compat.js:[2m46:25[22m[39m
[90m [2mΓ¥»[22m renderRoot ../node_modules/@testing-library/react/dist/pure.js:[2m189:26[22m[39m
[90m [2mΓ¥»[22m Proxy.render ../node_modules/@testing-library/react/dist/pure.js:[2m291:10[22m[39m
[36m [2mΓ¥»[22m renderPage tests/ManageUsersPage.test.tsx:[2m138:10[22m[39m
    [90m136| [39m
    [90m137| [39m[35mfunction[39m [34mrenderPage[39m() {
    [90m138| [39m  [35mreturn[39m [34mrender[39m(
    [90m   | [39m         [31m^[39m
    [90m139| [39m    [33m<[39m[33mMemoryRouter[39m[33m>[39m
    [90m140| [39m      [33m<[39m[33mManageUsersPage[39m [33m/[39m[33m>[39m
[90m [2mΓ¥»[22m tests/ManageUsersPage.test.tsx:[2m306:5[22m[39m

[31m[2mΓÄ»ΓÄ»ΓÄ»ΓÄ»ΓÄ»ΓÄ»ΓÄ»ΓÄ»ΓÄ»ΓÄ»ΓÄ»ΓÄ»ΓÄ»ΓÄ»ΓÄ»ΓÄ»ΓÄ»ΓÄ»ΓÄ»ΓÄ»[124/486]ΓÄ»[22m[39m

[41m[1m FAIL [22m[49m tests/ManageUsersPage.test.tsx[2m > [22mManageUsersPage ΓÇö create user form (group_practice_manager)[2m > [22mdoes 
NOT show a Home clinic selector for group_practice_manager
[31m[1mTypeError[22m: React.act is not a function[39m
[90m [2mΓ¥»[22m exports.act ../node_modules/react-dom/cjs/react-dom-test-utils.production.js:[2m20:16[22m[39m
[90m [2mΓ¥»[22m ../node_modules/@testing-library/react/dist/act-compat.js:[2m46:25[22m[39m
[90m [2mΓ¥»[22m renderRoot ../node_modules/@testing-library/react/dist/pure.js:[2m189:26[22m[39m
[90m [2mΓ¥»[22m Proxy.render ../node_modules/@testing-library/react/dist/pure.js:[2m291:10[22m[39m
[36m [2mΓ¥»[22m renderPage tests/ManageUsersPage.test.tsx:[2m138:10[22m[39m
    [90m136| [39m
    [90m137| [39m[35mfunction[39m [34mrenderPage[39m() {
    [90m138| [39m  [35mreturn[39m [34mrender[39m(
    [90m   | [39m         [31m^[39m
    [90m139| [39m    [33m<[39m[33mMemoryRouter[39m[33m>[39m
    [90m140| [39m      [33m<[39m[33mManageUsersPage[39m [33m/[39m[33m>[39m
[90m [2mΓ¥»[22m tests/ManageUsersPage.test.tsx:[2m328:5[22m[39m

[31m[2mΓÄ»ΓÄ»ΓÄ»ΓÄ»ΓÄ»ΓÄ»ΓÄ»ΓÄ»ΓÄ»ΓÄ»ΓÄ»ΓÄ»ΓÄ»ΓÄ»ΓÄ»ΓÄ»ΓÄ»ΓÄ»ΓÄ»ΓÄ»[125/486]ΓÄ»[22m[39m

[41m[1m FAIL [22m[49m tests/ManageUsersPage.test.tsx[2m > [22mManageUsersPage ΓÇö create user form (group_practice_manager)[2m > [22monly 
shows Clinical Staff in the role selector for group_practice_manager
[31m[1mTypeError[22m: React.act is not a function[39m
[90m [2mΓ¥»[22m exports.act ../node_modules/react-dom/cjs/react-dom-test-utils.production.js:[2m20:16[22m[39m
[90m [2mΓ¥»[22m ../node_modules/@testing-library/react/dist/act-compat.js:[2m46:25[22m[39m
[90m [2mΓ¥»[22m renderRoot ../node_modules/@testing-library/react/dist/pure.js:[2m189:26[22m[39m
[90m [2mΓ¥»[22m Proxy.render ../node_modules/@testing-library/react/dist/pure.js:[2m291:10[22m[39m
[36m [2mΓ¥»[22m renderPage tests/ManageUsersPage.test.tsx:[2m138:10[22m[39m
    [90m136| [39m
    [90m137| [39m[35mfunction[39m [34mrenderPage[39m() {
    [90m138| [39m  [35mreturn[39m [34mrender[39m(
    [90m   | [39m         [31m^[39m
    [90m139| [39m    [33m<[39m[33mMemoryRouter[39m[33m>[39m
    [90m140| [39m      [33m<[39m[33mManageUsersPage[39m [33m/[39m[33m>[39m
[90m [2mΓ¥»[22m tests/ManageUsersPage.test.tsx:[2m339:5[22m[39m

[31m[2mΓÄ»ΓÄ»ΓÄ»ΓÄ»ΓÄ»ΓÄ»ΓÄ»ΓÄ»ΓÄ»ΓÄ»ΓÄ»ΓÄ»ΓÄ»ΓÄ»ΓÄ»ΓÄ»ΓÄ»ΓÄ»ΓÄ»ΓÄ»[126/486]ΓÄ»[22m[39m

[41m[1m FAIL [22m[49m tests/ManageUsersPageEdit.test.tsx[2m > [22mManageUsersPage ΓÇö Edit button visibility[2m > [22meach user row has an 
Edit button
[31m[1mTypeError[22m: React.act is not a function[39m
[90m [2mΓ¥»[22m exports.act ../node_modules/react-dom/cjs/react-dom-test-utils.production.js:[2m20:16[22m[39m
[90m [2mΓ¥»[22m ../node_modules/@testing-library/react/dist/act-compat.js:[2m46:25[22m[39m
[90m [2mΓ¥»[22m renderRoot ../node_modules/@testing-library/react/dist/pure.js:[2m189:26[22m[39m
[90m [2mΓ¥»[22m Proxy.render ../node_modules/@testing-library/react/dist/pure.js:[2m291:10[22m[39m
[36m [2mΓ¥»[22m renderPage tests/ManageUsersPageEdit.test.tsx:[2m136:10[22m[39m
    [90m134| [39m
    [90m135| [39m[35mfunction[39m [34mrenderPage[39m() {
    [90m136| [39m  [35mreturn[39m [34mrender[39m(
    [90m   | [39m         [31m^[39m
    [90m137| [39m    [33m<[39m[33mMemoryRouter[39m[33m>[39m
    [90m138| [39m      [33m<[39m[33mManageUsersPage[39m [33m/[39m[33m>[39m
[90m [2mΓ¥»[22m tests/ManageUsersPageEdit.test.tsx:[2m165:5[22m[39m

[31m[2mΓÄ»ΓÄ»ΓÄ»ΓÄ»ΓÄ»ΓÄ»ΓÄ»ΓÄ»ΓÄ»ΓÄ»ΓÄ»ΓÄ»ΓÄ»ΓÄ»ΓÄ»ΓÄ»ΓÄ»ΓÄ»ΓÄ»ΓÄ»[127/486]ΓÄ»[22m[39m

[41m[1m FAIL [22m[49m tests/ManageUsersPageEdit.test.tsx[2m > [22mManageUsersPage ΓÇö Edit panel (owner_admin)[2m > [22mopens an inline 
edit panel when Edit is clicked
[31m[1mTypeError[22m: React.act is not a function[39m
[90m [2mΓ¥»[22m exports.act ../node_modules/react-dom/cjs/react-dom-test-utils.production.js:[2m20:16[22m[39m
[90m [2mΓ¥»[22m ../node_modules/@testing-library/react/dist/act-compat.js:[2m46:25[22m[39m
[90m [2mΓ¥»[22m renderRoot ../node_modules/@testing-library/react/dist/pure.js:[2m189:26[22m[39m
[90m [2mΓ¥»[22m Proxy.render ../node_modules/@testing-library/react/dist/pure.js:[2m291:10[22m[39m
[36m [2mΓ¥»[22m renderPage tests/ManageUsersPageEdit.test.tsx:[2m136:10[22m[39m
    [90m134| [39m
    [90m135| [39m[35mfunction[39m [34mrenderPage[39m() {
    [90m136| [39m  [35mreturn[39m [34mrender[39m(
    [90m   | [39m         [31m^[39m
    [90m137| [39m    [33m<[39m[33mMemoryRouter[39m[33m>[39m
    [90m138| [39m      [33m<[39m[33mManageUsersPage[39m [33m/[39m[33m>[39m
[90m [2mΓ¥»[22m tests/ManageUsersPageEdit.test.tsx:[2m183:5[22m[39m

[31m[2mΓÄ»ΓÄ»ΓÄ»ΓÄ»ΓÄ»ΓÄ»ΓÄ»ΓÄ»ΓÄ»ΓÄ»ΓÄ»ΓÄ»ΓÄ»ΓÄ»ΓÄ»ΓÄ»ΓÄ»ΓÄ»ΓÄ»ΓÄ»[128/486]ΓÄ»[22m[39m

[41m[1m FAIL [22m[49m tests/ManageUsersPageEdit.test.tsx[2m > [22mManageUsersPage ΓÇö Edit panel (owner_admin)[2m > [22medit panel 
pre-populates with the user's current values
[31m[1mTypeError[22m: React.act is not a function[39m
[90m [2mΓ¥»[22m exports.act ../node_modules/react-dom/cjs/react-dom-test-utils.production.js:[2m20:16[22m[39m
[90m [2mΓ¥»[22m ../node_modules/@testing-library/react/dist/act-compat.js:[2m46:25[22m[39m
[90m [2mΓ¥»[22m renderRoot ../node_modules/@testing-library/react/dist/pure.js:[2m189:26[22m[39m
[90m [2mΓ¥»[22m Proxy.render ../node_modules/@testing-library/react/dist/pure.js:[2m291:10[22m[39m
[36m [2mΓ¥»[22m renderPage tests/ManageUsersPageEdit.test.tsx:[2m136:10[22m[39m
    [90m134| [39m
    [90m135| [39m[35mfunction[39m [34mrenderPage[39m() {
    [90m136| [39m  [35mreturn[39m [34mrender[39m(
    [90m   | [39m         [31m^[39m
    [90m137| [39m    [33m<[39m[33mMemoryRouter[39m[33m>[39m
    [90m138| [39m      [33m<[39m[33mManageUsersPage[39m [33m/[39m[33m>[39m
[90m [2mΓ¥»[22m tests/ManageUsersPageEdit.test.tsx:[2m192:5[22m[39m

[31m[2mΓÄ»ΓÄ»ΓÄ»ΓÄ»ΓÄ»ΓÄ»ΓÄ»ΓÄ»ΓÄ»ΓÄ»ΓÄ»ΓÄ»ΓÄ»ΓÄ»ΓÄ»ΓÄ»ΓÄ»ΓÄ»ΓÄ»ΓÄ»[129/486]ΓÄ»[22m[39m

[41m[1m FAIL [22m[49m tests/ManageUsersPageEdit.test.tsx[2m > [22mManageUsersPage ΓÇö Edit panel (owner_admin)[2m > [22medit panel shows 
Role and Home clinic selectors for owner_admin
[31m[1mTypeError[22m: React.act is not a function[39m
[90m [2mΓ¥»[22m exports.act ../node_modules/react-dom/cjs/react-dom-test-utils.production.js:[2m20:16[22m[39m
[90m [2mΓ¥»[22m ../node_modules/@testing-library/react/dist/act-compat.js:[2m46:25[22m[39m
[90m [2mΓ¥»[22m renderRoot ../node_modules/@testing-library/react/dist/pure.js:[2m189:26[22m[39m
[90m [2mΓ¥»[22m Proxy.render ../node_modules/@testing-library/react/dist/pure.js:[2m291:10[22m[39m
[36m [2mΓ¥»[22m renderPage tests/ManageUsersPageEdit.test.tsx:[2m136:10[22m[39m
    [90m134| [39m
    [90m135| [39m[35mfunction[39m [34mrenderPage[39m() {
    [90m136| [39m  [35mreturn[39m [34mrender[39m(
    [90m   | [39m         [31m^[39m
    [90m137| [39m    [33m<[39m[33mMemoryRouter[39m[33m>[39m
    [90m138| [39m      [33m<[39m[33mManageUsersPage[39m [33m/[39m[33m>[39m
[90m [2mΓ¥»[22m tests/ManageUsersPageEdit.test.tsx:[2m203:5[22m[39m

[31m[2mΓÄ»ΓÄ»ΓÄ»ΓÄ»ΓÄ»ΓÄ»ΓÄ»ΓÄ»ΓÄ»ΓÄ»ΓÄ»ΓÄ»ΓÄ»ΓÄ»ΓÄ»ΓÄ»ΓÄ»ΓÄ»ΓÄ»ΓÄ»[130/486]ΓÄ»[22m[39m

[41m[1m FAIL [22m[49m tests/ManageUsersPageEdit.test.tsx[2m > [22mManageUsersPage ΓÇö Edit panel (owner_admin)[2m > [22medit panel shows 
Payroll track selector
[31m[1mTypeError[22m: React.act is not a function[39m
[90m [2mΓ¥»[22m exports.act ../node_modules/react-dom/cjs/react-dom-test-utils.production.js:[2m20:16[22m[39m
[90m [2mΓ¥»[22m ../node_modules/@testing-library/react/dist/act-compat.js:[2m46:25[22m[39m
[90m [2mΓ¥»[22m renderRoot ../node_modules/@testing-library/react/dist/pure.js:[2m189:26[22m[39m
[90m [2mΓ¥»[22m Proxy.render ../node_modules/@testing-library/react/dist/pure.js:[2m291:10[22m[39m
[36m [2mΓ¥»[22m renderPage tests/ManageUsersPageEdit.test.tsx:[2m136:10[22m[39m
    [90m134| [39m
    [90m135| [39m[35mfunction[39m [34mrenderPage[39m() {
    [90m136| [39m  [35mreturn[39m [34mrender[39m(
    [90m   | [39m         [31m^[39m
    [90m137| [39m    [33m<[39m[33mMemoryRouter[39m[33m>[39m
    [90m138| [39m      [33m<[39m[33mManageUsersPage[39m [33m/[39m[33m>[39m
[90m [2mΓ¥»[22m tests/ManageUsersPageEdit.test.tsx:[2m213:5[22m[39m

[31m[2mΓÄ»ΓÄ»ΓÄ»ΓÄ»ΓÄ»ΓÄ»ΓÄ»ΓÄ»ΓÄ»ΓÄ»ΓÄ»ΓÄ»ΓÄ»ΓÄ»ΓÄ»ΓÄ»ΓÄ»ΓÄ»ΓÄ»ΓÄ»[131/486]ΓÄ»[22m[39m

[41m[1m FAIL [22m[49m tests/ManageUsersPageEdit.test.tsx[2m > [22mManageUsersPage ΓÇö Edit panel (owner_admin)[2m > [22mclicking Cancel 
closes the edit panel
[31m[1mTypeError[22m: React.act is not a function[39m
[90m [2mΓ¥»[22m exports.act ../node_modules/react-dom/cjs/react-dom-test-utils.production.js:[2m20:16[22m[39m
[90m [2mΓ¥»[22m ../node_modules/@testing-library/react/dist/act-compat.js:[2m46:25[22m[39m
[90m [2mΓ¥»[22m renderRoot ../node_modules/@testing-library/react/dist/pure.js:[2m189:26[22m[39m
[90m [2mΓ¥»[22m Proxy.render ../node_modules/@testing-library/react/dist/pure.js:[2m291:10[22m[39m
[36m [2mΓ¥»[22m renderPage tests/ManageUsersPageEdit.test.tsx:[2m136:10[22m[39m
    [90m134| [39m
    [90m135| [39m[35mfunction[39m [34mrenderPage[39m() {
    [90m136| [39m  [35mreturn[39m [34mrender[39m(
    [90m   | [39m         [31m^[39m
    [90m137| [39m    [33m<[39m[33mMemoryRouter[39m[33m>[39m
    [90m138| [39m      [33m<[39m[33mManageUsersPage[39m [33m/[39m[33m>[39m
[90m [2mΓ¥»[22m tests/ManageUsersPageEdit.test.tsx:[2m222:5[22m[39m

[31m[2mΓÄ»ΓÄ»ΓÄ»ΓÄ»ΓÄ»ΓÄ»ΓÄ»ΓÄ»ΓÄ»ΓÄ»ΓÄ»ΓÄ»ΓÄ»ΓÄ»ΓÄ»ΓÄ»ΓÄ»ΓÄ»ΓÄ»ΓÄ»[132/486]ΓÄ»[22m[39m

[41m[1m FAIL [22m[49m tests/ManageUsersPageEdit.test.tsx[2m > [22mManageUsersPage ΓÇö Edit panel (owner_admin)[2m > [22mre-clicking Edit 
(now showing Cancel) closes the panel
[31m[1mTypeError[22m: React.act is not a function[39m
[90m [2mΓ¥»[22m exports.act ../node_modules/react-dom/cjs/react-dom-test-utils.production.js:[2m20:16[22m[39m
[90m [2mΓ¥»[22m ../node_modules/@testing-library/react/dist/act-compat.js:[2m46:25[22m[39m
[90m [2mΓ¥»[22m renderRoot ../node_modules/@testing-library/react/dist/pure.js:[2m189:26[22m[39m
[90m [2mΓ¥»[22m Proxy.render ../node_modules/@testing-library/react/dist/pure.js:[2m291:10[22m[39m
[36m [2mΓ¥»[22m renderPage tests/ManageUsersPageEdit.test.tsx:[2m136:10[22m[39m
    [90m134| [39m
    [90m135| [39m[35mfunction[39m [34mrenderPage[39m() {
    [90m136| [39m  [35mreturn[39m [34mrender[39m(
    [90m   | [39m         [31m^[39m
    [90m137| [39m    [33m<[39m[33mMemoryRouter[39m[33m>[39m
    [90m138| [39m      [33m<[39m[33mManageUsersPage[39m [33m/[39m[33m>[39m
[90m [2mΓ¥»[22m tests/ManageUsersPageEdit.test.tsx:[2m237:5[22m[39m

[31m[2mΓÄ»ΓÄ»ΓÄ»ΓÄ»ΓÄ»ΓÄ»ΓÄ»ΓÄ»ΓÄ»ΓÄ»ΓÄ»ΓÄ»ΓÄ»ΓÄ»ΓÄ»ΓÄ»ΓÄ»ΓÄ»ΓÄ»ΓÄ»[133/486]ΓÄ»[22m[39m

[41m[1m FAIL [22m[49m tests/ManageUsersPageEdit.test.tsx[2m > [22mManageUsersPage ΓÇö Edit panel (owner_admin)[2m > [22monly one edit 
panel is open at a time
[31m[1mTypeError[22m: React.act is not a function[39m
[90m [2mΓ¥»[22m exports.act ../node_modules/react-dom/cjs/react-dom-test-utils.production.js:[2m20:16[22m[39m
[90m [2mΓ¥»[22m ../node_modules/@testing-library/react/dist/act-compat.js:[2m46:25[22m[39m
[90m [2mΓ¥»[22m renderRoot ../node_modules/@testing-library/react/dist/pure.js:[2m189:26[22m[39m
[90m [2mΓ¥»[22m Proxy.render ../node_modules/@testing-library/react/dist/pure.js:[2m291:10[22m[39m
[36m [2mΓ¥»[22m renderPage tests/ManageUsersPageEdit.test.tsx:[2m136:10[22m[39m
    [90m134| [39m
    [90m135| [39m[35mfunction[39m [34mrenderPage[39m() {
    [90m136| [39m  [35mreturn[39m [34mrender[39m(
    [90m   | [39m         [31m^[39m
    [90m137| [39m    [33m<[39m[33mMemoryRouter[39m[33m>[39m
    [90m138| [39m      [33m<[39m[33mManageUsersPage[39m [33m/[39m[33m>[39m
[90m [2mΓ¥»[22m tests/ManageUsersPageEdit.test.tsx:[2m249:5[22m[39m

[31m[2mΓÄ»ΓÄ»ΓÄ»ΓÄ»ΓÄ»ΓÄ»ΓÄ»ΓÄ»ΓÄ»ΓÄ»ΓÄ»ΓÄ»ΓÄ»ΓÄ»ΓÄ»ΓÄ»ΓÄ»ΓÄ»ΓÄ»ΓÄ»[134/486]ΓÄ»[22m[39m

[41m[1m FAIL [22m[49m tests/ManageUsersPageEdit.test.tsx[2m > [22mManageUsersPage ΓÇö Edit panel (owner_admin)[2m > [22mcalls updateUser 
with the edited values on Save
[31m[1mTypeError[22m: React.act is not a function[39m
[90m [2mΓ¥»[22m exports.act ../node_modules/react-dom/cjs/react-dom-test-utils.production.js:[2m20:16[22m[39m
[90m [2mΓ¥»[22m ../node_modules/@testing-library/react/dist/act-compat.js:[2m46:25[22m[39m
[90m [2mΓ¥»[22m renderRoot ../node_modules/@testing-library/react/dist/pure.js:[2m189:26[22m[39m
[90m [2mΓ¥»[22m Proxy.render ../node_modules/@testing-library/react/dist/pure.js:[2m291:10[22m[39m
[36m [2mΓ¥»[22m renderPage tests/ManageUsersPageEdit.test.tsx:[2m136:10[22m[39m
    [90m134| [39m
    [90m135| [39m[35mfunction[39m [34mrenderPage[39m() {
    [90m136| [39m  [35mreturn[39m [34mrender[39m(
    [90m   | [39m         [31m^[39m
    [90m137| [39m    [33m<[39m[33mMemoryRouter[39m[33m>[39m
    [90m138| [39m      [33m<[39m[33mManageUsersPage[39m [33m/[39m[33m>[39m
[90m [2mΓ¥»[22m tests/ManageUsersPageEdit.test.tsx:[2m265:5[22m[39m

[31m[2mΓÄ»ΓÄ»ΓÄ»ΓÄ»ΓÄ»ΓÄ»ΓÄ»ΓÄ»ΓÄ»ΓÄ»ΓÄ»ΓÄ»ΓÄ»ΓÄ»ΓÄ»ΓÄ»ΓÄ»ΓÄ»ΓÄ»ΓÄ»[135/486]ΓÄ»[22m[39m

[41m[1m FAIL [22m[49m tests/ManageUsersPageEdit.test.tsx[2m > [22mManageUsersPage ΓÇö Edit panel (owner_admin)[2m > [22mupdates the table 
row after a successful save
[31m[1mTypeError[22m: React.act is not a function[39m
[90m [2mΓ¥»[22m exports.act ../node_modules/react-dom/cjs/react-dom-test-utils.production.js:[2m20:16[22m[39m
[90m [2mΓ¥»[22m ../node_modules/@testing-library/react/dist/act-compat.js:[2m46:25[22m[39m
[90m [2mΓ¥»[22m renderRoot ../node_modules/@testing-library/react/dist/pure.js:[2m189:26[22m[39m
[90m [2mΓ¥»[22m Proxy.render ../node_modules/@testing-library/react/dist/pure.js:[2m291:10[22m[39m
[36m [2mΓ¥»[22m renderPage tests/ManageUsersPageEdit.test.tsx:[2m136:10[22m[39m
    [90m134| [39m
    [90m135| [39m[35mfunction[39m [34mrenderPage[39m() {
    [90m136| [39m  [35mreturn[39m [34mrender[39m(
    [90m   | [39m         [31m^[39m
    [90m137| [39m    [33m<[39m[33mMemoryRouter[39m[33m>[39m
    [90m138| [39m      [33m<[39m[33mManageUsersPage[39m [33m/[39m[33m>[39m
[90m [2mΓ¥»[22m tests/ManageUsersPageEdit.test.tsx:[2m289:5[22m[39m

[31m[2mΓÄ»ΓÄ»ΓÄ»ΓÄ»ΓÄ»ΓÄ»ΓÄ»ΓÄ»ΓÄ»ΓÄ»ΓÄ»ΓÄ»ΓÄ»ΓÄ»ΓÄ»ΓÄ»ΓÄ»ΓÄ»ΓÄ»ΓÄ»[136/486]ΓÄ»[22m[39m

[41m[1m FAIL [22m[49m tests/ManageUsersPageEdit.test.tsx[2m > [22mManageUsersPage ΓÇö Edit panel (owner_admin)[2m > [22mshows an error 
message when updateUser rejects
[31m[1mTypeError[22m: React.act is not a function[39m
[90m [2mΓ¥»[22m exports.act ../node_modules/react-dom/cjs/react-dom-test-utils.production.js:[2m20:16[22m[39m
[90m [2mΓ¥»[22m ../node_modules/@testing-library/react/dist/act-compat.js:[2m46:25[22m[39m
[90m [2mΓ¥»[22m renderRoot ../node_modules/@testing-library/react/dist/pure.js:[2m189:26[22m[39m
[90m [2mΓ¥»[22m Proxy.render ../node_modules/@testing-library/react/dist/pure.js:[2m291:10[22m[39m
[36m [2mΓ¥»[22m renderPage tests/ManageUsersPageEdit.test.tsx:[2m136:10[22m[39m
    [90m134| [39m
    [90m135| [39m[35mfunction[39m [34mrenderPage[39m() {
    [90m136| [39m  [35mreturn[39m [34mrender[39m(
    [90m   | [39m         [31m^[39m
    [90m137| [39m    [33m<[39m[33mMemoryRouter[39m[33m>[39m
    [90m138| [39m      [33m<[39m[33mManageUsersPage[39m [33m/[39m[33m>[39m
[90m [2mΓ¥»[22m tests/ManageUsersPageEdit.test.tsx:[2m307:5[22m[39m

[31m[2mΓÄ»ΓÄ»ΓÄ»ΓÄ»ΓÄ»ΓÄ»ΓÄ»ΓÄ»ΓÄ»ΓÄ»ΓÄ»ΓÄ»ΓÄ»ΓÄ»ΓÄ»ΓÄ»ΓÄ»ΓÄ»ΓÄ»ΓÄ»[137/486]ΓÄ»[22m[39m

[41m[1m FAIL [22m[49m tests/ManageUsersPageEdit.test.tsx[2m > [22mManageUsersPage ΓÇö Edit panel (group_practice_manager)[2m > [22medit 
panel does NOT show Role selector for practice manager
[31m[1mTypeError[22m: React.act is not a function[39m
[90m [2mΓ¥»[22m exports.act ../node_modules/react-dom/cjs/react-dom-test-utils.production.js:[2m20:16[22m[39m
[90m [2mΓ¥»[22m ../node_modules/@testing-library/react/dist/act-compat.js:[2m46:25[22m[39m
[90m [2mΓ¥»[22m renderRoot ../node_modules/@testing-library/react/dist/pure.js:[2m189:26[22m[39m
[90m [2mΓ¥»[22m Proxy.render ../node_modules/@testing-library/react/dist/pure.js:[2m291:10[22m[39m
[36m [2mΓ¥»[22m renderPage tests/ManageUsersPageEdit.test.tsx:[2m136:10[22m[39m
    [90m134| [39m
    [90m135| [39m[35mfunction[39m [34mrenderPage[39m() {
    [90m136| [39m  [35mreturn[39m [34mrender[39m(
    [90m   | [39m         [31m^[39m
    [90m137| [39m    [33m<[39m[33mMemoryRouter[39m[33m>[39m
    [90m138| [39m      [33m<[39m[33mManageUsersPage[39m [33m/[39m[33m>[39m
[90m [2mΓ¥»[22m tests/ManageUsersPageEdit.test.tsx:[2m331:5[22m[39m

[31m[2mΓÄ»ΓÄ»ΓÄ»ΓÄ»ΓÄ»ΓÄ»ΓÄ»ΓÄ»ΓÄ»ΓÄ»ΓÄ»ΓÄ»ΓÄ»ΓÄ»ΓÄ»ΓÄ»ΓÄ»ΓÄ»ΓÄ»ΓÄ»[138/486]ΓÄ»[22m[39m

[41m[1m FAIL [22m[49m tests/ManageUsersPageEdit.test.tsx[2m > [22mManageUsersPage ΓÇö Edit panel (group_practice_manager)[2m > [22medit 
panel does NOT show Home clinic selector for practice manager
[31m[1mTypeError[22m: React.act is not a function[39m
[90m [2mΓ¥»[22m exports.act ../node_modules/react-dom/cjs/react-dom-test-utils.production.js:[2m20:16[22m[39m
[90m [2mΓ¥»[22m ../node_modules/@testing-library/react/dist/act-compat.js:[2m46:25[22m[39m
[90m [2mΓ¥»[22m renderRoot ../node_modules/@testing-library/react/dist/pure.js:[2m189:26[22m[39m
[90m [2mΓ¥»[22m Proxy.render ../node_modules/@testing-library/react/dist/pure.js:[2m291:10[22m[39m
[36m [2mΓ¥»[22m renderPage tests/ManageUsersPageEdit.test.tsx:[2m136:10[22m[39m
    [90m134| [39m
    [90m135| [39m[35mfunction[39m [34mrenderPage[39m() {
    [90m136| [39m  [35mreturn[39m [34mrender[39m(
    [90m   | [39m         [31m^[39m
    [90m137| [39m    [33m<[39m[33mMemoryRouter[39m[33m>[39m
    [90m138| [39m      [33m<[39m[33mManageUsersPage[39m [33m/[39m[33m>[39m
[90m [2mΓ¥»[22m tests/ManageUsersPageEdit.test.tsx:[2m340:5[22m[39m

[31m[2mΓÄ»ΓÄ»ΓÄ»ΓÄ»ΓÄ»ΓÄ»ΓÄ»ΓÄ»ΓÄ»ΓÄ»ΓÄ»ΓÄ»ΓÄ»ΓÄ»ΓÄ»ΓÄ»ΓÄ»ΓÄ»ΓÄ»ΓÄ»[139/486]ΓÄ»[22m[39m

[41m[1m FAIL [22m[49m tests/ManageUsersPageEdit.test.tsx[2m > [22mManageUsersPage ΓÇö Edit panel (group_practice_manager)[2m > [22medit 
panel still shows Payroll track for practice manager
[31m[1mTypeError[22m: React.act is not a function[39m
[90m [2mΓ¥»[22m exports.act ../node_modules/react-dom/cjs/react-dom-test-utils.production.js:[2m20:16[22m[39m
[90m [2mΓ¥»[22m ../node_modules/@testing-library/react/dist/act-compat.js:[2m46:25[22m[39m
[90m [2mΓ¥»[22m renderRoot ../node_modules/@testing-library/react/dist/pure.js:[2m189:26[22m[39m
[90m [2mΓ¥»[22m Proxy.render ../node_modules/@testing-library/react/dist/pure.js:[2m291:10[22m[39m
[36m [2mΓ¥»[22m renderPage tests/ManageUsersPageEdit.test.tsx:[2m136:10[22m[39m
    [90m134| [39m
    [90m135| [39m[35mfunction[39m [34mrenderPage[39m() {
    [90m136| [39m  [35mreturn[39m [34mrender[39m(
    [90m   | [39m         [31m^[39m
    [90m137| [39m    [33m<[39m[33mMemoryRouter[39m[33m>[39m
    [90m138| [39m      [33m<[39m[33mManageUsersPage[39m [33m/[39m[33m>[39m
[90m [2mΓ¥»[22m tests/ManageUsersPageEdit.test.tsx:[2m349:5[22m[39m

[31m[2mΓÄ»ΓÄ»ΓÄ»ΓÄ»ΓÄ»ΓÄ»ΓÄ»ΓÄ»ΓÄ»ΓÄ»ΓÄ»ΓÄ»ΓÄ»ΓÄ»ΓÄ»ΓÄ»ΓÄ»ΓÄ»ΓÄ»ΓÄ»[140/486]ΓÄ»[22m[39m

[41m[1m FAIL [22m[49m tests/ManageUsersPageEdit.test.tsx[2m > [22mManageUsersPage ΓÇö Edit panel (group_practice_manager)[2m > [22mcalls 
updateUser without role or homeClinicId for practice manager
[31m[1mTypeError[22m: React.act is not a function[39m
[90m [2mΓ¥»[22m exports.act ../node_modules/react-dom/cjs/react-dom-test-utils.production.js:[2m20:16[22m[39m
[90m [2mΓ¥»[22m ../node_modules/@testing-library/react/dist/act-compat.js:[2m46:25[22m[39m
[90m [2mΓ¥»[22m renderRoot ../node_modules/@testing-library/react/dist/pure.js:[2m189:26[22m[39m
[90m [2mΓ¥»[22m Proxy.render ../node_modules/@testing-library/react/dist/pure.js:[2m291:10[22m[39m
[36m [2mΓ¥»[22m renderPage tests/ManageUsersPageEdit.test.tsx:[2m136:10[22m[39m
    [90m134| [39m
    [90m135| [39m[35mfunction[39m [34mrenderPage[39m() {
    [90m136| [39m  [35mreturn[39m [34mrender[39m(
    [90m   | [39m         [31m^[39m
    [90m137| [39m    [33m<[39m[33mMemoryRouter[39m[33m>[39m
    [90m138| [39m      [33m<[39m[33mManageUsersPage[39m [33m/[39m[33m>[39m
[90m [2mΓ¥»[22m tests/ManageUsersPageEdit.test.tsx:[2m361:5[22m[39m

[31m[2mΓÄ»ΓÄ»ΓÄ»ΓÄ»ΓÄ»ΓÄ»ΓÄ»ΓÄ»ΓÄ»ΓÄ»ΓÄ»ΓÄ»ΓÄ»ΓÄ»ΓÄ»ΓÄ»ΓÄ»ΓÄ»ΓÄ»ΓÄ»[141/486]ΓÄ»[22m[39m

[41m[1m FAIL [22m[49m tests/MaterialsForecastPage.test.tsx[2m > [22mMaterialsForecastPage[2m > [22mrenders the page heading and clinic 
name for a manager
[31m[1mTypeError[22m: React.act is not a function[39m
[90m [2mΓ¥»[22m exports.act ../node_modules/react-dom/cjs/react-dom-test-utils.production.js:[2m20:16[22m[39m
[90m [2mΓ¥»[22m ../node_modules/@testing-library/react/dist/act-compat.js:[2m46:25[22m[39m
[90m [2mΓ¥»[22m renderRoot ../node_modules/@testing-library/react/dist/pure.js:[2m189:26[22m[39m
[90m [2mΓ¥»[22m Proxy.render ../node_modules/@testing-library/react/dist/pure.js:[2m291:10[22m[39m
[36m [2mΓ¥»[22m renderPage tests/MaterialsForecastPage.test.tsx:[2m195:10[22m[39m
    [90m193| [39m
    [90m194| [39m[35mfunction[39m [34mrenderPage[39m() {
    [90m195| [39m  [35mreturn[39m [34mrender[39m(
    [90m   | [39m         [31m^[39m
    [90m196| [39m    [33m<[39m[33mMemoryRouter[39m[33m>[39m
    [90m197| [39m      [33m<[39m[33mMaterialsForecastPage[39m [33m/[39m[33m>[39m
[90m [2mΓ¥»[22m tests/MaterialsForecastPage.test.tsx:[2m220:5[22m[39m

[31m[2mΓÄ»ΓÄ»ΓÄ»ΓÄ»ΓÄ»ΓÄ»ΓÄ»ΓÄ»ΓÄ»ΓÄ»ΓÄ»ΓÄ»ΓÄ»ΓÄ»ΓÄ»ΓÄ»ΓÄ»ΓÄ»ΓÄ»ΓÄ»[142/486]ΓÄ»[22m[39m

[41m[1m FAIL [22m[49m tests/MaterialsForecastPage.test.tsx[2m > [22mMaterialsForecastPage[2m > [22mredirects clinical_staff away from the 
materials forecast page
[31m[1mTypeError[22m: React.act is not a function[39m
[90m [2mΓ¥»[22m exports.act ../node_modules/react-dom/cjs/react-dom-test-utils.production.js:[2m20:16[22m[39m
[90m [2mΓ¥»[22m ../node_modules/@testing-library/react/dist/act-compat.js:[2m46:25[22m[39m
[90m [2mΓ¥»[22m renderRoot ../node_modules/@testing-library/react/dist/pure.js:[2m189:26[22m[39m
[90m [2mΓ¥»[22m Proxy.render ../node_modules/@testing-library/react/dist/pure.js:[2m291:10[22m[39m
[36m [2mΓ¥»[22m renderPage tests/MaterialsForecastPage.test.tsx:[2m195:10[22m[39m
    [90m193| [39m
    [90m194| [39m[35mfunction[39m [34mrenderPage[39m() {
    [90m195| [39m  [35mreturn[39m [34mrender[39m(
    [90m   | [39m         [31m^[39m
    [90m196| [39m    [33m<[39m[33mMemoryRouter[39m[33m>[39m
    [90m197| [39m      [33m<[39m[33mMaterialsForecastPage[39m [33m/[39m[33m>[39m
[90m [2mΓ¥»[22m tests/MaterialsForecastPage.test.tsx:[2m229:5[22m[39m

[31m[2mΓÄ»ΓÄ»ΓÄ»ΓÄ»ΓÄ»ΓÄ»ΓÄ»ΓÄ»ΓÄ»ΓÄ»ΓÄ»ΓÄ»ΓÄ»ΓÄ»ΓÄ»ΓÄ»ΓÄ»ΓÄ»ΓÄ»ΓÄ»[143/486]ΓÄ»[22m[39m

[41m[1m FAIL [22m[49m tests/MaterialsForecastPage.test.tsx[2m > [22mMaterialsForecastPage[2m > [22mdoes not render anything when there is 
no authenticated user
[31m[1mTypeError[22m: React.act is not a function[39m
[90m [2mΓ¥»[22m exports.act ../node_modules/react-dom/cjs/react-dom-test-utils.production.js:[2m20:16[22m[39m
[90m [2mΓ¥»[22m ../node_modules/@testing-library/react/dist/act-compat.js:[2m46:25[22m[39m
[90m [2mΓ¥»[22m renderRoot ../node_modules/@testing-library/react/dist/pure.js:[2m189:26[22m[39m
[90m [2mΓ¥»[22m Proxy.render ../node_modules/@testing-library/react/dist/pure.js:[2m291:10[22m[39m
[36m [2mΓ¥»[22m renderPage tests/MaterialsForecastPage.test.tsx:[2m195:10[22m[39m
    [90m193| [39m
    [90m194| [39m[35mfunction[39m [34mrenderPage[39m() {
    [90m195| [39m  [35mreturn[39m [34mrender[39m(
    [90m   | [39m         [31m^[39m
    [90m196| [39m    [33m<[39m[33mMemoryRouter[39m[33m>[39m
    [90m197| [39m      [33m<[39m[33mMaterialsForecastPage[39m [33m/[39m[33m>[39m
[90m [2mΓ¥»[22m tests/MaterialsForecastPage.test.tsx:[2m237:27[22m[39m

[31m[2mΓÄ»ΓÄ»ΓÄ»ΓÄ»ΓÄ»ΓÄ»ΓÄ»ΓÄ»ΓÄ»ΓÄ»ΓÄ»ΓÄ»ΓÄ»ΓÄ»ΓÄ»ΓÄ»ΓÄ»ΓÄ»ΓÄ»ΓÄ»[144/486]ΓÄ»[22m[39m

[41m[1m FAIL [22m[49m tests/MaterialsForecastPage.test.tsx[2m > [22mMaterialsForecastPage[2m > [22mcalls the forecast and inventory APIs 
with the default 30-day horizon
[31m[1mTypeError[22m: React.act is not a function[39m
[90m [2mΓ¥»[22m exports.act ../node_modules/react-dom/cjs/react-dom-test-utils.production.js:[2m20:16[22m[39m
[90m [2mΓ¥»[22m ../node_modules/@testing-library/react/dist/act-compat.js:[2m46:25[22m[39m
[90m [2mΓ¥»[22m renderRoot ../node_modules/@testing-library/react/dist/pure.js:[2m189:26[22m[39m
[90m [2mΓ¥»[22m Proxy.render ../node_modules/@testing-library/react/dist/pure.js:[2m291:10[22m[39m
[36m [2mΓ¥»[22m renderPage tests/MaterialsForecastPage.test.tsx:[2m195:10[22m[39m
    [90m193| [39m
    [90m194| [39m[35mfunction[39m [34mrenderPage[39m() {
    [90m195| [39m  [35mreturn[39m [34mrender[39m(
    [90m   | [39m         [31m^[39m
    [90m196| [39m    [33m<[39m[33mMemoryRouter[39m[33m>[39m
    [90m197| [39m      [33m<[39m[33mMaterialsForecastPage[39m [33m/[39m[33m>[39m
[90m [2mΓ¥»[22m tests/MaterialsForecastPage.test.tsx:[2m244:5[22m[39m

[31m[2mΓÄ»ΓÄ»ΓÄ»ΓÄ»ΓÄ»ΓÄ»ΓÄ»ΓÄ»ΓÄ»ΓÄ»ΓÄ»ΓÄ»ΓÄ»ΓÄ»ΓÄ»ΓÄ»ΓÄ»ΓÄ»ΓÄ»ΓÄ»[145/486]ΓÄ»[22m[39m

[41m[1m FAIL [22m[49m tests/MaterialsForecastPage.test.tsx[2m > [22mMaterialsForecastPage[2m > [22mrenders summary cards after data loads
[31m[1mTypeError[22m: React.act is not a function[39m
[90m [2mΓ¥»[22m exports.act ../node_modules/react-dom/cjs/react-dom-test-utils.production.js:[2m20:16[22m[39m
[90m [2mΓ¥»[22m ../node_modules/@testing-library/react/dist/act-compat.js:[2m46:25[22m[39m
[90m [2mΓ¥»[22m renderRoot ../node_modules/@testing-library/react/dist/pure.js:[2m189:26[22m[39m
[90m [2mΓ¥»[22m Proxy.render ../node_modules/@testing-library/react/dist/pure.js:[2m291:10[22m[39m
[36m [2mΓ¥»[22m renderPage tests/MaterialsForecastPage.test.tsx:[2m195:10[22m[39m
    [90m193| [39m
    [90m194| [39m[35mfunction[39m [34mrenderPage[39m() {
    [90m195| [39m  [35mreturn[39m [34mrender[39m(
    [90m   | [39m         [31m^[39m
    [90m196| [39m    [33m<[39m[33mMemoryRouter[39m[33m>[39m
    [90m197| [39m      [33m<[39m[33mMaterialsForecastPage[39m [33m/[39m[33m>[39m
[90m [2mΓ¥»[22m tests/MaterialsForecastPage.test.tsx:[2m255:5[22m[39m

[31m[2mΓÄ»ΓÄ»ΓÄ»ΓÄ»ΓÄ»ΓÄ»ΓÄ»ΓÄ»ΓÄ»ΓÄ»ΓÄ»ΓÄ»ΓÄ»ΓÄ»ΓÄ»ΓÄ»ΓÄ»ΓÄ»ΓÄ»ΓÄ»[146/486]ΓÄ»[22m[39m

[41m[1m FAIL [22m[49m tests/MaterialsForecastPage.test.tsx[2m > [22mMaterialsForecastPage[2m > [22mrenders the forecast table with product 
rows
[31m[1mTypeError[22m: React.act is not a function[39m
[90m [2mΓ¥»[22m exports.act ../node_modules/react-dom/cjs/react-dom-test-utils.production.js:[2m20:16[22m[39m
[90m [2mΓ¥»[22m ../node_modules/@testing-library/react/dist/act-compat.js:[2m46:25[22m[39m
[90m [2mΓ¥»[22m renderRoot ../node_modules/@testing-library/react/dist/pure.js:[2m189:26[22m[39m
[90m [2mΓ¥»[22m Proxy.render ../node_modules/@testing-library/react/dist/pure.js:[2m291:10[22m[39m
[36m [2mΓ¥»[22m renderPage tests/MaterialsForecastPage.test.tsx:[2m195:10[22m[39m
    [90m193| [39m
    [90m194| [39m[35mfunction[39m [34mrenderPage[39m() {
    [90m195| [39m  [35mreturn[39m [34mrender[39m(
    [90m   | [39m         [31m^[39m
    [90m196| [39m    [33m<[39m[33mMemoryRouter[39m[33m>[39m
    [90m197| [39m      [33m<[39m[33mMaterialsForecastPage[39m [33m/[39m[33m>[39m
[90m [2mΓ¥»[22m tests/MaterialsForecastPage.test.tsx:[2m263:5[22m[39m

[31m[2mΓÄ»ΓÄ»ΓÄ»ΓÄ»ΓÄ»ΓÄ»ΓÄ»ΓÄ»ΓÄ»ΓÄ»ΓÄ»ΓÄ»ΓÄ»ΓÄ»ΓÄ»ΓÄ»ΓÄ»ΓÄ»ΓÄ»ΓÄ»[147/486]ΓÄ»[22m[39m

[41m[1m FAIL [22m[49m tests/MaterialsForecastPage.test.tsx[2m > [22mMaterialsForecastPage[2m > [22mrenders alert cards with severity badges
[31m[1mTypeError[22m: React.act is not a function[39m
[90m [2mΓ¥»[22m exports.act ../node_modules/react-dom/cjs/react-dom-test-utils.production.js:[2m20:16[22m[39m
[90m [2mΓ¥»[22m ../node_modules/@testing-library/react/dist/act-compat.js:[2m46:25[22m[39m
[90m [2mΓ¥»[22m renderRoot ../node_modules/@testing-library/react/dist/pure.js:[2m189:26[22m[39m
[90m [2mΓ¥»[22m Proxy.render ../node_modules/@testing-library/react/dist/pure.js:[2m291:10[22m[39m
[36m [2mΓ¥»[22m renderPage tests/MaterialsForecastPage.test.tsx:[2m195:10[22m[39m
    [90m193| [39m
    [90m194| [39m[35mfunction[39m [34mrenderPage[39m() {
    [90m195| [39m  [35mreturn[39m [34mrender[39m(
    [90m   | [39m         [31m^[39m
    [90m196| [39m    [33m<[39m[33mMemoryRouter[39m[33m>[39m
    [90m197| [39m      [33m<[39m[33mMaterialsForecastPage[39m [33m/[39m[33m>[39m
[90m [2mΓ¥»[22m tests/MaterialsForecastPage.test.tsx:[2m275:5[22m[39m

[31m[2mΓÄ»ΓÄ»ΓÄ»ΓÄ»ΓÄ»ΓÄ»ΓÄ»ΓÄ»ΓÄ»ΓÄ»ΓÄ»ΓÄ»ΓÄ»ΓÄ»ΓÄ»ΓÄ»ΓÄ»ΓÄ»ΓÄ»ΓÄ»[148/486]ΓÄ»[22m[39m

[41m[1m FAIL [22m[49m tests/MaterialsForecastPage.test.tsx[2m > [22mMaterialsForecastPage[2m > [22mshows daysUntilStockout when present in 
an alert
[31m[1mTypeError[22m: React.act is not a function[39m
[90m [2mΓ¥»[22m exports.act ../node_modules/react-dom/cjs/react-dom-test-utils.production.js:[2m20:16[22m[39m
[90m [2mΓ¥»[22m ../node_modules/@testing-library/react/dist/act-compat.js:[2m46:25[22m[39m
[90m [2mΓ¥»[22m renderRoot ../node_modules/@testing-library/react/dist/pure.js:[2m189:26[22m[39m
[90m [2mΓ¥»[22m Proxy.render ../node_modules/@testing-library/react/dist/pure.js:[2m291:10[22m[39m
[36m [2mΓ¥»[22m renderPage tests/MaterialsForecastPage.test.tsx:[2m195:10[22m[39m
    [90m193| [39m
    [90m194| [39m[35mfunction[39m [34mrenderPage[39m() {
    [90m195| [39m  [35mreturn[39m [34mrender[39m(
    [90m   | [39m         [31m^[39m
    [90m196| [39m    [33m<[39m[33mMemoryRouter[39m[33m>[39m
    [90m197| [39m      [33m<[39m[33mMaterialsForecastPage[39m [33m/[39m[33m>[39m
[90m [2mΓ¥»[22m tests/MaterialsForecastPage.test.tsx:[2m285:5[22m[39m

[31m[2mΓÄ»ΓÄ»ΓÄ»ΓÄ»ΓÄ»ΓÄ»ΓÄ»ΓÄ»ΓÄ»ΓÄ»ΓÄ»ΓÄ»ΓÄ»ΓÄ»ΓÄ»ΓÄ»ΓÄ»ΓÄ»ΓÄ»ΓÄ»[149/486]ΓÄ»[22m[39m

[41m[1m FAIL [22m[49m tests/MaterialsForecastPage.test.tsx[2m > [22mMaterialsForecastPage[2m > [22mshows an empty alerts state when there 
are no alerts
[31m[1mTypeError[22m: React.act is not a function[39m
[90m [2mΓ¥»[22m exports.act ../node_modules/react-dom/cjs/react-dom-test-utils.production.js:[2m20:16[22m[39m
[90m [2mΓ¥»[22m ../node_modules/@testing-library/react/dist/act-compat.js:[2m46:25[22m[39m
[90m [2mΓ¥»[22m renderRoot ../node_modules/@testing-library/react/dist/pure.js:[2m189:26[22m[39m
[90m [2mΓ¥»[22m Proxy.render ../node_modules/@testing-library/react/dist/pure.js:[2m291:10[22m[39m
[36m [2mΓ¥»[22m renderPage tests/MaterialsForecastPage.test.tsx:[2m195:10[22m[39m
    [90m193| [39m
    [90m194| [39m[35mfunction[39m [34mrenderPage[39m() {
    [90m195| [39m  [35mreturn[39m [34mrender[39m(
    [90m   | [39m         [31m^[39m
    [90m196| [39m    [33m<[39m[33mMemoryRouter[39m[33m>[39m
    [90m197| [39m      [33m<[39m[33mMaterialsForecastPage[39m [33m/[39m[33m>[39m
[90m [2mΓ¥»[22m tests/MaterialsForecastPage.test.tsx:[2m293:5[22m[39m

[31m[2mΓÄ»ΓÄ»ΓÄ»ΓÄ»ΓÄ»ΓÄ»ΓÄ»ΓÄ»ΓÄ»ΓÄ»ΓÄ»ΓÄ»ΓÄ»ΓÄ»ΓÄ»ΓÄ»ΓÄ»ΓÄ»ΓÄ»ΓÄ»[150/486]ΓÄ»[22m[39m

[41m[1m FAIL [22m[49m tests/MaterialsForecastPage.test.tsx[2m > [22mMaterialsForecastPage[2m > [22mshows supplier name in the reorder 
section for items with supplier preference
[31m[1mTypeError[22m: React.act is not a function[39m
[90m [2mΓ¥»[22m exports.act ../node_modules/react-dom/cjs/react-dom-test-utils.production.js:[2m20:16[22m[39m
[90m [2mΓ¥»[22m ../node_modules/@testing-library/react/dist/act-compat.js:[2m46:25[22m[39m
[90m [2mΓ¥»[22m renderRoot ../node_modules/@testing-library/react/dist/pure.js:[2m189:26[22m[39m
[90m [2mΓ¥»[22m Proxy.render ../node_modules/@testing-library/react/dist/pure.js:[2m291:10[22m[39m
[36m [2mΓ¥»[22m renderPage tests/MaterialsForecastPage.test.tsx:[2m195:10[22m[39m
    [90m193| [39m
    [90m194| [39m[35mfunction[39m [34mrenderPage[39m() {
    [90m195| [39m  [35mreturn[39m [34mrender[39m(
    [90m   | [39m         [31m^[39m
    [90m196| [39m    [33m<[39m[33mMemoryRouter[39m[33m>[39m
    [90m197| [39m      [33m<[39m[33mMaterialsForecastPage[39m [33m/[39m[33m>[39m
[90m [2mΓ¥»[22m tests/MaterialsForecastPage.test.tsx:[2m303:5[22m[39m

[31m[2mΓÄ»ΓÄ»ΓÄ»ΓÄ»ΓÄ»ΓÄ»ΓÄ»ΓÄ»ΓÄ»ΓÄ»ΓÄ»ΓÄ»ΓÄ»ΓÄ»ΓÄ»ΓÄ»ΓÄ»ΓÄ»ΓÄ»ΓÄ»[151/486]ΓÄ»[22m[39m

[41m[1m FAIL [22m[49m tests/MaterialsForecastPage.test.tsx[2m > [22mMaterialsForecastPage[2m > [22mshows pricing unavailable for items 
with unitCostCents === 0
[31m[1mTypeError[22m: React.act is not a function[39m
[90m [2mΓ¥»[22m exports.act ../node_modules/react-dom/cjs/react-dom-test-utils.production.js:[2m20:16[22m[39m
[90m [2mΓ¥»[22m ../node_modules/@testing-library/react/dist/act-compat.js:[2m46:25[22m[39m
[90m [2mΓ¥»[22m renderRoot ../node_modules/@testing-library/react/dist/pure.js:[2m189:26[22m[39m
[90m [2mΓ¥»[22m Proxy.render ../node_modules/@testing-library/react/dist/pure.js:[2m291:10[22m[39m
[36m [2mΓ¥»[22m renderPage tests/MaterialsForecastPage.test.tsx:[2m195:10[22m[39m
    [90m193| [39m
    [90m194| [39m[35mfunction[39m [34mrenderPage[39m() {
    [90m195| [39m  [35mreturn[39m [34mrender[39m(
    [90m   | [39m         [31m^[39m
    [90m196| [39m    [33m<[39m[33mMemoryRouter[39m[33m>[39m
    [90m197| [39m      [33m<[39m[33mMaterialsForecastPage[39m [33m/[39m[33m>[39m
[90m [2mΓ¥»[22m tests/MaterialsForecastPage.test.tsx:[2m313:5[22m[39m

[31m[2mΓÄ»ΓÄ»ΓÄ»ΓÄ»ΓÄ»ΓÄ»ΓÄ»ΓÄ»ΓÄ»ΓÄ»ΓÄ»ΓÄ»ΓÄ»ΓÄ»ΓÄ»ΓÄ»ΓÄ»ΓÄ»ΓÄ»ΓÄ»[152/486]ΓÄ»[22m[39m

[41m[1m FAIL [22m[49m tests/MaterialsForecastPage.test.tsx[2m > [22mMaterialsForecastPage[2m > [22mshows supplier pricing in reorder 
section for items with cost
[31m[1mTypeError[22m: React.act is not a function[39m
[90m [2mΓ¥»[22m exports.act ../node_modules/react-dom/cjs/react-dom-test-utils.production.js:[2m20:16[22m[39m
[90m [2mΓ¥»[22m ../node_modules/@testing-library/react/dist/act-compat.js:[2m46:25[22m[39m
[90m [2mΓ¥»[22m renderRoot ../node_modules/@testing-library/react/dist/pure.js:[2m189:26[22m[39m
[90m [2mΓ¥»[22m Proxy.render ../node_modules/@testing-library/react/dist/pure.js:[2m291:10[22m[39m
[36m [2mΓ¥»[22m renderPage tests/MaterialsForecastPage.test.tsx:[2m195:10[22m[39m
    [90m193| [39m
    [90m194| [39m[35mfunction[39m [34mrenderPage[39m() {
    [90m195| [39m  [35mreturn[39m [34mrender[39m(
    [90m   | [39m         [31m^[39m
    [90m196| [39m    [33m<[39m[33mMemoryRouter[39m[33m>[39m
    [90m197| [39m      [33m<[39m[33mMaterialsForecastPage[39m [33m/[39m[33m>[39m
[90m [2mΓ¥»[22m tests/MaterialsForecastPage.test.tsx:[2m321:5[22m[39m

[31m[2mΓÄ»ΓÄ»ΓÄ»ΓÄ»ΓÄ»ΓÄ»ΓÄ»ΓÄ»ΓÄ»ΓÄ»ΓÄ»ΓÄ»ΓÄ»ΓÄ»ΓÄ»ΓÄ»ΓÄ»ΓÄ»ΓÄ»ΓÄ»[153/486]ΓÄ»[22m[39m

[41m[1m FAIL [22m[49m tests/MaterialsForecastPage.test.tsx[2m > [22mMaterialsForecastPage[2m > [22mshows the supplier section when at-risk 
items have supplier preferences
[31m[1mTypeError[22m: React.act is not a function[39m
[90m [2mΓ¥»[22m exports.act ../node_modules/react-dom/cjs/react-dom-test-utils.production.js:[2m20:16[22m[39m
[90m [2mΓ¥»[22m ../node_modules/@testing-library/react/dist/act-compat.js:[2m46:25[22m[39m
[90m [2mΓ¥»[22m renderRoot ../node_modules/@testing-library/react/dist/pure.js:[2m189:26[22m[39m
[90m [2mΓ¥»[22m Proxy.render ../node_modules/@testing-library/react/dist/pure.js:[2m291:10[22m[39m
[36m [2mΓ¥»[22m renderPage tests/MaterialsForecastPage.test.tsx:[2m195:10[22m[39m
    [90m193| [39m
    [90m194| [39m[35mfunction[39m [34mrenderPage[39m() {
    [90m195| [39m  [35mreturn[39m [34mrender[39m(
    [90m   | [39m         [31m^[39m
    [90m196| [39m    [33m<[39m[33mMemoryRouter[39m[33m>[39m
    [90m197| [39m      [33m<[39m[33mMaterialsForecastPage[39m [33m/[39m[33m>[39m
[90m [2mΓ¥»[22m tests/MaterialsForecastPage.test.tsx:[2m334:5[22m[39m

[31m[2mΓÄ»ΓÄ»ΓÄ»ΓÄ»ΓÄ»ΓÄ»ΓÄ»ΓÄ»ΓÄ»ΓÄ»ΓÄ»ΓÄ»ΓÄ»ΓÄ»ΓÄ»ΓÄ»ΓÄ»ΓÄ»ΓÄ»ΓÄ»[154/486]ΓÄ»[22m[39m

[41m[1m FAIL [22m[49m tests/MaterialsForecastPage.test.tsx[2m > [22mMaterialsForecastPage[2m > [22mchanges the forecast horizon when a 
different option is selected
[31m[1mTypeError[22m: React.act is not a function[39m
[90m [2mΓ¥»[22m exports.act ../node_modules/react-dom/cjs/react-dom-test-utils.production.js:[2m20:16[22m[39m
[90m [2mΓ¥»[22m ../node_modules/@testing-library/react/dist/act-compat.js:[2m46:25[22m[39m
[90m [2mΓ¥»[22m renderRoot ../node_modules/@testing-library/react/dist/pure.js:[2m189:26[22m[39m
[90m [2mΓ¥»[22m Proxy.render ../node_modules/@testing-library/react/dist/pure.js:[2m291:10[22m[39m
[36m [2mΓ¥»[22m renderPage tests/MaterialsForecastPage.test.tsx:[2m195:10[22m[39m
    [90m193| [39m
    [90m194| [39m[35mfunction[39m [34mrenderPage[39m() {
    [90m195| [39m  [35mreturn[39m [34mrender[39m(
    [90m   | [39m         [31m^[39m
    [90m196| [39m    [33m<[39m[33mMemoryRouter[39m[33m>[39m
    [90m197| [39m      [33m<[39m[33mMaterialsForecastPage[39m [33m/[39m[33m>[39m
[90m [2mΓ¥»[22m tests/MaterialsForecastPage.test.tsx:[2m342:5[22m[39m

[31m[2mΓÄ»ΓÄ»ΓÄ»ΓÄ»ΓÄ»ΓÄ»ΓÄ»ΓÄ»ΓÄ»ΓÄ»ΓÄ»ΓÄ»ΓÄ»ΓÄ»ΓÄ»ΓÄ»ΓÄ»ΓÄ»ΓÄ»ΓÄ»[155/486]ΓÄ»[22m[39m

[41m[1m FAIL [22m[49m tests/MaterialsForecastPage.test.tsx[2m > [22mMaterialsForecastPage[2m > [22mmarks the default 30-day horizon button 
as active on load
[31m[1mTypeError[22m: React.act is not a function[39m
[90m [2mΓ¥»[22m exports.act ../node_modules/react-dom/cjs/react-dom-test-utils.production.js:[2m20:16[22m[39m
[90m [2mΓ¥»[22m ../node_modules/@testing-library/react/dist/act-compat.js:[2m46:25[22m[39m
[90m [2mΓ¥»[22m renderRoot ../node_modules/@testing-library/react/dist/pure.js:[2m189:26[22m[39m
[90m [2mΓ¥»[22m Proxy.render ../node_modules/@testing-library/react/dist/pure.js:[2m291:10[22m[39m
[36m [2mΓ¥»[22m renderPage tests/MaterialsForecastPage.test.tsx:[2m195:10[22m[39m
    [90m193| [39m
    [90m194| [39m[35mfunction[39m [34mrenderPage[39m() {
    [90m195| [39m  [35mreturn[39m [34mrender[39m(
    [90m   | [39m         [31m^[39m
    [90m196| [39m    [33m<[39m[33mMemoryRouter[39m[33m>[39m
    [90m197| [39m      [33m<[39m[33mMaterialsForecastPage[39m [33m/[39m[33m>[39m
[90m [2mΓ¥»[22m tests/MaterialsForecastPage.test.tsx:[2m355:5[22m[39m

[31m[2mΓÄ»ΓÄ»ΓÄ»ΓÄ»ΓÄ»ΓÄ»ΓÄ»ΓÄ»ΓÄ»ΓÄ»ΓÄ»ΓÄ»ΓÄ»ΓÄ»ΓÄ»ΓÄ»ΓÄ»ΓÄ»ΓÄ»ΓÄ»[156/486]ΓÄ»[22m[39m

[41m[1m FAIL [22m[49m tests/MaterialsForecastPage.test.tsx[2m > [22mMaterialsForecastPage[2m > [22mshows a loading message while data is 
being fetched
[31m[1mTypeError[22m: React.act is not a function[39m
[90m [2mΓ¥»[22m exports.act ../node_modules/react-dom/cjs/react-dom-test-utils.production.js:[2m20:16[22m[39m
[90m [2mΓ¥»[22m ../node_modules/@testing-library/react/dist/act-compat.js:[2m46:25[22m[39m
[90m [2mΓ¥»[22m renderRoot ../node_modules/@testing-library/react/dist/pure.js:[2m189:26[22m[39m
[90m [2mΓ¥»[22m Proxy.render ../node_modules/@testing-library/react/dist/pure.js:[2m291:10[22m[39m
[36m [2mΓ¥»[22m renderPage tests/MaterialsForecastPage.test.tsx:[2m195:10[22m[39m
    [90m193| [39m
    [90m194| [39m[35mfunction[39m [34mrenderPage[39m() {
    [90m195| [39m  [35mreturn[39m [34mrender[39m(
    [90m   | [39m         [31m^[39m
    [90m196| [39m    [33m<[39m[33mMemoryRouter[39m[33m>[39m
    [90m197| [39m      [33m<[39m[33mMaterialsForecastPage[39m [33m/[39m[33m>[39m
[90m [2mΓ¥»[22m tests/MaterialsForecastPage.test.tsx:[2m369:5[22m[39m

[31m[2mΓÄ»ΓÄ»ΓÄ»ΓÄ»ΓÄ»ΓÄ»ΓÄ»ΓÄ»ΓÄ»ΓÄ»ΓÄ»ΓÄ»ΓÄ»ΓÄ»ΓÄ»ΓÄ»ΓÄ»ΓÄ»ΓÄ»ΓÄ»[157/486]ΓÄ»[22m[39m

[41m[1m FAIL [22m[49m tests/MaterialsForecastPage.test.tsx[2m > [22mMaterialsForecastPage[2m > [22mshows an error message and retry button 
when the API fails
[31m[1mTypeError[22m: React.act is not a function[39m
[90m [2mΓ¥»[22m exports.act ../node_modules/react-dom/cjs/react-dom-test-utils.production.js:[2m20:16[22m[39m
[90m [2mΓ¥»[22m ../node_modules/@testing-library/react/dist/act-compat.js:[2m46:25[22m[39m
[90m [2mΓ¥»[22m renderRoot ../node_modules/@testing-library/react/dist/pure.js:[2m189:26[22m[39m
[90m [2mΓ¥»[22m Proxy.render ../node_modules/@testing-library/react/dist/pure.js:[2m291:10[22m[39m
[36m [2mΓ¥»[22m renderPage tests/MaterialsForecastPage.test.tsx:[2m195:10[22m[39m
    [90m193| [39m
    [90m194| [39m[35mfunction[39m [34mrenderPage[39m() {
    [90m195| [39m  [35mreturn[39m [34mrender[39m(
    [90m   | [39m         [31m^[39m
    [90m196| [39m    [33m<[39m[33mMemoryRouter[39m[33m>[39m
    [90m197| [39m      [33m<[39m[33mMaterialsForecastPage[39m [33m/[39m[33m>[39m
[90m [2mΓ¥»[22m tests/MaterialsForecastPage.test.tsx:[2m379:5[22m[39m

[31m[2mΓÄ»ΓÄ»ΓÄ»ΓÄ»ΓÄ»ΓÄ»ΓÄ»ΓÄ»ΓÄ»ΓÄ»ΓÄ»ΓÄ»ΓÄ»ΓÄ»ΓÄ»ΓÄ»ΓÄ»ΓÄ»ΓÄ»ΓÄ»[158/486]ΓÄ»[22m[39m

[41m[1m FAIL [22m[49m tests/MaterialsForecastPage.test.tsx[2m > [22mMaterialsForecastPage[2m > [22mdoes not call forecast APIs for 
clinical_staff
[31m[1mTypeError[22m: React.act is not a function[39m
[90m [2mΓ¥»[22m exports.act ../node_modules/react-dom/cjs/react-dom-test-utils.production.js:[2m20:16[22m[39m
[90m [2mΓ¥»[22m ../node_modules/@testing-library/react/dist/act-compat.js:[2m46:25[22m[39m
[90m [2mΓ¥»[22m renderRoot ../node_modules/@testing-library/react/dist/pure.js:[2m189:26[22m[39m
[90m [2mΓ¥»[22m Proxy.render ../node_modules/@testing-library/react/dist/pure.js:[2m291:10[22m[39m
[36m [2mΓ¥»[22m renderPage tests/MaterialsForecastPage.test.tsx:[2m195:10[22m[39m
    [90m193| [39m
    [90m194| [39m[35mfunction[39m [34mrenderPage[39m() {
    [90m195| [39m  [35mreturn[39m [34mrender[39m(
    [90m   | [39m         [31m^[39m
    [90m196| [39m    [33m<[39m[33mMemoryRouter[39m[33m>[39m
    [90m197| [39m      [33m<[39m[33mMaterialsForecastPage[39m [33m/[39m[33m>[39m
[90m [2mΓ¥»[22m tests/MaterialsForecastPage.test.tsx:[2m391:5[22m[39m

[31m[2mΓÄ»ΓÄ»ΓÄ»ΓÄ»ΓÄ»ΓÄ»ΓÄ»ΓÄ»ΓÄ»ΓÄ»ΓÄ»ΓÄ»ΓÄ»ΓÄ»ΓÄ»ΓÄ»ΓÄ»ΓÄ»ΓÄ»ΓÄ»[159/486]ΓÄ»[22m[39m

[41m[1m FAIL [22m[49m tests/MaterialsForecastPage.test.tsx[2m > [22mMaterialsForecastPage[2m > [22mshows an empty state message when no 
inventory items exist
[31m[1mTypeError[22m: React.act is not a function[39m
[90m [2mΓ¥»[22m exports.act ../node_modules/react-dom/cjs/react-dom-test-utils.production.js:[2m20:16[22m[39m
[90m [2mΓ¥»[22m ../node_modules/@testing-library/react/dist/act-compat.js:[2m46:25[22m[39m
[90m [2mΓ¥»[22m renderRoot ../node_modules/@testing-library/react/dist/pure.js:[2m189:26[22m[39m
[90m [2mΓ¥»[22m Proxy.render ../node_modules/@testing-library/react/dist/pure.js:[2m291:10[22m[39m
[36m [2mΓ¥»[22m renderPage tests/MaterialsForecastPage.test.tsx:[2m195:10[22m[39m
    [90m193| [39m
    [90m194| [39m[35mfunction[39m [34mrenderPage[39m() {
    [90m195| [39m  [35mreturn[39m [34mrender[39m(
    [90m   | [39m         [31m^[39m
    [90m196| [39m    [33m<[39m[33mMemoryRouter[39m[33m>[39m
    [90m197| [39m      [33m<[39m[33mMaterialsForecastPage[39m [33m/[39m[33m>[39m
[90m [2mΓ¥»[22m tests/MaterialsForecastPage.test.tsx:[2m404:5[22m[39m

[31m[2mΓÄ»ΓÄ»ΓÄ»ΓÄ»ΓÄ»ΓÄ»ΓÄ»ΓÄ»ΓÄ»ΓÄ»ΓÄ»ΓÄ»ΓÄ»ΓÄ»ΓÄ»ΓÄ»ΓÄ»ΓÄ»ΓÄ»ΓÄ»[160/486]ΓÄ»[22m[39m

[41m[1m FAIL [22m[49m tests/MaterialsForecastPage.test.tsx[2m > [22mMaterialsForecastPage[2m > [22mshows the Create Purchase Order button 
when reorder items exist
[31m[1mTypeError[22m: React.act is not a function[39m
[90m [2mΓ¥»[22m exports.act ../node_modules/react-dom/cjs/react-dom-test-utils.production.js:[2m20:16[22m[39m
[90m [2mΓ¥»[22m ../node_modules/@testing-library/react/dist/act-compat.js:[2m46:25[22m[39m
[90m [2mΓ¥»[22m renderRoot ../node_modules/@testing-library/react/dist/pure.js:[2m189:26[22m[39m
[90m [2mΓ¥»[22m Proxy.render ../node_modules/@testing-library/react/dist/pure.js:[2m291:10[22m[39m
[36m [2mΓ¥»[22m renderPage tests/MaterialsForecastPage.test.tsx:[2m195:10[22m[39m
    [90m193| [39m
    [90m194| [39m[35mfunction[39m [34mrenderPage[39m() {
    [90m195| [39m  [35mreturn[39m [34mrender[39m(
    [90m   | [39m         [31m^[39m
    [90m196| [39m    [33m<[39m[33mMemoryRouter[39m[33m>[39m
    [90m197| [39m      [33m<[39m[33mMaterialsForecastPage[39m [33m/[39m[33m>[39m
[90m [2mΓ¥»[22m tests/MaterialsForecastPage.test.tsx:[2m414:5[22m[39m

[31m[2mΓÄ»ΓÄ»ΓÄ»ΓÄ»ΓÄ»ΓÄ»ΓÄ»ΓÄ»ΓÄ»ΓÄ»ΓÄ»ΓÄ»ΓÄ»ΓÄ»ΓÄ»ΓÄ»ΓÄ»ΓÄ»ΓÄ»ΓÄ»[161/486]ΓÄ»[22m[39m

[41m[1m FAIL [22m[49m tests/MaterialsForecastPage.test.tsx[2m > [22mMaterialsForecastPage[2m > [22mdoes not show the reorder section when 
all items are healthy
[31m[1mTypeError[22m: React.act is not a function[39m
[90m [2mΓ¥»[22m exports.act ../node_modules/react-dom/cjs/react-dom-test-utils.production.js:[2m20:16[22m[39m
[90m [2mΓ¥»[22m ../node_modules/@testing-library/react/dist/act-compat.js:[2m46:25[22m[39m
[90m [2mΓ¥»[22m renderRoot ../node_modules/@testing-library/react/dist/pure.js:[2m189:26[22m[39m
[90m [2mΓ¥»[22m Proxy.render ../node_modules/@testing-library/react/dist/pure.js:[2m291:10[22m[39m
[36m [2mΓ¥»[22m renderPage tests/MaterialsForecastPage.test.tsx:[2m195:10[22m[39m
    [90m193| [39m
    [90m194| [39m[35mfunction[39m [34mrenderPage[39m() {
    [90m195| [39m  [35mreturn[39m [34mrender[39m(
    [90m   | [39m         [31m^[39m
    [90m196| [39m    [33m<[39m[33mMemoryRouter[39m[33m>[39m
    [90m197| [39m      [33m<[39m[33mMaterialsForecastPage[39m [33m/[39m[33m>[39m
[90m [2mΓ¥»[22m tests/MaterialsForecastPage.test.tsx:[2m427:5[22m[39m

[31m[2mΓÄ»ΓÄ»ΓÄ»ΓÄ»ΓÄ»ΓÄ»ΓÄ»ΓÄ»ΓÄ»ΓÄ»ΓÄ»ΓÄ»ΓÄ»ΓÄ»ΓÄ»ΓÄ»ΓÄ»ΓÄ»ΓÄ»ΓÄ»[162/486]ΓÄ»[22m[39m

[41m[1m FAIL [22m[49m tests/RosterCalendarPage.test.tsx[2m > [22mRosterCalendarPage ΓÇö staff dropdown (manager view)[2m > [22mshows 
display name with email hint for a named staff member
[31m[1mTypeError[22m: React.act is not a function[39m
[90m [2mΓ¥»[22m exports.act ../node_modules/react-dom/cjs/react-dom-test-utils.production.js:[2m20:16[22m[39m
[90m [2mΓ¥»[22m ../node_modules/@testing-library/react/dist/act-compat.js:[2m46:25[22m[39m
[90m [2mΓ¥»[22m renderRoot ../node_modules/@testing-library/react/dist/pure.js:[2m189:26[22m[39m
[90m [2mΓ¥»[22m Proxy.render ../node_modules/@testing-library/react/dist/pure.js:[2m291:10[22m[39m
[36m [2mΓ¥»[22m renderPage tests/RosterCalendarPage.test.tsx:[2m140:10[22m[39m
    [90m138| [39m
    [90m139| [39m[35mfunction[39m [34mrenderPage[39m() {
    [90m140| [39m  [35mreturn[39m [34mrender[39m(
    [90m   | [39m         [31m^[39m
    [90m141| [39m    [33m<[39m[33mMemoryRouter[39m[33m>[39m
    [90m142| [39m      [33m<[39m[33mRosterCalendarPage[39m [33m/[39m[33m>[39m
[90m [2mΓ¥»[22m tests/RosterCalendarPage.test.tsx:[2m184:5[22m[39m

[31m[2mΓÄ»ΓÄ»ΓÄ»ΓÄ»ΓÄ»ΓÄ»ΓÄ»ΓÄ»ΓÄ»ΓÄ»ΓÄ»ΓÄ»ΓÄ»ΓÄ»ΓÄ»ΓÄ»ΓÄ»ΓÄ»ΓÄ»ΓÄ»[163/486]ΓÄ»[22m[39m

[41m[1m FAIL [22m[49m tests/RosterCalendarPage.test.tsx[2m > [22mRosterCalendarPage ΓÇö staff dropdown (manager view)[2m > [22mshows email 
only (no parenthetical hint) for unnamed staff
[31m[1mTypeError[22m: React.act is not a function[39m
[90m [2mΓ¥»[22m exports.act ../node_modules/react-dom/cjs/react-dom-test-utils.production.js:[2m20:16[22m[39m
[90m [2mΓ¥»[22m ../node_modules/@testing-library/react/dist/act-compat.js:[2m46:25[22m[39m
[90m [2mΓ¥»[22m renderRoot ../node_modules/@testing-library/react/dist/pure.js:[2m189:26[22m[39m
[90m [2mΓ¥»[22m Proxy.render ../node_modules/@testing-library/react/dist/pure.js:[2m291:10[22m[39m
[36m [2mΓ¥»[22m renderPage tests/RosterCalendarPage.test.tsx:[2m140:10[22m[39m
    [90m138| [39m
    [90m139| [39m[35mfunction[39m [34mrenderPage[39m() {
    [90m140| [39m  [35mreturn[39m [34mrender[39m(
    [90m   | [39m         [31m^[39m
    [90m141| [39m    [33m<[39m[33mMemoryRouter[39m[33m>[39m
    [90m142| [39m      [33m<[39m[33mRosterCalendarPage[39m [33m/[39m[33m>[39m
[90m [2mΓ¥»[22m tests/RosterCalendarPage.test.tsx:[2m202:5[22m[39m

[31m[2mΓÄ»ΓÄ»ΓÄ»ΓÄ»ΓÄ»ΓÄ»ΓÄ»ΓÄ»ΓÄ»ΓÄ»ΓÄ»ΓÄ»ΓÄ»ΓÄ»ΓÄ»ΓÄ»ΓÄ»ΓÄ»ΓÄ»ΓÄ»[164/486]ΓÄ»[22m[39m

[41m[1m FAIL [22m[49m tests/RosterCalendarPage.test.tsx[2m > [22mRosterCalendarPage ΓÇö shift cards[2m > [22mshows the real display name 
on a shift card when staffUserId matches staffList
[31m[1mTypeError[22m: React.act is not a function[39m
[90m [2mΓ¥»[22m exports.act ../node_modules/react-dom/cjs/react-dom-test-utils.production.js:[2m20:16[22m[39m
[90m [2mΓ¥»[22m ../node_modules/@testing-library/react/dist/act-compat.js:[2m46:25[22m[39m
[90m [2mΓ¥»[22m renderRoot ../node_modules/@testing-library/react/dist/pure.js:[2m189:26[22m[39m
[90m [2mΓ¥»[22m Proxy.render ../node_modules/@testing-library/react/dist/pure.js:[2m291:10[22m[39m
[36m [2mΓ¥»[22m renderPage tests/RosterCalendarPage.test.tsx:[2m140:10[22m[39m
    [90m138| [39m
    [90m139| [39m[35mfunction[39m [34mrenderPage[39m() {
    [90m140| [39m  [35mreturn[39m [34mrender[39m(
    [90m   | [39m         [31m^[39m
    [90m141| [39m    [33m<[39m[33mMemoryRouter[39m[33m>[39m
    [90m142| [39m      [33m<[39m[33mRosterCalendarPage[39m [33m/[39m[33m>[39m
[90m [2mΓ¥»[22m tests/RosterCalendarPage.test.tsx:[2m225:5[22m[39m

[31m[2mΓÄ»ΓÄ»ΓÄ»ΓÄ»ΓÄ»ΓÄ»ΓÄ»ΓÄ»ΓÄ»ΓÄ»ΓÄ»ΓÄ»ΓÄ»ΓÄ»ΓÄ»ΓÄ»ΓÄ»ΓÄ»ΓÄ»ΓÄ»[165/486]ΓÄ»[22m[39m

[41m[1m FAIL [22m[49m tests/RosterCalendarPage.test.tsx[2m > [22mRosterCalendarPage ΓÇö shift cards[2m > [22mfalls back to email-derived 
label on a shift card when staff is not in list
[31m[1mTypeError[22m: React.act is not a function[39m
[90m [2mΓ¥»[22m exports.act ../node_modules/react-dom/cjs/react-dom-test-utils.production.js:[2m20:16[22m[39m
[90m [2mΓ¥»[22m ../node_modules/@testing-library/react/dist/act-compat.js:[2m46:25[22m[39m
[90m [2mΓ¥»[22m renderRoot ../node_modules/@testing-library/react/dist/pure.js:[2m189:26[22m[39m
[90m [2mΓ¥»[22m Proxy.render ../node_modules/@testing-library/react/dist/pure.js:[2m291:10[22m[39m
[36m [2mΓ¥»[22m renderPage tests/RosterCalendarPage.test.tsx:[2m140:10[22m[39m
    [90m138| [39m
    [90m139| [39m[35mfunction[39m [34mrenderPage[39m() {
    [90m140| [39m  [35mreturn[39m [34mrender[39m(
    [90m   | [39m         [31m^[39m
    [90m141| [39m    [33m<[39m[33mMemoryRouter[39m[33m>[39m
    [90m142| [39m      [33m<[39m[33mRosterCalendarPage[39m [33m/[39m[33m>[39m
[90m [2mΓ¥»[22m tests/RosterCalendarPage.test.tsx:[2m241:5[22m[39m

[31m[2mΓÄ»ΓÄ»ΓÄ»ΓÄ»ΓÄ»ΓÄ»ΓÄ»ΓÄ»ΓÄ»ΓÄ»ΓÄ»ΓÄ»ΓÄ»ΓÄ»ΓÄ»ΓÄ»ΓÄ»ΓÄ»ΓÄ»ΓÄ»[166/486]ΓÄ»[22m[39m

[41m[1m FAIL [22m[49m tests/RosterCalendarPage.test.tsx[2m > [22mRosterCalendarPage ΓÇö edit modal static staff display[2m > [22mshows 
resolved name and secondary email when an existing shift is opened
[31m[1mTypeError[22m: React.act is not a function[39m
[90m [2mΓ¥»[22m exports.act ../node_modules/react-dom/cjs/react-dom-test-utils.production.js:[2m20:16[22m[39m
[90m [2mΓ¥»[22m ../node_modules/@testing-library/react/dist/act-compat.js:[2m46:25[22m[39m
[90m [2mΓ¥»[22m renderRoot ../node_modules/@testing-library/react/dist/pure.js:[2m189:26[22m[39m
[90m [2mΓ¥»[22m Proxy.render ../node_modules/@testing-library/react/dist/pure.js:[2m291:10[22m[39m
[36m [2mΓ¥»[22m renderPage tests/RosterCalendarPage.test.tsx:[2m140:10[22m[39m
    [90m138| [39m
    [90m139| [39m[35mfunction[39m [34mrenderPage[39m() {
    [90m140| [39m  [35mreturn[39m [34mrender[39m(
    [90m   | [39m         [31m^[39m
    [90m141| [39m    [33m<[39m[33mMemoryRouter[39m[33m>[39m
    [90m142| [39m      [33m<[39m[33mRosterCalendarPage[39m [33m/[39m[33m>[39m
[90m [2mΓ¥»[22m tests/RosterCalendarPage.test.tsx:[2m257:27[22m[39m

[31m[2mΓÄ»ΓÄ»ΓÄ»ΓÄ»ΓÄ»ΓÄ»ΓÄ»ΓÄ»ΓÄ»ΓÄ»ΓÄ»ΓÄ»ΓÄ»ΓÄ»ΓÄ»ΓÄ»ΓÄ»ΓÄ»ΓÄ»ΓÄ»[167/486]ΓÄ»[22m[39m

[41m[1m FAIL [22m[49m tests/SecurityPage.test.tsx[2m > [22mSecurityPage ΓÇö idle state[2m > [22mrenders the Enable MFA button
[31m[1mTypeError[22m: React.act is not a function[39m
[90m [2mΓ¥»[22m exports.act ../node_modules/react-dom/cjs/react-dom-test-utils.production.js:[2m20:16[22m[39m
[90m [2mΓ¥»[22m ../node_modules/@testing-library/react/dist/act-compat.js:[2m46:25[22m[39m
[90m [2mΓ¥»[22m renderRoot ../node_modules/@testing-library/react/dist/pure.js:[2m189:26[22m[39m
[90m [2mΓ¥»[22m Proxy.render ../node_modules/@testing-library/react/dist/pure.js:[2m291:10[22m[39m
[36m [2mΓ¥»[22m renderSecurityPage tests/SecurityPage.test.tsx:[2m70:10[22m[39m
    [90m 68| [39m
    [90m 69| [39mfunction renderSecurityPage(ctx: AuthContextValue = makeAuthContext())ΓÇª
    [90m 70| [39m  [35mreturn[39m [34mrender[39m(
    [90m   | [39m         [31m^[39m
    [90m 71| [39m    [33m<[39m[33mAuthContext[39m[33m.[39m[33mProvider[39m [33mvalue[39m[33m=[39m[33m{[39mctx[33m}[39m[33m>[39m
    [90m 72| [39m      [33m<[39m[33mMemoryRouter[39m[33m>[39m
[90m [2mΓ¥»[22m tests/SecurityPage.test.tsx:[2m85:5[22m[39m

[31m[2mΓÄ»ΓÄ»ΓÄ»ΓÄ»ΓÄ»ΓÄ»ΓÄ»ΓÄ»ΓÄ»ΓÄ»ΓÄ»ΓÄ»ΓÄ»ΓÄ»ΓÄ»ΓÄ»ΓÄ»ΓÄ»ΓÄ»ΓÄ»[168/486]ΓÄ»[22m[39m

[41m[1m FAIL [22m[49m tests/SecurityPage.test.tsx[2m > [22mSecurityPage ΓÇö idle state[2m > [22mrenders the Security heading
[31m[1mTypeError[22m: React.act is not a function[39m
[90m [2mΓ¥»[22m exports.act ../node_modules/react-dom/cjs/react-dom-test-utils.production.js:[2m20:16[22m[39m
[90m [2mΓ¥»[22m ../node_modules/@testing-library/react/dist/act-compat.js:[2m46:25[22m[39m
[90m [2mΓ¥»[22m renderRoot ../node_modules/@testing-library/react/dist/pure.js:[2m189:26[22m[39m
[90m [2mΓ¥»[22m Proxy.render ../node_modules/@testing-library/react/dist/pure.js:[2m291:10[22m[39m
[36m [2mΓ¥»[22m renderSecurityPage tests/SecurityPage.test.tsx:[2m70:10[22m[39m
    [90m 68| [39m
    [90m 69| [39mfunction renderSecurityPage(ctx: AuthContextValue = makeAuthContext())ΓÇª
    [90m 70| [39m  [35mreturn[39m [34mrender[39m(
    [90m   | [39m         [31m^[39m
    [90m 71| [39m    [33m<[39m[33mAuthContext[39m[33m.[39m[33mProvider[39m [33mvalue[39m[33m=[39m[33m{[39mctx[33m}[39m[33m>[39m
    [90m 72| [39m      [33m<[39m[33mMemoryRouter[39m[33m>[39m
[90m [2mΓ¥»[22m tests/SecurityPage.test.tsx:[2m90:5[22m[39m

[31m[2mΓÄ»ΓÄ»ΓÄ»ΓÄ»ΓÄ»ΓÄ»ΓÄ»ΓÄ»ΓÄ»ΓÄ»ΓÄ»ΓÄ»ΓÄ»ΓÄ»ΓÄ»ΓÄ»ΓÄ»ΓÄ»ΓÄ»ΓÄ»[169/486]ΓÄ»[22m[39m

[41m[1m FAIL [22m[49m tests/SecurityPage.test.tsx[2m > [22mSecurityPage ΓÇö MFA enrollment flow[2m > [22mcalls setupMfa when Enable MFA is 
clicked
[31m[1mTypeError[22m: React.act is not a function[39m
[90m [2mΓ¥»[22m exports.act ../node_modules/react-dom/cjs/react-dom-test-utils.production.js:[2m20:16[22m[39m
[90m [2mΓ¥»[22m ../node_modules/@testing-library/react/dist/act-compat.js:[2m46:25[22m[39m
[90m [2mΓ¥»[22m renderRoot ../node_modules/@testing-library/react/dist/pure.js:[2m189:26[22m[39m
[90m [2mΓ¥»[22m Proxy.render ../node_modules/@testing-library/react/dist/pure.js:[2m291:10[22m[39m
[36m [2mΓ¥»[22m renderSecurityPage tests/SecurityPage.test.tsx:[2m70:10[22m[39m
    [90m 68| [39m
    [90m 69| [39mfunction renderSecurityPage(ctx: AuthContextValue = makeAuthContext())ΓÇª
    [90m 70| [39m  [35mreturn[39m [34mrender[39m(
    [90m   | [39m         [31m^[39m
    [90m 71| [39m    [33m<[39m[33mAuthContext[39m[33m.[39m[33mProvider[39m [33mvalue[39m[33m=[39m[33m{[39mctx[33m}[39m[33m>[39m
    [90m 72| [39m      [33m<[39m[33mMemoryRouter[39m[33m>[39m
[90m [2mΓ¥»[22m tests/SecurityPage.test.tsx:[2m102:5[22m[39m

[31m[2mΓÄ»ΓÄ»ΓÄ»ΓÄ»ΓÄ»ΓÄ»ΓÄ»ΓÄ»ΓÄ»ΓÄ»ΓÄ»ΓÄ»ΓÄ»ΓÄ»ΓÄ»ΓÄ»ΓÄ»ΓÄ»ΓÄ»ΓÄ»[170/486]ΓÄ»[22m[39m

[41m[1m FAIL [22m[49m tests/SecurityPage.test.tsx[2m > [22mSecurityPage ΓÇö MFA enrollment flow[2m > [22mshows the enrollment panel after 
setup succeeds
[31m[1mTypeError[22m: React.act is not a function[39m
[90m [2mΓ¥»[22m exports.act ../node_modules/react-dom/cjs/react-dom-test-utils.production.js:[2m20:16[22m[39m
[90m [2mΓ¥»[22m ../node_modules/@testing-library/react/dist/act-compat.js:[2m46:25[22m[39m
[90m [2mΓ¥»[22m renderRoot ../node_modules/@testing-library/react/dist/pure.js:[2m189:26[22m[39m
[90m [2mΓ¥»[22m Proxy.render ../node_modules/@testing-library/react/dist/pure.js:[2m291:10[22m[39m
[36m [2mΓ¥»[22m renderSecurityPage tests/SecurityPage.test.tsx:[2m70:10[22m[39m
    [90m 68| [39m
    [90m 69| [39mfunction renderSecurityPage(ctx: AuthContextValue = makeAuthContext())ΓÇª
    [90m 70| [39m  [35mreturn[39m [34mrender[39m(
    [90m   | [39m         [31m^[39m
    [90m 71| [39m    [33m<[39m[33mAuthContext[39m[33m.[39m[33mProvider[39m [33mvalue[39m[33m=[39m[33m{[39mctx[33m}[39m[33m>[39m
    [90m 72| [39m      [33m<[39m[33mMemoryRouter[39m[33m>[39m
[90m [2mΓ¥»[22m tests/SecurityPage.test.tsx:[2m112:5[22m[39m

[31m[2mΓÄ»ΓÄ»ΓÄ»ΓÄ»ΓÄ»ΓÄ»ΓÄ»ΓÄ»ΓÄ»ΓÄ»ΓÄ»ΓÄ»ΓÄ»ΓÄ»ΓÄ»ΓÄ»ΓÄ»ΓÄ»ΓÄ»ΓÄ»[171/486]ΓÄ»[22m[39m

[41m[1m FAIL [22m[49m tests/SecurityPage.test.tsx[2m > [22mSecurityPage ΓÇö MFA enrollment flow[2m > [22mrenders a QR image once the data 
URL is available
[31m[1mTypeError[22m: React.act is not a function[39m
[90m [2mΓ¥»[22m exports.act ../node_modules/react-dom/cjs/react-dom-test-utils.production.js:[2m20:16[22m[39m
[90m [2mΓ¥»[22m ../node_modules/@testing-library/react/dist/act-compat.js:[2m46:25[22m[39m
[90m [2mΓ¥»[22m renderRoot ../node_modules/@testing-library/react/dist/pure.js:[2m189:26[22m[39m
[90m [2mΓ¥»[22m Proxy.render ../node_modules/@testing-library/react/dist/pure.js:[2m291:10[22m[39m
[36m [2mΓ¥»[22m renderSecurityPage tests/SecurityPage.test.tsx:[2m70:10[22m[39m
    [90m 68| [39m
    [90m 69| [39mfunction renderSecurityPage(ctx: AuthContextValue = makeAuthContext())ΓÇª
    [90m 70| [39m  [35mreturn[39m [34mrender[39m(
    [90m   | [39m         [31m^[39m
    [90m 71| [39m    [33m<[39m[33mAuthContext[39m[33m.[39m[33mProvider[39m [33mvalue[39m[33m=[39m[33m{[39mctx[33m}[39m[33m>[39m
    [90m 72| [39m      [33m<[39m[33mMemoryRouter[39m[33m>[39m
[90m [2mΓ¥»[22m tests/SecurityPage.test.tsx:[2m124:5[22m[39m

[31m[2mΓÄ»ΓÄ»ΓÄ»ΓÄ»ΓÄ»ΓÄ»ΓÄ»ΓÄ»ΓÄ»ΓÄ»ΓÄ»ΓÄ»ΓÄ»ΓÄ»ΓÄ»ΓÄ»ΓÄ»ΓÄ»ΓÄ»ΓÄ»[172/486]ΓÄ»[22m[39m

[41m[1m FAIL [22m[49m tests/SecurityPage.test.tsx[2m > [22mSecurityPage ΓÇö MFA enrollment flow[2m > [22mhides the secret by default (not 
in plain text)
[31m[1mTypeError[22m: React.act is not a function[39m
[90m [2mΓ¥»[22m exports.act ../node_modules/react-dom/cjs/react-dom-test-utils.production.js:[2m20:16[22m[39m
[90m [2mΓ¥»[22m ../node_modules/@testing-library/react/dist/act-compat.js:[2m46:25[22m[39m
[90m [2mΓ¥»[22m renderRoot ../node_modules/@testing-library/react/dist/pure.js:[2m189:26[22m[39m
[90m [2mΓ¥»[22m Proxy.render ../node_modules/@testing-library/react/dist/pure.js:[2m291:10[22m[39m
[36m [2mΓ¥»[22m renderSecurityPage tests/SecurityPage.test.tsx:[2m70:10[22m[39m
    [90m 68| [39m
    [90m 69| [39mfunction renderSecurityPage(ctx: AuthContextValue = makeAuthContext())ΓÇª
    [90m 70| [39m  [35mreturn[39m [34mrender[39m(
    [90m   | [39m         [31m^[39m
    [90m 71| [39m    [33m<[39m[33mAuthContext[39m[33m.[39m[33mProvider[39m [33mvalue[39m[33m=[39m[33m{[39mctx[33m}[39m[33m>[39m
    [90m 72| [39m      [33m<[39m[33mMemoryRouter[39m[33m>[39m
[90m [2mΓ¥»[22m tests/SecurityPage.test.tsx:[2m135:5[22m[39m

[31m[2mΓÄ»ΓÄ»ΓÄ»ΓÄ»ΓÄ»ΓÄ»ΓÄ»ΓÄ»ΓÄ»ΓÄ»ΓÄ»ΓÄ»ΓÄ»ΓÄ»ΓÄ»ΓÄ»ΓÄ»ΓÄ»ΓÄ»ΓÄ»[173/486]ΓÄ»[22m[39m

[41m[1m FAIL [22m[49m tests/SecurityPage.test.tsx[2m > [22mSecurityPage ΓÇö MFA enrollment flow[2m > [22mreveals the secret when Show is 
clicked
[31m[1mTypeError[22m: React.act is not a function[39m
[90m [2mΓ¥»[22m exports.act ../node_modules/react-dom/cjs/react-dom-test-utils.production.js:[2m20:16[22m[39m
[90m [2mΓ¥»[22m ../node_modules/@testing-library/react/dist/act-compat.js:[2m46:25[22m[39m
[90m [2mΓ¥»[22m renderRoot ../node_modules/@testing-library/react/dist/pure.js:[2m189:26[22m[39m
[90m [2mΓ¥»[22m Proxy.render ../node_modules/@testing-library/react/dist/pure.js:[2m291:10[22m[39m
[36m [2mΓ¥»[22m renderSecurityPage tests/SecurityPage.test.tsx:[2m70:10[22m[39m
    [90m 68| [39m
    [90m 69| [39mfunction renderSecurityPage(ctx: AuthContextValue = makeAuthContext())ΓÇª
    [90m 70| [39m  [35mreturn[39m [34mrender[39m(
    [90m   | [39m         [31m^[39m
    [90m 71| [39m    [33m<[39m[33mAuthContext[39m[33m.[39m[33mProvider[39m [33mvalue[39m[33m=[39m[33m{[39mctx[33m}[39m[33m>[39m
    [90m 72| [39m      [33m<[39m[33mMemoryRouter[39m[33m>[39m
[90m [2mΓ¥»[22m tests/SecurityPage.test.tsx:[2m150:5[22m[39m

[31m[2mΓÄ»ΓÄ»ΓÄ»ΓÄ»ΓÄ»ΓÄ»ΓÄ»ΓÄ»ΓÄ»ΓÄ»ΓÄ»ΓÄ»ΓÄ»ΓÄ»ΓÄ»ΓÄ»ΓÄ»ΓÄ»ΓÄ»ΓÄ»[174/486]ΓÄ»[22m[39m

[41m[1m FAIL [22m[49m tests/SecurityPage.test.tsx[2m > [22mSecurityPage ΓÇö confirmation[2m > [22mcalls confirmMfaEnrollment with the 
entered code
[31m[1mTypeError[22m: React.act is not a function[39m
[90m [2mΓ¥»[22m exports.act ../node_modules/react-dom/cjs/react-dom-test-utils.production.js:[2m20:16[22m[39m
[90m [2mΓ¥»[22m ../node_modules/@testing-library/react/dist/act-compat.js:[2m46:25[22m[39m
[90m [2mΓ¥»[22m renderRoot ../node_modules/@testing-library/react/dist/pure.js:[2m189:26[22m[39m
[90m [2mΓ¥»[22m Proxy.render ../node_modules/@testing-library/react/dist/pure.js:[2m291:10[22m[39m
[36m [2mΓ¥»[22m renderSecurityPage tests/SecurityPage.test.tsx:[2m70:10[22m[39m
    [90m 68| [39m
    [90m 69| [39mfunction renderSecurityPage(ctx: AuthContextValue = makeAuthContext())ΓÇª
    [90m 70| [39m  [35mreturn[39m [34mrender[39m(
    [90m   | [39m         [31m^[39m
    [90m 71| [39m    [33m<[39m[33mAuthContext[39m[33m.[39m[33mProvider[39m [33mvalue[39m[33m=[39m[33m{[39mctx[33m}[39m[33m>[39m
    [90m 72| [39m      [33m<[39m[33mMemoryRouter[39m[33m>[39m
[90m [2mΓ¥»[22m reachEnrollmentPanel tests/SecurityPage.test.tsx:[2m170:5[22m[39m
[90m [2mΓ¥»[22m tests/SecurityPage.test.tsx:[2m181:11[22m[39m

[31m[2mΓÄ»ΓÄ»ΓÄ»ΓÄ»ΓÄ»ΓÄ»ΓÄ»ΓÄ»ΓÄ»ΓÄ»ΓÄ»ΓÄ»ΓÄ»ΓÄ»ΓÄ»ΓÄ»ΓÄ»ΓÄ»ΓÄ»ΓÄ»[175/486]ΓÄ»[22m[39m

[41m[1m FAIL [22m[49m tests/SecurityPage.test.tsx[2m > [22mSecurityPage ΓÇö confirmation[2m > [22mtransitions to success state after 
confirmation
[31m[1mTypeError[22m: React.act is not a function[39m
[90m [2mΓ¥»[22m exports.act ../node_modules/react-dom/cjs/react-dom-test-utils.production.js:[2m20:16[22m[39m
[90m [2mΓ¥»[22m ../node_modules/@testing-library/react/dist/act-compat.js:[2m46:25[22m[39m
[90m [2mΓ¥»[22m renderRoot ../node_modules/@testing-library/react/dist/pure.js:[2m189:26[22m[39m
[90m [2mΓ¥»[22m Proxy.render ../node_modules/@testing-library/react/dist/pure.js:[2m291:10[22m[39m
[36m [2mΓ¥»[22m renderSecurityPage tests/SecurityPage.test.tsx:[2m70:10[22m[39m
    [90m 68| [39m
    [90m 69| [39mfunction renderSecurityPage(ctx: AuthContextValue = makeAuthContext())ΓÇª
    [90m 70| [39m  [35mreturn[39m [34mrender[39m(
    [90m   | [39m         [31m^[39m
    [90m 71| [39m    [33m<[39m[33mAuthContext[39m[33m.[39m[33mProvider[39m [33mvalue[39m[33m=[39m[33m{[39mctx[33m}[39m[33m>[39m
    [90m 72| [39m      [33m<[39m[33mMemoryRouter[39m[33m>[39m
[90m [2mΓ¥»[22m reachEnrollmentPanel tests/SecurityPage.test.tsx:[2m170:5[22m[39m
[90m [2mΓ¥»[22m tests/SecurityPage.test.tsx:[2m193:11[22m[39m

[31m[2mΓÄ»ΓÄ»ΓÄ»ΓÄ»ΓÄ»ΓÄ»ΓÄ»ΓÄ»ΓÄ»ΓÄ»ΓÄ»ΓÄ»ΓÄ»ΓÄ»ΓÄ»ΓÄ»ΓÄ»ΓÄ»ΓÄ»ΓÄ»[176/486]ΓÄ»[22m[39m

[41m[1m FAIL [22m[49m tests/SecurityPage.test.tsx[2m > [22mSecurityPage ΓÇö confirmation[2m > [22mshows an error for a non-6-digit code 
without calling the API
[31m[1mTypeError[22m: React.act is not a function[39m
[90m [2mΓ¥»[22m exports.act ../node_modules/react-dom/cjs/react-dom-test-utils.production.js:[2m20:16[22m[39m
[90m [2mΓ¥»[22m ../node_modules/@testing-library/react/dist/act-compat.js:[2m46:25[22m[39m
[90m [2mΓ¥»[22m renderRoot ../node_modules/@testing-library/react/dist/pure.js:[2m189:26[22m[39m
[90m [2mΓ¥»[22m Proxy.render ../node_modules/@testing-library/react/dist/pure.js:[2m291:10[22m[39m
[36m [2mΓ¥»[22m renderSecurityPage tests/SecurityPage.test.tsx:[2m70:10[22m[39m
    [90m 68| [39m
    [90m 69| [39mfunction renderSecurityPage(ctx: AuthContextValue = makeAuthContext())ΓÇª
    [90m 70| [39m  [35mreturn[39m [34mrender[39m(
    [90m   | [39m         [31m^[39m
    [90m 71| [39m    [33m<[39m[33mAuthContext[39m[33m.[39m[33mProvider[39m [33mvalue[39m[33m=[39m[33m{[39mctx[33m}[39m[33m>[39m
    [90m 72| [39m      [33m<[39m[33mMemoryRouter[39m[33m>[39m
[90m [2mΓ¥»[22m reachEnrollmentPanel tests/SecurityPage.test.tsx:[2m170:5[22m[39m
[90m [2mΓ¥»[22m tests/SecurityPage.test.tsx:[2m206:11[22m[39m

[31m[2mΓÄ»ΓÄ»ΓÄ»ΓÄ»ΓÄ»ΓÄ»ΓÄ»ΓÄ»ΓÄ»ΓÄ»ΓÄ»ΓÄ»ΓÄ»ΓÄ»ΓÄ»ΓÄ»ΓÄ»ΓÄ»ΓÄ»ΓÄ»[177/486]ΓÄ»[22m[39m

[41m[1m FAIL [22m[49m tests/SecurityPage.test.tsx[2m > [22mSecurityPage ΓÇö confirmation[2m > [22mshows an error when the API returns 
INVALID_MFA_CODE
[31m[1mTypeError[22m: React.act is not a function[39m
[90m [2mΓ¥»[22m exports.act ../node_modules/react-dom/cjs/react-dom-test-utils.production.js:[2m20:16[22m[39m
[90m [2mΓ¥»[22m ../node_modules/@testing-library/react/dist/act-compat.js:[2m46:25[22m[39m
[90m [2mΓ¥»[22m renderRoot ../node_modules/@testing-library/react/dist/pure.js:[2m189:26[22m[39m
[90m [2mΓ¥»[22m Proxy.render ../node_modules/@testing-library/react/dist/pure.js:[2m291:10[22m[39m
[36m [2mΓ¥»[22m renderSecurityPage tests/SecurityPage.test.tsx:[2m70:10[22m[39m
    [90m 68| [39m
    [90m 69| [39mfunction renderSecurityPage(ctx: AuthContextValue = makeAuthContext())ΓÇª
    [90m 70| [39m  [35mreturn[39m [34mrender[39m(
    [90m   | [39m         [31m^[39m
    [90m 71| [39m    [33m<[39m[33mAuthContext[39m[33m.[39m[33mProvider[39m [33mvalue[39m[33m=[39m[33m{[39mctx[33m}[39m[33m>[39m
    [90m 72| [39m      [33m<[39m[33mMemoryRouter[39m[33m>[39m
[90m [2mΓ¥»[22m reachEnrollmentPanel tests/SecurityPage.test.tsx:[2m170:5[22m[39m
[90m [2mΓ¥»[22m tests/SecurityPage.test.tsx:[2m220:11[22m[39m

[31m[2mΓÄ»ΓÄ»ΓÄ»ΓÄ»ΓÄ»ΓÄ»ΓÄ»ΓÄ»ΓÄ»ΓÄ»ΓÄ»ΓÄ»ΓÄ»ΓÄ»ΓÄ»ΓÄ»ΓÄ»ΓÄ»ΓÄ»ΓÄ»[178/486]ΓÄ»[22m[39m

[41m[1m FAIL [22m[49m tests/SecurityPage.test.tsx[2m > [22mSecurityPage ΓÇö confirmation[2m > [22mallows retry after a failed confirmation
[31m[1mTypeError[22m: React.act is not a function[39m
[90m [2mΓ¥»[22m exports.act ../node_modules/react-dom/cjs/react-dom-test-utils.production.js:[2m20:16[22m[39m
[90m [2mΓ¥»[22m ../node_modules/@testing-library/react/dist/act-compat.js:[2m46:25[22m[39m
[90m [2mΓ¥»[22m renderRoot ../node_modules/@testing-library/react/dist/pure.js:[2m189:26[22m[39m
[90m [2mΓ¥»[22m Proxy.render ../node_modules/@testing-library/react/dist/pure.js:[2m291:10[22m[39m
[36m [2mΓ¥»[22m renderSecurityPage tests/SecurityPage.test.tsx:[2m70:10[22m[39m
    [90m 68| [39m
    [90m 69| [39mfunction renderSecurityPage(ctx: AuthContextValue = makeAuthContext())ΓÇª
    [90m 70| [39m  [35mreturn[39m [34mrender[39m(
    [90m   | [39m         [31m^[39m
    [90m 71| [39m    [33m<[39m[33mAuthContext[39m[33m.[39m[33mProvider[39m [33mvalue[39m[33m=[39m[33m{[39mctx[33m}[39m[33m>[39m
    [90m 72| [39m      [33m<[39m[33mMemoryRouter[39m[33m>[39m
[90m [2mΓ¥»[22m reachEnrollmentPanel tests/SecurityPage.test.tsx:[2m170:5[22m[39m
[90m [2mΓ¥»[22m tests/SecurityPage.test.tsx:[2m238:11[22m[39m

[31m[2mΓÄ»ΓÄ»ΓÄ»ΓÄ»ΓÄ»ΓÄ»ΓÄ»ΓÄ»ΓÄ»ΓÄ»ΓÄ»ΓÄ»ΓÄ»ΓÄ»ΓÄ»ΓÄ»ΓÄ»ΓÄ»ΓÄ»ΓÄ»[179/486]ΓÄ»[22m[39m

[41m[1m FAIL [22m[49m tests/SecurityPage.test.tsx[2m > [22mSecurityPage ΓÇö setup failure[2m > [22mshows an error when setupMfa throws
[31m[1mTypeError[22m: React.act is not a function[39m
[90m [2mΓ¥»[22m exports.act ../node_modules/react-dom/cjs/react-dom-test-utils.production.js:[2m20:16[22m[39m
[90m [2mΓ¥»[22m ../node_modules/@testing-library/react/dist/act-compat.js:[2m46:25[22m[39m
[90m [2mΓ¥»[22m renderRoot ../node_modules/@testing-library/react/dist/pure.js:[2m189:26[22m[39m
[90m [2mΓ¥»[22m Proxy.render ../node_modules/@testing-library/react/dist/pure.js:[2m291:10[22m[39m
[36m [2mΓ¥»[22m renderSecurityPage tests/SecurityPage.test.tsx:[2m70:10[22m[39m
    [90m 68| [39m
    [90m 69| [39mfunction renderSecurityPage(ctx: AuthContextValue = makeAuthContext())ΓÇª
    [90m 70| [39m  [35mreturn[39m [34mrender[39m(
    [90m   | [39m         [31m^[39m
    [90m 71| [39m    [33m<[39m[33mAuthContext[39m[33m.[39m[33mProvider[39m [33mvalue[39m[33m=[39m[33m{[39mctx[33m}[39m[33m>[39m
    [90m 72| [39m      [33m<[39m[33mMemoryRouter[39m[33m>[39m
[90m [2mΓ¥»[22m tests/SecurityPage.test.tsx:[2m265:5[22m[39m

[31m[2mΓÄ»ΓÄ»ΓÄ»ΓÄ»ΓÄ»ΓÄ»ΓÄ»ΓÄ»ΓÄ»ΓÄ»ΓÄ»ΓÄ»ΓÄ»ΓÄ»ΓÄ»ΓÄ»ΓÄ»ΓÄ»ΓÄ»ΓÄ»[180/486]ΓÄ»[22m[39m

[41m[1m FAIL [22m[49m tests/SecurityPage.test.tsx[2m > [22mSecurityPage ΓÇö setup failure[2m > [22mshows a Try again button after setup 
failure
[31m[1mTypeError[22m: React.act is not a function[39m
[90m [2mΓ¥»[22m exports.act ../node_modules/react-dom/cjs/react-dom-test-utils.production.js:[2m20:16[22m[39m
[90m [2mΓ¥»[22m ../node_modules/@testing-library/react/dist/act-compat.js:[2m46:25[22m[39m
[90m [2mΓ¥»[22m renderRoot ../node_modules/@testing-library/react/dist/pure.js:[2m189:26[22m[39m
[90m [2mΓ¥»[22m Proxy.render ../node_modules/@testing-library/react/dist/pure.js:[2m291:10[22m[39m
[36m [2mΓ¥»[22m renderSecurityPage tests/SecurityPage.test.tsx:[2m70:10[22m[39m
    [90m 68| [39m
    [90m 69| [39mfunction renderSecurityPage(ctx: AuthContextValue = makeAuthContext())ΓÇª
    [90m 70| [39m  [35mreturn[39m [34mrender[39m(
    [90m   | [39m         [31m^[39m
    [90m 71| [39m    [33m<[39m[33mAuthContext[39m[33m.[39m[33mProvider[39m [33mvalue[39m[33m=[39m[33m{[39mctx[33m}[39m[33m>[39m
    [90m 72| [39m      [33m<[39m[33mMemoryRouter[39m[33m>[39m
[90m [2mΓ¥»[22m tests/SecurityPage.test.tsx:[2m278:5[22m[39m

[31m[2mΓÄ»ΓÄ»ΓÄ»ΓÄ»ΓÄ»ΓÄ»ΓÄ»ΓÄ»ΓÄ»ΓÄ»ΓÄ»ΓÄ»ΓÄ»ΓÄ»ΓÄ»ΓÄ»ΓÄ»ΓÄ»ΓÄ»ΓÄ»[181/486]ΓÄ»[22m[39m

[41m[1m FAIL [22m[49m tests/SecurityPage.test.tsx[2m > [22mSecurityPage ΓÇö setup failure[2m > [22mresets to idle state when Try again is 
clicked
[31m[1mTypeError[22m: React.act is not a function[39m
[90m [2mΓ¥»[22m exports.act ../node_modules/react-dom/cjs/react-dom-test-utils.production.js:[2m20:16[22m[39m
[90m [2mΓ¥»[22m ../node_modules/@testing-library/react/dist/act-compat.js:[2m46:25[22m[39m
[90m [2mΓ¥»[22m renderRoot ../node_modules/@testing-library/react/dist/pure.js:[2m189:26[22m[39m
[90m [2mΓ¥»[22m Proxy.render ../node_modules/@testing-library/react/dist/pure.js:[2m291:10[22m[39m
[36m [2mΓ¥»[22m renderSecurityPage tests/SecurityPage.test.tsx:[2m70:10[22m[39m
    [90m 68| [39m
    [90m 69| [39mfunction renderSecurityPage(ctx: AuthContextValue = makeAuthContext())ΓÇª
    [90m 70| [39m  [35mreturn[39m [34mrender[39m(
    [90m   | [39m         [31m^[39m
    [90m 71| [39m    [33m<[39m[33mAuthContext[39m[33m.[39m[33mProvider[39m [33mvalue[39m[33m=[39m[33m{[39mctx[33m}[39m[33m>[39m
    [90m 72| [39m      [33m<[39m[33mMemoryRouter[39m[33m>[39m
[90m [2mΓ¥»[22m tests/SecurityPage.test.tsx:[2m291:5[22m[39m

[31m[2mΓÄ»ΓÄ»ΓÄ»ΓÄ»ΓÄ»ΓÄ»ΓÄ»ΓÄ»ΓÄ»ΓÄ»ΓÄ»ΓÄ»ΓÄ»ΓÄ»ΓÄ»ΓÄ»ΓÄ»ΓÄ»ΓÄ»ΓÄ»[182/486]ΓÄ»[22m[39m

[41m[1m FAIL [22m[49m tests/SupplierDetailPage.test.tsx[2m > [22mSupplierDetailPage[2m > [22mshows loading state then renders supplier 
name in heading
[31m[1mTypeError[22m: React.act is not a function[39m
[90m [2mΓ¥»[22m exports.act ../node_modules/react-dom/cjs/react-dom-test-utils.production.js:[2m20:16[22m[39m
[90m [2mΓ¥»[22m ../node_modules/@testing-library/react/dist/act-compat.js:[2m46:25[22m[39m
[90m [2mΓ¥»[22m renderRoot ../node_modules/@testing-library/react/dist/pure.js:[2m189:26[22m[39m
[90m [2mΓ¥»[22m Proxy.render ../node_modules/@testing-library/react/dist/pure.js:[2m291:10[22m[39m
[36m [2mΓ¥»[22m renderDetailPage tests/SupplierDetailPage.test.tsx:[2m121:10[22m[39m
    [90m119| [39m
    [90m120| [39m[35mfunction[39m [34mrenderDetailPage[39m(supplierId[33m:[39m string [33m=[39m [33mSUPPLIER_ID[39m) {
    [90m121| [39m  [35mreturn[39m [34mrender[39m(
    [90m   | [39m         [31m^[39m
    [90m122| [39m    [33m<[39m[33mMemoryRouter[39m 
[33minitialEntries[39m[33m=[39m[33m{[39m[[32m`/suppliers/[39m[36m${[39msupplierId[36m}[39m[32m`[39m][33m}[39m[33m>[39m
    [90m123| [39m      [33m<[39m[33mRoutes[39m[33m>[39m
[90m [2mΓ¥»[22m tests/SupplierDetailPage.test.tsx:[2m147:5[22m[39m

[31m[2mΓÄ»ΓÄ»ΓÄ»ΓÄ»ΓÄ»ΓÄ»ΓÄ»ΓÄ»ΓÄ»ΓÄ»ΓÄ»ΓÄ»ΓÄ»ΓÄ»ΓÄ»ΓÄ»ΓÄ»ΓÄ»ΓÄ»ΓÄ»[183/486]ΓÄ»[22m[39m

[41m[1m FAIL [22m[49m tests/SupplierDetailPage.test.tsx[2m > [22mSupplierDetailPage[2m > [22mrenders Supplier Overview section with all 
fields
[31m[1mTypeError[22m: React.act is not a function[39m
[90m [2mΓ¥»[22m exports.act ../node_modules/react-dom/cjs/react-dom-test-utils.production.js:[2m20:16[22m[39m
[90m [2mΓ¥»[22m ../node_modules/@testing-library/react/dist/act-compat.js:[2m46:25[22m[39m
[90m [2mΓ¥»[22m renderRoot ../node_modules/@testing-library/react/dist/pure.js:[2m189:26[22m[39m
[90m [2mΓ¥»[22m Proxy.render ../node_modules/@testing-library/react/dist/pure.js:[2m291:10[22m[39m
[36m [2mΓ¥»[22m renderDetailPage tests/SupplierDetailPage.test.tsx:[2m121:10[22m[39m
    [90m119| [39m
    [90m120| [39m[35mfunction[39m [34mrenderDetailPage[39m(supplierId[33m:[39m string [33m=[39m [33mSUPPLIER_ID[39m) {
    [90m121| [39m  [35mreturn[39m [34mrender[39m(
    [90m   | [39m         [31m^[39m
    [90m122| [39m    [33m<[39m[33mMemoryRouter[39m 
[33minitialEntries[39m[33m=[39m[33m{[39m[[32m`/suppliers/[39m[36m${[39msupplierId[36m}[39m[32m`[39m][33m}[39m[33m>[39m
    [90m123| [39m      [33m<[39m[33mRoutes[39m[33m>[39m
[90m [2mΓ¥»[22m tests/SupplierDetailPage.test.tsx:[2m155:5[22m[39m

[31m[2mΓÄ»ΓÄ»ΓÄ»ΓÄ»ΓÄ»ΓÄ»ΓÄ»ΓÄ»ΓÄ»ΓÄ»ΓÄ»ΓÄ»ΓÄ»ΓÄ»ΓÄ»ΓÄ»ΓÄ»ΓÄ»ΓÄ»ΓÄ»[184/486]ΓÄ»[22m[39m

[41m[1m FAIL [22m[49m tests/SupplierDetailPage.test.tsx[2m > [22mSupplierDetailPage[2m > [22mrenders active status badge
[31m[1mTypeError[22m: React.act is not a function[39m
[90m [2mΓ¥»[22m exports.act ../node_modules/react-dom/cjs/react-dom-test-utils.production.js:[2m20:16[22m[39m
[90m [2mΓ¥»[22m ../node_modules/@testing-library/react/dist/act-compat.js:[2m46:25[22m[39m
[90m [2mΓ¥»[22m renderRoot ../node_modules/@testing-library/react/dist/pure.js:[2m189:26[22m[39m
[90m [2mΓ¥»[22m Proxy.render ../node_modules/@testing-library/react/dist/pure.js:[2m291:10[22m[39m
[36m [2mΓ¥»[22m renderDetailPage tests/SupplierDetailPage.test.tsx:[2m121:10[22m[39m
    [90m119| [39m
    [90m120| [39m[35mfunction[39m [34mrenderDetailPage[39m(supplierId[33m:[39m string [33m=[39m [33mSUPPLIER_ID[39m) {
    [90m121| [39m  [35mreturn[39m [34mrender[39m(
    [90m   | [39m         [31m^[39m
    [90m122| [39m    [33m<[39m[33mMemoryRouter[39m 
[33minitialEntries[39m[33m=[39m[33m{[39m[[32m`/suppliers/[39m[36m${[39msupplierId[36m}[39m[32m`[39m][33m}[39m[33m>[39m
    [90m123| [39m      [33m<[39m[33mRoutes[39m[33m>[39m
[90m [2mΓ¥»[22m tests/SupplierDetailPage.test.tsx:[2m169:5[22m[39m

[31m[2mΓÄ»ΓÄ»ΓÄ»ΓÄ»ΓÄ»ΓÄ»ΓÄ»ΓÄ»ΓÄ»ΓÄ»ΓÄ»ΓÄ»ΓÄ»ΓÄ»ΓÄ»ΓÄ»ΓÄ»ΓÄ»ΓÄ»ΓÄ»[185/486]ΓÄ»[22m[39m

[41m[1m FAIL [22m[49m tests/SupplierDetailPage.test.tsx[2m > [22mSupplierDetailPage[2m > [22mrenders Supplier Products section with 
catalogue items
[31m[1mTypeError[22m: React.act is not a function[39m
[90m [2mΓ¥»[22m exports.act ../node_modules/react-dom/cjs/react-dom-test-utils.production.js:[2m20:16[22m[39m
[90m [2mΓ¥»[22m ../node_modules/@testing-library/react/dist/act-compat.js:[2m46:25[22m[39m
[90m [2mΓ¥»[22m renderRoot ../node_modules/@testing-library/react/dist/pure.js:[2m189:26[22m[39m
[90m [2mΓ¥»[22m Proxy.render ../node_modules/@testing-library/react/dist/pure.js:[2m291:10[22m[39m
[36m [2mΓ¥»[22m renderDetailPage tests/SupplierDetailPage.test.tsx:[2m121:10[22m[39m
    [90m119| [39m
    [90m120| [39m[35mfunction[39m [34mrenderDetailPage[39m(supplierId[33m:[39m string [33m=[39m [33mSUPPLIER_ID[39m) {
    [90m121| [39m  [35mreturn[39m [34mrender[39m(
    [90m   | [39m         [31m^[39m
    [90m122| [39m    [33m<[39m[33mMemoryRouter[39m 
[33minitialEntries[39m[33m=[39m[33m{[39m[[32m`/suppliers/[39m[36m${[39msupplierId[36m}[39m[32m`[39m][33m}[39m[33m>[39m
    [90m123| [39m      [33m<[39m[33mRoutes[39m[33m>[39m
[90m [2mΓ¥»[22m tests/SupplierDetailPage.test.tsx:[2m178:5[22m[39m

[31m[2mΓÄ»ΓÄ»ΓÄ»ΓÄ»ΓÄ»ΓÄ»ΓÄ»ΓÄ»ΓÄ»ΓÄ»ΓÄ»ΓÄ»ΓÄ»ΓÄ»ΓÄ»ΓÄ»ΓÄ»ΓÄ»ΓÄ»ΓÄ»[186/486]ΓÄ»[22m[39m

[41m[1m FAIL [22m[49m tests/SupplierDetailPage.test.tsx[2m > [22mSupplierDetailPage[2m > [22mrenders Recent Invoices section with invoice 
data
[31m[1mTypeError[22m: React.act is not a function[39m
[90m [2mΓ¥»[22m exports.act ../node_modules/react-dom/cjs/react-dom-test-utils.production.js:[2m20:16[22m[39m
[90m [2mΓ¥»[22m ../node_modules/@testing-library/react/dist/act-compat.js:[2m46:25[22m[39m
[90m [2mΓ¥»[22m renderRoot ../node_modules/@testing-library/react/dist/pure.js:[2m189:26[22m[39m
[90m [2mΓ¥»[22m Proxy.render ../node_modules/@testing-library/react/dist/pure.js:[2m291:10[22m[39m
[36m [2mΓ¥»[22m renderDetailPage tests/SupplierDetailPage.test.tsx:[2m121:10[22m[39m
    [90m119| [39m
    [90m120| [39m[35mfunction[39m [34mrenderDetailPage[39m(supplierId[33m:[39m string [33m=[39m [33mSUPPLIER_ID[39m) {
    [90m121| [39m  [35mreturn[39m [34mrender[39m(
    [90m   | [39m         [31m^[39m
    [90m122| [39m    [33m<[39m[33mMemoryRouter[39m 
[33minitialEntries[39m[33m=[39m[33m{[39m[[32m`/suppliers/[39m[36m${[39msupplierId[36m}[39m[32m`[39m][33m}[39m[33m>[39m
    [90m123| [39m      [33m<[39m[33mRoutes[39m[33m>[39m
[90m [2mΓ¥»[22m tests/SupplierDetailPage.test.tsx:[2m188:5[22m[39m

[31m[2mΓÄ»ΓÄ»ΓÄ»ΓÄ»ΓÄ»ΓÄ»ΓÄ»ΓÄ»ΓÄ»ΓÄ»ΓÄ»ΓÄ»ΓÄ»ΓÄ»ΓÄ»ΓÄ»ΓÄ»ΓÄ»ΓÄ»ΓÄ»[187/486]ΓÄ»[22m[39m

[41m[1m FAIL [22m[49m tests/SupplierDetailPage.test.tsx[2m > [22mSupplierDetailPage[2m > [22mrenders Current Price Records placeholder 
section
[31m[1mTypeError[22m: React.act is not a function[39m
[90m [2mΓ¥»[22m exports.act ../node_modules/react-dom/cjs/react-dom-test-utils.production.js:[2m20:16[22m[39m
[90m [2mΓ¥»[22m ../node_modules/@testing-library/react/dist/act-compat.js:[2m46:25[22m[39m
[90m [2mΓ¥»[22m renderRoot ../node_modules/@testing-library/react/dist/pure.js:[2m189:26[22m[39m
[90m [2mΓ¥»[22m Proxy.render ../node_modules/@testing-library/react/dist/pure.js:[2m291:10[22m[39m
[36m [2mΓ¥»[22m renderDetailPage tests/SupplierDetailPage.test.tsx:[2m121:10[22m[39m
    [90m119| [39m
    [90m120| [39m[35mfunction[39m [34mrenderDetailPage[39m(supplierId[33m:[39m string [33m=[39m [33mSUPPLIER_ID[39m) {
    [90m121| [39m  [35mreturn[39m [34mrender[39m(
    [90m   | [39m         [31m^[39m
    [90m122| [39m    [33m<[39m[33mMemoryRouter[39m 
[33minitialEntries[39m[33m=[39m[33m{[39m[[32m`/suppliers/[39m[36m${[39msupplierId[36m}[39m[32m`[39m][33m}[39m[33m>[39m
    [90m123| [39m      [33m<[39m[33mRoutes[39m[33m>[39m
[90m [2mΓ¥»[22m tests/SupplierDetailPage.test.tsx:[2m198:5[22m[39m

[31m[2mΓÄ»ΓÄ»ΓÄ»ΓÄ»ΓÄ»ΓÄ»ΓÄ»ΓÄ»ΓÄ»ΓÄ»ΓÄ»ΓÄ»ΓÄ»ΓÄ»ΓÄ»ΓÄ»ΓÄ»ΓÄ»ΓÄ»ΓÄ»[188/486]ΓÄ»[22m[39m

[41m[1m FAIL [22m[49m tests/SupplierDetailPage.test.tsx[2m > [22mSupplierDetailPage[2m > [22mrenders Back to Suppliers navigation link
[31m[1mTypeError[22m: React.act is not a function[39m
[90m [2mΓ¥»[22m exports.act ../node_modules/react-dom/cjs/react-dom-test-utils.production.js:[2m20:16[22m[39m
[90m [2mΓ¥»[22m ../node_modules/@testing-library/react/dist/act-compat.js:[2m46:25[22m[39m
[90m [2mΓ¥»[22m renderRoot ../node_modules/@testing-library/react/dist/pure.js:[2m189:26[22m[39m
[90m [2mΓ¥»[22m Proxy.render ../node_modules/@testing-library/react/dist/pure.js:[2m291:10[22m[39m
[36m [2mΓ¥»[22m renderDetailPage tests/SupplierDetailPage.test.tsx:[2m121:10[22m[39m
    [90m119| [39m
    [90m120| [39m[35mfunction[39m [34mrenderDetailPage[39m(supplierId[33m:[39m string [33m=[39m [33mSUPPLIER_ID[39m) {
    [90m121| [39m  [35mreturn[39m [34mrender[39m(
    [90m   | [39m         [31m^[39m
    [90m122| [39m    [33m<[39m[33mMemoryRouter[39m 
[33minitialEntries[39m[33m=[39m[33m{[39m[[32m`/suppliers/[39m[36m${[39msupplierId[36m}[39m[32m`[39m][33m}[39m[33m>[39m
    [90m123| [39m      [33m<[39m[33mRoutes[39m[33m>[39m
[90m [2mΓ¥»[22m tests/SupplierDetailPage.test.tsx:[2m207:5[22m[39m

[31m[2mΓÄ»ΓÄ»ΓÄ»ΓÄ»ΓÄ»ΓÄ»ΓÄ»ΓÄ»ΓÄ»ΓÄ»ΓÄ»ΓÄ»ΓÄ»ΓÄ»ΓÄ»ΓÄ»ΓÄ»ΓÄ»ΓÄ»ΓÄ»[189/486]ΓÄ»[22m[39m

[41m[1m FAIL [22m[49m tests/SupplierDetailPage.test.tsx[2m > [22mSupplierDetailPage[2m > [22mshows empty state when catalogue has no 
products
[31m[1mTypeError[22m: React.act is not a function[39m
[90m [2mΓ¥»[22m exports.act ../node_modules/react-dom/cjs/react-dom-test-utils.production.js:[2m20:16[22m[39m
[90m [2mΓ¥»[22m ../node_modules/@testing-library/react/dist/act-compat.js:[2m46:25[22m[39m
[90m [2mΓ¥»[22m renderRoot ../node_modules/@testing-library/react/dist/pure.js:[2m189:26[22m[39m
[90m [2mΓ¥»[22m Proxy.render ../node_modules/@testing-library/react/dist/pure.js:[2m291:10[22m[39m
[36m [2mΓ¥»[22m renderDetailPage tests/SupplierDetailPage.test.tsx:[2m121:10[22m[39m
    [90m119| [39m
    [90m120| [39m[35mfunction[39m [34mrenderDetailPage[39m(supplierId[33m:[39m string [33m=[39m [33mSUPPLIER_ID[39m) {
    [90m121| [39m  [35mreturn[39m [34mrender[39m(
    [90m   | [39m         [31m^[39m
    [90m122| [39m    [33m<[39m[33mMemoryRouter[39m 
[33minitialEntries[39m[33m=[39m[33m{[39m[[32m`/suppliers/[39m[36m${[39msupplierId[36m}[39m[32m`[39m][33m}[39m[33m>[39m
    [90m123| [39m      [33m<[39m[33mRoutes[39m[33m>[39m
[90m [2mΓ¥»[22m tests/SupplierDetailPage.test.tsx:[2m217:5[22m[39m

[31m[2mΓÄ»ΓÄ»ΓÄ»ΓÄ»ΓÄ»ΓÄ»ΓÄ»ΓÄ»ΓÄ»ΓÄ»ΓÄ»ΓÄ»ΓÄ»ΓÄ»ΓÄ»ΓÄ»ΓÄ»ΓÄ»ΓÄ»ΓÄ»[190/486]ΓÄ»[22m[39m

[41m[1m FAIL [22m[49m tests/SupplierDetailPage.test.tsx[2m > [22mSupplierDetailPage[2m > [22mshows empty state when supplier has no 
invoices
[31m[1mTypeError[22m: React.act is not a function[39m
[90m [2mΓ¥»[22m exports.act ../node_modules/react-dom/cjs/react-dom-test-utils.production.js:[2m20:16[22m[39m
[90m [2mΓ¥»[22m ../node_modules/@testing-library/react/dist/act-compat.js:[2m46:25[22m[39m
[90m [2mΓ¥»[22m renderRoot ../node_modules/@testing-library/react/dist/pure.js:[2m189:26[22m[39m
[90m [2mΓ¥»[22m Proxy.render ../node_modules/@testing-library/react/dist/pure.js:[2m291:10[22m[39m
[36m [2mΓ¥»[22m renderDetailPage tests/SupplierDetailPage.test.tsx:[2m121:10[22m[39m
    [90m119| [39m
    [90m120| [39m[35mfunction[39m [34mrenderDetailPage[39m(supplierId[33m:[39m string [33m=[39m [33mSUPPLIER_ID[39m) {
    [90m121| [39m  [35mreturn[39m [34mrender[39m(
    [90m   | [39m         [31m^[39m
    [90m122| [39m    [33m<[39m[33mMemoryRouter[39m 
[33minitialEntries[39m[33m=[39m[33m{[39m[[32m`/suppliers/[39m[36m${[39msupplierId[36m}[39m[32m`[39m][33m}[39m[33m>[39m
    [90m123| [39m      [33m<[39m[33mRoutes[39m[33m>[39m
[90m [2mΓ¥»[22m tests/SupplierDetailPage.test.tsx:[2m229:5[22m[39m

[31m[2mΓÄ»ΓÄ»ΓÄ»ΓÄ»ΓÄ»ΓÄ»ΓÄ»ΓÄ»ΓÄ»ΓÄ»ΓÄ»ΓÄ»ΓÄ»ΓÄ»ΓÄ»ΓÄ»ΓÄ»ΓÄ»ΓÄ»ΓÄ»[191/486]ΓÄ»[22m[39m

[41m[1m FAIL [22m[49m tests/SupplierDetailPage.test.tsx[2m > [22mSupplierDetailPage[2m > [22mshows error state when supplier cannot be 
loaded
[31m[1mTypeError[22m: React.act is not a function[39m
[90m [2mΓ¥»[22m exports.act ../node_modules/react-dom/cjs/react-dom-test-utils.production.js:[2m20:16[22m[39m
[90m [2mΓ¥»[22m ../node_modules/@testing-library/react/dist/act-compat.js:[2m46:25[22m[39m
[90m [2mΓ¥»[22m renderRoot ../node_modules/@testing-library/react/dist/pure.js:[2m189:26[22m[39m
[90m [2mΓ¥»[22m Proxy.render ../node_modules/@testing-library/react/dist/pure.js:[2m291:10[22m[39m
[36m [2mΓ¥»[22m renderDetailPage tests/SupplierDetailPage.test.tsx:[2m121:10[22m[39m
    [90m119| [39m
    [90m120| [39m[35mfunction[39m [34mrenderDetailPage[39m(supplierId[33m:[39m string [33m=[39m [33mSUPPLIER_ID[39m) {
    [90m121| [39m  [35mreturn[39m [34mrender[39m(
    [90m   | [39m         [31m^[39m
    [90m122| [39m    [33m<[39m[33mMemoryRouter[39m 
[33minitialEntries[39m[33m=[39m[33m{[39m[[32m`/suppliers/[39m[36m${[39msupplierId[36m}[39m[32m`[39m][33m}[39m[33m>[39m
    [90m123| [39m      [33m<[39m[33mRoutes[39m[33m>[39m
[90m [2mΓ¥»[22m tests/SupplierDetailPage.test.tsx:[2m241:5[22m[39m

[31m[2mΓÄ»ΓÄ»ΓÄ»ΓÄ»ΓÄ»ΓÄ»ΓÄ»ΓÄ»ΓÄ»ΓÄ»ΓÄ»ΓÄ»ΓÄ»ΓÄ»ΓÄ»ΓÄ»ΓÄ»ΓÄ»ΓÄ»ΓÄ»[192/486]ΓÄ»[22m[39m

[41m[1m FAIL [22m[49m tests/SupplierDetailPage.test.tsx[2m > [22mSupplierDetailPage[2m > [22mcalls getSupplier with the correct supplierId 
from URL
[31m[1mTypeError[22m: React.act is not a function[39m
[90m [2mΓ¥»[22m exports.act ../node_modules/react-dom/cjs/react-dom-test-utils.production.js:[2m20:16[22m[39m
[90m [2mΓ¥»[22m ../node_modules/@testing-library/react/dist/act-compat.js:[2m46:25[22m[39m
[90m [2mΓ¥»[22m renderRoot ../node_modules/@testing-library/react/dist/pure.js:[2m189:26[22m[39m
[90m [2mΓ¥»[22m Proxy.render ../node_modules/@testing-library/react/dist/pure.js:[2m291:10[22m[39m
[36m [2mΓ¥»[22m renderDetailPage tests/SupplierDetailPage.test.tsx:[2m121:10[22m[39m
    [90m119| [39m
    [90m120| [39m[35mfunction[39m [34mrenderDetailPage[39m(supplierId[33m:[39m string [33m=[39m [33mSUPPLIER_ID[39m) {
    [90m121| [39m  [35mreturn[39m [34mrender[39m(
    [90m   | [39m         [31m^[39m
    [90m122| [39m    [33m<[39m[33mMemoryRouter[39m 
[33minitialEntries[39m[33m=[39m[33m{[39m[[32m`/suppliers/[39m[36m${[39msupplierId[36m}[39m[32m`[39m][33m}[39m[33m>[39m
    [90m123| [39m      [33m<[39m[33mRoutes[39m[33m>[39m
[90m [2mΓ¥»[22m tests/SupplierDetailPage.test.tsx:[2m247:5[22m[39m

[31m[2mΓÄ»ΓÄ»ΓÄ»ΓÄ»ΓÄ»ΓÄ»ΓÄ»ΓÄ»ΓÄ»ΓÄ»ΓÄ»ΓÄ»ΓÄ»ΓÄ»ΓÄ»ΓÄ»ΓÄ»ΓÄ»ΓÄ»ΓÄ»[193/486]ΓÄ»[22m[39m

[41m[1m FAIL [22m[49m tests/SupplierDetailPage.test.tsx[2m > [22mSupplierDetailPage[2m > [22mcalls getSupplierCatalogue and 
listClinicSupplierInvoices after supplier loads
[31m[1mTypeError[22m: React.act is not a function[39m
[90m [2mΓ¥»[22m exports.act ../node_modules/react-dom/cjs/react-dom-test-utils.production.js:[2m20:16[22m[39m
[90m [2mΓ¥»[22m ../node_modules/@testing-library/react/dist/act-compat.js:[2m46:25[22m[39m
[90m [2mΓ¥»[22m renderRoot ../node_modules/@testing-library/react/dist/pure.js:[2m189:26[22m[39m
[90m [2mΓ¥»[22m Proxy.render ../node_modules/@testing-library/react/dist/pure.js:[2m291:10[22m[39m
[36m [2mΓ¥»[22m renderDetailPage tests/SupplierDetailPage.test.tsx:[2m121:10[22m[39m
    [90m119| [39m
    [90m120| [39m[35mfunction[39m [34mrenderDetailPage[39m(supplierId[33m:[39m string [33m=[39m [33mSUPPLIER_ID[39m) {
    [90m121| [39m  [35mreturn[39m [34mrender[39m(
    [90m   | [39m         [31m^[39m
    [90m122| [39m    [33m<[39m[33mMemoryRouter[39m 
[33minitialEntries[39m[33m=[39m[33m{[39m[[32m`/suppliers/[39m[36m${[39msupplierId[36m}[39m[32m`[39m][33m}[39m[33m>[39m
    [90m123| [39m      [33m<[39m[33mRoutes[39m[33m>[39m
[90m [2mΓ¥»[22m tests/SupplierDetailPage.test.tsx:[2m255:5[22m[39m

[31m[2mΓÄ»ΓÄ»ΓÄ»ΓÄ»ΓÄ»ΓÄ»ΓÄ»ΓÄ»ΓÄ»ΓÄ»ΓÄ»ΓÄ»ΓÄ»ΓÄ»ΓÄ»ΓÄ»ΓÄ»ΓÄ»ΓÄ»ΓÄ»[194/486]ΓÄ»[22m[39m

[41m[1m FAIL [22m[49m tests/SupplierDetailPage.test.tsx[2m > [22mSupplierDetailPage[2m > [22mdoes not call APIs when user is not 
authenticated
[31m[1mTypeError[22m: React.act is not a function[39m
[90m [2mΓ¥»[22m exports.act ../node_modules/react-dom/cjs/react-dom-test-utils.production.js:[2m20:16[22m[39m
[90m [2mΓ¥»[22m ../node_modules/@testing-library/react/dist/act-compat.js:[2m46:25[22m[39m
[90m [2mΓ¥»[22m renderRoot ../node_modules/@testing-library/react/dist/pure.js:[2m189:26[22m[39m
[90m [2mΓ¥»[22m Proxy.render ../node_modules/@testing-library/react/dist/pure.js:[2m291:10[22m[39m
[36m [2mΓ¥»[22m renderDetailPage tests/SupplierDetailPage.test.tsx:[2m121:10[22m[39m
    [90m119| [39m
    [90m120| [39m[35mfunction[39m [34mrenderDetailPage[39m(supplierId[33m:[39m string [33m=[39m [33mSUPPLIER_ID[39m) {
    [90m121| [39m  [35mreturn[39m [34mrender[39m(
    [90m   | [39m         [31m^[39m
    [90m122| [39m    [33m<[39m[33mMemoryRouter[39m 
[33minitialEntries[39m[33m=[39m[33m{[39m[[32m`/suppliers/[39m[36m${[39msupplierId[36m}[39m[32m`[39m][33m}[39m[33m>[39m
    [90m123| [39m      [33m<[39m[33mRoutes[39m[33m>[39m
[90m [2mΓ¥»[22m tests/SupplierDetailPage.test.tsx:[2m269:5[22m[39m

[31m[2mΓÄ»ΓÄ»ΓÄ»ΓÄ»ΓÄ»ΓÄ»ΓÄ»ΓÄ»ΓÄ»ΓÄ»ΓÄ»ΓÄ»ΓÄ»ΓÄ»ΓÄ»ΓÄ»ΓÄ»ΓÄ»ΓÄ»ΓÄ»[195/486]ΓÄ»[22m[39m

[41m[1m FAIL [22m[49m tests/SupplierDetailPage.test.tsx[2m > [22mSupplierDetailPage[2m > [22mshows Edit Supplier button for manager role
[31m[1mTypeError[22m: React.act is not a function[39m
[90m [2mΓ¥»[22m exports.act ../node_modules/react-dom/cjs/react-dom-test-utils.production.js:[2m20:16[22m[39m
[90m [2mΓ¥»[22m ../node_modules/@testing-library/react/dist/act-compat.js:[2m46:25[22m[39m
[90m [2mΓ¥»[22m renderRoot ../node_modules/@testing-library/react/dist/pure.js:[2m189:26[22m[39m
[90m [2mΓ¥»[22m Proxy.render ../node_modules/@testing-library/react/dist/pure.js:[2m291:10[22m[39m
[36m [2mΓ¥»[22m renderDetailPage tests/SupplierDetailPage.test.tsx:[2m121:10[22m[39m
    [90m119| [39m
    [90m120| [39m[35mfunction[39m [34mrenderDetailPage[39m(supplierId[33m:[39m string [33m=[39m [33mSUPPLIER_ID[39m) {
    [90m121| [39m  [35mreturn[39m [34mrender[39m(
    [90m   | [39m         [31m^[39m
    [90m122| [39m    [33m<[39m[33mMemoryRouter[39m 
[33minitialEntries[39m[33m=[39m[33m{[39m[[32m`/suppliers/[39m[36m${[39msupplierId[36m}[39m[32m`[39m][33m}[39m[33m>[39m
    [90m123| [39m      [33m<[39m[33mRoutes[39m[33m>[39m
[90m [2mΓ¥»[22m tests/SupplierDetailPage.test.tsx:[2m281:5[22m[39m

[31m[2mΓÄ»ΓÄ»ΓÄ»ΓÄ»ΓÄ»ΓÄ»ΓÄ»ΓÄ»ΓÄ»ΓÄ»ΓÄ»ΓÄ»ΓÄ»ΓÄ»ΓÄ»ΓÄ»ΓÄ»ΓÄ»ΓÄ»ΓÄ»[196/486]ΓÄ»[22m[39m

[41m[1m FAIL [22m[49m tests/SupplierDetailPage.test.tsx[2m > [22mSupplierDetailPage[2m > [22mhides Edit Supplier button for clinical_staff
[31m[1mTypeError[22m: React.act is not a function[39m
[90m [2mΓ¥»[22m exports.act ../node_modules/react-dom/cjs/react-dom-test-utils.production.js:[2m20:16[22m[39m
[90m [2mΓ¥»[22m ../node_modules/@testing-library/react/dist/act-compat.js:[2m46:25[22m[39m
[90m [2mΓ¥»[22m renderRoot ../node_modules/@testing-library/react/dist/pure.js:[2m189:26[22m[39m
[90m [2mΓ¥»[22m Proxy.render ../node_modules/@testing-library/react/dist/pure.js:[2m291:10[22m[39m
[36m [2mΓ¥»[22m renderDetailPage tests/SupplierDetailPage.test.tsx:[2m121:10[22m[39m
    [90m119| [39m
    [90m120| [39m[35mfunction[39m [34mrenderDetailPage[39m(supplierId[33m:[39m string [33m=[39m [33mSUPPLIER_ID[39m) {
    [90m121| [39m  [35mreturn[39m [34mrender[39m(
    [90m   | [39m         [31m^[39m
    [90m122| [39m    [33m<[39m[33mMemoryRouter[39m 
[33minitialEntries[39m[33m=[39m[33m{[39m[[32m`/suppliers/[39m[36m${[39msupplierId[36m}[39m[32m`[39m][33m}[39m[33m>[39m
    [90m123| [39m      [33m<[39m[33mRoutes[39m[33m>[39m
[90m [2mΓ¥»[22m tests/SupplierDetailPage.test.tsx:[2m292:5[22m[39m

[31m[2mΓÄ»ΓÄ»ΓÄ»ΓÄ»ΓÄ»ΓÄ»ΓÄ»ΓÄ»ΓÄ»ΓÄ»ΓÄ»ΓÄ»ΓÄ»ΓÄ»ΓÄ»ΓÄ»ΓÄ»ΓÄ»ΓÄ»ΓÄ»[197/486]ΓÄ»[22m[39m

[41m[1m FAIL [22m[49m tests/SupplierDetailPage.test.tsx[2m > [22mSupplierDetailPage[2m > [22mopens the edit modal when Edit Supplier is 
clicked
[31m[1mTypeError[22m: React.act is not a function[39m
[90m [2mΓ¥»[22m exports.act ../node_modules/react-dom/cjs/react-dom-test-utils.production.js:[2m20:16[22m[39m
[90m [2mΓ¥»[22m ../node_modules/@testing-library/react/dist/act-compat.js:[2m46:25[22m[39m
[90m [2mΓ¥»[22m renderRoot ../node_modules/@testing-library/react/dist/pure.js:[2m189:26[22m[39m
[90m [2mΓ¥»[22m Proxy.render ../node_modules/@testing-library/react/dist/pure.js:[2m291:10[22m[39m
[36m [2mΓ¥»[22m renderDetailPage tests/SupplierDetailPage.test.tsx:[2m121:10[22m[39m
    [90m119| [39m
    [90m120| [39m[35mfunction[39m [34mrenderDetailPage[39m(supplierId[33m:[39m string [33m=[39m [33mSUPPLIER_ID[39m) {
    [90m121| [39m  [35mreturn[39m [34mrender[39m(
    [90m   | [39m         [31m^[39m
    [90m122| [39m    [33m<[39m[33mMemoryRouter[39m 
[33minitialEntries[39m[33m=[39m[33m{[39m[[32m`/suppliers/[39m[36m${[39msupplierId[36m}[39m[32m`[39m][33m}[39m[33m>[39m
    [90m123| [39m      [33m<[39m[33mRoutes[39m[33m>[39m
[90m [2mΓ¥»[22m tests/SupplierDetailPage.test.tsx:[2m301:5[22m[39m

[31m[2mΓÄ»ΓÄ»ΓÄ»ΓÄ»ΓÄ»ΓÄ»ΓÄ»ΓÄ»ΓÄ»ΓÄ»ΓÄ»ΓÄ»ΓÄ»ΓÄ»ΓÄ»ΓÄ»ΓÄ»ΓÄ»ΓÄ»ΓÄ»[198/486]ΓÄ»[22m[39m

[41m[1m FAIL [22m[49m tests/SupplierDetailPage.test.tsx[2m > [22mSupplierDetailPage[2m > [22mupdates the page heading after a successful 
edit
[31m[1mTypeError[22m: React.act is not a function[39m
[90m [2mΓ¥»[22m exports.act ../node_modules/react-dom/cjs/react-dom-test-utils.production.js:[2m20:16[22m[39m
[90m [2mΓ¥»[22m ../node_modules/@testing-library/react/dist/act-compat.js:[2m46:25[22m[39m
[90m [2mΓ¥»[22m renderRoot ../node_modules/@testing-library/react/dist/pure.js:[2m189:26[22m[39m
[90m [2mΓ¥»[22m Proxy.render ../node_modules/@testing-library/react/dist/pure.js:[2m291:10[22m[39m
[36m [2mΓ¥»[22m renderDetailPage tests/SupplierDetailPage.test.tsx:[2m121:10[22m[39m
    [90m119| [39m
    [90m120| [39m[35mfunction[39m [34mrenderDetailPage[39m(supplierId[33m:[39m string [33m=[39m [33mSUPPLIER_ID[39m) {
    [90m121| [39m  [35mreturn[39m [34mrender[39m(
    [90m   | [39m         [31m^[39m
    [90m122| [39m    [33m<[39m[33mMemoryRouter[39m 
[33minitialEntries[39m[33m=[39m[33m{[39m[[32m`/suppliers/[39m[36m${[39msupplierId[36m}[39m[32m`[39m][33m}[39m[33m>[39m
    [90m123| [39m      [33m<[39m[33mRoutes[39m[33m>[39m
[90m [2mΓ¥»[22m tests/SupplierDetailPage.test.tsx:[2m318:5[22m[39m

[31m[2mΓÄ»ΓÄ»ΓÄ»ΓÄ»ΓÄ»ΓÄ»ΓÄ»ΓÄ»ΓÄ»ΓÄ»ΓÄ»ΓÄ»ΓÄ»ΓÄ»ΓÄ»ΓÄ»ΓÄ»ΓÄ»ΓÄ»ΓÄ»[199/486]ΓÄ»[22m[39m

[41m[1m FAIL [22m[49m tests/SupplierDetailPage.test.tsx[2m > [22mSupplierDetailPage[2m > [22mshows Deactivate Supplier button for active 
supplier (manager)
[31m[1mTypeError[22m: React.act is not a function[39m
[90m [2mΓ¥»[22m exports.act ../node_modules/react-dom/cjs/react-dom-test-utils.production.js:[2m20:16[22m[39m
[90m [2mΓ¥»[22m ../node_modules/@testing-library/react/dist/act-compat.js:[2m46:25[22m[39m
[90m [2mΓ¥»[22m renderRoot ../node_modules/@testing-library/react/dist/pure.js:[2m189:26[22m[39m
[90m [2mΓ¥»[22m Proxy.render ../node_modules/@testing-library/react/dist/pure.js:[2m291:10[22m[39m
[36m [2mΓ¥»[22m renderDetailPage tests/SupplierDetailPage.test.tsx:[2m121:10[22m[39m
    [90m119| [39m
    [90m120| [39m[35mfunction[39m [34mrenderDetailPage[39m(supplierId[33m:[39m string [33m=[39m [33mSUPPLIER_ID[39m) {
    [90m121| [39m  [35mreturn[39m [34mrender[39m(
    [90m   | [39m         [31m^[39m
    [90m122| [39m    [33m<[39m[33mMemoryRouter[39m 
[33minitialEntries[39m[33m=[39m[33m{[39m[[32m`/suppliers/[39m[36m${[39msupplierId[36m}[39m[32m`[39m][33m}[39m[33m>[39m
    [90m123| [39m      [33m<[39m[33mRoutes[39m[33m>[39m
[90m [2mΓ¥»[22m tests/SupplierDetailPage.test.tsx:[2m344:5[22m[39m

[31m[2mΓÄ»ΓÄ»ΓÄ»ΓÄ»ΓÄ»ΓÄ»ΓÄ»ΓÄ»ΓÄ»ΓÄ»ΓÄ»ΓÄ»ΓÄ»ΓÄ»ΓÄ»ΓÄ»ΓÄ»ΓÄ»ΓÄ»ΓÄ»[200/486]ΓÄ»[22m[39m

[41m[1m FAIL [22m[49m tests/SupplierDetailPage.test.tsx[2m > [22mSupplierDetailPage[2m > [22mshows Reactivate Supplier button for inactive 
supplier (manager)
[31m[1mTypeError[22m: React.act is not a function[39m
[90m [2mΓ¥»[22m exports.act ../node_modules/react-dom/cjs/react-dom-test-utils.production.js:[2m20:16[22m[39m
[90m [2mΓ¥»[22m ../node_modules/@testing-library/react/dist/act-compat.js:[2m46:25[22m[39m
[90m [2mΓ¥»[22m renderRoot ../node_modules/@testing-library/react/dist/pure.js:[2m189:26[22m[39m
[90m [2mΓ¥»[22m Proxy.render ../node_modules/@testing-library/react/dist/pure.js:[2m291:10[22m[39m
[36m [2mΓ¥»[22m renderDetailPage tests/SupplierDetailPage.test.tsx:[2m121:10[22m[39m
    [90m119| [39m
    [90m120| [39m[35mfunction[39m [34mrenderDetailPage[39m(supplierId[33m:[39m string [33m=[39m [33mSUPPLIER_ID[39m) {
    [90m121| [39m  [35mreturn[39m [34mrender[39m(
    [90m   | [39m         [31m^[39m
    [90m122| [39m    [33m<[39m[33mMemoryRouter[39m 
[33minitialEntries[39m[33m=[39m[33m{[39m[[32m`/suppliers/[39m[36m${[39msupplierId[36m}[39m[32m`[39m][33m}[39m[33m>[39m
    [90m123| [39m      [33m<[39m[33mRoutes[39m[33m>[39m
[90m [2mΓ¥»[22m tests/SupplierDetailPage.test.tsx:[2m354:5[22m[39m

[31m[2mΓÄ»ΓÄ»ΓÄ»ΓÄ»ΓÄ»ΓÄ»ΓÄ»ΓÄ»ΓÄ»ΓÄ»ΓÄ»ΓÄ»ΓÄ»ΓÄ»ΓÄ»ΓÄ»ΓÄ»ΓÄ»ΓÄ»ΓÄ»[201/486]ΓÄ»[22m[39m

[41m[1m FAIL [22m[49m tests/SupplierDetailPage.test.tsx[2m > [22mSupplierDetailPage[2m > [22mhides deactivate/reactivate buttons for 
clinical_staff
[31m[1mTypeError[22m: React.act is not a function[39m
[90m [2mΓ¥»[22m exports.act ../node_modules/react-dom/cjs/react-dom-test-utils.production.js:[2m20:16[22m[39m
[90m [2mΓ¥»[22m ../node_modules/@testing-library/react/dist/act-compat.js:[2m46:25[22m[39m
[90m [2mΓ¥»[22m renderRoot ../node_modules/@testing-library/react/dist/pure.js:[2m189:26[22m[39m
[90m [2mΓ¥»[22m Proxy.render ../node_modules/@testing-library/react/dist/pure.js:[2m291:10[22m[39m
[36m [2mΓ¥»[22m renderDetailPage tests/SupplierDetailPage.test.tsx:[2m121:10[22m[39m
    [90m119| [39m
    [90m120| [39m[35mfunction[39m [34mrenderDetailPage[39m(supplierId[33m:[39m string [33m=[39m [33mSUPPLIER_ID[39m) {
    [90m121| [39m  [35mreturn[39m [34mrender[39m(
    [90m   | [39m         [31m^[39m
    [90m122| [39m    [33m<[39m[33mMemoryRouter[39m 
[33minitialEntries[39m[33m=[39m[33m{[39m[[32m`/suppliers/[39m[36m${[39msupplierId[36m}[39m[32m`[39m][33m}[39m[33m>[39m
    [90m123| [39m      [33m<[39m[33mRoutes[39m[33m>[39m
[90m [2mΓ¥»[22m tests/SupplierDetailPage.test.tsx:[2m365:5[22m[39m

[31m[2mΓÄ»ΓÄ»ΓÄ»ΓÄ»ΓÄ»ΓÄ»ΓÄ»ΓÄ»ΓÄ»ΓÄ»ΓÄ»ΓÄ»ΓÄ»ΓÄ»ΓÄ»ΓÄ»ΓÄ»ΓÄ»ΓÄ»ΓÄ»[202/486]ΓÄ»[22m[39m

[41m[1m FAIL [22m[49m tests/SupplierDetailPage.test.tsx[2m > [22mSupplierDetailPage[2m > [22mopens confirmation dialog when Deactivate 
Supplier is clicked
[31m[1mTypeError[22m: React.act is not a function[39m
[90m [2mΓ¥»[22m exports.act ../node_modules/react-dom/cjs/react-dom-test-utils.production.js:[2m20:16[22m[39m
[90m [2mΓ¥»[22m ../node_modules/@testing-library/react/dist/act-compat.js:[2m46:25[22m[39m
[90m [2mΓ¥»[22m renderRoot ../node_modules/@testing-library/react/dist/pure.js:[2m189:26[22m[39m
[90m [2mΓ¥»[22m Proxy.render ../node_modules/@testing-library/react/dist/pure.js:[2m291:10[22m[39m
[36m [2mΓ¥»[22m renderDetailPage tests/SupplierDetailPage.test.tsx:[2m121:10[22m[39m
    [90m119| [39m
    [90m120| [39m[35mfunction[39m [34mrenderDetailPage[39m(supplierId[33m:[39m string [33m=[39m [33mSUPPLIER_ID[39m) {
    [90m121| [39m  [35mreturn[39m [34mrender[39m(
    [90m   | [39m         [31m^[39m
    [90m122| [39m    [33m<[39m[33mMemoryRouter[39m 
[33minitialEntries[39m[33m=[39m[33m{[39m[[32m`/suppliers/[39m[36m${[39msupplierId[36m}[39m[32m`[39m][33m}[39m[33m>[39m
    [90m123| [39m      [33m<[39m[33mRoutes[39m[33m>[39m
[90m [2mΓ¥»[22m tests/SupplierDetailPage.test.tsx:[2m375:5[22m[39m

[31m[2mΓÄ»ΓÄ»ΓÄ»ΓÄ»ΓÄ»ΓÄ»ΓÄ»ΓÄ»ΓÄ»ΓÄ»ΓÄ»ΓÄ»ΓÄ»ΓÄ»ΓÄ»ΓÄ»ΓÄ»ΓÄ»ΓÄ»ΓÄ»[203/486]ΓÄ»[22m[39m

[41m[1m FAIL [22m[49m tests/SupplierDetailPage.test.tsx[2m > [22mSupplierDetailPage[2m > [22mcalls updateSupplier with active=false and 
the action button changes to Reactivate on confirm
[31m[1mTypeError[22m: React.act is not a function[39m
[90m [2mΓ¥»[22m exports.act ../node_modules/react-dom/cjs/react-dom-test-utils.production.js:[2m20:16[22m[39m
[90m [2mΓ¥»[22m ../node_modules/@testing-library/react/dist/act-compat.js:[2m46:25[22m[39m
[90m [2mΓ¥»[22m renderRoot ../node_modules/@testing-library/react/dist/pure.js:[2m189:26[22m[39m
[90m [2mΓ¥»[22m Proxy.render ../node_modules/@testing-library/react/dist/pure.js:[2m291:10[22m[39m
[36m [2mΓ¥»[22m renderDetailPage tests/SupplierDetailPage.test.tsx:[2m121:10[22m[39m
    [90m119| [39m
    [90m120| [39m[35mfunction[39m [34mrenderDetailPage[39m(supplierId[33m:[39m string [33m=[39m [33mSUPPLIER_ID[39m) {
    [90m121| [39m  [35mreturn[39m [34mrender[39m(
    [90m   | [39m         [31m^[39m
    [90m122| [39m    [33m<[39m[33mMemoryRouter[39m 
[33minitialEntries[39m[33m=[39m[33m{[39m[[32m`/suppliers/[39m[36m${[39msupplierId[36m}[39m[32m`[39m][33m}[39m[33m>[39m
    [90m123| [39m      [33m<[39m[33mRoutes[39m[33m>[39m
[90m [2mΓ¥»[22m tests/SupplierDetailPage.test.tsx:[2m392:5[22m[39m

[31m[2mΓÄ»ΓÄ»ΓÄ»ΓÄ»ΓÄ»ΓÄ»ΓÄ»ΓÄ»ΓÄ»ΓÄ»ΓÄ»ΓÄ»ΓÄ»ΓÄ»ΓÄ»ΓÄ»ΓÄ»ΓÄ»ΓÄ»ΓÄ»[204/486]ΓÄ»[22m[39m

[41m[1m FAIL [22m[49m tests/SupplierDetailPage.test.tsx[2m > [22mSupplierDetailPage[2m > [22mdismisses confirm dialog without API call 
when Cancel is clicked
[31m[1mTypeError[22m: React.act is not a function[39m
[90m [2mΓ¥»[22m exports.act ../node_modules/react-dom/cjs/react-dom-test-utils.production.js:[2m20:16[22m[39m
[90m [2mΓ¥»[22m ../node_modules/@testing-library/react/dist/act-compat.js:[2m46:25[22m[39m
[90m [2mΓ¥»[22m renderRoot ../node_modules/@testing-library/react/dist/pure.js:[2m189:26[22m[39m
[90m [2mΓ¥»[22m Proxy.render ../node_modules/@testing-library/react/dist/pure.js:[2m291:10[22m[39m
[36m [2mΓ¥»[22m renderDetailPage tests/SupplierDetailPage.test.tsx:[2m121:10[22m[39m
    [90m119| [39m
    [90m120| [39m[35mfunction[39m [34mrenderDetailPage[39m(supplierId[33m:[39m string [33m=[39m [33mSUPPLIER_ID[39m) {
    [90m121| [39m  [35mreturn[39m [34mrender[39m(
    [90m   | [39m         [31m^[39m
    [90m122| [39m    [33m<[39m[33mMemoryRouter[39m 
[33minitialEntries[39m[33m=[39m[33m{[39m[[32m`/suppliers/[39m[36m${[39msupplierId[36m}[39m[32m`[39m][33m}[39m[33m>[39m
    [90m123| [39m      [33m<[39m[33mRoutes[39m[33m>[39m
[90m [2mΓ¥»[22m tests/SupplierDetailPage.test.tsx:[2m411:5[22m[39m

[31m[2mΓÄ»ΓÄ»ΓÄ»ΓÄ»ΓÄ»ΓÄ»ΓÄ»ΓÄ»ΓÄ»ΓÄ»ΓÄ»ΓÄ»ΓÄ»ΓÄ»ΓÄ»ΓÄ»ΓÄ»ΓÄ»ΓÄ»ΓÄ»[205/486]ΓÄ»[22m[39m

[41m[1m FAIL [22m[49m tests/SupplierDetailPage.test.tsx[2m > [22mSupplierDetailPage[2m > [22mnever shows a Delete button ΓÇö hard delete 
is not supported by the backend
[31m[1mTypeError[22m: React.act is not a function[39m
[90m [2mΓ¥»[22m exports.act ../node_modules/react-dom/cjs/react-dom-test-utils.production.js:[2m20:16[22m[39m
[90m [2mΓ¥»[22m ../node_modules/@testing-library/react/dist/act-compat.js:[2m46:25[22m[39m
[90m [2mΓ¥»[22m renderRoot ../node_modules/@testing-library/react/dist/pure.js:[2m189:26[22m[39m
[90m [2mΓ¥»[22m Proxy.render ../node_modules/@testing-library/react/dist/pure.js:[2m291:10[22m[39m
[36m [2mΓ¥»[22m renderDetailPage tests/SupplierDetailPage.test.tsx:[2m121:10[22m[39m
    [90m119| [39m
    [90m120| [39m[35mfunction[39m [34mrenderDetailPage[39m(supplierId[33m:[39m string [33m=[39m [33mSUPPLIER_ID[39m) {
    [90m121| [39m  [35mreturn[39m [34mrender[39m(
    [90m   | [39m         [31m^[39m
    [90m122| [39m    [33m<[39m[33mMemoryRouter[39m 
[33minitialEntries[39m[33m=[39m[33m{[39m[[32m`/suppliers/[39m[36m${[39msupplierId[36m}[39m[32m`[39m][33m}[39m[33m>[39m
    [90m123| [39m      [33m<[39m[33mRoutes[39m[33m>[39m
[90m [2mΓ¥»[22m tests/SupplierDetailPage.test.tsx:[2m425:5[22m[39m

[31m[2mΓÄ»ΓÄ»ΓÄ»ΓÄ»ΓÄ»ΓÄ»ΓÄ»ΓÄ»ΓÄ»ΓÄ»ΓÄ»ΓÄ»ΓÄ»ΓÄ»ΓÄ»ΓÄ»ΓÄ»ΓÄ»ΓÄ»ΓÄ»[206/486]ΓÄ»[22m[39m

[41m[1m FAIL [22m[49m tests/SuppliersPage.test.tsx[2m > [22mSuppliersPage[2m > [22mshows loading state then renders the suppliers table
[31m[1mTypeError[22m: React.act is not a function[39m
[90m [2mΓ¥»[22m exports.act ../node_modules/react-dom/cjs/react-dom-test-utils.production.js:[2m20:16[22m[39m
[90m [2mΓ¥»[22m ../node_modules/@testing-library/react/dist/act-compat.js:[2m46:25[22m[39m
[90m [2mΓ¥»[22m renderRoot ../node_modules/@testing-library/react/dist/pure.js:[2m189:26[22m[39m
[90m [2mΓ¥»[22m Proxy.render ../node_modules/@testing-library/react/dist/pure.js:[2m291:10[22m[39m
[36m [2mΓ¥»[22m renderSuppliersPage tests/SuppliersPage.test.tsx:[2m119:10[22m[39m
    [90m117| [39m
    [90m118| [39m[35mfunction[39m [34mrenderSuppliersPage[39m() {
    [90m119| [39m  [35mreturn[39m [34mrender[39m(
    [90m   | [39m         [31m^[39m
    [90m120| [39m    [33m<[39m[33mMemoryRouter[39m[33m>[39m
    [90m121| [39m      [33m<[39m[33mSuppliersPage[39m [33m/[39m[33m>[39m
[90m [2mΓ¥»[22m tests/SuppliersPage.test.tsx:[2m142:5[22m[39m

[31m[2mΓÄ»ΓÄ»ΓÄ»ΓÄ»ΓÄ»ΓÄ»ΓÄ»ΓÄ»ΓÄ»ΓÄ»ΓÄ»ΓÄ»ΓÄ»ΓÄ»ΓÄ»ΓÄ»ΓÄ»ΓÄ»ΓÄ»ΓÄ»[207/486]ΓÄ»[22m[39m

[41m[1m FAIL [22m[49m tests/SuppliersPage.test.tsx[2m > [22mSuppliersPage[2m > [22mrenders KPI bar with correct totals
[31m[1mTypeError[22m: React.act is not a function[39m
[90m [2mΓ¥»[22m exports.act ../node_modules/react-dom/cjs/react-dom-test-utils.production.js:[2m20:16[22m[39m
[90m [2mΓ¥»[22m ../node_modules/@testing-library/react/dist/act-compat.js:[2m46:25[22m[39m
[90m [2mΓ¥»[22m renderRoot ../node_modules/@testing-library/react/dist/pure.js:[2m189:26[22m[39m
[90m [2mΓ¥»[22m Proxy.render ../node_modules/@testing-library/react/dist/pure.js:[2m291:10[22m[39m
[36m [2mΓ¥»[22m renderSuppliersPage tests/SuppliersPage.test.tsx:[2m119:10[22m[39m
    [90m117| [39m
    [90m118| [39m[35mfunction[39m [34mrenderSuppliersPage[39m() {
    [90m119| [39m  [35mreturn[39m [34mrender[39m(
    [90m   | [39m         [31m^[39m
    [90m120| [39m    [33m<[39m[33mMemoryRouter[39m[33m>[39m
    [90m121| [39m      [33m<[39m[33mSuppliersPage[39m [33m/[39m[33m>[39m
[90m [2mΓ¥»[22m tests/SuppliersPage.test.tsx:[2m151:5[22m[39m

[31m[2mΓÄ»ΓÄ»ΓÄ»ΓÄ»ΓÄ»ΓÄ»ΓÄ»ΓÄ»ΓÄ»ΓÄ»ΓÄ»ΓÄ»ΓÄ»ΓÄ»ΓÄ»ΓÄ»ΓÄ»ΓÄ»ΓÄ»ΓÄ»[208/486]ΓÄ»[22m[39m

[41m[1m FAIL [22m[49m tests/SuppliersPage.test.tsx[2m > [22mSuppliersPage[2m > [22mdisplays supplier status badges
[31m[1mTypeError[22m: React.act is not a function[39m
[90m [2mΓ¥»[22m exports.act ../node_modules/react-dom/cjs/react-dom-test-utils.production.js:[2m20:16[22m[39m
[90m [2mΓ¥»[22m ../node_modules/@testing-library/react/dist/act-compat.js:[2m46:25[22m[39m
[90m [2mΓ¥»[22m renderRoot ../node_modules/@testing-library/react/dist/pure.js:[2m189:26[22m[39m
[90m [2mΓ¥»[22m Proxy.render ../node_modules/@testing-library/react/dist/pure.js:[2m291:10[22m[39m
[36m [2mΓ¥»[22m renderSuppliersPage tests/SuppliersPage.test.tsx:[2m119:10[22m[39m
    [90m117| [39m
    [90m118| [39m[35mfunction[39m [34mrenderSuppliersPage[39m() {
    [90m119| [39m  [35mreturn[39m [34mrender[39m(
    [90m   | [39m         [31m^[39m
    [90m120| [39m    [33m<[39m[33mMemoryRouter[39m[33m>[39m
    [90m121| [39m      [33m<[39m[33mSuppliersPage[39m [33m/[39m[33m>[39m
[90m [2mΓ¥»[22m tests/SuppliersPage.test.tsx:[2m163:5[22m[39m

[31m[2mΓÄ»ΓÄ»ΓÄ»ΓÄ»ΓÄ»ΓÄ»ΓÄ»ΓÄ»ΓÄ»ΓÄ»ΓÄ»ΓÄ»ΓÄ»ΓÄ»ΓÄ»ΓÄ»ΓÄ»ΓÄ»ΓÄ»ΓÄ»[209/486]ΓÄ»[22m[39m

[41m[1m FAIL [22m[49m tests/SuppliersPage.test.tsx[2m > [22mSuppliersPage[2m > [22mfilters suppliers by search term
[31m[1mTypeError[22m: React.act is not a function[39m
[90m [2mΓ¥»[22m exports.act ../node_modules/react-dom/cjs/react-dom-test-utils.production.js:[2m20:16[22m[39m
[90m [2mΓ¥»[22m ../node_modules/@testing-library/react/dist/act-compat.js:[2m46:25[22m[39m
[90m [2mΓ¥»[22m renderRoot ../node_modules/@testing-library/react/dist/pure.js:[2m189:26[22m[39m
[90m [2mΓ¥»[22m Proxy.render ../node_modules/@testing-library/react/dist/pure.js:[2m291:10[22m[39m
[36m [2mΓ¥»[22m renderSuppliersPage tests/SuppliersPage.test.tsx:[2m119:10[22m[39m
    [90m117| [39m
    [90m118| [39m[35mfunction[39m [34mrenderSuppliersPage[39m() {
    [90m119| [39m  [35mreturn[39m [34mrender[39m(
    [90m   | [39m         [31m^[39m
    [90m120| [39m    [33m<[39m[33mMemoryRouter[39m[33m>[39m
    [90m121| [39m      [33m<[39m[33mSuppliersPage[39m [33m/[39m[33m>[39m
[90m [2mΓ¥»[22m tests/SuppliersPage.test.tsx:[2m175:5[22m[39m

[31m[2mΓÄ»ΓÄ»ΓÄ»ΓÄ»ΓÄ»ΓÄ»ΓÄ»ΓÄ»ΓÄ»ΓÄ»ΓÄ»ΓÄ»ΓÄ»ΓÄ»ΓÄ»ΓÄ»ΓÄ»ΓÄ»ΓÄ»ΓÄ»[210/486]ΓÄ»[22m[39m

[41m[1m FAIL [22m[49m tests/SuppliersPage.test.tsx[2m > [22mSuppliersPage[2m > [22mfilters suppliers by active status
[31m[1mTypeError[22m: React.act is not a function[39m
[90m [2mΓ¥»[22m exports.act ../node_modules/react-dom/cjs/react-dom-test-utils.production.js:[2m20:16[22m[39m
[90m [2mΓ¥»[22m ../node_modules/@testing-library/react/dist/act-compat.js:[2m46:25[22m[39m
[90m [2mΓ¥»[22m renderRoot ../node_modules/@testing-library/react/dist/pure.js:[2m189:26[22m[39m
[90m [2mΓ¥»[22m Proxy.render ../node_modules/@testing-library/react/dist/pure.js:[2m291:10[22m[39m
[36m [2mΓ¥»[22m renderSuppliersPage tests/SuppliersPage.test.tsx:[2m119:10[22m[39m
    [90m117| [39m
    [90m118| [39m[35mfunction[39m [34mrenderSuppliersPage[39m() {
    [90m119| [39m  [35mreturn[39m [34mrender[39m(
    [90m   | [39m         [31m^[39m
    [90m120| [39m    [33m<[39m[33mMemoryRouter[39m[33m>[39m
    [90m121| [39m      [33m<[39m[33mSuppliersPage[39m [33m/[39m[33m>[39m
[90m [2mΓ¥»[22m tests/SuppliersPage.test.tsx:[2m188:5[22m[39m

[31m[2mΓÄ»ΓÄ»ΓÄ»ΓÄ»ΓÄ»ΓÄ»ΓÄ»ΓÄ»ΓÄ»ΓÄ»ΓÄ»ΓÄ»ΓÄ»ΓÄ»ΓÄ»ΓÄ»ΓÄ»ΓÄ»ΓÄ»ΓÄ»[211/486]ΓÄ»[22m[39m

[41m[1m FAIL [22m[49m tests/SuppliersPage.test.tsx[2m > [22mSuppliersPage[2m > [22mshows empty state when no suppliers match search
[31m[1mTypeError[22m: React.act is not a function[39m
[90m [2mΓ¥»[22m exports.act ../node_modules/react-dom/cjs/react-dom-test-utils.production.js:[2m20:16[22m[39m
[90m [2mΓ¥»[22m ../node_modules/@testing-library/react/dist/act-compat.js:[2m46:25[22m[39m
[90m [2mΓ¥»[22m renderRoot ../node_modules/@testing-library/react/dist/pure.js:[2m189:26[22m[39m
[90m [2mΓ¥»[22m Proxy.render ../node_modules/@testing-library/react/dist/pure.js:[2m291:10[22m[39m
[36m [2mΓ¥»[22m renderSuppliersPage tests/SuppliersPage.test.tsx:[2m119:10[22m[39m
    [90m117| [39m
    [90m118| [39m[35mfunction[39m [34mrenderSuppliersPage[39m() {
    [90m119| [39m  [35mreturn[39m [34mrender[39m(
    [90m   | [39m         [31m^[39m
    [90m120| [39m    [33m<[39m[33mMemoryRouter[39m[33m>[39m
    [90m121| [39m      [33m<[39m[33mSuppliersPage[39m [33m/[39m[33m>[39m
[90m [2mΓ¥»[22m tests/SuppliersPage.test.tsx:[2m201:5[22m[39m

[31m[2mΓÄ»ΓÄ»ΓÄ»ΓÄ»ΓÄ»ΓÄ»ΓÄ»ΓÄ»ΓÄ»ΓÄ»ΓÄ»ΓÄ»ΓÄ»ΓÄ»ΓÄ»ΓÄ»ΓÄ»ΓÄ»ΓÄ»ΓÄ»[212/486]ΓÄ»[22m[39m

[41m[1m FAIL [22m[49m tests/SuppliersPage.test.tsx[2m > [22mSuppliersPage[2m > [22mshows error message when API call fails
[31m[1mTypeError[22m: React.act is not a function[39m
[90m [2mΓ¥»[22m exports.act ../node_modules/react-dom/cjs/react-dom-test-utils.production.js:[2m20:16[22m[39m
[90m [2mΓ¥»[22m ../node_modules/@testing-library/react/dist/act-compat.js:[2m46:25[22m[39m
[90m [2mΓ¥»[22m renderRoot ../node_modules/@testing-library/react/dist/pure.js:[2m189:26[22m[39m
[90m [2mΓ¥»[22m Proxy.render ../node_modules/@testing-library/react/dist/pure.js:[2m291:10[22m[39m
[36m [2mΓ¥»[22m renderSuppliersPage tests/SuppliersPage.test.tsx:[2m119:10[22m[39m
    [90m117| [39m
    [90m118| [39m[35mfunction[39m [34mrenderSuppliersPage[39m() {
    [90m119| [39m  [35mreturn[39m [34mrender[39m(
    [90m   | [39m         [31m^[39m
    [90m120| [39m    [33m<[39m[33mMemoryRouter[39m[33m>[39m
    [90m121| [39m      [33m<[39m[33mSuppliersPage[39m [33m/[39m[33m>[39m
[90m [2mΓ¥»[22m tests/SuppliersPage.test.tsx:[2m213:5[22m[39m

[31m[2mΓÄ»ΓÄ»ΓÄ»ΓÄ»ΓÄ»ΓÄ»ΓÄ»ΓÄ»ΓÄ»ΓÄ»ΓÄ»ΓÄ»ΓÄ»ΓÄ»ΓÄ»ΓÄ»ΓÄ»ΓÄ»ΓÄ»ΓÄ»[213/486]ΓÄ»[22m[39m

[41m[1m FAIL [22m[49m tests/SuppliersPage.test.tsx[2m > [22mSuppliersPage[2m > [22mdoes not call API when user is not authenticated
[31m[1mTypeError[22m: React.act is not a function[39m
[90m [2mΓ¥»[22m exports.act ../node_modules/react-dom/cjs/react-dom-test-utils.production.js:[2m20:16[22m[39m
[90m [2mΓ¥»[22m ../node_modules/@testing-library/react/dist/act-compat.js:[2m46:25[22m[39m
[90m [2mΓ¥»[22m renderRoot ../node_modules/@testing-library/react/dist/pure.js:[2m189:26[22m[39m
[90m [2mΓ¥»[22m Proxy.render ../node_modules/@testing-library/react/dist/pure.js:[2m291:10[22m[39m
[36m [2mΓ¥»[22m renderSuppliersPage tests/SuppliersPage.test.tsx:[2m119:10[22m[39m
    [90m117| [39m
    [90m118| [39m[35mfunction[39m [34mrenderSuppliersPage[39m() {
    [90m119| [39m  [35mreturn[39m [34mrender[39m(
    [90m   | [39m         [31m^[39m
    [90m120| [39m    [33m<[39m[33mMemoryRouter[39m[33m>[39m
    [90m121| [39m      [33m<[39m[33mSuppliersPage[39m [33m/[39m[33m>[39m
[90m [2mΓ¥»[22m tests/SuppliersPage.test.tsx:[2m220:5[22m[39m

[31m[2mΓÄ»ΓÄ»ΓÄ»ΓÄ»ΓÄ»ΓÄ»ΓÄ»ΓÄ»ΓÄ»ΓÄ»ΓÄ»ΓÄ»ΓÄ»ΓÄ»ΓÄ»ΓÄ»ΓÄ»ΓÄ»ΓÄ»ΓÄ»[214/486]ΓÄ»[22m[39m

[41m[1m FAIL [22m[49m tests/SuppliersPage.test.tsx[2m > [22mSuppliersPage[2m > [22mshows View link for each supplier that navigates to 
detail page
[31m[1mTypeError[22m: React.act is not a function[39m
[90m [2mΓ¥»[22m exports.act ../node_modules/react-dom/cjs/react-dom-test-utils.production.js:[2m20:16[22m[39m
[90m [2mΓ¥»[22m ../node_modules/@testing-library/react/dist/act-compat.js:[2m46:25[22m[39m
[90m [2mΓ¥»[22m renderRoot ../node_modules/@testing-library/react/dist/pure.js:[2m189:26[22m[39m
[90m [2mΓ¥»[22m Proxy.render ../node_modules/@testing-library/react/dist/pure.js:[2m291:10[22m[39m
[36m [2mΓ¥»[22m renderSuppliersPage tests/SuppliersPage.test.tsx:[2m119:10[22m[39m
    [90m117| [39m
    [90m118| [39m[35mfunction[39m [34mrenderSuppliersPage[39m() {
    [90m119| [39m  [35mreturn[39m [34mrender[39m(
    [90m   | [39m         [31m^[39m
    [90m120| [39m    [33m<[39m[33mMemoryRouter[39m[33m>[39m
    [90m121| [39m      [33m<[39m[33mSuppliersPage[39m [33m/[39m[33m>[39m
[90m [2mΓ¥»[22m tests/SuppliersPage.test.tsx:[2m230:5[22m[39m

[31m[2mΓÄ»ΓÄ»ΓÄ»ΓÄ»ΓÄ»ΓÄ»ΓÄ»ΓÄ»ΓÄ»ΓÄ»ΓÄ»ΓÄ»ΓÄ»ΓÄ»ΓÄ»ΓÄ»ΓÄ»ΓÄ»ΓÄ»ΓÄ»[215/486]ΓÄ»[22m[39m

[41m[1m FAIL [22m[49m tests/SuppliersPage.test.tsx[2m > [22mSuppliersPage[2m > [22mshows New Supplier button for manager role
[31m[1mTypeError[22m: React.act is not a function[39m
[90m [2mΓ¥»[22m exports.act ../node_modules/react-dom/cjs/react-dom-test-utils.production.js:[2m20:16[22m[39m
[90m [2mΓ¥»[22m ../node_modules/@testing-library/react/dist/act-compat.js:[2m46:25[22m[39m
[90m [2mΓ¥»[22m renderRoot ../node_modules/@testing-library/react/dist/pure.js:[2m189:26[22m[39m
[90m [2mΓ¥»[22m Proxy.render ../node_modules/@testing-library/react/dist/pure.js:[2m291:10[22m[39m
[36m [2mΓ¥»[22m renderSuppliersPage tests/SuppliersPage.test.tsx:[2m119:10[22m[39m
    [90m117| [39m
    [90m118| [39m[35mfunction[39m [34mrenderSuppliersPage[39m() {
    [90m119| [39m  [35mreturn[39m [34mrender[39m(
    [90m   | [39m         [31m^[39m
    [90m120| [39m    [33m<[39m[33mMemoryRouter[39m[33m>[39m
    [90m121| [39m      [33m<[39m[33mSuppliersPage[39m [33m/[39m[33m>[39m
[90m [2mΓ¥»[22m tests/SuppliersPage.test.tsx:[2m242:5[22m[39m

[31m[2mΓÄ»ΓÄ»ΓÄ»ΓÄ»ΓÄ»ΓÄ»ΓÄ»ΓÄ»ΓÄ»ΓÄ»ΓÄ»ΓÄ»ΓÄ»ΓÄ»ΓÄ»ΓÄ»ΓÄ»ΓÄ»ΓÄ»ΓÄ»[216/486]ΓÄ»[22m[39m

[41m[1m FAIL [22m[49m tests/SuppliersPage.test.tsx[2m > [22mSuppliersPage[2m > [22mhides New Supplier button for clinical_staff role
[31m[1mTypeError[22m: React.act is not a function[39m
[90m [2mΓ¥»[22m exports.act ../node_modules/react-dom/cjs/react-dom-test-utils.production.js:[2m20:16[22m[39m
[90m [2mΓ¥»[22m ../node_modules/@testing-library/react/dist/act-compat.js:[2m46:25[22m[39m
[90m [2mΓ¥»[22m renderRoot ../node_modules/@testing-library/react/dist/pure.js:[2m189:26[22m[39m
[90m [2mΓ¥»[22m Proxy.render ../node_modules/@testing-library/react/dist/pure.js:[2m291:10[22m[39m
[36m [2mΓ¥»[22m renderSuppliersPage tests/SuppliersPage.test.tsx:[2m119:10[22m[39m
    [90m117| [39m
    [90m118| [39m[35mfunction[39m [34mrenderSuppliersPage[39m() {
    [90m119| [39m  [35mreturn[39m [34mrender[39m(
    [90m   | [39m         [31m^[39m
    [90m120| [39m    [33m<[39m[33mMemoryRouter[39m[33m>[39m
    [90m121| [39m      [33m<[39m[33mSuppliersPage[39m [33m/[39m[33m>[39m
[90m [2mΓ¥»[22m tests/SuppliersPage.test.tsx:[2m253:5[22m[39m

[31m[2mΓÄ»ΓÄ»ΓÄ»ΓÄ»ΓÄ»ΓÄ»ΓÄ»ΓÄ»ΓÄ»ΓÄ»ΓÄ»ΓÄ»ΓÄ»ΓÄ»ΓÄ»ΓÄ»ΓÄ»ΓÄ»ΓÄ»ΓÄ»[217/486]ΓÄ»[22m[39m

[41m[1m FAIL [22m[49m tests/SuppliersPage.test.tsx[2m > [22mSuppliersPage[2m > [22mcreates a new supplier and adds it to the list
[31m[1mTypeError[22m: React.act is not a function[39m
[90m [2mΓ¥»[22m exports.act ../node_modules/react-dom/cjs/react-dom-test-utils.production.js:[2m20:16[22m[39m
[90m [2mΓ¥»[22m ../node_modules/@testing-library/react/dist/act-compat.js:[2m46:25[22m[39m
[90m [2mΓ¥»[22m renderRoot ../node_modules/@testing-library/react/dist/pure.js:[2m189:26[22m[39m
[90m [2mΓ¥»[22m Proxy.render ../node_modules/@testing-library/react/dist/pure.js:[2m291:10[22m[39m
[36m [2mΓ¥»[22m renderSuppliersPage tests/SuppliersPage.test.tsx:[2m119:10[22m[39m
    [90m117| [39m
    [90m118| [39m[35mfunction[39m [34mrenderSuppliersPage[39m() {
    [90m119| [39m  [35mreturn[39m [34mrender[39m(
    [90m   | [39m         [31m^[39m
    [90m120| [39m    [33m<[39m[33mMemoryRouter[39m[33m>[39m
    [90m121| [39m      [33m<[39m[33mSuppliersPage[39m [33m/[39m[33m>[39m
[90m [2mΓ¥»[22m tests/SuppliersPage.test.tsx:[2m277:5[22m[39m

[31m[2mΓÄ»ΓÄ»ΓÄ»ΓÄ»ΓÄ»ΓÄ»ΓÄ»ΓÄ»ΓÄ»ΓÄ»ΓÄ»ΓÄ»ΓÄ»ΓÄ»ΓÄ»ΓÄ»ΓÄ»ΓÄ»ΓÄ»ΓÄ»[218/486]ΓÄ»[22m[39m

[41m[1m FAIL [22m[49m tests/SuppliersPage.test.tsx[2m > [22mSuppliersPage[2m > [22mshows admin user can also create suppliers
[31m[1mTypeError[22m: React.act is not a function[39m
[90m [2mΓ¥»[22m exports.act ../node_modules/react-dom/cjs/react-dom-test-utils.production.js:[2m20:16[22m[39m
[90m [2mΓ¥»[22m ../node_modules/@testing-library/react/dist/act-compat.js:[2m46:25[22m[39m
[90m [2mΓ¥»[22m renderRoot ../node_modules/@testing-library/react/dist/pure.js:[2m189:26[22m[39m
[90m [2mΓ¥»[22m Proxy.render ../node_modules/@testing-library/react/dist/pure.js:[2m291:10[22m[39m
[36m [2mΓ¥»[22m renderSuppliersPage tests/SuppliersPage.test.tsx:[2m119:10[22m[39m
    [90m117| [39m
    [90m118| [39m[35mfunction[39m [34mrenderSuppliersPage[39m() {
    [90m119| [39m  [35mreturn[39m [34mrender[39m(
    [90m   | [39m         [31m^[39m
    [90m120| [39m    [33m<[39m[33mMemoryRouter[39m[33m>[39m
    [90m121| [39m      [33m<[39m[33mSuppliersPage[39m [33m/[39m[33m>[39m
[90m [2mΓ¥»[22m tests/SuppliersPage.test.tsx:[2m302:5[22m[39m

[31m[2mΓÄ»ΓÄ»ΓÄ»ΓÄ»ΓÄ»ΓÄ»ΓÄ»ΓÄ»ΓÄ»ΓÄ»ΓÄ»ΓÄ»ΓÄ»ΓÄ»ΓÄ»ΓÄ»ΓÄ»ΓÄ»ΓÄ»ΓÄ»[219/486]ΓÄ»[22m[39m

[41m[1m FAIL [22m[49m tests/SuppliersPage.test.tsx[2m > [22mSuppliersPage[2m > [22mshows Edit button for manager/admin but not for 
clinical_staff
[31m[1mTypeError[22m: React.act is not a function[39m
[90m [2mΓ¥»[22m exports.act ../node_modules/react-dom/cjs/react-dom-test-utils.production.js:[2m20:16[22m[39m
[90m [2mΓ¥»[22m ../node_modules/@testing-library/react/dist/act-compat.js:[2m46:25[22m[39m
[90m [2mΓ¥»[22m renderRoot ../node_modules/@testing-library/react/dist/pure.js:[2m189:26[22m[39m
[90m [2mΓ¥»[22m Proxy.render ../node_modules/@testing-library/react/dist/pure.js:[2m291:10[22m[39m
[36m [2mΓ¥»[22m renderSuppliersPage tests/SuppliersPage.test.tsx:[2m119:10[22m[39m
    [90m117| [39m
    [90m118| [39m[35mfunction[39m [34mrenderSuppliersPage[39m() {
    [90m119| [39m  [35mreturn[39m [34mrender[39m(
    [90m   | [39m         [31m^[39m
    [90m120| [39m    [33m<[39m[33mMemoryRouter[39m[33m>[39m
    [90m121| [39m      [33m<[39m[33mSuppliersPage[39m [33m/[39m[33m>[39m
[90m [2mΓ¥»[22m tests/SuppliersPage.test.tsx:[2m312:5[22m[39m

[31m[2mΓÄ»ΓÄ»ΓÄ»ΓÄ»ΓÄ»ΓÄ»ΓÄ»ΓÄ»ΓÄ»ΓÄ»ΓÄ»ΓÄ»ΓÄ»ΓÄ»ΓÄ»ΓÄ»ΓÄ»ΓÄ»ΓÄ»ΓÄ»[220/486]ΓÄ»[22m[39m

[41m[1m FAIL [22m[49m tests/SuppliersPage.test.tsx[2m > [22mSuppliersPage[2m > [22mhides Edit buttons for clinical_staff
[31m[1mTypeError[22m: React.act is not a function[39m
[90m [2mΓ¥»[22m exports.act ../node_modules/react-dom/cjs/react-dom-test-utils.production.js:[2m20:16[22m[39m
[90m [2mΓ¥»[22m ../node_modules/@testing-library/react/dist/act-compat.js:[2m46:25[22m[39m
[90m [2mΓ¥»[22m renderRoot ../node_modules/@testing-library/react/dist/pure.js:[2m189:26[22m[39m
[90m [2mΓ¥»[22m Proxy.render ../node_modules/@testing-library/react/dist/pure.js:[2m291:10[22m[39m
[36m [2mΓ¥»[22m renderSuppliersPage tests/SuppliersPage.test.tsx:[2m119:10[22m[39m
    [90m117| [39m
    [90m118| [39m[35mfunction[39m [34mrenderSuppliersPage[39m() {
    [90m119| [39m  [35mreturn[39m [34mrender[39m(
    [90m   | [39m         [31m^[39m
    [90m120| [39m    [33m<[39m[33mMemoryRouter[39m[33m>[39m
    [90m121| [39m      [33m<[39m[33mSuppliersPage[39m [33m/[39m[33m>[39m
[90m [2mΓ¥»[22m tests/SuppliersPage.test.tsx:[2m327:5[22m[39m

[31m[2mΓÄ»ΓÄ»ΓÄ»ΓÄ»ΓÄ»ΓÄ»ΓÄ»ΓÄ»ΓÄ»ΓÄ»ΓÄ»ΓÄ»ΓÄ»ΓÄ»ΓÄ»ΓÄ»ΓÄ»ΓÄ»ΓÄ»ΓÄ»[221/486]ΓÄ»[22m[39m

[41m[1m FAIL [22m[49m tests/SuppliersPage.test.tsx[2m > [22mSuppliersPage[2m > [22mopens the Edit modal when Edit button is clicked
[31m[1mTypeError[22m: React.act is not a function[39m
[90m [2mΓ¥»[22m exports.act ../node_modules/react-dom/cjs/react-dom-test-utils.production.js:[2m20:16[22m[39m
[90m [2mΓ¥»[22m ../node_modules/@testing-library/react/dist/act-compat.js:[2m46:25[22m[39m
[90m [2mΓ¥»[22m renderRoot ../node_modules/@testing-library/react/dist/pure.js:[2m189:26[22m[39m
[90m [2mΓ¥»[22m Proxy.render ../node_modules/@testing-library/react/dist/pure.js:[2m291:10[22m[39m
[36m [2mΓ¥»[22m renderSuppliersPage tests/SuppliersPage.test.tsx:[2m119:10[22m[39m
    [90m117| [39m
    [90m118| [39m[35mfunction[39m [34mrenderSuppliersPage[39m() {
    [90m119| [39m  [35mreturn[39m [34mrender[39m(
    [90m   | [39m         [31m^[39m
    [90m120| [39m    [33m<[39m[33mMemoryRouter[39m[33m>[39m
    [90m121| [39m      [33m<[39m[33mSuppliersPage[39m [33m/[39m[33m>[39m
[90m [2mΓ¥»[22m tests/SuppliersPage.test.tsx:[2m336:5[22m[39m

[31m[2mΓÄ»ΓÄ»ΓÄ»ΓÄ»ΓÄ»ΓÄ»ΓÄ»ΓÄ»ΓÄ»ΓÄ»ΓÄ»ΓÄ»ΓÄ»ΓÄ»ΓÄ»ΓÄ»ΓÄ»ΓÄ»ΓÄ»ΓÄ»[222/486]ΓÄ»[22m[39m

[41m[1m FAIL [22m[49m tests/SuppliersPage.test.tsx[2m > [22mSuppliersPage[2m > [22mpre-populates the edit form with the supplier's current 
values
[31m[1mTypeError[22m: React.act is not a function[39m
[90m [2mΓ¥»[22m exports.act ../node_modules/react-dom/cjs/react-dom-test-utils.production.js:[2m20:16[22m[39m
[90m [2mΓ¥»[22m ../node_modules/@testing-library/react/dist/act-compat.js:[2m46:25[22m[39m
[90m [2mΓ¥»[22m renderRoot ../node_modules/@testing-library/react/dist/pure.js:[2m189:26[22m[39m
[90m [2mΓ¥»[22m Proxy.render ../node_modules/@testing-library/react/dist/pure.js:[2m291:10[22m[39m
[36m [2mΓ¥»[22m renderSuppliersPage tests/SuppliersPage.test.tsx:[2m119:10[22m[39m
    [90m117| [39m
    [90m118| [39m[35mfunction[39m [34mrenderSuppliersPage[39m() {
    [90m119| [39m  [35mreturn[39m [34mrender[39m(
    [90m   | [39m         [31m^[39m
    [90m120| [39m    [33m<[39m[33mMemoryRouter[39m[33m>[39m
    [90m121| [39m      [33m<[39m[33mSuppliersPage[39m [33m/[39m[33m>[39m
[90m [2mΓ¥»[22m tests/SuppliersPage.test.tsx:[2m351:5[22m[39m

[31m[2mΓÄ»ΓÄ»ΓÄ»ΓÄ»ΓÄ»ΓÄ»ΓÄ»ΓÄ»ΓÄ»ΓÄ»ΓÄ»ΓÄ»ΓÄ»ΓÄ»ΓÄ»ΓÄ»ΓÄ»ΓÄ»ΓÄ»ΓÄ»[223/486]ΓÄ»[22m[39m

[41m[1m FAIL [22m[49m tests/SuppliersPage.test.tsx[2m > [22mSuppliersPage[2m > [22msubmits updated supplier values and updates the list
[31m[1mTypeError[22m: React.act is not a function[39m
[90m [2mΓ¥»[22m exports.act ../node_modules/react-dom/cjs/react-dom-test-utils.production.js:[2m20:16[22m[39m
[90m [2mΓ¥»[22m ../node_modules/@testing-library/react/dist/act-compat.js:[2m46:25[22m[39m
[90m [2mΓ¥»[22m renderRoot ../node_modules/@testing-library/react/dist/pure.js:[2m189:26[22m[39m
[90m [2mΓ¥»[22m Proxy.render ../node_modules/@testing-library/react/dist/pure.js:[2m291:10[22m[39m
[36m [2mΓ¥»[22m renderSuppliersPage tests/SuppliersPage.test.tsx:[2m119:10[22m[39m
    [90m117| [39m
    [90m118| [39m[35mfunction[39m [34mrenderSuppliersPage[39m() {
    [90m119| [39m  [35mreturn[39m [34mrender[39m(
    [90m   | [39m         [31m^[39m
    [90m120| [39m    [33m<[39m[33mMemoryRouter[39m[33m>[39m
    [90m121| [39m      [33m<[39m[33mSuppliersPage[39m [33m/[39m[33m>[39m
[90m [2mΓ¥»[22m tests/SuppliersPage.test.tsx:[2m374:5[22m[39m

[31m[2mΓÄ»ΓÄ»ΓÄ»ΓÄ»ΓÄ»ΓÄ»ΓÄ»ΓÄ»ΓÄ»ΓÄ»ΓÄ»ΓÄ»ΓÄ»ΓÄ»ΓÄ»ΓÄ»ΓÄ»ΓÄ»ΓÄ»ΓÄ»[224/486]ΓÄ»[22m[39m

[41m[1m FAIL [22m[49m tests/SuppliersPage.test.tsx[2m > [22mSuppliersPage[2m > [22mshows validation error if supplier name is cleared in 
edit form
[31m[1mTypeError[22m: React.act is not a function[39m
[90m [2mΓ¥»[22m exports.act ../node_modules/react-dom/cjs/react-dom-test-utils.production.js:[2m20:16[22m[39m
[90m [2mΓ¥»[22m ../node_modules/@testing-library/react/dist/act-compat.js:[2m46:25[22m[39m
[90m [2mΓ¥»[22m renderRoot ../node_modules/@testing-library/react/dist/pure.js:[2m189:26[22m[39m
[90m [2mΓ¥»[22m Proxy.render ../node_modules/@testing-library/react/dist/pure.js:[2m291:10[22m[39m
[36m [2mΓ¥»[22m renderSuppliersPage tests/SuppliersPage.test.tsx:[2m119:10[22m[39m
    [90m117| [39m
    [90m118| [39m[35mfunction[39m [34mrenderSuppliersPage[39m() {
    [90m119| [39m  [35mreturn[39m [34mrender[39m(
    [90m   | [39m         [31m^[39m
    [90m120| [39m    [33m<[39m[33mMemoryRouter[39m[33m>[39m
    [90m121| [39m      [33m<[39m[33mSuppliersPage[39m [33m/[39m[33m>[39m
[90m [2mΓ¥»[22m tests/SuppliersPage.test.tsx:[2m401:5[22m[39m

[31m[2mΓÄ»ΓÄ»ΓÄ»ΓÄ»ΓÄ»ΓÄ»ΓÄ»ΓÄ»ΓÄ»ΓÄ»ΓÄ»ΓÄ»ΓÄ»ΓÄ»ΓÄ»ΓÄ»ΓÄ»ΓÄ»ΓÄ»ΓÄ»[225/486]ΓÄ»[22m[39m

[41m[1m FAIL [22m[49m tests/SuppliersPage.test.tsx[2m > [22mSuppliersPage[2m > [22mshows Deactivate button for active suppliers (manager)
[31m[1mTypeError[22m: React.act is not a function[39m
[90m [2mΓ¥»[22m exports.act ../node_modules/react-dom/cjs/react-dom-test-utils.production.js:[2m20:16[22m[39m
[90m [2mΓ¥»[22m ../node_modules/@testing-library/react/dist/act-compat.js:[2m46:25[22m[39m
[90m [2mΓ¥»[22m renderRoot ../node_modules/@testing-library/react/dist/pure.js:[2m189:26[22m[39m
[90m [2mΓ¥»[22m Proxy.render ../node_modules/@testing-library/react/dist/pure.js:[2m291:10[22m[39m
[36m [2mΓ¥»[22m renderSuppliersPage tests/SuppliersPage.test.tsx:[2m119:10[22m[39m
    [90m117| [39m
    [90m118| [39m[35mfunction[39m [34mrenderSuppliersPage[39m() {
    [90m119| [39m  [35mreturn[39m [34mrender[39m(
    [90m   | [39m         [31m^[39m
    [90m120| [39m    [33m<[39m[33mMemoryRouter[39m[33m>[39m
    [90m121| [39m      [33m<[39m[33mSuppliersPage[39m [33m/[39m[33m>[39m
[90m [2mΓ¥»[22m tests/SuppliersPage.test.tsx:[2m421:5[22m[39m

[31m[2mΓÄ»ΓÄ»ΓÄ»ΓÄ»ΓÄ»ΓÄ»ΓÄ»ΓÄ»ΓÄ»ΓÄ»ΓÄ»ΓÄ»ΓÄ»ΓÄ»ΓÄ»ΓÄ»ΓÄ»ΓÄ»ΓÄ»ΓÄ»[226/486]ΓÄ»[22m[39m

[41m[1m FAIL [22m[49m tests/SuppliersPage.test.tsx[2m > [22mSuppliersPage[2m > [22mshows Reactivate button for inactive suppliers (manager)
[31m[1mTypeError[22m: React.act is not a function[39m
[90m [2mΓ¥»[22m exports.act ../node_modules/react-dom/cjs/react-dom-test-utils.production.js:[2m20:16[22m[39m
[90m [2mΓ¥»[22m ../node_modules/@testing-library/react/dist/act-compat.js:[2m46:25[22m[39m
[90m [2mΓ¥»[22m renderRoot ../node_modules/@testing-library/react/dist/pure.js:[2m189:26[22m[39m
[90m [2mΓ¥»[22m Proxy.render ../node_modules/@testing-library/react/dist/pure.js:[2m291:10[22m[39m
[36m [2mΓ¥»[22m renderSuppliersPage tests/SuppliersPage.test.tsx:[2m119:10[22m[39m
    [90m117| [39m
    [90m118| [39m[35mfunction[39m [34mrenderSuppliersPage[39m() {
    [90m119| [39m  [35mreturn[39m [34mrender[39m(
    [90m   | [39m         [31m^[39m
    [90m120| [39m    [33m<[39m[33mMemoryRouter[39m[33m>[39m
    [90m121| [39m      [33m<[39m[33mSuppliersPage[39m [33m/[39m[33m>[39m
[90m [2mΓ¥»[22m tests/SuppliersPage.test.tsx:[2m429:5[22m[39m

[31m[2mΓÄ»ΓÄ»ΓÄ»ΓÄ»ΓÄ»ΓÄ»ΓÄ»ΓÄ»ΓÄ»ΓÄ»ΓÄ»ΓÄ»ΓÄ»ΓÄ»ΓÄ»ΓÄ»ΓÄ»ΓÄ»ΓÄ»ΓÄ»[227/486]ΓÄ»[22m[39m

[41m[1m FAIL [22m[49m tests/SuppliersPage.test.tsx[2m > [22mSuppliersPage[2m > [22mhides Deactivate/Reactivate buttons for clinical_staff
[31m[1mTypeError[22m: React.act is not a function[39m
[90m [2mΓ¥»[22m exports.act ../node_modules/react-dom/cjs/react-dom-test-utils.production.js:[2m20:16[22m[39m
[90m [2mΓ¥»[22m ../node_modules/@testing-library/react/dist/act-compat.js:[2m46:25[22m[39m
[90m [2mΓ¥»[22m renderRoot ../node_modules/@testing-library/react/dist/pure.js:[2m189:26[22m[39m
[90m [2mΓ¥»[22m Proxy.render ../node_modules/@testing-library/react/dist/pure.js:[2m291:10[22m[39m
[36m [2mΓ¥»[22m renderSuppliersPage tests/SuppliersPage.test.tsx:[2m119:10[22m[39m
    [90m117| [39m
    [90m118| [39m[35mfunction[39m [34mrenderSuppliersPage[39m() {
    [90m119| [39m  [35mreturn[39m [34mrender[39m(
    [90m   | [39m         [31m^[39m
    [90m120| [39m    [33m<[39m[33mMemoryRouter[39m[33m>[39m
    [90m121| [39m      [33m<[39m[33mSuppliersPage[39m [33m/[39m[33m>[39m
[90m [2mΓ¥»[22m tests/SuppliersPage.test.tsx:[2m440:5[22m[39m

[31m[2mΓÄ»ΓÄ»ΓÄ»ΓÄ»ΓÄ»ΓÄ»ΓÄ»ΓÄ»ΓÄ»ΓÄ»ΓÄ»ΓÄ»ΓÄ»ΓÄ»ΓÄ»ΓÄ»ΓÄ»ΓÄ»ΓÄ»ΓÄ»[228/486]ΓÄ»[22m[39m

[41m[1m FAIL [22m[49m tests/SuppliersPage.test.tsx[2m > [22mSuppliersPage[2m > [22mopens a confirmation dialog when Deactivate is clicked
[31m[1mTypeError[22m: React.act is not a function[39m
[90m [2mΓ¥»[22m exports.act ../node_modules/react-dom/cjs/react-dom-test-utils.production.js:[2m20:16[22m[39m
[90m [2mΓ¥»[22m ../node_modules/@testing-library/react/dist/act-compat.js:[2m46:25[22m[39m
[90m [2mΓ¥»[22m renderRoot ../node_modules/@testing-library/react/dist/pure.js:[2m189:26[22m[39m
[90m [2mΓ¥»[22m Proxy.render ../node_modules/@testing-library/react/dist/pure.js:[2m291:10[22m[39m
[36m [2mΓ¥»[22m renderSuppliersPage tests/SuppliersPage.test.tsx:[2m119:10[22m[39m
    [90m117| [39m
    [90m118| [39m[35mfunction[39m [34mrenderSuppliersPage[39m() {
    [90m119| [39m  [35mreturn[39m [34mrender[39m(
    [90m   | [39m         [31m^[39m
    [90m120| [39m    [33m<[39m[33mMemoryRouter[39m[33m>[39m
    [90m121| [39m      [33m<[39m[33mSuppliersPage[39m [33m/[39m[33m>[39m
[90m [2mΓ¥»[22m tests/SuppliersPage.test.tsx:[2m450:5[22m[39m

[31m[2mΓÄ»ΓÄ»ΓÄ»ΓÄ»ΓÄ»ΓÄ»ΓÄ»ΓÄ»ΓÄ»ΓÄ»ΓÄ»ΓÄ»ΓÄ»ΓÄ»ΓÄ»ΓÄ»ΓÄ»ΓÄ»ΓÄ»ΓÄ»[229/486]ΓÄ»[22m[39m

[41m[1m FAIL [22m[49m tests/SuppliersPage.test.tsx[2m > [22mSuppliersPage[2m > [22mcalls updateSupplier with active=false and updates the 
list on confirm
[31m[1mTypeError[22m: React.act is not a function[39m
[90m [2mΓ¥»[22m exports.act ../node_modules/react-dom/cjs/react-dom-test-utils.production.js:[2m20:16[22m[39m
[90m [2mΓ¥»[22m ../node_modules/@testing-library/react/dist/act-compat.js:[2m46:25[22m[39m
[90m [2mΓ¥»[22m renderRoot ../node_modules/@testing-library/react/dist/pure.js:[2m189:26[22m[39m
[90m [2mΓ¥»[22m Proxy.render ../node_modules/@testing-library/react/dist/pure.js:[2m291:10[22m[39m
[36m [2mΓ¥»[22m renderSuppliersPage tests/SuppliersPage.test.tsx:[2m119:10[22m[39m
    [90m117| [39m
    [90m118| [39m[35mfunction[39m [34mrenderSuppliersPage[39m() {
    [90m119| [39m  [35mreturn[39m [34mrender[39m(
    [90m   | [39m         [31m^[39m
    [90m120| [39m    [33m<[39m[33mMemoryRouter[39m[33m>[39m
    [90m121| [39m      [33m<[39m[33mSuppliersPage[39m [33m/[39m[33m>[39m
[90m [2mΓ¥»[22m tests/SuppliersPage.test.tsx:[2m466:5[22m[39m

[31m[2mΓÄ»ΓÄ»ΓÄ»ΓÄ»ΓÄ»ΓÄ»ΓÄ»ΓÄ»ΓÄ»ΓÄ»ΓÄ»ΓÄ»ΓÄ»ΓÄ»ΓÄ»ΓÄ»ΓÄ»ΓÄ»ΓÄ»ΓÄ»[230/486]ΓÄ»[22m[39m

[41m[1m FAIL [22m[49m tests/SuppliersPage.test.tsx[2m > [22mSuppliersPage[2m > [22mcalls updateSupplier with active=true on reactivate 
confirm
[31m[1mTypeError[22m: React.act is not a function[39m
[90m [2mΓ¥»[22m exports.act ../node_modules/react-dom/cjs/react-dom-test-utils.production.js:[2m20:16[22m[39m
[90m [2mΓ¥»[22m ../node_modules/@testing-library/react/dist/act-compat.js:[2m46:25[22m[39m
[90m [2mΓ¥»[22m renderRoot ../node_modules/@testing-library/react/dist/pure.js:[2m189:26[22m[39m
[90m [2mΓ¥»[22m Proxy.render ../node_modules/@testing-library/react/dist/pure.js:[2m291:10[22m[39m
[36m [2mΓ¥»[22m renderSuppliersPage tests/SuppliersPage.test.tsx:[2m119:10[22m[39m
    [90m117| [39m
    [90m118| [39m[35mfunction[39m [34mrenderSuppliersPage[39m() {
    [90m119| [39m  [35mreturn[39m [34mrender[39m(
    [90m   | [39m         [31m^[39m
    [90m120| [39m    [33m<[39m[33mMemoryRouter[39m[33m>[39m
    [90m121| [39m      [33m<[39m[33mSuppliersPage[39m [33m/[39m[33m>[39m
[90m [2mΓ¥»[22m tests/SuppliersPage.test.tsx:[2m488:5[22m[39m

[31m[2mΓÄ»ΓÄ»ΓÄ»ΓÄ»ΓÄ»ΓÄ»ΓÄ»ΓÄ»ΓÄ»ΓÄ»ΓÄ»ΓÄ»ΓÄ»ΓÄ»ΓÄ»ΓÄ»ΓÄ»ΓÄ»ΓÄ»ΓÄ»[231/486]ΓÄ»[22m[39m

[41m[1m FAIL [22m[49m tests/SuppliersPage.test.tsx[2m > [22mSuppliersPage[2m > [22mdismisses confirmation dialog without calling API when 
Cancel is clicked
[31m[1mTypeError[22m: React.act is not a function[39m
[90m [2mΓ¥»[22m exports.act ../node_modules/react-dom/cjs/react-dom-test-utils.production.js:[2m20:16[22m[39m
[90m [2mΓ¥»[22m ../node_modules/@testing-library/react/dist/act-compat.js:[2m46:25[22m[39m
[90m [2mΓ¥»[22m renderRoot ../node_modules/@testing-library/react/dist/pure.js:[2m189:26[22m[39m
[90m [2mΓ¥»[22m Proxy.render ../node_modules/@testing-library/react/dist/pure.js:[2m291:10[22m[39m
[36m [2mΓ¥»[22m renderSuppliersPage tests/SuppliersPage.test.tsx:[2m119:10[22m[39m
    [90m117| [39m
    [90m118| [39m[35mfunction[39m [34mrenderSuppliersPage[39m() {
    [90m119| [39m  [35mreturn[39m [34mrender[39m(
    [90m   | [39m         [31m^[39m
    [90m120| [39m    [33m<[39m[33mMemoryRouter[39m[33m>[39m
    [90m121| [39m      [33m<[39m[33mSuppliersPage[39m [33m/[39m[33m>[39m
[90m [2mΓ¥»[22m tests/SuppliersPage.test.tsx:[2m507:5[22m[39m

[31m[2mΓÄ»ΓÄ»ΓÄ»ΓÄ»ΓÄ»ΓÄ»ΓÄ»ΓÄ»ΓÄ»ΓÄ»ΓÄ»ΓÄ»ΓÄ»ΓÄ»ΓÄ»ΓÄ»ΓÄ»ΓÄ»ΓÄ»ΓÄ»[232/486]ΓÄ»[22m[39m

[41m[1m FAIL [22m[49m tests/SuppliersPage.test.tsx[2m > [22mSuppliersPage[2m > [22mnever shows a Delete button ΓÇö hard delete is not 
supported by the backend
[31m[1mTypeError[22m: React.act is not a function[39m
[90m [2mΓ¥»[22m exports.act ../node_modules/react-dom/cjs/react-dom-test-utils.production.js:[2m20:16[22m[39m
[90m [2mΓ¥»[22m ../node_modules/@testing-library/react/dist/act-compat.js:[2m46:25[22m[39m
[90m [2mΓ¥»[22m renderRoot ../node_modules/@testing-library/react/dist/pure.js:[2m189:26[22m[39m
[90m [2mΓ¥»[22m Proxy.render ../node_modules/@testing-library/react/dist/pure.js:[2m291:10[22m[39m
[36m [2mΓ¥»[22m renderSuppliersPage tests/SuppliersPage.test.tsx:[2m119:10[22m[39m
    [90m117| [39m
    [90m118| [39m[35mfunction[39m [34mrenderSuppliersPage[39m() {
    [90m119| [39m  [35mreturn[39m [34mrender[39m(
    [90m   | [39m         [31m^[39m
    [90m120| [39m    [33m<[39m[33mMemoryRouter[39m[33m>[39m
    [90m121| [39m      [33m<[39m[33mSuppliersPage[39m [33m/[39m[33m>[39m
[90m [2mΓ¥»[22m tests/SuppliersPage.test.tsx:[2m521:5[22m[39m

[31m[2mΓÄ»ΓÄ»ΓÄ»ΓÄ»ΓÄ»ΓÄ»ΓÄ»ΓÄ»ΓÄ»ΓÄ»ΓÄ»ΓÄ»ΓÄ»ΓÄ»ΓÄ»ΓÄ»ΓÄ»ΓÄ»ΓÄ»ΓÄ»[233/486]ΓÄ»[22m[39m

[41m[1m FAIL [22m[49m tests/TimesheetsPage.test.tsx[2m > [22museTimesheets ΓÇö API routing[2m > [22mclinical_staff calls listMyTimesheets 
(not listTimesheets)
[31m[1mTypeError[22m: React.act is not a function[39m
[90m [2mΓ¥»[22m exports.act ../node_modules/react-dom/cjs/react-dom-test-utils.production.js:[2m20:16[22m[39m
[90m [2mΓ¥»[22m ../node_modules/@testing-library/react/dist/act-compat.js:[2m46:25[22m[39m
[90m [2mΓ¥»[22m renderRoot ../node_modules/@testing-library/react/dist/pure.js:[2m189:26[22m[39m
[90m [2mΓ¥»[22m Proxy.render ../node_modules/@testing-library/react/dist/pure.js:[2m291:10[22m[39m
[36m [2mΓ¥»[22m renderTimesheetsPage tests/TimesheetsPage.test.tsx:[2m81:10[22m[39m
    [90m 79| [39m
    [90m 80| [39m[35mfunction[39m [34mrenderTimesheetsPage[39m(user[33m:[39m [33mAuthUser[39m) {
    [90m 81| [39m  [35mreturn[39m [34mrender[39m(
    [90m   | [39m         [31m^[39m
    [90m 82| [39m    [33m<[39m[33mAuthContext[39m[33m.[39m[33mProvider[39m 
[33mvalue[39m[33m=[39m[33m{[39m[34mmakeAuthContext[39m(user)[33m}[39m[33m>[39m
    [90m 83| [39m      [33m<[39m[33mMemoryRouter[39m[33m>[39m
[90m [2mΓ¥»[22m tests/TimesheetsPage.test.tsx:[2m104:5[22m[39m

[31m[2mΓÄ»ΓÄ»ΓÄ»ΓÄ»ΓÄ»ΓÄ»ΓÄ»ΓÄ»ΓÄ»ΓÄ»ΓÄ»ΓÄ»ΓÄ»ΓÄ»ΓÄ»ΓÄ»ΓÄ»ΓÄ»ΓÄ»ΓÄ»[234/486]ΓÄ»[22m[39m

[41m[1m FAIL [22m[49m tests/TimesheetsPage.test.tsx[2m > [22museTimesheets ΓÇö API routing[2m > [22mgroup_practice_manager calls 
listTimesheets (not listMyTimesheets)
[31m[1mTypeError[22m: React.act is not a function[39m
[90m [2mΓ¥»[22m exports.act ../node_modules/react-dom/cjs/react-dom-test-utils.production.js:[2m20:16[22m[39m
[90m [2mΓ¥»[22m ../node_modules/@testing-library/react/dist/act-compat.js:[2m46:25[22m[39m
[90m [2mΓ¥»[22m renderRoot ../node_modules/@testing-library/react/dist/pure.js:[2m189:26[22m[39m
[90m [2mΓ¥»[22m Proxy.render ../node_modules/@testing-library/react/dist/pure.js:[2m291:10[22m[39m
[36m [2mΓ¥»[22m renderTimesheetsPage tests/TimesheetsPage.test.tsx:[2m81:10[22m[39m
    [90m 79| [39m
    [90m 80| [39m[35mfunction[39m [34mrenderTimesheetsPage[39m(user[33m:[39m [33mAuthUser[39m) {
    [90m 81| [39m  [35mreturn[39m [34mrender[39m(
    [90m   | [39m         [31m^[39m
    [90m 82| [39m    [33m<[39m[33mAuthContext[39m[33m.[39m[33mProvider[39m 
[33mvalue[39m[33m=[39m[33m{[39m[34mmakeAuthContext[39m(user)[33m}[39m[33m>[39m
    [90m 83| [39m      [33m<[39m[33mMemoryRouter[39m[33m>[39m
[90m [2mΓ¥»[22m tests/TimesheetsPage.test.tsx:[2m116:5[22m[39m

[31m[2mΓÄ»ΓÄ»ΓÄ»ΓÄ»ΓÄ»ΓÄ»ΓÄ»ΓÄ»ΓÄ»ΓÄ»ΓÄ»ΓÄ»ΓÄ»ΓÄ»ΓÄ»ΓÄ»ΓÄ»ΓÄ»ΓÄ»ΓÄ»[235/486]ΓÄ»[22m[39m

[41m[1m FAIL [22m[49m tests/TimesheetsPage.test.tsx[2m > [22museTimesheets ΓÇö API routing[2m > [22mowner_admin calls listTimesheets (not 
listMyTimesheets)
[31m[1mTypeError[22m: React.act is not a function[39m
[90m [2mΓ¥»[22m exports.act ../node_modules/react-dom/cjs/react-dom-test-utils.production.js:[2m20:16[22m[39m
[90m [2mΓ¥»[22m ../node_modules/@testing-library/react/dist/act-compat.js:[2m46:25[22m[39m
[90m [2mΓ¥»[22m renderRoot ../node_modules/@testing-library/react/dist/pure.js:[2m189:26[22m[39m
[90m [2mΓ¥»[22m Proxy.render ../node_modules/@testing-library/react/dist/pure.js:[2m291:10[22m[39m
[36m [2mΓ¥»[22m renderTimesheetsPage tests/TimesheetsPage.test.tsx:[2m81:10[22m[39m
    [90m 79| [39m
    [90m 80| [39m[35mfunction[39m [34mrenderTimesheetsPage[39m(user[33m:[39m [33mAuthUser[39m) {
    [90m 81| [39m  [35mreturn[39m [34mrender[39m(
    [90m   | [39m         [31m^[39m
    [90m 82| [39m    [33m<[39m[33mAuthContext[39m[33m.[39m[33mProvider[39m 
[33mvalue[39m[33m=[39m[33m{[39m[34mmakeAuthContext[39m(user)[33m}[39m[33m>[39m
    [90m 83| [39m      [33m<[39m[33mMemoryRouter[39m[33m>[39m
[90m [2mΓ¥»[22m tests/TimesheetsPage.test.tsx:[2m128:5[22m[39m

[31m[2mΓÄ»ΓÄ»ΓÄ»ΓÄ»ΓÄ»ΓÄ»ΓÄ»ΓÄ»ΓÄ»ΓÄ»ΓÄ»ΓÄ»ΓÄ»ΓÄ»ΓÄ»ΓÄ»ΓÄ»ΓÄ»ΓÄ»ΓÄ»[236/486]ΓÄ»[22m[39m

[41m[1m FAIL [22m[49m tests/TimesheetsPage.test.tsx[2m > [22mTimesheetsPage ΓÇö UX states[2m > [22mshows a loading indicator while fetching
[31m[1mTypeError[22m: React.act is not a function[39m
[90m [2mΓ¥»[22m exports.act ../node_modules/react-dom/cjs/react-dom-test-utils.production.js:[2m20:16[22m[39m
[90m [2mΓ¥»[22m ../node_modules/@testing-library/react/dist/act-compat.js:[2m46:25[22m[39m
[90m [2mΓ¥»[22m renderRoot ../node_modules/@testing-library/react/dist/pure.js:[2m189:26[22m[39m
[90m [2mΓ¥»[22m Proxy.render ../node_modules/@testing-library/react/dist/pure.js:[2m291:10[22m[39m
[36m [2mΓ¥»[22m renderTimesheetsPage tests/TimesheetsPage.test.tsx:[2m81:10[22m[39m
    [90m 79| [39m
    [90m 80| [39m[35mfunction[39m [34mrenderTimesheetsPage[39m(user[33m:[39m [33mAuthUser[39m) {
    [90m 81| [39m  [35mreturn[39m [34mrender[39m(
    [90m   | [39m         [31m^[39m
    [90m 82| [39m    [33m<[39m[33mAuthContext[39m[33m.[39m[33mProvider[39m 
[33mvalue[39m[33m=[39m[33m{[39m[34mmakeAuthContext[39m(user)[33m}[39m[33m>[39m
    [90m 83| [39m      [33m<[39m[33mMemoryRouter[39m[33m>[39m
[90m [2mΓ¥»[22m tests/TimesheetsPage.test.tsx:[2m146:5[22m[39m

[31m[2mΓÄ»ΓÄ»ΓÄ»ΓÄ»ΓÄ»ΓÄ»ΓÄ»ΓÄ»ΓÄ»ΓÄ»ΓÄ»ΓÄ»ΓÄ»ΓÄ»ΓÄ»ΓÄ»ΓÄ»ΓÄ»ΓÄ»ΓÄ»[237/486]ΓÄ»[22m[39m

[41m[1m FAIL [22m[49m tests/TimesheetsPage.test.tsx[2m > [22mTimesheetsPage ΓÇö UX states[2m > [22mshows the clock widget for 
clinical_staff
[31m[1mTypeError[22m: React.act is not a function[39m
[90m [2mΓ¥»[22m exports.act ../node_modules/react-dom/cjs/react-dom-test-utils.production.js:[2m20:16[22m[39m
[90m [2mΓ¥»[22m ../node_modules/@testing-library/react/dist/act-compat.js:[2m46:25[22m[39m
[90m [2mΓ¥»[22m renderRoot ../node_modules/@testing-library/react/dist/pure.js:[2m189:26[22m[39m
[90m [2mΓ¥»[22m Proxy.render ../node_modules/@testing-library/react/dist/pure.js:[2m291:10[22m[39m
[36m [2mΓ¥»[22m renderTimesheetsPage tests/TimesheetsPage.test.tsx:[2m81:10[22m[39m
    [90m 79| [39m
    [90m 80| [39m[35mfunction[39m [34mrenderTimesheetsPage[39m(user[33m:[39m [33mAuthUser[39m) {
    [90m 81| [39m  [35mreturn[39m [34mrender[39m(
    [90m   | [39m         [31m^[39m
    [90m 82| [39m    [33m<[39m[33mAuthContext[39m[33m.[39m[33mProvider[39m 
[33mvalue[39m[33m=[39m[33m{[39m[34mmakeAuthContext[39m(user)[33m}[39m[33m>[39m
    [90m 83| [39m      [33m<[39m[33mMemoryRouter[39m[33m>[39m
[90m [2mΓ¥»[22m tests/TimesheetsPage.test.tsx:[2m154:5[22m[39m

[31m[2mΓÄ»ΓÄ»ΓÄ»ΓÄ»ΓÄ»ΓÄ»ΓÄ»ΓÄ»ΓÄ»ΓÄ»ΓÄ»ΓÄ»ΓÄ»ΓÄ»ΓÄ»ΓÄ»ΓÄ»ΓÄ»ΓÄ»ΓÄ»[238/486]ΓÄ»[22m[39m

[41m[1m FAIL [22m[49m tests/TimesheetsPage.test.tsx[2m > [22mTimesheetsPage ΓÇö UX states[2m > [22mshows an empty ledger message when 
staff has no entries
[31m[1mTypeError[22m: React.act is not a function[39m
[90m [2mΓ¥»[22m exports.act ../node_modules/react-dom/cjs/react-dom-test-utils.production.js:[2m20:16[22m[39m
[90m [2mΓ¥»[22m ../node_modules/@testing-library/react/dist/act-compat.js:[2m46:25[22m[39m
[90m [2mΓ¥»[22m renderRoot ../node_modules/@testing-library/react/dist/pure.js:[2m189:26[22m[39m
[90m [2mΓ¥»[22m Proxy.render ../node_modules/@testing-library/react/dist/pure.js:[2m291:10[22m[39m
[36m [2mΓ¥»[22m renderTimesheetsPage tests/TimesheetsPage.test.tsx:[2m81:10[22m[39m
    [90m 79| [39m
    [90m 80| [39m[35mfunction[39m [34mrenderTimesheetsPage[39m(user[33m:[39m [33mAuthUser[39m) {
    [90m 81| [39m  [35mreturn[39m [34mrender[39m(
    [90m   | [39m         [31m^[39m
    [90m 82| [39m    [33m<[39m[33mAuthContext[39m[33m.[39m[33mProvider[39m 
[33mvalue[39m[33m=[39m[33m{[39m[34mmakeAuthContext[39m(user)[33m}[39m[33m>[39m
    [90m 83| [39m      [33m<[39m[33mMemoryRouter[39m[33m>[39m
[90m [2mΓ¥»[22m tests/TimesheetsPage.test.tsx:[2m164:5[22m[39m

[31m[2mΓÄ»ΓÄ»ΓÄ»ΓÄ»ΓÄ»ΓÄ»ΓÄ»ΓÄ»ΓÄ»ΓÄ»ΓÄ»ΓÄ»ΓÄ»ΓÄ»ΓÄ»ΓÄ»ΓÄ»ΓÄ»ΓÄ»ΓÄ»[239/486]ΓÄ»[22m[39m

[41m[1m FAIL [22m[49m tests/TimesheetsPage.test.tsx[2m > [22mTimesheetsPage ΓÇö UX states[2m > [22mshows the approval queue heading for 
managers
[31m[1mTypeError[22m: React.act is not a function[39m
[90m [2mΓ¥»[22m exports.act ../node_modules/react-dom/cjs/react-dom-test-utils.production.js:[2m20:16[22m[39m
[90m [2mΓ¥»[22m ../node_modules/@testing-library/react/dist/act-compat.js:[2m46:25[22m[39m
[90m [2mΓ¥»[22m renderRoot ../node_modules/@testing-library/react/dist/pure.js:[2m189:26[22m[39m
[90m [2mΓ¥»[22m Proxy.render ../node_modules/@testing-library/react/dist/pure.js:[2m291:10[22m[39m
[36m [2mΓ¥»[22m renderTimesheetsPage tests/TimesheetsPage.test.tsx:[2m81:10[22m[39m
    [90m 79| [39m
    [90m 80| [39m[35mfunction[39m [34mrenderTimesheetsPage[39m(user[33m:[39m [33mAuthUser[39m) {
    [90m 81| [39m  [35mreturn[39m [34mrender[39m(
    [90m   | [39m         [31m^[39m
    [90m 82| [39m    [33m<[39m[33mAuthContext[39m[33m.[39m[33mProvider[39m 
[33mvalue[39m[33m=[39m[33m{[39m[34mmakeAuthContext[39m(user)[33m}[39m[33m>[39m
    [90m 83| [39m      [33m<[39m[33mMemoryRouter[39m[33m>[39m
[90m [2mΓ¥»[22m tests/TimesheetsPage.test.tsx:[2m176:5[22m[39m

[31m[2mΓÄ»ΓÄ»ΓÄ»ΓÄ»ΓÄ»ΓÄ»ΓÄ»ΓÄ»ΓÄ»ΓÄ»ΓÄ»ΓÄ»ΓÄ»ΓÄ»ΓÄ»ΓÄ»ΓÄ»ΓÄ»ΓÄ»ΓÄ»[240/486]ΓÄ»[22m[39m

[41m[1m FAIL [22m[49m tests/TimesheetsPage.test.tsx[2m > [22mTimesheetsPage ΓÇö UX states[2m > [22mshows an error alert when the fetch 
fails for staff
[31m[1mTypeError[22m: React.act is not a function[39m
[90m [2mΓ¥»[22m exports.act ../node_modules/react-dom/cjs/react-dom-test-utils.production.js:[2m20:16[22m[39m
[90m [2mΓ¥»[22m ../node_modules/@testing-library/react/dist/act-compat.js:[2m46:25[22m[39m
[90m [2mΓ¥»[22m renderRoot ../node_modules/@testing-library/react/dist/pure.js:[2m189:26[22m[39m
[90m [2mΓ¥»[22m Proxy.render ../node_modules/@testing-library/react/dist/pure.js:[2m291:10[22m[39m
[36m [2mΓ¥»[22m renderTimesheetsPage tests/TimesheetsPage.test.tsx:[2m81:10[22m[39m
    [90m 79| [39m
    [90m 80| [39m[35mfunction[39m [34mrenderTimesheetsPage[39m(user[33m:[39m [33mAuthUser[39m) {
    [90m 81| [39m  [35mreturn[39m [34mrender[39m(
    [90m   | [39m         [31m^[39m
    [90m 82| [39m    [33m<[39m[33mAuthContext[39m[33m.[39m[33mProvider[39m 
[33mvalue[39m[33m=[39m[33m{[39m[34mmakeAuthContext[39m(user)[33m}[39m[33m>[39m
    [90m 83| [39m      [33m<[39m[33mMemoryRouter[39m[33m>[39m
[90m [2mΓ¥»[22m tests/TimesheetsPage.test.tsx:[2m186:5[22m[39m

[31m[2mΓÄ»ΓÄ»ΓÄ»ΓÄ»ΓÄ»ΓÄ»ΓÄ»ΓÄ»ΓÄ»ΓÄ»ΓÄ»ΓÄ»ΓÄ»ΓÄ»ΓÄ»ΓÄ»ΓÄ»ΓÄ»ΓÄ»ΓÄ»[241/486]ΓÄ»[22m[39m

[41m[1m FAIL [22m[49m tests/TimesheetsPage.test.tsx[2m > [22mTimesheetsPage ΓÇö UX states[2m > [22mshows an error alert when the fetch 
fails for managers
[31m[1mTypeError[22m: React.act is not a function[39m
[90m [2mΓ¥»[22m exports.act ../node_modules/react-dom/cjs/react-dom-test-utils.production.js:[2m20:16[22m[39m
[90m [2mΓ¥»[22m ../node_modules/@testing-library/react/dist/act-compat.js:[2m46:25[22m[39m
[90m [2mΓ¥»[22m renderRoot ../node_modules/@testing-library/react/dist/pure.js:[2m189:26[22m[39m
[90m [2mΓ¥»[22m Proxy.render ../node_modules/@testing-library/react/dist/pure.js:[2m291:10[22m[39m
[36m [2mΓ¥»[22m renderTimesheetsPage tests/TimesheetsPage.test.tsx:[2m81:10[22m[39m
    [90m 79| [39m
    [90m 80| [39m[35mfunction[39m [34mrenderTimesheetsPage[39m(user[33m:[39m [33mAuthUser[39m) {
    [90m 81| [39m  [35mreturn[39m [34mrender[39m(
    [90m   | [39m         [31m^[39m
    [90m 82| [39m    [33m<[39m[33mAuthContext[39m[33m.[39m[33mProvider[39m 
[33mvalue[39m[33m=[39m[33m{[39m[34mmakeAuthContext[39m(user)[33m}[39m[33m>[39m
    [90m 83| [39m      [33m<[39m[33mMemoryRouter[39m[33m>[39m
[90m [2mΓ¥»[22m tests/TimesheetsPage.test.tsx:[2m196:5[22m[39m

[31m[2mΓÄ»ΓÄ»ΓÄ»ΓÄ»ΓÄ»ΓÄ»ΓÄ»ΓÄ»ΓÄ»ΓÄ»ΓÄ»ΓÄ»ΓÄ»ΓÄ»ΓÄ»ΓÄ»ΓÄ»ΓÄ»ΓÄ»ΓÄ»[242/486]ΓÄ»[22m[39m

[41m[1m FAIL [22m[49m tests/TimesheetsPage.test.tsx[2m > [22mTimesheetsPage ΓÇö RBAC enforcement[2m > [22mclinical_staff sees clock 
widget, not approval queue
[31m[1mTypeError[22m: React.act is not a function[39m
[90m [2mΓ¥»[22m exports.act ../node_modules/react-dom/cjs/react-dom-test-utils.production.js:[2m20:16[22m[39m
[90m [2mΓ¥»[22m ../node_modules/@testing-library/react/dist/act-compat.js:[2m46:25[22m[39m
[90m [2mΓ¥»[22m renderRoot ../node_modules/@testing-library/react/dist/pure.js:[2m189:26[22m[39m
[90m [2mΓ¥»[22m Proxy.render ../node_modules/@testing-library/react/dist/pure.js:[2m291:10[22m[39m
[36m [2mΓ¥»[22m renderTimesheetsPage tests/TimesheetsPage.test.tsx:[2m81:10[22m[39m

[2m Test Files [22m [1m[31m18 failed[39m[22m[90m (18)[39m
[2m      Tests [22m [1m[31m243 failed[39m[22m[2m | [22m[1m[32m5 passed[39m[22m[90m (248)[39m
[2m   Start at [22m 13:06:00
[2m   Duration [22m 27.74s[2m (transform 12.31s, setup 14.53s, collect 65.59s, tests 899ms, environment 20.44s, prepare 9.81s)[22m

    [90m 79| [39m
    [90m 80| [39m[35mfunction[39m [34mrenderTimesheetsPage[39m(user[33m:[39m [33mAuthUser[39m) {
    [90m 81| [39m  [35mreturn[39m [34mrender[39m(
    [90m   | [39m         [31m^[39m
    [90m 82| [39m    [33m<[39m[33mAuthContext[39m[33m.[39m[33mProvider[39m 
[33mvalue[39m[33m=[39m[33m{[39m[34mmakeAuthContext[39m(user)[33m}[39m[33m>[39m
    [90m 83| [39m      [33m<[39m[33mMemoryRouter[39m[33m>[39m
[90m [2mΓ¥»[22m tests/TimesheetsPage.test.tsx:[2m212:5[22m[39m

[31m[2mΓÄ»ΓÄ»ΓÄ»ΓÄ»ΓÄ»ΓÄ»ΓÄ»ΓÄ»ΓÄ»ΓÄ»ΓÄ»ΓÄ»ΓÄ»ΓÄ»ΓÄ»ΓÄ»ΓÄ»ΓÄ»ΓÄ»ΓÄ»[243/486]ΓÄ»[22m[39m

[41m[1m FAIL [22m[49m tests/TimesheetsPage.test.tsx[2m > [22mTimesheetsPage ΓÇö RBAC enforcement[2m > [22mmanager sees approval queue, not 
clock widget
[31m[1mTypeError[22m: React.act is not a function[39m
[90m [2mΓ¥»[22m exports.act ../node_modules/react-dom/cjs/react-dom-test-utils.production.js:[2m20:16[22m[39m
[90m [2mΓ¥»[22m ../node_modules/@testing-library/react/dist/act-compat.js:[2m46:25[22m[39m
[90m [2mΓ¥»[22m renderRoot ../node_modules/@testing-library/react/dist/pure.js:[2m189:26[22m[39m
[90m [2mΓ¥»[22m Proxy.render ../node_modules/@testing-library/react/dist/pure.js:[2m291:10[22m[39m
[36m [2mΓ¥»[22m renderTimesheetsPage tests/TimesheetsPage.test.tsx:[2m81:10[22m[39m
    [90m 79| [39m
    [90m 80| [39m[35mfunction[39m [34mrenderTimesheetsPage[39m(user[33m:[39m [33mAuthUser[39m) {
    [90m 81| [39m  [35mreturn[39m [34mrender[39m(
    [90m   | [39m         [31m^[39m
    [90m 82| [39m    [33m<[39m[33mAuthContext[39m[33m.[39m[33mProvider[39m 
[33mvalue[39m[33m=[39m[33m{[39m[34mmakeAuthContext[39m(user)[33m}[39m[33m>[39m
    [90m 83| [39m      [33m<[39m[33mMemoryRouter[39m[33m>[39m
[90m [2mΓ¥»[22m tests/TimesheetsPage.test.tsx:[2m222:5[22m[39m

[31m[2mΓÄ»ΓÄ»ΓÄ»ΓÄ»ΓÄ»ΓÄ»ΓÄ»ΓÄ»ΓÄ»ΓÄ»ΓÄ»ΓÄ»ΓÄ»ΓÄ»ΓÄ»ΓÄ»ΓÄ»ΓÄ»ΓÄ»ΓÄ»[244/486]ΓÄ»[22m[39m

npm error Lifecycle script `test` failed with error:
npm error code 1
npm error path C:\Users\danie\OneDrive\Documents\JD Group\JD Group - Clinics\12.- App & Website Development\01.- App Development\Verve Operational 
Suite - App\Frontend-Web
npm error workspace @verve/frontend-web@0.1.0
npm error location C:\Users\danie\OneDrive\Documents\JD Group\JD Group - Clinics\12.- App & Website Development\01.- App Development\Verve 
Operational Suite - App\Frontend-Web
npm error command failed
npm error command C:\WINDOWS\system32\cmd.exe /d /s /c node ../node_modules/vitest/vitest.mjs run
